cat /proc/rtl865x/asicCounter
<Port: 0>
Rx counters
   Rcv 0 bytes, Drop 0 pkts,etherStatsDropEvents 0
   CRCAlignErr 0, SymbolErr 0, FragErr 0, JabberErr 0
   Unicast 0 pkts, Multicast 0 pkts, Broadcast 0 pkts
   < 64: 0 pkts, 64: 0 pkts, 65 -127: 0 pkts, 128 -255: 0 pkts
   256 - 511: 0 pkts, 512 - 1023: 0 pkts, 1024 - 1518: 0 pkts
   oversize: 0 pkts, Control unknown 0 pkts, Pause 0 pkts
Output counters
   Snd 0 bytes, Unicast 0 pkts, Multicast 0 pkts
   Broadcast 0 pkts, Late collision 0, Deferred transmission 0 
   Collisions 0 Single collision 0 Multiple collision 0 pause 0
<Port: 1>
Rx counters
   Rcv 0 bytes, Drop 0 pkts,etherStatsDropEvents 0
   CRCAlignErr 0, SymbolErr 0, FragErr 0, JabberErr 0
   Unicast 0 pkts, Multicast 0 pkts, Broadcast 0 pkts
   < 64: 0 pkts, 64: 0 pkts, 65 -127: 0 pkts, 128 -255: 0 pkts
   256 - 511: 0 pkts, 512 - 1023: 0 pkts, 1024 - 1518: 0 pkts
   oversize: 0 pkts, Control unknown 0 pkts, Pause 0 pkts
Output counters
   Snd 0 bytes, Unicast 0 pkts, Multicast 0 pkts
   Broadcast 0 pkts, Late collision 0, Deferred transmission 0 
   Collisions 0 Single collision 0 Multiple collision 0 pause 0
<Port: 2>
Rx counters
   Rcv 0 bytes, Drop 0 pkts,etherStatsDropEvents 0
   CRCAlignErr 0, SymbolErr 0, FragErr 0, JabberErr 0
   Unicast 0 pkts, Multicast 0 pkts, Broadcast 0 pkts
   < 64: 0 pkts, 64: 0 pkts, 65 -127: 0 pkts, 128 -255: 0 pkts
   256 - 511: 0 pkts, 512 - 1023: 0 pkts, 1024 - 1518: 0 pkts
   oversize: 0 pkts, Control unknown 0 pkts, Pause 0 pkts
Output counters
   Snd 0 bytes, Unicast 0 pkts, Multicast 0 pkts
   Broadcast 0 pkts, Late collision 0, Deferred transmission 0 
   Collisions 0 Single collision 0 Multiple collision 0 pause 0
<Port: 3>
Rx counters
   Rcv 7815434 bytes, Drop 0 pkts,etherStatsDropEvents 0
   CRCAlignErr 0, SymbolErr 0, FragErr 0, JabberErr 0
   Unicast 5281 pkts, Multicast 0 pkts, Broadcast 0 pkts
   < 64: 0 pkts, 64: 10 pkts, 65 -127: 4 pkts, 128 -255: 0 pkts
   256 - 511: 0 pkts, 512 - 1023: 239 pkts, 1024 - 1518: 5028 pkts
   oversize: 0 pkts, Control unknown 0 pkts, Pause 0 pkts
Output counters
   Snd 281250 bytes, Unicast 216 pkts, Multicast 0 pkts
   Broadcast 1 pkts, Late collision 0, Deferred transmission 0 
   Collisions 0 Single collision 0 Multiple collision 0 pause 1456
<Port: 4>
Rx counters
   Rcv 0 bytes, Drop 0 pkts,etherStatsDropEvents 0
   CRCAlignErr 0, SymbolErr 0, FragErr 0, JabberErr 0
   Unicast 0 pkts, Multicast 0 pkts, Broadcast 0 pkts
   < 64: 0 pkts, 64: 0 pkts, 65 -127: 0 pkts, 128 -255: 0 pkts
   256 - 511: 0 pkts, 512 - 1023: 0 pkts, 1024 - 1518: 0 pkts
   oversize: 0 pkts, Control unknown 0 pkts, Pause 0 pkts
Output counters
   Snd 0 bytes, Unicast 0 pkts, Multicast 0 pkts
   Broadcast 0 pkts, Late collision 0, Deferred transmission 0 
   Collisions 0 Single collision 0 Multiple collision 0 pause 0
<Port: 5>
Rx counters
   Rcv 0 bytes, Drop 0 pkts,etherStatsDropEvents 0
   CRCAlignErr 0, SymbolErr 0, FragErr 0, JabberErr 0
   Unicast 0 pkts, Multicast 0 pkts, Broadcast 0 pkts
   < 64: 0 pkts, 64: 0 pkts, 65 -127: 0 pkts, 128 -255: 0 pkts
   256 - 511: 0 pkts, 512 - 1023: 0 pkts, 1024 - 1518: 0 pkts
   oversize: 0 pkts, Control unknown 0 pkts, Pause 0 pkts
Output counters
   Snd 0 bytes, Unicast 0 pkts, Multicast 0 pkts
   Broadcast 0 pkts, Late collision 0, Deferred transmission 0 
   Collisions 0 Single collision 0 Multiple collision 0 pause 0
<CPU port (extension port included)>
Rx counters
   Rcv 0 bytes, Drop 0 pkts,etherStatsDropEvents 0
   CRCAlignErr 217, SymbolErr 0, FragErr 0, JabberErr 0
   Unicast 0 pkts, Multicast 0 pkts, Broadcast 0 pkts
   < 64: 0 pkts, 64: 10 pkts, 65 -127: 4 pkts, 128 -255: 0 pkts
   256 - 511: 0 pkts, 512 - 1023: 20 pkts, 1024 - 1518: 183 pkts
   oversize: 0 pkts, Control unknown 0 pkts, Pause 0 pkts
Output counters
   Snd 7815434 bytes, Unicast 5281 pkts, Multicast 0 pkts
   Broadcast 0 pkts, Late collision 0, Deferred transmission 0 
   Collisions 0 Single collision 0 Multiple collision 0 pause 0
<Whole system counters>
   CpuEvent 0 pkts
# 