boot-timeline --retro   tool sha256 a541392a0ffe7216   paths: bench/2026-09-27
A PREDICTION, NOT A RESULT: every capture below was taken for another question (PROGRESS.md P2-1).
corpus: 276 .log; loader boots 1 (cold 1, warm 0, ? 0); kernel boots 1 (vendor 0, rlxfw quiet 1, rlxfw loud 0, rlxfw ? 0, firmware unknown 0); kernel text without rtkload 0
rules: a byte arrived at the LAST .timing row with offset <= its own (FW-35), an upper bound; landmarks and cold/warm as in the tool's header; a cell is n, median (mean of the middle two when n is even), min..max, in seconds

landmarks, each table in its search order (THE SEARCH RULE in the tool's header); a kernel boot is searched with LOADER then its firmware's table;
`=` marks a landmark defined identically in VENDOR and RLXFW; `(?P<at>...)` is the byte a landmark sits on
  LOADER
     booting      Booting\.\.\.[\s\S]{2}(?P<at>[\s\S])
                    the byte after `Booting...\r\n`: anchor C, CLK-15's own
     chipname     chipName: 
                    the loader's `\0chipName: ` (a loud kernel's SPI table prints `chipName    |`, with no colon)
     ramsize      ramSize: 32M
                    C-8 reads the line after it
     banner       ---RealTek\(RTL8196E\)
                    the loader's banner (D1b)
     autoboot     Jump to image start=
                    printed only when no ESC arrived inside the window (LDR-15)
  VENDOR
   = jump         ---Jump to address=|Jump to image start=
                    the loader leaving for the image: a typed `J`, or its own autoboot
   = decomp       decompressing kernel:
                    rtkload, inside the image; the same text in both images
   = decomp_done  done decompressing kernel\.
                    rtkload
   = kentry       start address: 0x[0-9A-Fa-f]{8}
                    rtkload's last line before it enters the kernel
   = wlan         Realtek WLAN driver
                    the WLAN driver's banner: in both kernels, different builds
   = nic          Probing RTL8186 10/100 NIC
                    the NIC driver's probe
   = fastpath     Realtek FastPath:v1\.03
                    the FastPath module
     userinit     init started: BusyBox
                    the vendor's init, BusyBox 1.13.4
     ready        boa: starting server
                    the last line the vendor prints: its web server starting
  RLXFW
   = jump         ---Jump to address=|Jump to image start=
                    the loader leaving for the image: a typed `J`, or its own autoboot
   = decomp       decompressing kernel:
                    rtkload, inside the image; the same text in both images
   = decomp_done  done decompressing kernel\.
                    rtkload
   = kentry       start address: 0x[0-9A-Fa-f]{8}
                    rtkload's last line before it enters the kernel
     b00          RLXFW-B00
                    start_kernel, after page_address_init (config/rlxfw-marks.tsv)
     b09          RLXFW-B09
                    start_kernel, after console_init
   = wlan         Realtek WLAN driver
                    the WLAN driver's banner: in both kernels, different builds
   = nic          Probing RTL8186 10/100 NIC
                    the NIC driver's probe
   = fastpath     Realtek FastPath:v1\.03
                    the FastPath module
     b10          RLXFW-B10
                    init_post, before the branch that reaches userspace
     userinit     rlxfw: init running
                    the first line of rlxfw's /init (config/rlxfw-init.sh)
     ready        job control turned off\r?\n(?:[^\n]*\n){0,8}?(?P<at>#)(?= |\Z)
                    the `#` of the first prompt after the shell's own first line
segments -- interval = t(to) - t(from); absent (`--`) unless both landmarks are in the firmware's table and in the capture
  loader.booting       booting     -> chipname    identical       CLK-15: stage 1 copying out of SPI NOR; the loader table's `booting`
  loader.banner        booting     -> banner      identical       the loader table's `banner` (D1b); D2's positive control
  loader.esc           banner      -> autoboot    identical       LDR-15's ESC window; exists only when the loader autobooted
  rtkload.decompress   decomp      -> decomp_done comparable      scales with the image, whose size this tool does not read (D4)
  rtkload.total        jump        -> kentry      comparable      the loader's jump to rtkload's hand-over
  kernel.early         kentry      -> wlan        comparable      
  kernel.wlan          wlan        -> nic         comparable      the vendor's WLAN init, present in both kernels
  kernel.nic           nic         -> fastpath    comparable      
  kernel.late          fastpath    -> userinit    comparable      holds rlxfw's own 300-jiffy pre-check wait (CLK-27, IRQ-13)
  kernel.total         kentry      -> userinit    comparable      
  user.ready           userinit    -> ready       not-comparable  the vendor runs rcS and its daemons; rlxfw execs a shell
  boot.jump_to_ready   jump        -> ready       not-comparable  TERM-1's J -> ready
  rlxfw.setup          b00         -> b09         not-comparable  rlxfw only: start_kernel from page_address_init to console_init
  rlxfw.initpost       b10         -> userinit    not-comparable  rlxfw only: init_post to /init's first line

(a) LOADER -- the loader table's own rows (anchor C); loader.esc where the loader autobooted
  segment              from -> to               class           cold                             warm                             ?
  loader.booting       booting -> chipname      identical       n=1 0.3560 0.3560..0.3560        n=0                              n=0
  loader.banner        booting -> banner        identical       n=1 0.5858 0.5858..0.5858        n=0                              n=0
  loader.esc           banner -> autoboot       identical       n=0                              n=0                              n=0
  identity: the landmark engine's loader.booting equals the loader table's `booting` on 1 of 1 loader boots, loader.banner equals `banner` on 1 of 1

(b) KERNEL SEGMENTS per firmware, variant and cold/warm; rlxfw again per image (RLXFW-ID0), earliest image first
  vendor (one image) -- 0 boot(s): cold 0, warm 0, ? 0
    segment              from -> to               class           cold                             warm                             ?
    rtkload.decompress   decomp -> decomp_done    comparable      n=0                              n=0                              n=0
    rtkload.total        jump -> kentry           comparable      n=0                              n=0                              n=0
    kernel.early         kentry -> wlan           comparable      n=0                              n=0                              n=0
    kernel.wlan          wlan -> nic              comparable      n=0                              n=0                              n=0
    kernel.nic           nic -> fastpath          comparable      n=0                              n=0                              n=0
    kernel.late          fastpath -> userinit     comparable      n=0                              n=0                              n=0
    kernel.total         kentry -> userinit       comparable      n=0                              n=0                              n=0
    user.ready           userinit -> ready        not-comparable  n=0                              n=0                              n=0
    boot.jump_to_ready   jump -> ready            not-comparable  n=0                              n=0                              n=0

  rlxfw quiet (pooled over images) -- 1 boot(s): cold 1, warm 0, ? 0
    segment              from -> to               class           cold                             warm                             ?
    rtkload.decompress   decomp -> decomp_done    comparable      n=1 1.2176 1.2176..1.2176        n=0                              n=0
    rtkload.total        jump -> kentry           comparable      n=1 1.2261 1.2261..1.2261        n=0                              n=0
    kernel.early         kentry -> wlan           comparable      n=1 0.8215 0.8215..0.8215        n=0                              n=0
    kernel.wlan          wlan -> nic              comparable      n=1 4.5978 4.5978..4.5978        n=0                              n=0
    kernel.nic           nic -> fastpath          comparable      n=1 0.8608 0.8608..0.8608        n=0                              n=0
    kernel.late          fastpath -> userinit     comparable      n=1 3.1653 3.1653..3.1653        n=0                              n=0
    kernel.total         kentry -> userinit       comparable      n=1 9.4454 9.4454..9.4454        n=0                              n=0
    user.ready           userinit -> ready        not-comparable  n=1 0.1166 0.1166..0.1166        n=0                              n=0
    boot.jump_to_ready   jump -> ready            not-comparable  n=1 10.7881 10.7881..10.7881     n=0                              n=0
    rlxfw.setup          b00 -> b09               not-comparable  n=1 0.0470 0.0470..0.0470        n=0                              n=0
    rlxfw.initpost       b10 -> userinit          not-comparable  n=1 0.0118 0.0118..0.0118        n=0                              n=0

  rlxfw loud (pooled over images) -- 0 boot(s): cold 0, warm 0, ? 0
    segment              from -> to               class           cold                             warm                             ?
    rtkload.decompress   decomp -> decomp_done    comparable      n=0                              n=0                              n=0
    rtkload.total        jump -> kentry           comparable      n=0                              n=0                              n=0
    kernel.early         kentry -> wlan           comparable      n=0                              n=0                              n=0
    kernel.wlan          wlan -> nic              comparable      n=0                              n=0                              n=0
    kernel.nic           nic -> fastpath          comparable      n=0                              n=0                              n=0
    kernel.late          fastpath -> userinit     comparable      n=0                              n=0                              n=0
    kernel.total         kentry -> userinit       comparable      n=0                              n=0                              n=0
    user.ready           userinit -> ready        not-comparable  n=0                              n=0                              n=0
    boot.jump_to_ready   jump -> ready            not-comparable  n=0                              n=0                              n=0
    rlxfw.setup          b00 -> b09               not-comparable  n=0                              n=0                              n=0
    rlxfw.initpost       b10 -> userinit          not-comparable  n=0                              n=0                              n=0

  rlxfw quiet, per image, earliest first:
    id0=A2C56BC8  first 2026-09-27/A1Q-boot -- 1 boot(s): cold 1, warm 0, ? 0
      segment              from -> to               class           cold                             warm                             ?
      rtkload.decompress   decomp -> decomp_done    comparable      n=1 1.2176 1.2176..1.2176        n=0                              n=0
      rtkload.total        jump -> kentry           comparable      n=1 1.2261 1.2261..1.2261        n=0                              n=0
      kernel.early         kentry -> wlan           comparable      n=1 0.8215 0.8215..0.8215        n=0                              n=0
      kernel.wlan          wlan -> nic              comparable      n=1 4.5978 4.5978..4.5978        n=0                              n=0
      kernel.nic           nic -> fastpath          comparable      n=1 0.8608 0.8608..0.8608        n=0                              n=0
      kernel.late          fastpath -> userinit     comparable      n=1 3.1653 3.1653..3.1653        n=0                              n=0
      kernel.total         kentry -> userinit       comparable      n=1 9.4454 9.4454..9.4454        n=0                              n=0
      user.ready           userinit -> ready        not-comparable  n=1 0.1166 0.1166..0.1166        n=0                              n=0
      boot.jump_to_ready   jump -> ready            not-comparable  n=1 10.7881 10.7881..10.7881     n=0                              n=0
      rlxfw.setup          b00 -> b09               not-comparable  n=1 0.0470 0.0470..0.0470        n=0                              n=0
      rlxfw.initpost       b10 -> userinit          not-comparable  n=1 0.0118 0.0118..0.0118        n=0                              n=0

(c) NAMED
  reports of this tool, excluded as captures (REPORT_HEAD): 0
  kernel boots that contributed nothing: 0
  fragments -- a landmark of the firmware's own table is absent: 0
  class `?`: 0
  kernel text without rtkload's `decompressing kernel:` (not a boot this tool can time): 0

(d) TERM-1 -- the silences a boot cell's terminator must outlast
  longest silence = the largest gap between consecutive .timing rows, from the boot's first landmark to `ready`;
  p90 is nearest-rank; `max` names the capture that holds it (the first in path order on a tie)
  echo -> jump on the 1 J-path boots whose log opens on the echo: max 0.000000 s -- what starting at the boot's first landmark instead of the echo moves
  kernel boots
  vendor                       longest silence   n=0
  vendor                       jump -> ready     n=0
  rlxfw quiet                  longest silence   n=1    median   4.5803   p90   4.5803   max   4.5803   bench/2026-09-27/A1Q-boot.log
  rlxfw quiet                  jump -> ready     n=1    median  10.7881   p90  10.7881   max  10.7881   bench/2026-09-27/A1Q-boot.log
  rlxfw loud                   longest silence   n=0
  rlxfw loud                   jump -> ready     n=0
  rlxfw quiet id0=A2C56BC8     longest silence   n=1    median   4.5803   p90   4.5803   max   4.5803   bench/2026-09-27/A1Q-boot.log
  rlxfw quiet id0=A2C56BC8     jump -> ready     n=1    median  10.7881   p90  10.7881   max  10.7881   bench/2026-09-27/A1Q-boot.log
  loader resets -- sent `J BFC00000` or `busybox reboot -f`, `Booting...` after the echo, then `<RealTek>`; send -> prompt
  J BFC00000                   longest silence   n=0
  J BFC00000                   send -> prompt    n=0
  busybox reboot -f            longest silence   n=0
  busybox reboot -f            send -> prompt    n=0
  the send is `sent_s` on 0 and the first byte of the echo on 0; 0 sent a reset command and hold no reset and prompt after it (not in the population); 0 could not be timed

(e) PER-SEATING SCALE -- does a directory's loader `booting` median move with the same image's kernel segments?
  A common factor here can be the host's monotonic rate or the device's timebase; this data cannot separate them.
  H-prop (one rate factor per seating) predicts slope ~1 for every segment; refuted for a segment whose 95 % interval holds 0.
  H-add (USB latency, ms per read) predicts slope ~0 for a segment of >= 1 s; refuted for one whose interval excludes 0.
  ratio = the directory's median / the image's median of its per-directory medians; a segment's fit re-normalises both sides over the directories that hold it.
  the pairs are not independent (an image in two directories gives two points mirrored about 1): the interval is indicative.
  fit over every (image, directory) pair: ln(segment ratio) on ln(loader ratio), least squares with an intercept
    segment              from -> to                typical  pairs   slope      95 % interval       r  H-prop   H-add
  fit without id0=none, which pools several builds and is not one image: ln(segment ratio) on ln(loader ratio), least squares with an intercept
    segment              from -> to                typical  pairs   slope      95 % interval       r  H-prop   H-add
    no image occurs in two directories that also hold loader boots: nothing to fit

