echo install slotB sha=3f728d56a12544d5e37f8a22c3bdd23f98afe6c0c81187e0d06053ebff608d2b > /proc/rtl819x-spi
RLXFW-SI-GO install slotB len=1109152 pace=0
RLXFW-SI E 00 630
RLXFW-SI E 01 1030
RLXFW-SI E 02 1410
RLXFW-SI E 03 1800
RLXFW-SI E 04 2200
RLXFW-SI E 05 2620
RLXFW-SI E 06 3030
RLXFW-SI E 07 3440
RLXFW-SI E 08 3860
RLXFW-SI E 09 4290
RLXFW-SI E 10 4720
RLXFW-SI E 11 5130
RLXFW-SI E 12 5540
RLXFW-SI E 13 5930
RLXFW-SI E 14 6350
RLXFW-SI E 15 6760
RLXFW-SI E 16 7150
RLXFW-SI E 17 7540
RLXFW-SI P 00 7690
RLXFW-SI P 01 7840
RLXFW-SI P 02 8000
RLXFW-SI P 03 8150
RLXFW-SI P 04 8300
RLXFW-SI P 05 8460
RLXFW-SI P 06 8610
RLXFW-SI P 07 8760
RLXFW-SI P 08 8920
RLXFW-SI P 09 9070
RLXFW-SI P 10 9220
RLXFW-SI P 11 9380
RLXFW-SI P 12 9530
RLXFW-SI P 13 9680
RLXFW-SI P 14 9830
RLXFW-SI P 15 9990
RLXFW-SI P 16 10130
RLXFW-SI H 00 10140
RLXFW-SI V 00 10200
RLXFW-SI V 01 10270
RLXFW-SI V 02 10340
RLXFW-SI V 03 10400
RLXFW-SI V 04 10470
RLXFW-SI V 05 10540
RLXFW-SI V 06 10600
RLXFW-SI V 07 10670
RLXFW-SI V 08 10740
RLXFW-SI V 09 10800
RLXFW-SI V 10 10870
RLXFW-SI V 11 10940
RLXFW-SI V 12 11000
RLXFW-SI V 13 11070
RLXFW-SI V 14 11130
RLXFW-SI V 15 11200
RLXFW-SI V 16 11270
RLXFW-SI V 17 11330
RLXFW-SI-END OK rc=0 cmp=1 ms=11340 pace=0
RLXFW-SW-DISARM
RLXFW-SI-RC=00000000
# 