cat /proc/rtl865x/asicCounter
[  561.360000] <Port: 0>
[  561.360000] Rx counters
[  561.360000]    Rcv 0 bytes, Drop 0 pkts,etherStatsDropEvents 0
[  561.360000]    CRCAlignErr 0, SymbolErr 0, FragErr 0, JabberErr 0
[  561.360000]    Unicast 0 pkts, Multicast 0 pkts, Broadcast 0 pkts
[  561.360000]    < 64: 0 pkts, 64: 0 pkts, 65 -127: 0 pkts, 128 -255: 0 pkts
[  561.360000]    256 - 511: 0 pkts, 512 - 1023: 0 pkts, 1024 - 1518: 0 pkts
[  561.360000]    oversize: 0 pkts, Control unknown 0 pkts, Pause 0 pkts
[  561.360000] Output counters
[  561.360000]    Snd 0 bytes, Unicast 0 pkts, Multicast 0 pkts
[  561.360000]    Broadcast 0 pkts, Late collision 0, Deferred transmission 0 
[  561.360000]    Collisions 0 Single collision 0 Multiple collision 0 pause 0
[  561.360000] <Port: 1>
[  561.360000] Rx counters
[  561.360000]    Rcv 0 bytes, Drop 0 pkts,etherStatsDropEvents 0
[  561.360000]    CRCAlignErr 0, SymbolErr 0, FragErr 0, JabberErr 0
[  561.360000]    Unicast 0 pkts, Multicast 0 pkts, Broadcast 0 pkts
[  561.360000]    < 64: 0 pkts, 64: 0 pkts, 65 -127: 0 pkts, 128 -255: 0 pkts
[  561.360000]    256 - 511: 0 pkts, 512 - 1023: 0 pkts, 1024 - 1518: 0 pkts
[  561.360000]    oversize: 0 pkts, Control unknown 0 pkts, Pause 0 pkts
[  561.360000] Output counters
[  561.360000]    Snd 0 bytes, Unicast 0 pkts, Multicast 0 pkts
[  561.360000]    Broadcast 0 pkts, Late collision 0, Deferred transmission 0 
[  561.360000]    Collisions 0 Single collision 0 Multiple collision 0 pause 0
[  561.360000] <Port: 2>
[  561.370000] Rx counters
[  561.380000]    Rcv 0 bytes, Drop 0 pkts,etherStatsDropEvents 0
[  561.380000]    CRCAlignErr 0, SymbolErr 0, FragErr 0, JabberErr 0
[  561.380000]    Unicast 0 pkts, Multicast 0 pkts, Broadcast 0 pkts
[  561.380000]    < 64: 0 pkts, 64: 0 pkts, 65 -127: 0 pkts, 128 -255: 0 pkts
[  561.380000]    256 - 511: 0 pkts, 512 - 1023: 0 pkts, 1024 - 1518: 0 pkts
[  561.380000]    oversize: 0 pkts, Control unknown 0 pkts, Pause 0 pkts
[  561.380000] Output counters
[  561.380000]    Snd 0 bytes, Unicast 0 pkts, Multicast 0 pkts
[  561.380000]    Broadcast 0 pkts, Late collision 0, Deferred transmission 0 
[  561.380000]    Collisions 0 Single collision 0 Multiple collision 0 pause 0
[  561.380000] <Port: 3>
[  561.380000] Rx counters
[  561.380000]    Rcv 145373 bytes, Drop 0 pkts,etherStatsDropEvents 0
[  561.380000]    CRCAlignErr 0, SymbolErr 0, FragErr 0, JabberErr 0
[  561.380000]    Unicast 119 pkts, Multicast 1 pkts, Broadcast 122 pkts
[  561.380000]    < 64: 0 pkts, 64: 132 pkts, 65 -127: 20 pkts, 128 -255: 1 pkts
[  561.380000]    256 - 511: 0 pkts, 512 - 1023: 0 pkts, 1024 - 1518: 89 pkts
[  561.380000]    oversize: 0 pkts, Control unknown 0 pkts, Pause 0 pkts
[  561.380000] Output counters
[  561.380000]    Snd 4898 bytes, Unicast 50 pkts, Multicast 0 pkts
[  561.380000]    Broadcast 0 pkts, Late collision 0, Deferred transmission 0 
[  561.380000]    Collisions 0 Single collision 0 Multiple collision 0 pause 22
[  561.380000] <Port: 4>
[  561.390000] Rx counters
[  561.390000]    Rcv 0 bytes, Drop 0 pkts,etherStatsDropEvents 0
[  561.390000]    CRCAlignErr 0, SymbolErr 0, FragErr 0, JabberErr 0
[  561.390000]    Unicast 0 pkts, Multicast 0 pkts, Broadcast 0 pkts
[  561.390000]    < 64: 0 pkts, 64: 0 pkts, 65 -127: 0 pkts, 128 -255: 0 pkts
[  561.390000]    256 - 511: 0 pkts, 512 - 1023: 0 pkts, 1024 - 1518: 0 pkts
[  561.390000]    oversize: 0 pkts, Control unknown 0 pkts, Pause 0 pkts
[  561.390000] Output counters
[  561.390000]    Snd 0 bytes, Unicast 0 pkts, Multicast 0 pkts
[  561.390000]    Broadcast 0 pkts, Late collision 0, Deferred transmission 0 
[  561.390000]    Collisions 0 Single collision 0 Multiple collision 0 pause 0
[  561.390000] <Port: 5>
[  561.390000] Rx counters
[  561.390000]    Rcv 0 bytes, Drop 0 pkts,etherStatsDropEvents 0
[  561.390000]    CRCAlignErr 0, SymbolErr 0, FragErr 0, JabberErr 0
[  561.390000]    Unicast 0 pkts, Multicast 0 pkts, Broadcast 0 pkts
[  561.390000]    < 64: 0 pkts, 64: 0 pkts, 65 -127: 0 pkts, 128 -255: 0 pkts
[  561.390000]    256 - 511: 0 pkts, 512 - 1023: 0 pkts, 1024 - 1518: 0 pkts
[  561.390000]    oversize: 0 pkts, Control unknown 0 pkts, Pause 0 pkts
[  561.390000] Output counters
[  561.390000]    Snd 0 bytes, Unicast 0 pkts, Multicast 0 pkts
[  561.390000]    Broadcast 0 pkts, Late collision 0, Deferred transmission 0 
[  561.390000]    Collisions 0 Single collision 0 Multiple collision 0 pause 0
[  561.390000] <CPU port (extension port included)>
[  561.390000] Rx counters
[  561.390000]    Rcv 0 bytes, Drop 2 pkts,etherStatsDropEvents 1
[  561.390000]    CRCAlignErr 54, SymbolErr 0, FragErr 0, JabberErr 2
[  561.390000]    Unicast 0 pkts, Multicast 0 pkts, Broadcast 0 pkts
[  561.390000]    < 64: 0 pkts, 64: 4 pkts, 65 -127: 45 pkts, 128 -255: 0 pkts
[  561.390000]    256 - 511: 0 pkts, 512 - 1023: 1 pkts, 1024 - 1518: 2 pkts
[  561.390000]    oversize: 0 pkts, Control unknown 0 pkts, Pause 0 pkts
[  561.390000] Output counters
[  561.390000]    Snd 145373 bytes, Unicast 119 pkts, Multicast 1 pkts
[  561.390000]    Broadcast 122 pkts, Late collision 0, Deferred transmission 0 
[  561.390000]    Collisions 0 Single collision 0 Multiple collision 0 pause 0
[  561.390000] <Whole system counters>
[  561.390000]    CpuEvent 0 pkts
# 