Connecting to host 10.1.1.4, port 5201
Reverse mode, remote host 10.1.1.4 is sending
[  4] local 10.1.1.2 port 40783 connected to 10.1.1.4 port 5201
[ ID] Interval           Transfer     Bandwidth       Jitter    Lost/Total Datagrams
[  4]   0.00-1.00   sec  2.42 MBytes  20.3 Mbits/sec  1.188 ms  0/1810 (0%)  
[  4]   1.00-2.00   sec  2.41 MBytes  20.2 Mbits/sec  0.744 ms  0/1803 (0%)  
[  4]   2.00-3.00   sec  2.40 MBytes  20.1 Mbits/sec  0.820 ms  0/1798 (0%)  
[  4]   3.00-4.00   sec  2.48 MBytes  20.8 Mbits/sec  0.915 ms  0/1855 (0%)  
[  4]   4.00-5.00   sec  2.40 MBytes  20.1 Mbits/sec  1.029 ms  0/1798 (0%)  
[  4]   5.00-6.45   sec  1.94 MBytes  11.2 Mbits/sec  43.371 ms  0/1453 (0%)  
[  4]   6.45-7.00   sec  1.34 MBytes  20.5 Mbits/sec  0.772 ms  0/1001 (0%)  
[  4]   7.00-8.00   sec  2.19 MBytes  18.4 Mbits/sec  0.794 ms  0/1644 (0%)  
[  4]   8.00-9.00   sec  2.50 MBytes  21.0 Mbits/sec  0.927 ms  0/1874 (0%)  
[  4]   9.00-10.00  sec  2.42 MBytes  20.3 Mbits/sec  1.117 ms  0/1815 (0%)  
[  4]  10.00-11.00  sec  2.37 MBytes  19.9 Mbits/sec  0.755 ms  0/1777 (0%)  
[  4]  11.00-12.00  sec  2.19 MBytes  18.4 Mbits/sec  0.876 ms  0/1641 (0%)  
[  4]  12.00-13.00  sec  2.58 MBytes  21.7 Mbits/sec  1.016 ms  0/1933 (0%)  
[  4]  13.00-14.00  sec  2.41 MBytes  20.2 Mbits/sec  0.912 ms  0/1803 (0%)  
[  4]  14.00-15.00  sec  2.40 MBytes  20.2 Mbits/sec  1.024 ms  0/1800 (0%)  
[  4]  15.00-16.00  sec  2.43 MBytes  20.4 Mbits/sec  1.106 ms  0/1820 (0%)  
[  4]  16.00-17.00  sec  2.45 MBytes  20.6 Mbits/sec  0.739 ms  0/1837 (0%)  
[  4]  17.00-18.00  sec  2.43 MBytes  20.4 Mbits/sec  0.786 ms  0/1820 (0%)  
[  4]  18.00-19.00  sec  2.22 MBytes  18.7 Mbits/sec  0.812 ms  0/1666 (0%)  
[  4]  19.00-20.00  sec  2.63 MBytes  22.1 Mbits/sec  0.912 ms  0/1973 (0%)  
[  4]  20.00-21.00  sec  2.32 MBytes  19.5 Mbits/sec  1.000 ms  0/1741 (0%)  
[  4]  21.00-22.00  sec  2.37 MBytes  19.9 Mbits/sec  1.152 ms  0/1778 (0%)  
[  4]  22.00-23.00  sec  2.58 MBytes  21.6 Mbits/sec  0.824 ms  0/1930 (0%)  
[  4]  23.00-24.00  sec  2.54 MBytes  21.3 Mbits/sec  0.816 ms  0/1899 (0%)  
[  4]  24.00-25.00  sec  2.53 MBytes  21.3 Mbits/sec  0.868 ms  0/1898 (0%)  
[  4]  25.00-26.00  sec  2.46 MBytes  20.6 Mbits/sec  0.898 ms  0/1840 (0%)  
[  4]  26.00-27.00  sec  2.48 MBytes  20.8 Mbits/sec  0.933 ms  0/1860 (0%)  
[  4]  27.00-28.00  sec  2.57 MBytes  21.6 Mbits/sec  0.775 ms  0/1926 (0%)  
[  4]  28.00-29.00  sec  2.44 MBytes  20.4 Mbits/sec  0.851 ms  0/1825 (0%)  
[  4]  29.00-30.00  sec  2.38 MBytes  20.0 Mbits/sec  0.923 ms  0/1782 (0%)  
- - - - - - - - - - - - - - - - - - - - - - - - -
[ ID] Interval           Transfer     Bandwidth       Jitter    Lost/Total Datagrams
[  4]   0.00-30.00  sec  71.3 MBytes  19.9 Mbits/sec  0.870 ms  0/53402 (0%)  
[  4] Sent 53402 datagrams

iperf Done.
