Connecting to host 10.1.1.4, port 5201
Reverse mode, remote host 10.1.1.4 is sending
[  4] local 10.1.1.2 port 37360 connected to 10.1.1.4 port 5201
[ ID] Interval           Transfer     Bandwidth       Jitter    Lost/Total Datagrams
[  4]   0.00-1.00   sec  2.44 MBytes  20.5 Mbits/sec  0.757 ms  0/1831 (0%)  
[  4]   1.00-2.00   sec  2.42 MBytes  20.3 Mbits/sec  0.816 ms  0/1809 (0%)  
[  4]   2.00-3.00   sec  2.38 MBytes  20.0 Mbits/sec  0.918 ms  0/1784 (0%)  
[  4]   3.00-4.00   sec  2.48 MBytes  20.8 Mbits/sec  1.041 ms  0/1860 (0%)  
[  4]   4.00-5.00   sec  2.38 MBytes  20.0 Mbits/sec  1.193 ms  0/1785 (0%)  
[  4]   5.00-6.00   sec  2.38 MBytes  20.0 Mbits/sec  0.761 ms  0/1785 (0%)  
[  4]   6.00-7.00   sec  2.46 MBytes  20.6 Mbits/sec  0.838 ms  0/1843 (0%)  
[  4]   7.00-8.00   sec  2.38 MBytes  20.0 Mbits/sec  0.937 ms  0/1784 (0%)  
[  4]   8.00-9.00   sec  2.41 MBytes  20.2 Mbits/sec  1.065 ms  0/1805 (0%)  
[  4]   9.00-10.34  sec  1.81 MBytes  11.3 Mbits/sec  42.016 ms  0/1353 (0%)  
[  4]  10.34-11.00  sec  1.51 MBytes  19.3 Mbits/sec  1.293 ms  0/1131 (0%)  
[  4]  11.00-12.00  sec  2.34 MBytes  19.6 Mbits/sec  1.299 ms  0/1750 (0%)  
[  4]  12.00-13.00  sec  2.39 MBytes  20.0 Mbits/sec  0.743 ms  0/1789 (0%)  
[  4]  13.00-14.00  sec  2.34 MBytes  19.6 Mbits/sec  0.754 ms  0/1749 (0%)  
[  4]  14.00-15.00  sec  2.39 MBytes  20.0 Mbits/sec  0.764 ms  0/1788 (0%)  
[  4]  15.00-16.00  sec  2.34 MBytes  19.6 Mbits/sec  0.766 ms  0/1750 (0%)  
[  4]  16.00-17.00  sec  2.60 MBytes  21.8 Mbits/sec  0.780 ms  0/1944 (0%)  
[  4]  17.00-18.00  sec  2.44 MBytes  20.5 Mbits/sec  0.836 ms  0/1826 (0%)  
[  4]  18.00-19.00  sec  2.36 MBytes  19.8 Mbits/sec  0.837 ms  0/1769 (0%)  
[  4]  19.00-20.00  sec  2.50 MBytes  21.0 Mbits/sec  0.743 ms  0/1873 (0%)  
[  4]  20.00-21.00  sec  2.45 MBytes  20.5 Mbits/sec  1.063 ms  0/1834 (0%)  
[  4]  21.00-22.00  sec  2.38 MBytes  20.0 Mbits/sec  0.747 ms  0/1783 (0%)  
[  4]  22.00-23.00  sec  2.49 MBytes  20.9 Mbits/sec  0.776 ms  0/1866 (0%)  
[  4]  23.00-24.00  sec  2.44 MBytes  20.5 Mbits/sec  0.739 ms  0/1831 (0%)  
[  4]  24.00-25.00  sec  2.40 MBytes  20.1 Mbits/sec  0.966 ms  0/1799 (0%)  
[  4]  25.00-26.00  sec  2.45 MBytes  20.5 Mbits/sec  0.818 ms  0/1833 (0%)  
[  4]  26.00-27.00  sec  2.42 MBytes  20.3 Mbits/sec  0.767 ms  0/1811 (0%)  
[  4]  27.00-28.00  sec  2.54 MBytes  21.3 Mbits/sec  0.849 ms  0/1902 (0%)  
[  4]  28.00-29.00  sec  2.32 MBytes  19.5 Mbits/sec  0.937 ms  0/1739 (0%)  
[  4]  29.00-30.00  sec  2.67 MBytes  22.4 Mbits/sec  1.028 ms  0/1997 (0%)  
- - - - - - - - - - - - - - - - - - - - - - - - -
[ ID] Interval           Transfer     Bandwidth       Jitter    Lost/Total Datagrams
[  4]   0.00-30.00  sec  71.3 MBytes  19.9 Mbits/sec  0.986 ms  0/53405 (0%)  
[  4] Sent 53405 datagrams

iperf Done.
