Connecting to host 10.1.1.4, port 5201
Reverse mode, remote host 10.1.1.4 is sending
[  4] local 10.1.1.2 port 41307 connected to 10.1.1.4 port 5201
[ ID] Interval           Transfer     Bandwidth       Jitter    Lost/Total Datagrams
[  4]   0.00-1.00   sec  2.55 MBytes  21.4 Mbits/sec  1.133 ms  0/1909 (0%)  
[  4]   1.00-2.49   sec  2.05 MBytes  11.5 Mbits/sec  40.874 ms  0/1534 (0%)  
[  4]   2.49-3.00   sec  1.19 MBytes  19.4 Mbits/sec  0.743 ms  0/888 (0%)  
[  4]   3.00-4.00   sec  2.39 MBytes  20.1 Mbits/sec  1.006 ms  0/1792 (0%)  
[  4]   4.00-5.00   sec  2.47 MBytes  20.7 Mbits/sec  0.764 ms  0/1850 (0%)  
[  4]   5.00-6.00   sec  2.30 MBytes  19.3 Mbits/sec  0.730 ms  0/1724 (0%)  
[  4]   6.00-7.00   sec  2.38 MBytes  19.9 Mbits/sec  0.782 ms  0/1779 (0%)  
[  4]   7.00-8.00   sec  2.42 MBytes  20.3 Mbits/sec  1.029 ms  0/1812 (0%)  
[  4]   8.00-9.00   sec  2.42 MBytes  20.3 Mbits/sec  0.783 ms  0/1811 (0%)  
[  4]   9.00-10.00  sec  2.45 MBytes  20.6 Mbits/sec  0.859 ms  0/1838 (0%)  
[  4]  10.00-11.00  sec  2.32 MBytes  19.5 Mbits/sec  0.829 ms  0/1741 (0%)  
[  4]  11.00-12.00  sec  2.49 MBytes  20.9 Mbits/sec  0.775 ms  0/1863 (0%)  
[  4]  12.00-13.00  sec  2.49 MBytes  20.9 Mbits/sec  0.726 ms  0/1864 (0%)  
[  4]  13.00-14.00  sec  2.43 MBytes  20.4 Mbits/sec  1.234 ms  0/1823 (0%)  
[  4]  14.00-15.00  sec  2.49 MBytes  20.9 Mbits/sec  1.097 ms  0/1865 (0%)  
[  4]  15.00-16.00  sec  2.28 MBytes  19.1 Mbits/sec  0.995 ms  0/1706 (0%)  
[  4]  16.00-17.00  sec  2.49 MBytes  20.9 Mbits/sec  0.893 ms  0/1863 (0%)  
[  4]  17.00-18.00  sec  2.46 MBytes  20.7 Mbits/sec  0.835 ms  0/1846 (0%)  
[  4]  18.00-19.00  sec  2.51 MBytes  21.0 Mbits/sec  0.893 ms  0/1878 (0%)  
[  4]  19.00-20.00  sec  2.54 MBytes  21.3 Mbits/sec  0.878 ms  0/1900 (0%)  
[  4]  20.00-21.00  sec  2.33 MBytes  19.5 Mbits/sec  0.910 ms  0/1745 (0%)  
[  4]  21.00-22.00  sec  2.56 MBytes  21.5 Mbits/sec  0.843 ms  0/1921 (0%)  
[  4]  22.00-23.00  sec  2.53 MBytes  21.2 Mbits/sec  0.960 ms  0/1897 (0%)  
[  4]  23.00-24.00  sec  2.43 MBytes  20.4 Mbits/sec  1.057 ms  0/1820 (0%)  
[  4]  24.00-25.00  sec  2.51 MBytes  21.0 Mbits/sec  1.239 ms  0/1877 (0%)  
[  4]  25.00-26.00  sec  2.32 MBytes  19.5 Mbits/sec  0.741 ms  0/1740 (0%)  
[  4]  26.00-27.00  sec  2.40 MBytes  20.1 Mbits/sec  0.819 ms  0/1797 (0%)  
[  4]  27.00-28.00  sec  2.45 MBytes  20.6 Mbits/sec  0.926 ms  0/1837 (0%)  
[  4]  28.00-29.00  sec  2.48 MBytes  20.8 Mbits/sec  1.032 ms  0/1857 (0%)  
[  4]  29.00-30.00  sec  2.40 MBytes  20.1 Mbits/sec  1.201 ms  0/1795 (0%)  
- - - - - - - - - - - - - - - - - - - - - - - - -
[ ID] Interval           Transfer     Bandwidth       Jitter    Lost/Total Datagrams
[  4]   0.00-30.00  sec  71.5 MBytes  20.0 Mbits/sec  1.094 ms  0/53575 (0%)  
[  4] Sent 53575 datagrams

iperf Done.
