cat /proc/stat ; cat /proc/rtl819x-nic
cpu  953 0 5149 142589 0 0 17535 0 0
cpu0 953 0 5149 142589 0 0 17535 0 0
intr 788388 0 0 0 0 0 0 0 0 51457 0 0 0 404448 166291 0 0 0 0 0 0 0 0 0 0 0 166192 0 0 0 0 0 0 0 0 0 0 0 0 0 0 0 0 0 0 0 0 0 0
ctxt 42323
btime 0
processes 122
procs_running 1
procs_blocked 0
version rtl819x-nic 1.4
unlocked 1
allocated 1
armed 1
engine_on 1
irq_taken 1
irq_rc 0
n_reads 197293
n_writes 126
n_refused 0
n_irq 404448
n_irq_spurious 0
n_tx 195327
n_rx 346724
n_rx_empty 0
n_poll 0
n_poll_masked 0
last_iisr 00003206
seen_iisr 8003320E
nd_alloc 1
nd_registered 1
nd_up 1
nd_name rlx0
n_napi_poll 98524
n_napi_complete 93974
n_xmit 195327
n_xmit_busy 7
tx_mode 0
n_tx_full 7
n_tx_retry 0
tx_retry_max_seen 0
n_tx_recovered 0
n_tx_drop_full 0
n_xmit_ctx 0/195334/0
n_skb_fail 0
n_tx_stop 7
n_tx_wake 0
n_tx_wake_race 0
n_tx_timeout 0
tx_stopped 0
nd_stats rx 346724/361659966 tx 195327/179635516 drop 0/0
boot_icr 00000000
boot_iimr 00000000
boot_iisr 00000000
boot_rpdcr0 00000000
boot_rmdcr0 00000000
boot_tpdcr0 00000000
now_icr C4000000
now_iimr 007E0FFE
now_iisr 00000000
rpdcr0_pos A15C8010
rmdcr0_pos A15C8030
tpdcr0_pos A15C8048
tpdcr1_pos 00000000
tpdcr2_pos 00000000
tpdcr3_pos 00000000
n_arm_flush 0
iimr_base 007E0FFE
iimr_ladder 007E0FFE
recov_mode 1
recov_ms 1000
recov_jiffies 100
n_recov_arm 7
n_recov_fire 7
n_recov_spurious 0
n_recov_ok 7
n_recov_fail 0
n_recov_wake 7
recov_rc 0 0 0
recov_j_arm 124604
recov_j_fire 124704
ph_follow 1
n_ph_chk 346724
n_ph_diff 342129
n_ph_bad 0
n_ph_used 342129
ph_first_w0 A15C8110
ph_first_exp A15C8170
ph_first_nrx 12
ph_agree 4595
ph_last A15C8158
ph_last_j 3
ph_last_bf A15CAA92
ph_last_cls 0
tx_rings 1
n_et_link 0
et_link_last FFFFFFFF
ph_test_cls -1
ph_test_j 0
ph_test_seen 0
j_now 136227
n_dsync_chk 98524
n_dsync 94878
dsync_last_d 4
dsync_first_d 4
dsync_first_rp A15C8014
dsync_first_rm A15C8024
dsync_first_nrx 12
dsync_test_d 0
dsync_test_seen 0
rx_ring A15C8000
mb_ring A15C8020
tx_ring A15C8040
bufs A15C8290
rx_ph A15C8050
rx_mb A15C8110
tx_ph A15C81D0
tx_mb A15C8230
idle_ring A15CE290
rx_idx 4
tx_idx 2
rxd0 A15C8051 len 0 f 8063 pl 03
rxd1 A15C8069 len 0 f 8063 pl 03
rxd2 A15C8081 len 0 f 8063 pl 03
rxd3 A15C8099 len 0 f 8063 pl 03
rxd4 A15C80B1 len 0 f 8063 pl 03
rxd5 A15C80C9 len 0 f 8063 pl 03
rxd6 A15C80E1 len 0 f 8063 pl 03
rxd7 A15C80FB len 0 f 8063 pl 03
txd0 A15C81D0 len 64
txd1 A15C81E8 len 64
txd2 A15C8200 len 64
txd3 A15C821A len 64
mbd0 A15C8111 ph A15C8110 ml 0
mbd1 A15C8129 ph A15C8128 ml 0
mbd2 A15C8141 ph A15C8140 ml 0
mbd3 A15C8159 ph A15C8158 ml 0
mbd4 A15C8171 ph A15C8170 ml 0
mbd5 A15C8189 ph A15C8188 ml 0
mbd6 A15C81A1 ph A15C81A0 ml 0
mbd7 A15C81BB ph A15C81B8 ml 0
rx_len 0
rx_ph1 00400C19
rx_ph3 80630003
rx_ph4 00090000
# 