Connecting to host 10.1.1.3, port 5201
[  4] local 10.1.1.2 port 44742 connected to 10.1.1.3 port 5201
[ ID] Interval           Transfer     Bandwidth       Total Datagrams
[  4]   0.00-1.00   sec  2.15 MBytes  18.0 Mbits/sec  1612  
[  4]   1.00-2.00   sec  1.65 MBytes  13.9 Mbits/sec  1239  
[  4]   2.00-3.00   sec  3.28 MBytes  27.5 Mbits/sec  2457  
[  4]   3.00-4.00   sec  2.43 MBytes  20.4 Mbits/sec  1822  
[  4]   4.00-5.00   sec  2.17 MBytes  18.2 Mbits/sec  1625  
[  4]   5.00-6.00   sec  2.54 MBytes  21.3 Mbits/sec  1901  
[  4]   6.00-7.00   sec  2.46 MBytes  20.6 Mbits/sec  1843  
[  4]   7.00-8.00   sec  2.15 MBytes  18.1 Mbits/sec  1613  
[  4]   8.00-9.00   sec  2.53 MBytes  21.2 Mbits/sec  1893  
[  4]   9.00-10.00  sec  2.47 MBytes  20.7 Mbits/sec  1849  
[  4]  10.00-11.00  sec  2.15 MBytes  18.1 Mbits/sec  1614  
[  4]  11.00-12.00  sec  2.53 MBytes  21.2 Mbits/sec  1892  
[  4]  12.00-13.00  sec  2.46 MBytes  20.7 Mbits/sec  1846  
[  4]  13.00-14.00  sec  2.16 MBytes  18.1 Mbits/sec  1619  
[  4]  14.00-15.00  sec  2.53 MBytes  21.3 Mbits/sec  1897  
[  4]  15.00-16.00  sec  2.47 MBytes  20.7 Mbits/sec  1849  
[  4]  16.00-17.00  sec  2.16 MBytes  18.1 Mbits/sec  1617  
[  4]  17.00-18.00  sec  2.52 MBytes  21.1 Mbits/sec  1884  
[  4]  18.00-19.00  sec  2.45 MBytes  20.5 Mbits/sec  1832  
[  4]  19.00-20.00  sec  2.21 MBytes  18.6 Mbits/sec  1657  
[  4]  20.00-21.00  sec  2.49 MBytes  20.9 Mbits/sec  1867  
[  4]  21.00-22.00  sec  2.45 MBytes  20.6 Mbits/sec  1836  
[  4]  22.00-23.00  sec  2.21 MBytes  18.5 Mbits/sec  1652  
[  4]  23.00-24.00  sec  2.50 MBytes  21.0 Mbits/sec  1870  
[  4]  24.00-25.00  sec  2.47 MBytes  20.7 Mbits/sec  1849  
[  4]  25.00-26.00  sec  2.18 MBytes  18.3 Mbits/sec  1633  
[  4]  26.00-27.00  sec  2.50 MBytes  21.0 Mbits/sec  1875  
[  4]  27.00-28.00  sec  2.41 MBytes  20.2 Mbits/sec  1807  
[  4]  28.00-29.00  sec  2.22 MBytes  18.6 Mbits/sec  1661  
[  4]  30.00-51.55  sec  0.00 Bytes  0.00 Mbits/sec  0  
- - - - - - - - - - - - - - - - - - - - - - - - -
[ ID] Interval           Transfer     Bandwidth       Jitter    Lost/Total Datagrams
[  4]   0.00-51.55  sec  71.5 MBytes  11.6 Mbits/sec  0.000 ms  0/53525 (0%)  
[  4] Sent 53525 datagrams
iperf3: interrupt - the client has terminated
