Connecting to host 10.1.1.3, port 5201
Reverse mode, remote host 10.1.1.3 is sending
[  4] local 10.1.1.2 port 59809 connected to 10.1.1.3 port 5201
[ ID] Interval           Transfer     Bandwidth       Jitter    Lost/Total Datagrams
[  4]   0.00-1.00   sec  2.28 MBytes  19.1 Mbits/sec  0.886 ms  0/1706 (0%)  
[  4]   1.00-2.00   sec  2.47 MBytes  20.7 Mbits/sec  0.985 ms  0/1850 (0%)  
[  4]   2.00-3.00   sec  2.47 MBytes  20.7 Mbits/sec  1.069 ms  0/1850 (0%)  
[  4]   3.00-4.00   sec  2.47 MBytes  20.7 Mbits/sec  1.376 ms  0/1849 (0%)  
[  4]   4.00-5.00   sec  2.47 MBytes  20.7 Mbits/sec  0.796 ms  0/1852 (0%)  
[  4]   5.00-6.00   sec  2.47 MBytes  20.7 Mbits/sec  0.877 ms  0/1849 (0%)  
[  4]   6.00-7.00   sec  2.37 MBytes  19.9 Mbits/sec  0.995 ms  0/1778 (0%)  
[  4]   7.00-8.00   sec  2.47 MBytes  20.7 Mbits/sec  1.077 ms  0/1851 (0%)  
[  4]   8.00-9.00   sec  2.25 MBytes  18.9 Mbits/sec  1.240 ms  0/1687 (0%)  
[  4]   9.00-10.00  sec  2.47 MBytes  20.7 Mbits/sec  0.808 ms  0/1850 (0%)  
[  4]  10.00-11.00  sec  2.47 MBytes  20.7 Mbits/sec  0.888 ms  0/1850 (0%)  
[  4]  11.00-12.00  sec  2.47 MBytes  20.7 Mbits/sec  0.949 ms  0/1850 (0%)  
[  4]  12.00-13.00  sec  2.47 MBytes  20.7 Mbits/sec  1.115 ms  0/1850 (0%)  
[  4]  13.00-14.00  sec  2.30 MBytes  19.3 Mbits/sec  1.235 ms  0/1725 (0%)  
[  4]  14.00-15.00  sec  2.47 MBytes  20.7 Mbits/sec  0.823 ms  0/1850 (0%)  
[  4]  15.00-16.00  sec  2.47 MBytes  20.7 Mbits/sec  0.878 ms  0/1851 (0%)  
[  4]  16.00-17.00  sec  2.47 MBytes  20.7 Mbits/sec  0.980 ms  0/1851 (0%)  
[  4]  17.00-18.00  sec  2.32 MBytes  19.5 Mbits/sec  1.165 ms  0/1741 (0%)  
[  4]  18.00-19.00  sec  2.47 MBytes  20.7 Mbits/sec  1.283 ms  0/1852 (0%)  
[  4]  19.00-20.00  sec  2.47 MBytes  20.7 Mbits/sec  0.819 ms  0/1851 (0%)  
[  4]  20.00-21.00  sec  1.04 MBytes  8.70 Mbits/sec  0.959 ms  0/777 (0%)  
[  4]  21.00-22.00  sec  2.38 MBytes  19.9 Mbits/sec  1.042 ms  0/1779 (0%)  
[  4]  22.00-23.00  sec  2.47 MBytes  20.7 Mbits/sec  1.230 ms  0/1850 (0%)  
[  4]  23.00-24.00  sec  2.26 MBytes  18.9 Mbits/sec  0.787 ms  0/1689 (0%)  
[  4]  24.00-25.00  sec  2.47 MBytes  20.7 Mbits/sec  0.881 ms  0/1850 (0%)  
[  4]  25.00-26.00  sec  2.47 MBytes  20.7 Mbits/sec  1.029 ms  0/1850 (0%)  
[  4]  26.00-27.00  sec  2.47 MBytes  20.7 Mbits/sec  1.112 ms  0/1851 (0%)  
[  4]  27.00-28.00  sec  2.47 MBytes  20.7 Mbits/sec  1.301 ms  0/1851 (0%)  
[  4]  28.00-29.00  sec  2.33 MBytes  19.5 Mbits/sec  0.845 ms  0/1742 (0%)  
[  4]  30.00-70.03  sec  2.73 KBytes  0.00 Mbits/sec  0.908 ms  0/2 (0%)  
- - - - - - - - - - - - - - - - - - - - - - - - -
[ ID] Interval           Transfer     Bandwidth       Jitter    Lost/Total Datagrams
[  4]   0.00-70.03  sec  0.00 Bytes  0.00 Mbits/sec  0.908 ms  0/53485 (0%)  
[  4] Sent 53485 datagrams
iperf3: interrupt - the client has terminated
