  pre  image     sha256 4972edbadd2655a815e80606a83b8e5e5987334dfd1c990fcc806291eaf182ae  <- matches the pin
  S2  build     SKIPPED (--skip)
  S3  assemble  SKIPPED (--skip)

=== round 1 of 2   (0.0 s spent)
  S4  reset     SKIPPED (--skip)
  S5  rescue    rc=0    0.24 s
  S5b burnflag  rc=0    2.20 s
  S5c hostlink  ok      1.01 s
      ok   P-a the host has an address on the route to 10.1.1.1 -- dev=enxfc19286184c9 src=10.1.1.2
      ok   P-b the board answers ARP -- 56:0a:01:01:01:e8 REACHABLE
  S6  upload    rc=0    2.16 s
  S6b staged    rc=0    2.22 s
  S7  boot      rc=0   10.70 s
      ended on --until at offset 2091

  ok   A0b AUTOBURN read back at 0x8040D4A0   00000000 -- the word the burn path reads is zero
  ok   P-a the host has an address on the route to 10.1.1.1 dev=enxfc19286184c9 src=10.1.1.2
  ok   P-b the board answers ARP              56:0a:01:01:01:e8 REACHABLE
  ok   A0c the words at 0x80500000 are the image S6 sent 8 words, every one derived from the image rather than typed
  ok   A1 the eleven boot marks               all present
  ok   A2 and in declaration order            11 present mark(s) in order
  ok   A3 the id the build computed           board printed a2c56bc8, build computed a2c56bc8
  ok   A4 a reachable prompt                  found

  round 1 stage seconds: S2=skipped  S3=skipped  S4=skipped  S5=0.24  S5b=2.20  S5c=1.01  S6=2.16  S6b=2.22  S7=10.70  S8=0.00

=== round 2 of 2   (18.6 s spent)
  S4  reset     rc=0    2.60 s
  S5  rescue    rc=0    0.24 s
  S5b burnflag  rc=0    2.21 s
  S5c hostlink  ok      1.01 s
      ok   P-a the host has an address on the route to 10.1.1.1 -- dev=enxfc19286184c9 src=10.1.1.2
      ok   P-b the board answers ARP -- 56:0a:01:01:01:e8 REACHABLE
  S6  upload    rc=0    1.86 s
  S6b staged    rc=0    2.20 s
  S7  boot      rc=0   10.69 s
      ended on --until at offset 2091

  ok   A0 C-8's discriminator after the reset present
  ok   A0a the capture ends at the loader prompt <RealTek> is the last thing the board printed
  ok   A0b AUTOBURN read back at 0x8040D4A0   00000000 -- the word the burn path reads is zero
  ok   P-a the host has an address on the route to 10.1.1.1 dev=enxfc19286184c9 src=10.1.1.2
  ok   P-b the board answers ARP              56:0a:01:01:01:e8 REACHABLE
  ok   A0c the words at 0x80500000 are the image S6 sent 8 words, every one derived from the image rather than typed
  ok   A1 the eleven boot marks               all present
  ok   A2 and in declaration order            11 present mark(s) in order
  ok   A3 the id the build computed           board printed a2c56bc8, build computed a2c56bc8
  ok   A4 a reachable prompt                  found

  round 2 stage seconds: S4=2.60  S5=0.24  S5b=2.21  S5c=1.01  S6=1.86  S6b=2.20  S7=10.69  S8=0.00
  MACHINE TOTAL: 39.33 s   (S1, the edit, and S8b, the read, are not this tool's to time -- looptime owns the served loop)

RESULT: the loop closed 2 of 2 round(s), 18 assertion(s) held, 39.33 s of machine time
