J 80500000
---Jump to address=80500000
decompressing kernel:
Uncompressing Linux... done, booting the kernel.
done decompressing kernel.
start address: 0x80003600
RLXFW-B00
RLXFW-ID0=A2C56BC8
RLXFW-B01
RLXFW-B02=0000CD01
RLXFW-B03
RLXFW-B04
RLXFW-B05
RLXFW-B06
RLXFW-B07=00000000
RLXFW-B08
RLXFW-B09
RLXFW-PD0
RLXFW-PD1=00000000
RLXFW-TA0=FFFF8AE6
RLXFW-TA1=00000000
RLXFW-TA2=00000001
RLXFW-TA3=00000000
RLXFW-TA4=00000000
RLXFW-G0
RLXFW-G1=FFFFFFDF
RLXFW-G2=FF000000
RLXFW-G3=0000007C
RLXFW-G4=00000000
RLXFW-G5=00000001
RLXFW-G6
RLXFW-SW0
RLXFW-SW1=81964000
RLXFW-SW2=00000001
RLXFW-SW3=00000200
RLXFW-SW4=000001FF
RLXFW-SW5=00080008
RLXFW-SW6
Realtek WLAN driver driver version 1.6 (2012-12-04)



Probing RTL8186 10/100 NIC-kenel stack size order[3]...
chip name: 8196C, chip revid: 0
NOT YET
eth0 added. vid=9 Member port 0x1...
eth1 added. vid=8 Member port 0x10...
eth2 added. vid=9 Member port 0x2...
eth3 added. vid=9 Member port 0x4...
eth4 added. vid=9 Member port 0x8...
eth5 added. vid=9 Member port 0x0...
[peth0] added, mapping to [eth1]...
RLXFW-K0
RLXFW-K1
RLXFW-K2=00000000
RLXFW-K3=00000001
RLXFW-K4=FFFFFFFA
RLXFW-K5=00000000
RLXFW-K6=00000000
RLXFW-K7=00000000
RLXFW-K8
RLXFW-G7=0000007C
RLXFW-G8=0000007C
Realtek FastPath:v1.03
RLXFW-N0
RLXFW-N1=00000000
RLXFW-N2=00000000
RLXFW-N3=00000000
RLXFW-N4=00000000
RLXFW-N5
RLXFW-N6=00000010
RLXFW-N7=00000011
RLXFW-S0
RLXFW-S1=FFC00000
RLXFW-S2=0BA08000
RLXFW-S3=C8000000
RLXFW-S4=00000000
RLXFW-S5=00000000
RLXFW-S6=00000002
RLXFW-S7
RLXFW-S8
RLXFW-W0
RLXFW-W1=A5000000
RLXFW-W2=00000000
RLXFW-W3=00000000
RLXFW-W4=00240000
RLXFW-W5
RLXFW-TA5=FFFF8D47
RLXFW-TA6=0000000A
RLXFW-TA7=00000000
RLXFW-TA8=00000000
RLXFW-TA9=00000003
RLXFW-B10
rlxfw: init running, RLXFW-R3-RUNG1-OK
rlxfRwL:X FlaWn- SbWr-ing-UuNpL
OCK
RLXFW-SW-START
RLXFW-N-UNLOCK
RLXFW-N-NDREG
RLXFW-N-ALLOC=A15C8000
RLXFW-N-ARM=A15C8000
RLXFW-N-ARMR=00000000
RLXFW-N-ENGON=C4000000
RLXFW-N-NDOPEN
rlxfw: lan up, rlx0 10.1.1.3
/bin/sh: can't access tty; job control turned off
# 