iperflog 1.0 parse: bench/2026-09-26b/D3-LUR1-S1.log -- 62 lines, 1 trial(s)
trial 1  lines 27-62  udp  board receives  stream [  6] 10.1.1.3:5201 <- 10.1.1.2:48964 (line 28)
   line  row      interval      transfer      bandwidth         jitter     lost/total   status
     30  interval   0.00-1.19   375 KBytes    2579 Kbits/sec    2496.159 ms 1162/1436    kept
     31  interval   1.19-2.01   427 KBytes    4261 Kbits/sec    0.640 ms   1240/1552    kept
     32  interval   2.01-3.01   346 KBytes    2834 Kbits/sec    2.456 ms   1624/1877    kept
     33  interval   3.01-4.00   570 KBytes    4718 Kbits/sec    4.542 ms   1169/1586    kept
     34  interval   4.00-5.00   438 KBytes    3584 Kbits/sec    17.644 ms  1149/1469    kept
     35  interval   5.00-6.04   570 KBytes    4491 Kbits/sec    3.944 ms   1523/1940    kept
     36  interval   6.04-7.01   403 KBytes    3406 Kbits/sec    12.968 ms  1148/1443    kept
     37  interval   7.01-8.13   562 KBytes    4110 Kbits/sec    4.154 ms   1754/2165    kept
     38  interval   8.13-9.06   323 KBytes    2842 Kbits/sec    12.497 ms  1129/1365    kept
     39  interval   9.06-10.01  431 KBytes    3714 Kbits/sec    2.089 ms   1524/1839    kept
     40  interval  10.01-11.08  431 KBytes    3297 Kbits/sec    1.641 ms   1468/1783    kept
     41  interval  11.08-12.11  417 KBytes    3317 Kbits/sec    0.782 ms   1494/1799    kept
     42  interval  12.11-13.08  338 KBytes    2852 Kbits/sec    12.655 ms  1417/1664    kept
     43  interval  13.08-14.00  606 KBytes    5393 Kbits/sec    13.588 ms  695/1138     kept
     44  interval  14.00-15.00  504 KBytes    4133 Kbits/sec    3.521 ms   1726/2095    kept
     45  interval  15.00-16.00  567 KBytes    4648 Kbits/sec    5.502 ms   974/1389     kept
     46  interval  16.00-17.04  133 KBytes    1045 Kbits/sec    51.448 ms  448/545      kept
     47  interval  17.04-18.00  353 KBytes    3010 Kbits/sec    2.937 ms   2719/2977    kept
     48  interval  18.00-19.14  432 KBytes    3105 Kbits/sec    4.023 ms   1825/2141    kept
     49  interval  19.14-20.00  427 KBytes    4063 Kbits/sec    0.721 ms   1181/1493    kept
     50  interval  20.00-21.05  342 KBytes    2667 Kbits/sec    1.515 ms   1460/1710    kept
     51  interval  21.05-22.07  345 KBytes    2767 Kbits/sec    1.114 ms   1316/1568    kept
     52  interval  22.07-23.02  258 KBytes    2228 Kbits/sec    0.689 ms   1415/1604    kept
     53  interval  23.02-24.17  422 KBytes    3009 Kbits/sec    1.037 ms   1656/1965    kept
     54  interval  24.17-25.11  309 KBytes    2693 Kbits/sec    12.600 ms  1420/1646    kept
     55  interval  25.11-26.01  435 KBytes    3957 Kbits/sec    0.871 ms   1245/1563    kept
     56  interval  26.01-27.15  491 KBytes    3527 Kbits/sec    7.267 ms   1627/1986    kept
     57  interval  27.15-28.10  431 KBytes    3714 Kbits/sec    2.018 ms   1304/1619    kept
     58  interval  28.10-29.88  298 KBytes    1372 Kbits/sec    3.222 ms   969/1187     kept
     61  summary    0.00-29.88  0.00 Bytes    0.00 Kbits/sec    3.222 ms   39781/48544  TEST_END: used (lost/total; its transfer and bandwidth are bytes the server SENT)
                  TEST_END: not re-printed by a terminate path
  FIGURE trial=1 proto=udp source=TEST_END lines=61 received=8763 (=48544 total-39781 lost+0 out-of-order) datagram_B=1400 bytes=12268200 end_s=29.88+/-0.005 rate_bps=3284659 range=[3284109,3285208] rounding=exact integers; only the printed end time (+/-0.005 s)
RESULT: every trial has a TEST_END figure
