Connecting to host 10.1.1.3, port 5201
Reverse mode, remote host 10.1.1.3 is sending
[  4] local 10.1.1.2 port 56844 connected to 10.1.1.3 port 5201
[ ID] Interval           Transfer     Bandwidth       Jitter    Lost/Total Datagrams
[  4]   0.00-1.00   sec  2.33 MBytes  19.5 Mbits/sec  1.214 ms  1/1745 (0.057%)  
[  4]   1.00-2.00   sec  2.52 MBytes  21.1 Mbits/sec  1.162 ms  0/1884 (0%)  
[  4]   2.00-3.00   sec  2.51 MBytes  21.0 Mbits/sec  1.334 ms  0/1877 (0%)  
[  4]   3.00-4.00   sec  2.51 MBytes  21.0 Mbits/sec  0.792 ms  0/1879 (0%)  
[  4]   4.00-5.00   sec  2.53 MBytes  21.2 Mbits/sec  0.851 ms  0/1894 (0%)  
[  4]   5.00-6.00   sec  2.55 MBytes  21.4 Mbits/sec  0.906 ms  0/1913 (0%)  
[  4]   6.00-7.00   sec  2.55 MBytes  21.4 Mbits/sec  0.996 ms  0/1912 (0%)  
[  4]   7.00-8.00   sec  2.56 MBytes  21.4 Mbits/sec  1.063 ms  0/1914 (0%)  
[  4]   8.00-9.00   sec  2.41 MBytes  20.2 Mbits/sec  1.240 ms  0/1804 (0%)  
[  4]   9.00-10.00  sec  2.55 MBytes  21.4 Mbits/sec  0.808 ms  0/1912 (0%)  
[  4]  10.00-11.00  sec  2.55 MBytes  21.4 Mbits/sec  0.941 ms  0/1909 (0%)  
[  4]  11.00-12.00  sec  2.34 MBytes  19.6 Mbits/sec  1.064 ms  0/1749 (0%)  
[  4]  12.00-13.00  sec  2.55 MBytes  21.4 Mbits/sec  1.322 ms  0/1909 (0%)  
[  4]  13.00-14.00  sec  2.55 MBytes  21.4 Mbits/sec  0.845 ms  0/1912 (0%)  
[  4]  14.00-15.00  sec  2.55 MBytes  21.4 Mbits/sec  0.969 ms  0/1910 (0%)  
[  4]  15.00-16.00  sec  2.30 MBytes  19.3 Mbits/sec  1.415 ms  0/1724 (0%)  
[  4]  16.00-17.00  sec  2.55 MBytes  21.4 Mbits/sec  0.894 ms  0/1910 (0%)  
[  4]  17.00-18.00  sec  2.54 MBytes  21.3 Mbits/sec  0.802 ms  0/1901 (0%)  
[  4]  18.00-19.00  sec  2.54 MBytes  21.3 Mbits/sec  1.221 ms  0/1902 (0%)  
[  4]  19.00-20.00  sec  2.49 MBytes  20.9 Mbits/sec  1.100 ms  0/1864 (0%)  
[  4]  20.00-22.03  sec  1.35 MBytes  5.58 Mbits/sec  94.623 ms  0/1014 (0%)  
[  4]  22.03-22.03  sec  0.00 Bytes  0.00 Mbits/sec  94.623 ms  0/0 (0%)  
[  4]  22.03-23.00  sec  2.23 MBytes  19.4 Mbits/sec  0.977 ms  0/1672 (0%)  
[  4]  23.00-24.00  sec  2.54 MBytes  21.3 Mbits/sec  0.881 ms  0/1901 (0%)  
[  4]  24.00-25.00  sec  2.54 MBytes  21.3 Mbits/sec  0.814 ms  0/1901 (0%)  
[  4]  25.00-26.00  sec  2.54 MBytes  21.3 Mbits/sec  1.312 ms  0/1901 (0%)  
[  4]  26.00-27.00  sec  2.33 MBytes  19.5 Mbits/sec  0.931 ms  0/1744 (0%)  
[  4]  27.00-28.00  sec  2.55 MBytes  21.4 Mbits/sec  1.288 ms  0/1908 (0%)  
[  4]  28.00-29.00  sec  2.55 MBytes  21.4 Mbits/sec  0.893 ms  0/1908 (0%)  
[  4]  30.00-72.80  sec  5.47 KBytes  0.00 Mbits/sec  1.066 ms  0/4 (0%)  
- - - - - - - - - - - - - - - - - - - - - - - - -
[ ID] Interval           Transfer     Bandwidth       Jitter    Lost/Total Datagrams
[  4]   0.00-72.80  sec  0.00 Bytes  0.00 Mbits/sec  1.066 ms  1/53285 (0.0019%)  
[  4] Sent 53285 datagrams
iperf3: interrupt - the client has terminated
