Connecting to host 10.1.1.3, port 5201
[  4] local 10.1.1.2 port 48964 connected to 10.1.1.3 port 5201
[ ID] Interval           Transfer     Bandwidth       Total Datagrams
[  4]   0.00-1.00   sec  2.31 MBytes  19.3 Mbits/sec  1728  
[  4]   1.00-2.00   sec  2.37 MBytes  19.9 Mbits/sec  1773  
[  4]   2.00-3.01   sec  2.33 MBytes  19.3 Mbits/sec  1744  
[  4]   3.01-4.00   sec  2.25 MBytes  19.1 Mbits/sec  1688  
[  4]   4.00-5.00   sec  2.17 MBytes  18.2 Mbits/sec  1629  
[  4]   5.00-6.01   sec  2.70 MBytes  22.5 Mbits/sec  2020  
[  4]   6.01-7.00   sec  2.50 MBytes  21.1 Mbits/sec  1870  
[  4]   7.00-8.00   sec  2.40 MBytes  20.1 Mbits/sec  1794  
[  4]   8.00-9.00   sec  2.25 MBytes  18.8 Mbits/sec  1682  
[  4]   9.00-10.00  sec  2.50 MBytes  21.0 Mbits/sec  1876  
[  4]  10.00-11.00  sec  2.23 MBytes  18.7 Mbits/sec  1669  
[  4]  11.00-12.00  sec  2.56 MBytes  21.5 Mbits/sec  1918  
[  4]  12.00-13.00  sec  2.15 MBytes  18.1 Mbits/sec  1614  
[  4]  13.00-14.00  sec  2.52 MBytes  21.1 Mbits/sec  1888  
[  4]  14.00-15.00  sec  2.19 MBytes  18.4 Mbits/sec  1641  
[  4]  15.00-16.00  sec  2.51 MBytes  21.1 Mbits/sec  1880  
[  4]  16.00-17.00  sec  2.52 MBytes  21.1 Mbits/sec  1887  
[  4]  17.00-18.00  sec  2.37 MBytes  19.9 Mbits/sec  1777  
[  4]  18.00-19.00  sec  2.47 MBytes  20.7 Mbits/sec  1851  
[  4]  19.00-20.00  sec  2.36 MBytes  19.8 Mbits/sec  1770  
[  4]  20.00-21.00  sec  2.35 MBytes  19.7 Mbits/sec  1760  
[  4]  21.00-22.00  sec  2.21 MBytes  18.5 Mbits/sec  1655  
[  4]  22.00-23.00  sec  2.60 MBytes  21.8 Mbits/sec  1948  
[  4]  23.00-24.00  sec  2.17 MBytes  18.2 Mbits/sec  1624  
[  4]  24.00-25.00  sec  2.43 MBytes  20.4 Mbits/sec  1823  
[  4]  25.00-26.00  sec  2.52 MBytes  21.1 Mbits/sec  1884  
[  4]  26.00-27.00  sec  2.20 MBytes  18.5 Mbits/sec  1650  
[  4]  27.00-29.00  sec  1.30 MBytes  5.46 Mbits/sec  977  
[  4]  29.00-29.00  sec  0.00 Bytes  0.00 Mbits/sec  0  
[  4]  29.00-30.00  sec  3.51 MBytes  29.6 Mbits/sec  2632  
- - - - - - - - - - - - - - - - - - - - - - - - -
[ ID] Interval           Transfer     Bandwidth       Jitter    Lost/Total Datagrams
[  4]   0.00-30.00  sec  69.0 MBytes  19.3 Mbits/sec  3.222 ms  39781/48544 (82%)  
[  4] Sent 48544 datagrams

iperf Done.
