iperf3 -s -1 -f k --logfile /tmp/lus1.log > /dev/null 2>&1 & sleep 2 ; ps ; ca
t /proc/net/snmp /proc/stat
  PID USER       VSZ STAT COMMAND
    1 0          832 R    /bin/sh 
    2 0            0 SW<  [kthreadd]
    3 0            0 SW<  [ksoftirqd/0]
    4 0            0 SW<  [events/0]
    5 0            0 SW<  [khelper]
    6 0            0 SW<  [async/mgr]
    7 0            0 SW<  [kblockd/0]
    8 0            0 SW   [pdflush]
    9 0            0 SW<  [kswapd0]
   10 0            0 SW<  [mtdblockd]
   11 0            0 SW<  [kpktgend_0]
  436 0          332 S    iperf3 -s -1 -f k --logfile /tmp/lus1.log 
  438 0          816 R    ps 
Ip: Forwarding DefaultTTL InReceives InHdrErrors InAddrErrors ForwDatagrams InUnknownProtos InDiscards InDelivers OutRequests OutDiscards OutNoRoutes ReasmTimeout ReasmReqds ReasmOKs ReasmFails FragOKs FragFails FragCreates
Ip: 2 64 395197 0 0 0 0 0 395197 318224 107 0 0 0 0 0 0 0 0
Icmp: InMsgs InErrors InDestUnreachs InTimeExcds InParmProbs InSrcQuenchs InRedirects InEchos InEchoReps InTimestamps InTimestampReps InAddrMasks InAddrMaskReps OutMsgs OutErrors OutDestUnreachs OutTimeExcds OutParmProbs OutSrcQuenchs OutRedirects OutEchos OutEchoReps OutTimestamps OutTimestampReps OutAddrMasks OutAddrMaskReps
Icmp: 2237 0 0 0 0 0 0 2237 0 0 0 0 0 2237 0 0 0 0 0 0 0 2237 0 0 0 0
IcmpMsg: InType8 OutType0
IcmpMsg: 2237 2237
Tcp: RtoAlgorithm RtoMin RtoMax MaxConn ActiveOpens PassiveOpens AttemptFails EstabResets CurrEstab InSegs OutSegs RetransSegs InErrs OutRsts
Tcp: 1 200 120000 -1 0 19 0 3 0 183974 156064 9 0 6
Udp: InDatagrams NoPorts InErrors OutDatagrams RcvbufErrors SndbufErrors
Udp: 40921 0 167811 159913 167811 0
UdpLite: InDatagrams NoPorts InErrors OutDatagrams RcvbufErrors SndbufErrors
UdpLite: 0 0 0 0 0 0
cpu  2592 0 18680 144478 0 0 21185 0 0
cpu0 2592 0 18680 144478 0 0 21185 0 0
intr 1760570 0 0 0 0 0 0 0 0 798966 0 0 0 581918 192786 0 0 0 0 0 0 0 0 0 0 0 186901 0 0 0 0 0 0 0 0 0 0 0 0 0 0 0 0 0 0 0 0 0 0
ctxt 51093
btime 0
processes 439
procs_running 2
procs_blocked 0
# 