cat /proc/net/snmp /proc/stat ; busybox killall iperf3 ; sleep 1 ; cat /tmp/lu
s1.log
Ip: Forwarding DefaultTTL InReceives InHdrErrors InAddrErrors ForwDatagrams InUnknownProtos InDiscards InDelivers OutRequests OutDiscards OutNoRoutes ReasmTimeout ReasmReqds ReasmOKs ReasmFails FragOKs FragFails FragCreates
Ip: 2 64 395214 0 0 0 0 0 395214 371531 107 0 0 0 0 0 0 0 0
Icmp: InMsgs InErrors InDestUnreachs InTimeExcds InParmProbs InSrcQuenchs InRedirects InEchos InEchoReps InTimestamps InTimestampReps InAddrMasks InAddrMaskReps OutMsgs OutErrors OutDestUnreachs OutTimeExcds OutParmProbs OutSrcQuenchs OutRedirects OutEchos OutEchoReps OutTimestamps OutTimestampReps OutAddrMasks OutAddrMaskReps
Icmp: 2237 0 0 0 0 0 0 2237 0 0 0 0 0 2237 0 0 0 0 0 0 0 2237 0 0 0 0
IcmpMsg: InType8 OutType0
IcmpMsg: 2237 2237
Tcp: RtoAlgorithm RtoMin RtoMax MaxConn ActiveOpens PassiveOpens AttemptFails EstabResets CurrEstab InSegs OutSegs RetransSegs InErrs OutRsts
Tcp: 1 200 120000 -1 0 20 0 3 0 183990 156078 16 0 6
Udp: InDatagrams NoPorts InErrors OutDatagrams RcvbufErrors SndbufErrors
Udp: 40922 0 167811 213199 167811 0
UdpLite: InDatagrams NoPorts InErrors OutDatagrams RcvbufErrors SndbufErrors
UdpLite: 0 0 0 0 0 0
cpu  3291 0 20109 149378 0 0 21986 0 0
cpu0 3291 0 20109 149378 0 0 21986 0 0
intr 1833239 0 0 0 0 0 0 0 0 801014 0 0 0 636881 200615 0 0 0 0 0 0 0 0 0 0 0 194730 0 0 0 0 0 0 0 0 0 0 0 0 0 0 0 0 0 0 0 0 0 0
ctxt 53681
btime 0
processes 440
procs_running 2
procs_blocked 0
killall: iperf3: no process killed
-----------------------------------------------------------
Server listening on 5201
-----------------------------------------------------------
Accepted connection from 10.1.1.2, port 45726
[  6] local 10.1.1.3 port 5201 connected to 10.1.1.2 port 56844
[ ID] Interval           Transfer     Bandwidth       Total Datagrams
[  6]   0.00-1.00   sec  2.11 MBytes  17741 Kbits/sec  1584  
[  6]   1.00-2.00   sec  2.39 MBytes  20070 Kbits/sec  1792  
[  6]   2.00-3.00   sec  2.39 MBytes  20059 Kbits/sec  1791  
[  6]   3.00-4.00   sec  2.39 MBytes  20048 Kbits/sec  1790  
[  6]   4.00-5.00   sec  2.40 MBytes  20138 Kbits/sec  1798  
[  6]   5.00-6.00   sec  2.44 MBytes  20440 Kbits/sec  1825  
[  6]   6.00-7.00   sec  2.43 MBytes  20418 Kbits/sec  1823  
[  6]   7.00-8.00   sec  2.44 MBytes  20440 Kbits/sec  1825  
[  6]   8.00-9.00   sec  2.44 MBytes  20451 Kbits/sec  1826  
[  6]   9.00-10.00  sec  2.29 MBytes  19208 Kbits/sec  1715  
[  6]  10.00-11.00  sec  2.44 MBytes  20451 Kbits/sec  1826  
[  6]  11.00-12.00  sec  2.22 MBytes  18592 Kbits/sec  1660  
[  6]  12.00-13.00  sec  2.44 MBytes  20429 Kbits/sec  1824  
[  6]  13.00-14.00  sec  2.44 MBytes  20429 Kbits/sec  1824  
[  6]  14.00-15.00  sec  2.44 MBytes  20429 Kbits/sec  1824  
[  6]  15.00-16.00  sec  2.44 MBytes  20440 Kbits/sec  1825  
[  6]  16.00-17.00  sec  2.19 MBytes  18379 Kbits/sec  1641  
[  6]  17.00-18.00  sec  2.44 MBytes  20440 Kbits/sec  1825  
[  6]  18.00-19.00  sec  2.44 MBytes  20440 Kbits/sec  1825  
[  6]  19.00-20.00  sec  2.44 MBytes  20440 Kbits/sec  1825  
[  6]  20.00-21.00  sec  2.39 MBytes  20026 Kbits/sec  1788  
[  6]  21.00-22.00  sec  2.22 MBytes  18592 Kbits/sec  1660  
[  6]  22.00-23.00  sec  2.44 MBytes  20440 Kbits/sec  1825  
[  6]  23.00-24.00  sec  2.44 MBytes  20440 Kbits/sec  1825  
[  6]  24.00-25.00  sec  2.44 MBytes  20429 Kbits/sec  1824  
[  6]  25.00-26.01  sec  2.24 MBytes  18608 Kbits/sec  1678  
[  6]  26.01-27.00  sec  2.41 MBytes  20454 Kbits/sec  1808  
[  6]  27.00-28.00  sec  2.44 MBytes  20451 Kbits/sec  1826  
[  6]  28.00-29.00  sec  2.44 MBytes  20440 Kbits/sec  1825  
[  6]  29.00-29.85  sec  2.08 MBytes  20529 Kbits/sec  1558  
- - - - - - - - - - - - - - - - - - - - - - - - -
[ ID] Interval           Transfer     Bandwidth       Jitter    Lost/Total Datagrams
[  6]   0.00-29.85  sec  71.1 MBytes  19993 Kbits/sec  0.000 ms  0/53285 (0%)  
[  6]  29.00-29.85  sec  2.08 MBytes  20529 Kbits/sec  1558  
- - - - - - - - - - - - - - - - - - - - - - - - -
[ ID] Interval           Transfer     Bandwidth       Jitter    Lost/Total Datagrams
[  6]   0.00-29.85  sec  71.1 MBytes  19993 Kbits/sec  1.066 ms  1/53285 (0.0019%)  
iperf3: the client has terminated
# 