cat /proc/net/snmp /proc/stat ; busybox killall iperf3 ; sleep 1 ; cat /tmp/lu
r1.log
Ip: Forwarding DefaultTTL InReceives InHdrErrors InAddrErrors ForwDatagrams InUnknownProtos InDiscards InDelivers OutRequests OutDiscards OutNoRoutes ReasmTimeout ReasmReqds ReasmOKs ReasmFails FragOKs FragFails FragCreates
Ip: 2 64 395185 0 0 0 0 0 395185 318206 107 0 0 0 0 0 0 0 0
Icmp: InMsgs InErrors InDestUnreachs InTimeExcds InParmProbs InSrcQuenchs InRedirects InEchos InEchoReps InTimestamps InTimestampReps InAddrMasks InAddrMaskReps OutMsgs OutErrors OutDestUnreachs OutTimeExcds OutParmProbs OutSrcQuenchs OutRedirects OutEchos OutEchoReps OutTimestamps OutTimestampReps OutAddrMasks OutAddrMaskReps
Icmp: 2233 0 0 0 0 0 0 2233 0 0 0 0 0 2233 0 0 0 0 0 0 0 2233 0 0 0 0
IcmpMsg: InType8 OutType0
IcmpMsg: 2233 2233
Tcp: RtoAlgorithm RtoMin RtoMax MaxConn ActiveOpens PassiveOpens AttemptFails EstabResets CurrEstab InSegs OutSegs RetransSegs InErrs OutRsts
Tcp: 1 200 120000 -1 0 19 0 3 0 183968 156058 2 0 6
Udp: InDatagrams NoPorts InErrors OutDatagrams RcvbufErrors SndbufErrors
Udp: 40921 0 167811 159913 167811 0
UdpLite: InDatagrams NoPorts InErrors OutDatagrams RcvbufErrors SndbufErrors
UdpLite: 0 0 0 0 0 0
cpu  2588 0 18654 113736 0 0 21179 0 0
cpu0 2588 0 18654 113736 0 0 21179 0 0
intr 1675326 0 0 0 0 0 0 0 0 775530 0 0 0 581810 161864 0 0 0 0 0 0 0 0 0 0 0 156123 0 0 0 0 0 0 0 0 0 0 0 0 0 0 0 0 0 0 0 0 0 0
ctxt 44325
btime 0
processes 424
procs_running 2
procs_blocked 0
killall: iperf3: no process killed
-----------------------------------------------------------
Server listening on 5201
-----------------------------------------------------------
Accepted connection from 10.1.1.2, port 56382
[  6] local 10.1.1.3 port 5201 connected to 10.1.1.2 port 48964
[ ID] Interval           Transfer     Bandwidth       Jitter    Lost/Total Datagrams
[  6]   0.00-1.19   sec   375 KBytes  2579 Kbits/sec  2496.159 ms  1162/1436 (81%)  
[  6]   1.19-2.01   sec   427 KBytes  4261 Kbits/sec  0.640 ms  1240/1552 (80%)  
[  6]   2.01-3.01   sec   346 KBytes  2834 Kbits/sec  2.456 ms  1624/1877 (87%)  
[  6]   3.01-4.00   sec   570 KBytes  4718 Kbits/sec  4.542 ms  1169/1586 (74%)  
[  6]   4.00-5.00   sec   438 KBytes  3584 Kbits/sec  17.644 ms  1149/1469 (78%)  
[  6]   5.00-6.04   sec   570 KBytes  4491 Kbits/sec  3.944 ms  1523/1940 (79%)  
[  6]   6.04-7.01   sec   403 KBytes  3406 Kbits/sec  12.968 ms  1148/1443 (80%)  
[  6]   7.01-8.13   sec   562 KBytes  4110 Kbits/sec  4.154 ms  1754/2165 (81%)  
[  6]   8.13-9.06   sec   323 KBytes  2842 Kbits/sec  12.497 ms  1129/1365 (83%)  
[  6]   9.06-10.01  sec   431 KBytes  3714 Kbits/sec  2.089 ms  1524/1839 (83%)  
[  6]  10.01-11.08  sec   431 KBytes  3297 Kbits/sec  1.641 ms  1468/1783 (82%)  
[  6]  11.08-12.11  sec   417 KBytes  3317 Kbits/sec  0.782 ms  1494/1799 (83%)  
[  6]  12.11-13.08  sec   338 KBytes  2852 Kbits/sec  12.655 ms  1417/1664 (85%)  
[  6]  13.08-14.00  sec   606 KBytes  5393 Kbits/sec  13.588 ms  695/1138 (61%)  
[  6]  14.00-15.00  sec   504 KBytes  4133 Kbits/sec  3.521 ms  1726/2095 (82%)  
[  6]  15.00-16.00  sec   567 KBytes  4648 Kbits/sec  5.502 ms  974/1389 (70%)  
[  6]  16.00-17.04  sec   133 KBytes  1045 Kbits/sec  51.448 ms  448/545 (82%)  
[  6]  17.04-18.00  sec   353 KBytes  3010 Kbits/sec  2.937 ms  2719/2977 (91%)  
[  6]  18.00-19.14  sec   432 KBytes  3105 Kbits/sec  4.023 ms  1825/2141 (85%)  
[  6]  19.14-20.00  sec   427 KBytes  4063 Kbits/sec  0.721 ms  1181/1493 (79%)  
[  6]  20.00-21.05  sec   342 KBytes  2667 Kbits/sec  1.515 ms  1460/1710 (85%)  
[  6]  21.05-22.07  sec   345 KBytes  2767 Kbits/sec  1.114 ms  1316/1568 (84%)  
[  6]  22.07-23.02  sec   258 KBytes  2228 Kbits/sec  0.689 ms  1415/1604 (88%)  
[  6]  23.02-24.17  sec   422 KBytes  3009 Kbits/sec  1.037 ms  1656/1965 (84%)  
[  6]  24.17-25.11  sec   309 KBytes  2693 Kbits/sec  12.600 ms  1420/1646 (86%)  
[  6]  25.11-26.01  sec   435 KBytes  3957 Kbits/sec  0.871 ms  1245/1563 (80%)  
[  6]  26.01-27.15  sec   491 KBytes  3527 Kbits/sec  7.267 ms  1627/1986 (82%)  
[  6]  27.15-28.10  sec   431 KBytes  3714 Kbits/sec  2.018 ms  1304/1619 (81%)  
[  6]  28.10-29.88  sec   298 KBytes  1372 Kbits/sec  3.222 ms  969/1187 (82%)  
- - - - - - - - - - - - - - - - - - - - - - - - -
[ ID] Interval           Transfer     Bandwidth       Jitter    Lost/Total Datagrams
[  6]   0.00-29.88  sec  0.00 Bytes  0.00 Kbits/sec  3.222 ms  39781/48544 (82%)  
# 