bench/2026-09-26b/D3-TR1.log:1
bench/2026-09-26b/D3-TR2.log:1
bench/2026-09-26b/D3-TR3.log:1
bench/2026-09-26b/D3-TS1.log:1
bench/2026-09-26b/D3-TS2.log:1
bench/2026-09-26b/D3-TS3.log:1
bench/2026-09-26b/D3-UR1.log:1
bench/2026-09-26b/D3-UR2.log:1
bench/2026-09-26b/D3-UR3.log:1
bench/2026-09-26b/D3-US1.log:1
bench/2026-09-26b/D3-US2.log:1
bench/2026-09-26b/D3-US3.log:1
bench/2026-09-26b/D3-LUR1.log:1
bench/2026-09-26b/D3-LUS1.log:0
bench/2026-09-26b/D3-TR1.log:0
bench/2026-09-26b/D3-TR2.log:0
bench/2026-09-26b/D3-TR3.log:0
bench/2026-09-26b/D3-TS1.log:0
bench/2026-09-26b/D3-TS2.log:0
bench/2026-09-26b/D3-TS3.log:0
bench/2026-09-26b/D3-UR1.log:0
bench/2026-09-26b/D3-UR2.log:0
bench/2026-09-26b/D3-UR3.log:0
bench/2026-09-26b/D3-US1.log:0
bench/2026-09-26b/D3-US2.log:0
bench/2026-09-26b/D3-US3.log:0
bench/2026-09-26b/D3-LUR1.log:0
bench/2026-09-26b/D3-LUS1.log:0
