cat /proc/net/snmp /proc/stat ; busybox killall iperf3 ; sleep 1 ; cat /tmp/ts
2.log
Ip: Forwarding DefaultTTL InReceives InHdrErrors InAddrErrors ForwDatagrams InUnknownProtos InDiscards InDelivers OutRequests OutDiscards OutNoRoutes ReasmTimeout ReasmReqds ReasmOKs ReasmFails FragOKs FragFails FragCreates
Ip: 2 64 161611 0 0 0 0 0 161611 107247 107 0 0 0 0 0 0 0 0
Icmp: InMsgs InErrors InDestUnreachs InTimeExcds InParmProbs InSrcQuenchs InRedirects InEchos InEchoReps InTimestamps InTimestampReps InAddrMasks InAddrMaskReps OutMsgs OutErrors OutDestUnreachs OutTimeExcds OutParmProbs OutSrcQuenchs OutRedirects OutEchos OutEchoReps OutTimestamps OutTimestampReps OutAddrMasks OutAddrMaskReps
Icmp: 2197 0 0 0 0 0 0 2197 0 0 0 0 0 2197 0 0 0 0 0 0 0 2197 0 0 0 0
IcmpMsg: InType8 OutType0
IcmpMsg: 2197 2197
Tcp: RtoAlgorithm RtoMin RtoMax MaxConn ActiveOpens PassiveOpens AttemptFails EstabResets CurrEstab InSegs OutSegs RetransSegs InErrs OutRsts
Tcp: 1 200 120000 -1 0 10 0 3 0 159414 105049 1 0 6
Udp: InDatagrams NoPorts InErrors OutDatagrams RcvbufErrors SndbufErrors
Udp: 0 0 0 0 0 0
UdpLite: InDatagrams NoPorts InErrors OutDatagrams RcvbufErrors SndbufErrors
UdpLite: 0 0 0 0 0 0
cpu  169 0 12462 94697 0 0 8426 0 0
cpu0 169 0 12462 94697 0 0 8426 0 0
intr 1154667 0 0 0 0 0 0 0 0 658728 0 0 0 259387 120833 0 0 0 0 0 0 0 0 0 0 0 115720 0 0 0 0 0 0 0 0 0 0 0 0 0 0 0 0 0 0 0 0 0 0
ctxt 34357
btime 0
processes 338
procs_running 2
procs_blocked 0
killall: iperf3: no process killed
-----------------------------------------------------------
Server listening on 5201
-----------------------------------------------------------
Accepted connection from 10.1.1.2, port 54410
[  6] local 10.1.1.3 port 5201 connected to 10.1.1.2 port 54412
[ ID] Interval           Transfer     Bandwidth       Retr  Cwnd
[  6]   0.00-1.31   sec  3.33 MBytes  21293 Kbits/sec    0   41.0 KBytes       
[  6]   1.31-2.15   sec  2.22 MBytes  22152 Kbits/sec    0   45.3 KBytes       
[  6]   2.15-3.70   sec  4.11 MBytes  22231 Kbits/sec    0   50.9 KBytes       
[  6]   3.70-4.01   sec   739 KBytes  19528 Kbits/sec    0   53.7 KBytes       
[  6]   4.01-5.00   sec  1.50 MBytes  12731 Kbits/sec    0   53.7 KBytes       
[  6]   5.00-6.05   sec  2.19 MBytes  17505 Kbits/sec    0   53.7 KBytes       
[  6]   6.05-7.19   sec  2.29 MBytes  16814 Kbits/sec    0   53.7 KBytes       
[  6]   7.19-8.53   sec  3.21 MBytes  20103 Kbits/sec    0   53.7 KBytes       
[  6]   8.53-9.00   sec   710 KBytes  12373 Kbits/sec    0   53.7 KBytes       
[  6]   9.00-10.05  sec  2.42 MBytes  19309 Kbits/sec    0   53.7 KBytes       
[  6]  10.05-11.13  sec  2.40 MBytes  18666 Kbits/sec    0   53.7 KBytes       
[  6]  11.13-12.04  sec  1.27 MBytes  11667 Kbits/sec    0   53.7 KBytes       
[  6]  12.04-13.00  sec  1.87 MBytes  16333 Kbits/sec    0   53.7 KBytes       
[  6]  13.00-14.01  sec  1.94 MBytes  16092 Kbits/sec    0   53.7 KBytes       
[  6]  14.01-15.29  sec  2.93 MBytes  19197 Kbits/sec    0   53.7 KBytes       
[  6]  15.29-16.02  sec  1.14 MBytes  13133 Kbits/sec    0   53.7 KBytes       
[  6]  16.02-17.01  sec  2.10 MBytes  17817 Kbits/sec    0   53.7 KBytes       
[  6]  17.01-18.08  sec  2.79 MBytes  21906 Kbits/sec    0   53.7 KBytes       
[  6]  18.08-19.10  sec  2.19 MBytes  17998 Kbits/sec    0   53.7 KBytes       
[  6]  19.10-20.00  sec  1.31 MBytes  12196 Kbits/sec    0   53.7 KBytes       
[  6]  20.00-21.00  sec  2.04 MBytes  17095 Kbits/sec    0   53.7 KBytes       
[  6]  21.00-22.10  sec  2.07 MBytes  15767 Kbits/sec    1   39.6 KBytes       
[  6]  22.10-23.19  sec  2.13 MBytes  16368 Kbits/sec    0   45.3 KBytes       
[  6]  23.19-24.03  sec  1.40 MBytes  14025 Kbits/sec    0   48.1 KBytes       
[  6]  24.03-25.01  sec  2.38 MBytes  20364 Kbits/sec    0   53.7 KBytes       
[  6]  25.01-26.01  sec  1.93 MBytes  16224 Kbits/sec    0   53.7 KBytes       
[  6]  26.01-27.68  sec  4.49 MBytes  22555 Kbits/sec    0   53.7 KBytes       
[  6]  27.68-28.01  sec   960 KBytes  23822 Kbits/sec    0   53.7 KBytes       
[  6]  28.01-29.01  sec  2.01 MBytes  16890 Kbits/sec    0   53.7 KBytes       
[  6]  29.01-30.01  sec  1.77 MBytes  14817 Kbits/sec    0   53.7 KBytes       
[  6]  30.01-30.04  sec  74.9 KBytes  20465 Kbits/sec    0   53.7 KBytes       
- - - - - - - - - - - - - - - - - - - - - - - - -
[ ID] Interval           Transfer     Bandwidth       Retr
[  6]   0.00-30.04  sec  63.8 MBytes  17828 Kbits/sec    1             sender
[  6]   0.00-30.04  sec  0.00 Bytes  0.00 Kbits/sec                  receiver
# 