iperf3 -s -1 -f k --logfile /tmp/ts1.log > /dev/null 2>&1 & sleep 2 ; ps ; cat
 /proc/net/snmp /proc/stat
  PID USER       VSZ STAT COMMAND
    1 0          828 S    /bin/sh 
    2 0            0 SW<  [kthreadd]
    3 0            0 SW<  [ksoftirqd/0]
    4 0            0 SW<  [events/0]
    5 0            0 SW<  [khelper]
    6 0            0 SW<  [async/mgr]
    7 0            0 SW<  [kblockd/0]
    8 0            0 SW   [pdflush]
    9 0            0 SW<  [kswapd0]
   10 0            0 SW<  [mtdblockd]
   11 0            0 SW<  [kpktgend_0]
  324 0          332 S    iperf3 -s -1 -f k --logfile /tmp/ts1.log 
  326 0          816 R    ps 
Ip: Forwarding DefaultTTL InReceives InHdrErrors InAddrErrors ForwDatagrams InUnknownProtos InDiscards InDelivers OutRequests OutDiscards OutNoRoutes ReasmTimeout ReasmReqds ReasmOKs ReasmFails FragOKs FragFails FragCreates
Ip: 2 64 113411 0 0 0 0 0 113411 5935 107 0 0 0 0 0 0 0 0
Icmp: InMsgs InErrors InDestUnreachs InTimeExcds InParmProbs InSrcQuenchs InRedirects InEchos InEchoReps InTimestamps InTimestampReps InAddrMasks InAddrMaskReps OutMsgs OutErrors OutDestUnreachs OutTimeExcds OutParmProbs OutSrcQuenchs OutRedirects OutEchos OutEchoReps OutTimestamps OutTimestampReps OutAddrMasks OutAddrMaskReps
Icmp: 2193 0 0 0 0 0 0 2193 0 0 0 0 0 2193 0 0 0 0 0 0 0 2193 0 0 0 0
IcmpMsg: InType8 OutType0
IcmpMsg: 2193 2193
Tcp: RtoAlgorithm RtoMin RtoMax MaxConn ActiveOpens PassiveOpens AttemptFails EstabResets CurrEstab InSegs OutSegs RetransSegs InErrs OutRsts
Tcp: 1 200 120000 -1 0 6 0 3 0 111218 3742 0 0 6
Udp: InDatagrams NoPorts InErrors OutDatagrams RcvbufErrors SndbufErrors
Udp: 0 0 0 0 0 0
UdpLite: InDatagrams NoPorts InErrors OutDatagrams RcvbufErrors SndbufErrors
UdpLite: 0 0 0 0 0 0
cpu  135 0 10064 91178 0 0 5846 0 0
cpu0 135 0 10064 91178 0 0 5846 0 0
intr 914920 0 0 0 0 0 0 0 0 643152 0 0 0 52347 112233 0 0 0 0 0 0 0 0 0 0 0 107189 0 0 0 0 0 0 0 0 0 0 0 0 0 0 0 0 0 0 0 0 0 0
ctxt 31018
btime 0
processes 327
procs_running 2
procs_blocked 0
# 