cat /proc/net/snmp /proc/stat ; busybox killall iperf3 ; sleep 1 ; cat /tmp/tr
2.log
Ip: Forwarding DefaultTTL InReceives InHdrErrors InAddrErrors ForwDatagrams InUnknownProtos InDiscards InDelivers OutRequests OutDiscards OutNoRoutes ReasmTimeout ReasmReqds ReasmOKs ReasmFails FragOKs FragFails FragCreates
Ip: 2 64 82975 0 0 0 0 0 82975 4651 107 0 0 0 0 0 0 0 0
Icmp: InMsgs InErrors InDestUnreachs InTimeExcds InParmProbs InSrcQuenchs InRedirects InEchos InEchoReps InTimestamps InTimestampReps InAddrMasks InAddrMaskReps OutMsgs OutErrors OutDestUnreachs OutTimeExcds OutParmProbs OutSrcQuenchs OutRedirects OutEchos OutEchoReps OutTimestamps OutTimestampReps OutAddrMasks OutAddrMaskReps
Icmp: 2185 0 0 0 0 0 0 2185 0 0 0 0 0 2185 0 0 0 0 0 0 0 2185 0 0 0 0
IcmpMsg: InType8 OutType0
IcmpMsg: 2185 2185
Tcp: RtoAlgorithm RtoMin RtoMax MaxConn ActiveOpens PassiveOpens AttemptFails EstabResets CurrEstab InSegs OutSegs RetransSegs InErrs OutRsts
Tcp: 1 200 120000 -1 0 4 0 2 0 80790 2466 0 0 5
Udp: InDatagrams NoPorts InErrors OutDatagrams RcvbufErrors SndbufErrors
Udp: 0 0 0 0 0 0
UdpLite: InDatagrams NoPorts InErrors OutDatagrams RcvbufErrors SndbufErrors
UdpLite: 0 0 0 0 0 0
cpu  116 0 10004 85929 0 0 4282 0 0
cpu0 116 0 10004 85929 0 0 4282 0 0
intr 866299 0 0 0 0 0 0 0 0 618652 0 0 0 42140 105211 0 0 0 0 0 0 0 0 0 0 0 100297 0 0 0 0 0 0 0 0 0 0 0 0 0 0 0 0 0 0 0 0 0 0
ctxt 27607
btime 0
processes 308
procs_running 2
procs_blocked 0
killall: iperf3: no process killed
-----------------------------------------------------------
Server listening on 5201
-----------------------------------------------------------
Accepted connection from 10.1.1.2, port 54042
[  6] local 10.1.1.3 port 5201 connected to 10.1.1.2 port 54046
[ ID] Interval           Transfer     Bandwidth
[  6]   0.00-1.02   sec  2.01 MBytes  16504 Kbits/sec                  
[  6]   1.02-2.01   sec  2.02 MBytes  17095 Kbits/sec                  
[  6]   2.01-3.02   sec  2.01 MBytes  16722 Kbits/sec                  
[  6]   3.02-4.00   sec  1.74 MBytes  14854 Kbits/sec                  
[  6]   4.00-5.01   sec  1.18 MBytes  9842 Kbits/sec                  
[  6]   5.01-6.01   sec  1.52 MBytes  12719 Kbits/sec                  
[  6]   6.01-7.00   sec  2.01 MBytes  17025 Kbits/sec                  
[  6]   7.00-8.02   sec  2.08 MBytes  17092 Kbits/sec                  
[  6]   8.02-9.01   sec  2.02 MBytes  17145 Kbits/sec                  
[  6]   9.01-10.01  sec  2.02 MBytes  16947 Kbits/sec                  
[  6]  10.01-11.00  sec  1.48 MBytes  12552 Kbits/sec                  
[  6]  11.00-12.02  sec  1.51 MBytes  12390 Kbits/sec                  
[  6]  12.02-13.02  sec  1.80 MBytes  15109 Kbits/sec                  
[  6]  13.02-14.00  sec  1.89 MBytes  16155 Kbits/sec                  
[  6]  14.00-15.00  sec  1.64 MBytes  13721 Kbits/sec                  
[  6]  15.00-16.00  sec  1.88 MBytes  15737 Kbits/sec                  
[  6]  16.00-17.00  sec  1.86 MBytes  15618 Kbits/sec                  
[  6]  17.00-18.01  sec  1.87 MBytes  15572 Kbits/sec                  
[  6]  18.01-19.02  sec  2.01 MBytes  16702 Kbits/sec                  
[  6]  19.02-20.02  sec  1.89 MBytes  15832 Kbits/sec                  
[  6]  20.02-21.00  sec  1.95 MBytes  16705 Kbits/sec                  
[  6]  21.00-22.00  sec  2.01 MBytes  16829 Kbits/sec                  
[  6]  22.00-23.00  sec  2.01 MBytes  16869 Kbits/sec                  
[  6]  23.00-24.00  sec  2.02 MBytes  16921 Kbits/sec                  
[  6]  24.00-25.00  sec  1.96 MBytes  16415 Kbits/sec                  
[  6]  25.00-26.02  sec  1.93 MBytes  15843 Kbits/sec                  
[  6]  26.02-27.01  sec  1.64 MBytes  13901 Kbits/sec                  
[  6]  27.01-28.02  sec  1.34 MBytes  11091 Kbits/sec                  
[  6]  28.02-29.01  sec  1.25 MBytes  10566 Kbits/sec                  
[  6]  29.01-29.87  sec   969 KBytes  9229 Kbits/sec                  
- - - - - - - - - - - - - - - - - - - - - - - - -
[ ID] Interval           Transfer     Bandwidth
[  6]   0.00-29.87  sec  0.00 Bytes  0.00 Kbits/sec                  sender
[  6]   0.00-29.87  sec  53.5 MBytes  15015 Kbits/sec                  receiver
# 