iperflog 1.0 parse: bench/2026-09-26b/D3-TS1-S1.log -- 64 lines, 1 trial(s)
trial 1  lines 27-64  tcp  board sends  stream [  6] 10.1.1.3:5201 <- 10.1.1.2:51064 (line 28)
   line  row      interval      transfer      bandwidth         jitter     lost/total   status
     30  interval   0.00-1.01   2.56 MBytes   21302 Kbits/sec   -          -            kept
     31  interval   1.01-2.08   2.43 MBytes   19089 Kbits/sec   -          -            kept
     32  interval   2.08-3.17   2.29 MBytes   17596 Kbits/sec   -          -            kept
     33  interval   3.17-4.01   2.02 MBytes   20123 Kbits/sec   -          -            kept
     34  interval   4.01-5.00   1.86 MBytes   15757 Kbits/sec   -          -            kept
     35  interval   5.00-6.37   3.67 MBytes   22458 Kbits/sec   -          -            kept
     36  interval   6.37-7.36   2.72 MBytes   23026 Kbits/sec   -          -            kept
     37  interval   7.36-8.02   1.51 MBytes   19169 Kbits/sec   -          -            kept
     38  interval   8.02-9.04   2.24 MBytes   18440 Kbits/sec   -          -            kept
     39  interval   9.04-10.02  2.17 MBytes   18602 Kbits/sec   -          -            kept
     40  interval  10.02-11.81  4.35 MBytes   20399 Kbits/sec   -          -            kept
     41  interval  11.81-12.52  1.93 MBytes   22855 Kbits/sec   -          -            kept
     42  interval  12.52-13.50  2.70 MBytes   23072 Kbits/sec   -          -            kept
     43  interval  13.50-14.88  3.75 MBytes   22795 Kbits/sec   -          -            kept
     44  interval  14.88-15.46  1.60 MBytes   23173 Kbits/sec   -          -            kept
     45  interval  15.46-16.24  2.06 MBytes   22207 Kbits/sec   -          -            kept
     46  interval  16.24-17.26  2.65 MBytes   21809 Kbits/sec   -          -            kept
     47  interval  17.26-18.69  3.86 MBytes   22622 Kbits/sec   -          -            kept
     48  interval  18.69-19.60  2.50 MBytes   23046 Kbits/sec   -          -            kept
     49  interval  19.60-20.51  2.50 MBytes   23046 Kbits/sec   -          -            kept
     50  interval  20.51-21.15  1.58 MBytes   20710 Kbits/sec   -          -            kept
     51  interval  21.15-22.21  2.91 MBytes   23047 Kbits/sec   -          -            kept
     52  interval  22.21-23.01  1.93 MBytes   20195 Kbits/sec   -          -            kept
     53  interval  23.01-24.04  2.46 MBytes   20005 Kbits/sec   -          -            kept
     54  interval  24.04-25.02  2.37 MBytes   20329 Kbits/sec   -          -            kept
     55  interval  25.02-26.43  3.58 MBytes   21327 Kbits/sec   -          -            kept
     56  interval  26.43-27.19  1.95 MBytes   21480 Kbits/sec   -          -            kept
     57  interval  27.19-28.16  2.50 MBytes   21614 Kbits/sec   -          -            kept
     58  interval  28.16-29.02  2.19 MBytes   21360 Kbits/sec   -          -            kept
     59  interval  29.02-30.03  2.61 MBytes   21710 Kbits/sec   -          -            kept
     62  summary    0.00-30.03  75.5 MBytes   21079 Kbits/sec   -          -            sender
     63  summary    0.00-30.03  0.00 Bytes    0.00 Kbits/sec    -          -            receiver: ignored
                  None: 
  PROBLEM line 27: the server was the sender in this trial (the client ran -R): iperflog reads the board's receive figure only
  FIGURE trial=1 proto=tcp source=none -- the board sent in this trial (-R)
RESULT: NOT every trial has a clean TEST_END figure (exit 1)
