iperf3 -s -1 -f k --logfile /tmp/ur2.log > /dev/null 2>&1 & sleep 2 ; ps ; cat
 /proc/net/snmp /proc/stat
  PID USER       VSZ STAT COMMAND
    1 0          832 S    /bin/sh 
    2 0            0 SW<  [kthreadd]
    3 0            0 SW<  [ksoftirqd/0]
    4 0            0 SW<  [events/0]
    5 0            0 SW<  [khelper]
    6 0            0 SW<  [async/mgr]
    7 0            0 SW<  [kblockd/0]
    8 0            0 SW   [pdflush]
    9 0            0 SW<  [kswapd0]
   10 0            0 SW<  [mtdblockd]
   11 0            0 SW<  [kpktgend_0]
  364 0          332 S    iperf3 -s -1 -f k --logfile /tmp/ur2.log 
  366 0          816 R    ps 
Ip: Forwarding DefaultTTL InReceives InHdrErrors InAddrErrors ForwDatagrams InUnknownProtos InDiscards InDelivers OutRequests OutDiscards OutNoRoutes ReasmTimeout ReasmReqds ReasmOKs ReasmFails FragOKs FragFails FragCreates
Ip: 2 64 239417 0 0 0 0 0 239417 158185 107 0 0 0 0 0 0 0 0
Icmp: InMsgs InErrors InDestUnreachs InTimeExcds InParmProbs InSrcQuenchs InRedirects InEchos InEchoReps InTimestamps InTimestampReps InAddrMasks InAddrMaskReps OutMsgs OutErrors OutDestUnreachs OutTimeExcds OutParmProbs OutSrcQuenchs OutRedirects OutEchos OutEchoReps OutTimestamps OutTimestampReps OutAddrMasks OutAddrMaskReps
Icmp: 2209 0 0 0 0 0 0 2209 0 0 0 0 0 2209 0 0 0 0 0 0 0 2209 0 0 0 0
IcmpMsg: InType8 OutType0
IcmpMsg: 2209 2209
Tcp: RtoAlgorithm RtoMin RtoMax MaxConn ActiveOpens PassiveOpens AttemptFails EstabResets CurrEstab InSegs OutSegs RetransSegs InErrs OutRsts
Tcp: 1 200 120000 -1 0 13 0 3 0 183870 155974 1 0 6
Udp: InDatagrams NoPorts InErrors OutDatagrams RcvbufErrors SndbufErrors
Udp: 10723 0 42552 1 42552 0
UdpLite: InDatagrams NoPorts InErrors OutDatagrams RcvbufErrors SndbufErrors
UdpLite: 0 0 0 0 0 0
cpu  272 0 13883 100982 0 0 12024 0 0
cpu0 272 0 13883 100982 0 0 12024 0 0
intr 1334462 0 0 0 0 0 0 0 0 697599 0 0 0 377291 132446 0 0 0 0 0 0 0 0 0 0 0 127127 0 0 0 0 0 0 0 0 0 0 0 0 0 0 0 0 0 0 0 0 0 0
ctxt 37654
btime 0
processes 367
procs_running 2
procs_blocked 0
# 