iperf3 -s -1 -f k --logfile /tmp/us1.log > /dev/null 2>&1 & sleep 2 ; ps ; cat
 /proc/net/snmp /proc/stat
  PID USER       VSZ STAT COMMAND
    1 0          832 S    /bin/sh 
    2 0            0 SW<  [kthreadd]
    3 0            0 SW<  [ksoftirqd/0]
    4 0            0 SW<  [events/0]
    5 0            0 SW<  [khelper]
    6 0            0 SW<  [async/mgr]
    7 0            0 SW<  [kblockd/0]
    8 0            0 SW   [pdflush]
    9 0            0 SW<  [kswapd0]
   10 0            0 SW<  [mtdblockd]
   11 0            0 SW<  [kpktgend_0]
  384 0          332 S    iperf3 -s -1 -f k --logfile /tmp/us1.log 
  386 0          816 R    ps 
Ip: Forwarding DefaultTTL InReceives InHdrErrors InAddrErrors ForwDatagrams InUnknownProtos InDiscards InDelivers OutRequests OutDiscards OutNoRoutes ReasmTimeout ReasmReqds ReasmOKs ReasmFails FragOKs FragFails FragCreates
Ip: 2 64 343448 0 0 0 0 0 343448 158222 107 0 0 0 0 0 0 0 0
Icmp: InMsgs InErrors InDestUnreachs InTimeExcds InParmProbs InSrcQuenchs InRedirects InEchos InEchoReps InTimestamps InTimestampReps InAddrMasks InAddrMaskReps OutMsgs OutErrors OutDestUnreachs OutTimeExcds OutParmProbs OutSrcQuenchs OutRedirects OutEchos OutEchoReps OutTimestamps OutTimestampReps OutAddrMasks OutAddrMaskReps
Icmp: 2217 0 0 0 0 0 0 2217 0 0 0 0 0 2217 0 0 0 0 0 0 0 2217 0 0 0 0
IcmpMsg: InType8 OutType0
IcmpMsg: 2217 2217
Tcp: RtoAlgorithm RtoMin RtoMax MaxConn ActiveOpens PassiveOpens AttemptFails EstabResets CurrEstab InSegs OutSegs RetransSegs InErrs OutRsts
Tcp: 1 200 120000 -1 0 15 0 3 0 183903 156001 1 0 6
Udp: InDatagrams NoPorts InErrors OutDatagrams RcvbufErrors SndbufErrors
Udp: 32154 0 124985 3 124985 0
UdpLite: InDatagrams NoPorts InErrors OutDatagrams RcvbufErrors SndbufErrors
UdpLite: 0 0 0 0 0 0
cpu  445 0 14228 105677 0 0 16549 0 0
cpu0 445 0 14228 105677 0 0 16549 0 0
intr 1408276 0 0 0 0 0 0 0 0 724914 0 0 0 404175 142323 0 0 0 0 0 0 0 0 0 0 0 136865 0 0 0 0 0 0 0 0 0 0 0 0 0 0 0 0 0 0 0 0 0 0
ctxt 39859
btime 0
processes 387
procs_running 2
procs_blocked 0
# 