iperflog 1.0 parse: bench/2026-09-26b/D3-UR1-S1.log -- 63 lines, 1 trial(s)
trial 1  lines 27-63  udp  board receives  stream [  6] 10.1.1.3:5201 <- 10.1.1.2:60595 (line 28)
   line  row      interval      transfer      bandwidth         jitter     lost/total   status
     30  interval   0.00-1.03   345 KBytes    2740 Kbits/sec    10319.605 ms 1049/1301    kept
     31  interval   1.03-2.21   422 KBytes    2933 Kbits/sec    26.590 ms  1160/1469    kept
     32  interval   2.21-3.02   417 KBytes    4217 Kbits/sec    16.585 ms  1332/1637    kept
     33  interval   3.02-4.82   105 KBytes    479 Kbits/sec     111.257 ms 527/604      kept
     34  interval   4.82-5.57   208 KBytes    2270 Kbits/sec    39.394 ms  4201/4353    kept
     35  interval   5.57-6.69   217 KBytes    1590 Kbits/sec    49.599 ms  2065/2224    kept
     36  interval   6.69-7.13   265 KBytes    4938 Kbits/sec    10.652 ms  1591/1785    kept
     37  interval   7.13-8.45   82.0 KBytes   509 Kbits/sec     54.373 ms  0/60         kept
     38  interval   8.45-9.00   507 KBytes    7555 Kbits/sec    6.475 ms   3498/3869    kept
     39  interval   9.00-10.75  1.14 MBytes   5446 Kbits/sec    52.895 ms  427/1278     kept
     40  interval  10.75-11.07  139 KBytes    3570 Kbits/sec    16.666 ms  2053/2155    kept
     41  interval  11.07-12.02  861 KBytes    7427 Kbits/sec    7.190 ms   1008/1638    kept
     42  interval  12.02-13.49  154 KBytes    861 Kbits/sec     79.885 ms  327/440      kept
     43  interval  13.49-14.00  320 KBytes    5139 Kbits/sec    2.693 ms   4165/4399    kept
     44  interval  14.00-15.12  621 KBytes    4540 Kbits/sec    7.551 ms   1110/1564    kept
     45  interval  15.12-16.00  878 KBytes    8171 Kbits/sec    1.985 ms   530/1172     kept
     46  interval  16.00-17.10  495 KBytes    3686 Kbits/sec    13.856 ms  1298/1660    kept
     47  interval  17.10-18.00  524 KBytes    4766 Kbits/sec    11.430 ms  984/1367     kept
     48  interval  18.00-19.09  610 KBytes    4583 Kbits/sec    3.236 ms   1830/2276    kept
     49  interval  19.09-20.00  603 KBytes    5428 Kbits/sec    5.269 ms   1038/1479    kept
     50  interval  20.00-21.34  658 KBytes    4020 Kbits/sec    27.550 ms  1018/1499    kept
     51  interval  21.34-22.06  258 KBytes    2940 Kbits/sec    5.702 ms   1441/1630    kept
     52  interval  22.06-23.02  552 KBytes    4713 Kbits/sec    2.074 ms   1523/1927    kept
     53  interval  23.02-24.00  756 KBytes    6320 Kbits/sec    1.345 ms   1224/1777    kept
     54  interval  24.00-25.00  870 KBytes    7123 Kbits/sec    5.110 ms   663/1299     kept
     55  interval  25.00-26.05  223 KBytes    1739 Kbits/sec    6.302 ms   1811/1974    kept
     56  interval  26.05-27.01  551 KBytes    4702 Kbits/sec    1.091 ms   1194/1597    kept
     57  interval  27.01-28.16  539 KBytes    3837 Kbits/sec    15.564 ms  1205/1599    kept
     58  interval  28.16-29.02  766 KBytes    7293 Kbits/sec    9.157 ms   826/1386     kept
     59  interval  29.02-29.91  550 KBytes    5059 Kbits/sec    0.769 ms   1368/1770    kept
     62  summary    0.00-29.91  0.00 Bytes    0.00 Kbits/sec    0.769 ms   42466/53188  TEST_END: used (lost/total; its transfer and bandwidth are bytes the server SENT)
                  TEST_END: not re-printed by a terminate path
  FIGURE trial=1 proto=udp source=TEST_END lines=62 received=10722 (=53188 total-42466 lost+0 out-of-order) datagram_B=1400 bytes=15010800 end_s=29.91+/-0.005 rate_bps=4014925 range=[4014254,4015596] rounding=exact integers; only the printed end time (+/-0.005 s)
RESULT: every trial has a TEST_END figure
