iperflog 1.0 parse: bench/2026-09-26b/D3-UR3-S1.log -- 63 lines, 1 trial(s)
trial 1  lines 27-63  udp  board receives  stream [  6] 10.1.1.3:5201 <- 10.1.1.2:40794 (line 28)
   line  row      interval      transfer      bandwidth         jitter     lost/total   status
     30  interval   0.00-1.01   768 KBytes    6232 Kbits/sec    6.626 ms   704/1266     kept
     31  interval   1.01-2.01   554 KBytes    4536 Kbits/sec    0.880 ms   1544/1949    kept
     32  interval   2.01-3.15   647 KBytes    4647 Kbits/sec    13.966 ms  1088/1561    kept
     33  interval   3.15-4.07   293 KBytes    2605 Kbits/sec    31.051 ms  1388/1602    kept
     34  interval   4.07-6.45   189 KBytes    649 Kbits/sec     143.415 ms 674/812      kept
     35  interval   6.45-6.74   0.00 Bytes    0.00 Kbits/sec    143.415 ms 0/0          kept
     36  interval   6.74-7.01   170 KBytes    5144 Kbits/sec    16.212 ms  6575/6699    kept
     37  interval   7.01-8.96   263 KBytes    1103 Kbits/sec    68.588 ms  1140/1332    kept
     38  interval   8.96-9.24   16.4 KBytes   480 Kbits/sec     49.482 ms  0/12         kept
     39  interval   9.24-10.01  395 KBytes    4204 Kbits/sec    0.544 ms   4372/4661    kept
     40  interval  10.01-11.22  260 KBytes    1759 Kbits/sec    0.691 ms   1888/2078    kept
     41  interval  11.22-12.01  417 KBytes    4324 Kbits/sec    0.640 ms   1243/1548    kept
     42  interval  12.01-13.05  484 KBytes    3812 Kbits/sec    12.061 ms  1295/1649    kept
     43  interval  13.05-14.14  517 KBytes    3884 Kbits/sec    2.552 ms   1462/1840    kept
     44  interval  14.14-15.14  345 KBytes    2822 Kbits/sec    2.697 ms   1317/1569    kept
     45  interval  15.14-16.01  511 KBytes    4815 Kbits/sec    4.835 ms   1364/1738    kept
     46  interval  16.01-17.00  373 KBytes    3088 Kbits/sec    6.816 ms   1038/1311    kept
     47  interval  17.00-18.08  574 KBytes    4356 Kbits/sec    1.001 ms   1608/2028    kept
     48  interval  18.08-19.01  513 KBytes    4516 Kbits/sec    0.916 ms   1331/1706    kept
     49  interval  19.01-20.00  488 KBytes    4039 Kbits/sec    3.706 ms   996/1353     kept
     50  interval  20.00-21.18  685 KBytes    4755 Kbits/sec    12.049 ms  1366/1867    kept
     51  interval  21.18-22.01  515 KBytes    5087 Kbits/sec    0.670 ms   1178/1555    kept
     52  interval  22.01-23.09  425 KBytes    3225 Kbits/sec    8.014 ms   1370/1681    kept
     53  interval  23.09-24.10  431 KBytes    3493 Kbits/sec    5.682 ms   1269/1584    kept
     54  interval  24.10-25.09  494 KBytes    4084 Kbits/sec    4.819 ms   1493/1854    kept
     55  interval  25.09-26.03  465 KBytes    4051 Kbits/sec    11.765 ms  1021/1361    kept
     56  interval  26.03-27.01  543 KBytes    4537 Kbits/sec    1.327 ms   1284/1681    kept
     57  interval  27.01-28.18  340 KBytes    2384 Kbits/sec    16.474 ms  1654/1903    kept
     58  interval  28.18-29.16  332 KBytes    2777 Kbits/sec    16.257 ms  1355/1598    kept
     59  interval  29.16-29.85  371 KBytes    4399 Kbits/sec    2.494 ms   1345/1616    kept
     62  summary    0.00-29.85  0.00 Bytes    0.00 Kbits/sec    2.494 ms   44362/53414  TEST_END: used (lost/total; its transfer and bandwidth are bytes the server SENT)
                  TEST_END: not re-printed by a terminate path
  FIGURE trial=1 proto=udp source=TEST_END lines=62 received=9052 (=53414 total-44362 lost+0 out-of-order) datagram_B=1400 bytes=12672800 end_s=29.85+/-0.005 rate_bps=3396395 range=[3395826,3396964] rounding=exact integers; only the printed end time (+/-0.005 s)
RESULT: every trial has a TEST_END figure
