Connecting to host 10.1.1.3, port 5201
[  4] local 10.1.1.2 port 60595 connected to 10.1.1.3 port 5201
[ ID] Interval           Transfer     Bandwidth       Total Datagrams
[  4]   0.00-1.00   sec  2.23 MBytes  18.7 Mbits/sec  1669  
[  4]   1.00-2.00   sec  2.33 MBytes  19.6 Mbits/sec  1747  
[  4]   2.00-3.00   sec  2.35 MBytes  19.8 Mbits/sec  1763  
[  4]   3.00-4.84   sec   526 KBytes  2.34 Mbits/sec  385  
[  4]   4.84-5.00   sec   551 KBytes  28.8 Mbits/sec  403  
[  4]   5.00-6.00   sec  3.30 MBytes  27.7 Mbits/sec  2473  
[  4]   6.00-7.00   sec  2.80 MBytes  23.5 Mbits/sec  2095  
[  4]   7.00-8.00   sec  2.98 MBytes  25.0 Mbits/sec  2234  
[  4]   8.00-9.00   sec  2.44 MBytes  20.4 Mbits/sec  1824  
[  4]   9.00-10.00  sec  2.61 MBytes  21.9 Mbits/sec  1953  
[  4]  10.00-11.00  sec  1.84 MBytes  15.4 Mbits/sec  1378  
[  4]  11.00-12.00  sec  2.58 MBytes  21.7 Mbits/sec  1933  
[  4]  12.00-13.00  sec  2.61 MBytes  21.9 Mbits/sec  1958  
[  4]  13.00-14.00  sec  2.93 MBytes  24.6 Mbits/sec  2193  
[  4]  14.00-15.00  sec  3.48 MBytes  29.2 Mbits/sec  2606  
[  4]  15.00-16.00  sec  2.53 MBytes  21.2 Mbits/sec  1894  
[  4]  16.00-17.01  sec  1.85 MBytes  15.4 Mbits/sec  1384  
[  4]  17.01-18.00  sec  2.47 MBytes  20.9 Mbits/sec  1848  
[  4]  18.00-19.00  sec  2.56 MBytes  21.5 Mbits/sec  1919  
[  4]  19.00-20.00  sec  2.74 MBytes  23.0 Mbits/sec  2050  
[  4]  20.00-21.00  sec  2.12 MBytes  17.8 Mbits/sec  1586  
[  4]  21.00-22.00  sec  2.47 MBytes  20.7 Mbits/sec  1852  
[  4]  22.00-23.00  sec  2.34 MBytes  19.6 Mbits/sec  1754  
[  4]  23.00-24.00  sec  2.57 MBytes  21.6 Mbits/sec  1926  
[  4]  24.00-25.00  sec  2.14 MBytes  18.0 Mbits/sec  1603  
[  4]  25.00-26.00  sec  2.56 MBytes  21.5 Mbits/sec  1916  
[  4]  26.00-27.00  sec  2.27 MBytes  19.0 Mbits/sec  1700  
[  4]  27.00-28.00  sec  2.48 MBytes  20.8 Mbits/sec  1861  
[  4]  28.00-29.00  sec  2.01 MBytes  16.9 Mbits/sec  1509  
[  4]  29.00-30.00  sec  2.56 MBytes  21.5 Mbits/sec  1921  
- - - - - - - - - - - - - - - - - - - - - - - - -
[ ID] Interval           Transfer     Bandwidth       Jitter    Lost/Total Datagrams
[  4]   0.00-30.00  sec  71.2 MBytes  19.9 Mbits/sec  0.769 ms  42466/53188 (80%)  
[  4] Sent 53188 datagrams

iperf Done.
