Connecting to host 10.1.1.3, port 5201
[  4] local 10.1.1.2 port 40794 connected to 10.1.1.3 port 5201
[ ID] Interval           Transfer     Bandwidth       Total Datagrams
[  4]   0.00-1.01   sec  2.24 MBytes  18.6 Mbits/sec  1674  
[  4]   1.01-2.00   sec  2.29 MBytes  19.3 Mbits/sec  1712  
[  4]   2.00-3.00   sec  2.56 MBytes  21.4 Mbits/sec  1915  
[  4]   3.00-4.78   sec  87.5 KBytes  0.40 Mbits/sec  64  
[  4]   4.78-5.02   sec   623 KBytes  21.7 Mbits/sec  456  
[  4]   5.02-6.00   sec  2.76 MBytes  23.5 Mbits/sec  2067  
[  4]   6.00-7.00   sec  3.24 MBytes  27.1 Mbits/sec  2423  
[  4]   7.00-8.00   sec  3.19 MBytes  26.7 Mbits/sec  2388  
[  4]   8.00-9.00   sec  2.96 MBytes  24.8 Mbits/sec  2217  
[  4]   9.00-10.00  sec  3.24 MBytes  27.2 Mbits/sec  2428  
[  4]  10.00-11.00  sec  2.99 MBytes  25.1 Mbits/sec  2241  
[  4]  11.00-12.00  sec  2.42 MBytes  20.3 Mbits/sec  1809  
[  4]  12.00-13.00  sec  2.23 MBytes  18.7 Mbits/sec  1667  
[  4]  13.00-14.00  sec  2.36 MBytes  19.8 Mbits/sec  1768  
[  4]  14.00-15.00  sec  2.47 MBytes  20.7 Mbits/sec  1848  
[  4]  15.00-16.00  sec  2.46 MBytes  20.7 Mbits/sec  1844  
[  4]  16.00-17.00  sec  2.39 MBytes  20.1 Mbits/sec  1791  
[  4]  17.00-18.00  sec  2.40 MBytes  20.1 Mbits/sec  1794  
[  4]  18.00-19.00  sec  2.38 MBytes  20.0 Mbits/sec  1782  
[  4]  19.00-20.00  sec  2.37 MBytes  19.9 Mbits/sec  1775  
[  4]  20.00-21.00  sec  2.39 MBytes  20.0 Mbits/sec  1788  
[  4]  21.00-22.00  sec  2.30 MBytes  19.3 Mbits/sec  1723  
[  4]  22.00-23.00  sec  2.38 MBytes  20.0 Mbits/sec  1785  
[  4]  23.00-24.00  sec  2.46 MBytes  20.7 Mbits/sec  1846  
[  4]  24.00-25.00  sec  2.38 MBytes  20.0 Mbits/sec  1784  
[  4]  25.00-26.00  sec  2.32 MBytes  19.5 Mbits/sec  1740  
[  4]  26.00-27.00  sec  2.45 MBytes  20.5 Mbits/sec  1833  
[  4]  27.00-28.00  sec  2.38 MBytes  19.9 Mbits/sec  1781  
[  4]  28.00-29.00  sec  2.38 MBytes  19.9 Mbits/sec  1781  
[  4]  29.00-30.00  sec  2.38 MBytes  19.9 Mbits/sec  1779  
- - - - - - - - - - - - - - - - - - - - - - - - -
[ ID] Interval           Transfer     Bandwidth       Jitter    Lost/Total Datagrams
[  4]   0.00-30.00  sec  71.4 MBytes  20.0 Mbits/sec  2.494 ms  44362/53414 (83%)  
[  4] Sent 53414 datagrams

iperf Done.
