iperflog 1.0 parse: bench/2026-09-26b/D3-US1-S1.log -- 63 lines, 1 trial(s)
trial 1  lines 27-63  udp  board sends  stream [  6] 10.1.1.3:5201 <- 10.1.1.2:36465 (line 28)
   line  row      interval      transfer      bandwidth         jitter     lost/total   status
     30  interval   0.00-1.00   2.18 MBytes   18278 Kbits/sec   -          -            kept
     31  interval   1.00-2.00   2.46 MBytes   20653 Kbits/sec   -          -            kept
     32  interval   2.00-3.00   2.47 MBytes   20686 Kbits/sec   -          -            kept
     33  interval   3.00-4.00   2.24 MBytes   18805 Kbits/sec   -          -            kept
     34  interval   4.00-5.00   2.46 MBytes   20664 Kbits/sec   -          -            kept
     35  interval   5.00-6.00   2.47 MBytes   20686 Kbits/sec   -          -            kept
     36  interval   6.00-7.01   2.29 MBytes   19040 Kbits/sec   -          -            kept
     37  interval   7.01-8.00   2.44 MBytes   20692 Kbits/sec   -          -            kept
     38  interval   8.00-9.00   2.42 MBytes   20272 Kbits/sec   -          -            kept
     39  interval   9.00-10.00  2.22 MBytes   18603 Kbits/sec   -          -            kept
     40  interval  10.00-11.00  2.46 MBytes   20675 Kbits/sec   -          -            kept
     41  interval  11.00-12.00  2.46 MBytes   20675 Kbits/sec   -          -            kept
     42  interval  12.00-13.00  2.37 MBytes   19858 Kbits/sec   -          -            kept
     43  interval  13.00-14.00  2.39 MBytes   20048 Kbits/sec   -          -            kept
     44  interval  14.00-15.01  2.19 MBytes   18208 Kbits/sec   -          -            kept
     45  interval  15.01-16.00  2.44 MBytes   20692 Kbits/sec   -          -            kept
     46  interval  16.00-17.00  2.47 MBytes   20686 Kbits/sec   -          -            kept
     47  interval  17.00-18.01  2.29 MBytes   19029 Kbits/sec   -          -            kept
     48  interval  18.01-19.00  2.44 MBytes   20692 Kbits/sec   -          -            kept
     49  interval  19.00-20.00  2.46 MBytes   20675 Kbits/sec   -          -            kept
     50  interval  20.00-21.00  2.39 MBytes   20059 Kbits/sec   -          -            kept
     51  interval  21.00-22.00  2.22 MBytes   18603 Kbits/sec   -          -            kept
     52  interval  22.00-23.00  2.47 MBytes   20686 Kbits/sec   -          -            kept
     53  interval  23.00-24.00  2.46 MBytes   20675 Kbits/sec   -          -            kept
     54  interval  24.00-25.00  2.32 MBytes   19443 Kbits/sec   -          -            kept
     55  interval  25.00-26.00  2.46 MBytes   20675 Kbits/sec   -          -            kept
     56  interval  26.00-27.00  2.29 MBytes   19242 Kbits/sec   -          -            kept
     57  interval  27.00-28.00  2.47 MBytes   20686 Kbits/sec   -          -            kept
     58  interval  28.00-29.00  2.37 MBytes   19846 Kbits/sec   -          -            kept
     59  interval  29.00-29.88  1.93 MBytes   18429 Kbits/sec   -          -            kept
     62  summary    0.00-29.88  71.0 MBytes   19936 Kbits/sec   0.000 ms   0/53187      : ignored
                  None: 
  PROBLEM line 27: the server was the sender in this trial (the client ran -R): iperflog reads the board's receive figure only
  FIGURE trial=1 proto=udp source=none -- the board sent in this trial (-R)
RESULT: NOT every trial has a clean TEST_END figure (exit 1)
