iperf3 -s -1 -f k --logfile /tmp/us2.log > /dev/null 2>&1 & sleep 2 ; ps ; cat
 /proc/net/snmp /proc/stat
  PID USER       VSZ STAT COMMAND
    1 0          832 S    /bin/sh 
    2 0            0 SW<  [kthreadd]
    3 0            0 SW<  [ksoftirqd/0]
    4 0            0 SW<  [events/0]
    5 0            0 SW<  [khelper]
    6 0            0 SW<  [async/mgr]
    7 0            0 SW<  [kblockd/0]
    8 0            0 SW   [pdflush]
    9 0            0 SW<  [kswapd0]
   10 0            0 SW<  [mtdblockd]
   11 0            0 SW<  [kpktgend_0]
  394 0          332 S    iperf3 -s -1 -f k --logfile /tmp/us2.log 
  396 0          816 R    ps 
Ip: Forwarding DefaultTTL InReceives InHdrErrors InAddrErrors ForwDatagrams InUnknownProtos InDiscards InDelivers OutRequests OutDiscards OutNoRoutes ReasmTimeout ReasmReqds ReasmOKs ReasmFails FragOKs FragFails FragCreates
Ip: 2 64 343469 0 0 0 0 0 343469 211428 107 0 0 0 0 0 0 0 0
Icmp: InMsgs InErrors InDestUnreachs InTimeExcds InParmProbs InSrcQuenchs InRedirects InEchos InEchoReps InTimestamps InTimestampReps InAddrMasks InAddrMaskReps OutMsgs OutErrors OutDestUnreachs OutTimeExcds OutParmProbs OutSrcQuenchs OutRedirects OutEchos OutEchoReps OutTimestamps OutTimestampReps OutAddrMasks OutAddrMaskReps
Icmp: 2221 0 0 0 0 0 0 2221 0 0 0 0 0 2221 0 0 0 0 0 0 0 2221 0 0 0 0
IcmpMsg: InType8 OutType0
IcmpMsg: 2221 2221
Tcp: RtoAlgorithm RtoMin RtoMax MaxConn ActiveOpens PassiveOpens AttemptFails EstabResets CurrEstab InSegs OutSegs RetransSegs InErrs OutRsts
Tcp: 1 200 120000 -1 0 16 0 3 0 183919 156015 1 0 6
Udp: InDatagrams NoPorts InErrors OutDatagrams RcvbufErrors SndbufErrors
Udp: 32155 0 124985 53191 124985 0
UdpLite: InDatagrams NoPorts InErrors OutDatagrams RcvbufErrors SndbufErrors
UdpLite: 0 0 0 0 0 0
cpu  1158 0 15616 107580 0 0 17344 0 0
cpu0 1158 0 15616 107580 0 0 17344 0 0
intr 1485764 0 0 0 0 0 0 0 0 737978 0 0 0 458928 147194 0 0 0 0 0 0 0 0 0 0 0 141664 0 0 0 0 0 0 0 0 0 0 0 0 0 0 0 0 0 0 0 0 0 0
ctxt 41016
btime 0
processes 397
procs_running 2
procs_blocked 0
# 