Connecting to host 10.1.1.3, port 5201
Reverse mode, remote host 10.1.1.3 is sending
[  4] local 10.1.1.2 port 50948 connected to 10.1.1.3 port 5201
[ ID] Interval           Transfer     Bandwidth       Jitter    Lost/Total Datagrams
[  4]   0.00-1.00   sec  2.37 MBytes  19.8 Mbits/sec  1.037 ms  0/1773 (0%)  
[  4]   1.00-2.00   sec  2.53 MBytes  21.2 Mbits/sec  1.011 ms  0/1892 (0%)  
[  4]   2.00-3.00   sec  2.57 MBytes  21.5 Mbits/sec  0.988 ms  0/1922 (0%)  
[  4]   3.00-4.00   sec  2.41 MBytes  20.2 Mbits/sec  0.775 ms  0/1806 (0%)  
[  4]   4.00-5.00   sec  2.54 MBytes  21.3 Mbits/sec  0.989 ms  0/1899 (0%)  
[  4]   5.00-6.00   sec  2.50 MBytes  21.0 Mbits/sec  0.887 ms  0/1874 (0%)  
[  4]   6.00-7.88   sec   599 KBytes  2.61 Mbits/sec  99.845 ms  0/438 (0%)  
[  4]   7.88-8.00   sec   299 KBytes  20.5 Mbits/sec  0.985 ms  0/219 (0%)  
[  4]   8.00-9.00   sec  2.44 MBytes  20.5 Mbits/sec  1.040 ms  0/1831 (0%)  
[  4]   9.00-10.00  sec  2.45 MBytes  20.5 Mbits/sec  1.081 ms  0/1832 (0%)  
[  4]  10.00-11.00  sec  2.30 MBytes  19.3 Mbits/sec  1.113 ms  0/1722 (0%)  
[  4]  11.00-12.00  sec  2.47 MBytes  20.7 Mbits/sec  1.233 ms  0/1850 (0%)  
[  4]  12.00-13.00  sec  2.40 MBytes  20.1 Mbits/sec  1.177 ms  0/1799 (0%)  
[  4]  13.00-14.00  sec  2.55 MBytes  21.4 Mbits/sec  1.085 ms  0/1909 (0%)  
[  4]  14.00-15.00  sec  2.30 MBytes  19.3 Mbits/sec  1.032 ms  0/1726 (0%)  
[  4]  15.00-16.00  sec  2.63 MBytes  22.1 Mbits/sec  0.844 ms  0/1970 (0%)  
[  4]  16.00-17.00  sec  2.64 MBytes  22.2 Mbits/sec  0.846 ms  0/1981 (0%)  
[  4]  17.00-18.00  sec  2.64 MBytes  22.2 Mbits/sec  0.849 ms  0/1980 (0%)  
[  4]  18.00-19.00  sec  2.40 MBytes  20.1 Mbits/sec  0.847 ms  0/1797 (0%)  
[  4]  19.00-20.00  sec  2.64 MBytes  22.2 Mbits/sec  0.839 ms  0/1981 (0%)  
[  4]  20.00-21.00  sec  2.64 MBytes  22.2 Mbits/sec  0.872 ms  0/1981 (0%)  
[  4]  21.00-22.00  sec  2.42 MBytes  20.3 Mbits/sec  0.880 ms  0/1812 (0%)  
[  4]  22.00-23.00  sec  2.60 MBytes  21.8 Mbits/sec  0.866 ms  0/1949 (0%)  
[  4]  23.00-24.00  sec  2.61 MBytes  21.9 Mbits/sec  0.921 ms  0/1958 (0%)  
[  4]  24.00-25.00  sec  2.48 MBytes  20.8 Mbits/sec  0.856 ms  0/1858 (0%)  
[  4]  25.00-26.00  sec  2.63 MBytes  22.0 Mbits/sec  0.773 ms  0/1967 (0%)  
[  4]  26.00-27.00  sec  2.38 MBytes  20.0 Mbits/sec  1.140 ms  0/1785 (0%)  
[  4]  27.00-28.00  sec  2.63 MBytes  22.0 Mbits/sec  0.924 ms  0/1968 (0%)  
[  4]  28.00-29.00  sec  2.63 MBytes  22.1 Mbits/sec  0.817 ms  0/1969 (0%)  
[  4]  29.00-30.01  sec  2.57 MBytes  21.5 Mbits/sec  0.752 ms  0/1928 (0%)  
- - - - - - - - - - - - - - - - - - - - - - - - -
[ ID] Interval           Transfer     Bandwidth       Jitter    Lost/Total Datagrams
[  4]   0.00-30.01  sec  71.3 MBytes  19.9 Mbits/sec  0.706 ms  0/53419 (0%)  
[  4] Sent 53419 datagrams

iperf Done.
