Connecting to host 10.1.1.3, port 5201
Reverse mode, remote host 10.1.1.3 is sending
[  4] local 10.1.1.2 port 36465 connected to 10.1.1.3 port 5201
[ ID] Interval           Transfer     Bandwidth       Jitter    Lost/Total Datagrams
[  4]   0.00-1.00   sec  2.43 MBytes  20.4 Mbits/sec  1.024 ms  0/1822 (0%)  
[  4]   1.00-2.00   sec  2.60 MBytes  21.8 Mbits/sec  1.213 ms  0/1950 (0%)  
[  4]   2.00-3.00   sec  2.61 MBytes  21.9 Mbits/sec  0.784 ms  0/1953 (0%)  
[  4]   3.00-4.00   sec  2.38 MBytes  20.0 Mbits/sec  0.899 ms  0/1785 (0%)  
[  4]   4.00-5.00   sec  2.73 MBytes  22.9 Mbits/sec  0.970 ms  0/2046 (0%)  
[  4]   5.00-6.00   sec  2.67 MBytes  22.4 Mbits/sec  0.905 ms  0/1998 (0%)  
[  4]   6.00-7.00   sec  2.62 MBytes  21.9 Mbits/sec  0.833 ms  0/1959 (0%)  
[  4]   7.00-8.00   sec  2.69 MBytes  22.6 Mbits/sec  0.812 ms  0/2015 (0%)  
[  4]   8.00-9.00   sec  2.45 MBytes  20.6 Mbits/sec  1.026 ms  0/1836 (0%)  
[  4]   9.00-10.00  sec  2.76 MBytes  23.1 Mbits/sec  1.133 ms  0/2067 (0%)  
[  4]  10.00-11.00  sec  2.56 MBytes  21.5 Mbits/sec  1.127 ms  0/1921 (0%)  
[  4]  11.00-12.00  sec  2.47 MBytes  20.7 Mbits/sec  1.097 ms  0/1847 (0%)  
[  4]  12.00-13.00  sec  2.49 MBytes  20.9 Mbits/sec  1.026 ms  0/1865 (0%)  
[  4]  13.00-14.00  sec  2.26 MBytes  18.9 Mbits/sec  0.501 ms  0/1690 (0%)  
[  4]  14.00-15.00  sec  2.58 MBytes  21.6 Mbits/sec  0.950 ms  0/1931 (0%)  
[  4]  15.00-16.00  sec  2.57 MBytes  21.5 Mbits/sec  0.888 ms  0/1923 (0%)  
[  4]  16.00-17.00  sec  2.37 MBytes  19.9 Mbits/sec  0.892 ms  0/1773 (0%)  
[  4]  17.00-18.00  sec  2.56 MBytes  21.5 Mbits/sec  0.874 ms  0/1921 (0%)  
[  4]  18.00-19.00  sec  2.56 MBytes  21.5 Mbits/sec  0.847 ms  0/1921 (0%)  
[  4]  19.00-20.00  sec  2.42 MBytes  20.3 Mbits/sec  0.792 ms  0/1813 (0%)  
[  4]  20.00-22.19  sec  1.31 MBytes  5.03 Mbits/sec  100.427 ms  0/983 (0%)  
[  4]  22.19-22.19  sec  0.00 Bytes  0.00 Mbits/sec  100.427 ms  0/0 (0%)  
[  4]  22.19-23.00  sec  2.00 MBytes  20.7 Mbits/sec  1.164 ms  0/1497 (0%)  
[  4]  23.00-24.00  sec  2.46 MBytes  20.7 Mbits/sec  1.158 ms  0/1846 (0%)  
[  4]  24.00-25.00  sec  2.31 MBytes  19.4 Mbits/sec  1.378 ms  0/1732 (0%)  
[  4]  25.00-26.00  sec  2.37 MBytes  19.9 Mbits/sec  3.331 ms  0/1776 (0%)  
[  4]  26.00-27.00  sec  2.52 MBytes  21.1 Mbits/sec  1.081 ms  0/1885 (0%)  
[  4]  27.00-28.00  sec  2.44 MBytes  20.5 Mbits/sec  1.046 ms  0/1829 (0%)  
[  4]  28.00-29.00  sec  2.52 MBytes  21.1 Mbits/sec  1.018 ms  0/1885 (0%)  
[  4]  29.00-30.00  sec  2.29 MBytes  19.2 Mbits/sec  1.138 ms  0/1714 (0%)  
- - - - - - - - - - - - - - - - - - - - - - - - -
[ ID] Interval           Transfer     Bandwidth       Jitter    Lost/Total Datagrams
[  4]   0.00-30.00  sec  71.0 MBytes  19.9 Mbits/sec  1.023 ms  0/53187 (0%)  
[  4] Sent 53187 datagrams

iperf Done.
