cat /proc/net/snmp /proc/stat ; busybox killall iperf3 ; sleep 1 ; cat /tmp/ur
2.log
Ip: Forwarding DefaultTTL InReceives InHdrErrors InAddrErrors ForwDatagrams InUnknownProtos InDiscards InDelivers OutRequests OutDiscards OutNoRoutes ReasmTimeout ReasmReqds ReasmOKs ReasmFails FragOKs FragFails FragCreates
Ip: 2 64 289919 0 0 0 0 0 289919 158200 107 0 0 0 0 0 0 0 0
Icmp: InMsgs InErrors InDestUnreachs InTimeExcds InParmProbs InSrcQuenchs InRedirects InEchos InEchoReps InTimestamps InTimestampReps InAddrMasks InAddrMaskReps OutMsgs OutErrors OutDestUnreachs OutTimeExcds OutParmProbs OutSrcQuenchs OutRedirects OutEchos OutEchoReps OutTimestamps OutTimestampReps OutAddrMasks OutAddrMaskReps
Icmp: 2209 0 0 0 0 0 0 2209 0 0 0 0 0 2209 0 0 0 0 0 0 0 2209 0 0 0 0
IcmpMsg: InType8 OutType0
IcmpMsg: 2209 2209
Tcp: RtoAlgorithm RtoMin RtoMax MaxConn ActiveOpens PassiveOpens AttemptFails EstabResets CurrEstab InSegs OutSegs RetransSegs InErrs OutRsts
Tcp: 1 200 120000 -1 0 14 0 3 0 183886 155988 1 0 6
Udp: InDatagrams NoPorts InErrors OutDatagrams RcvbufErrors SndbufErrors
Udp: 23101 0 80597 2 80597 0
UdpLite: InDatagrams NoPorts InErrors OutDatagrams RcvbufErrors SndbufErrors
UdpLite: 0 0 0 0 0 0
cpu  387 0 14039 102019 0 0 14247 0 0
cpu0 387 0 14039 102019 0 0 14247 0 0
intr 1356725 0 0 0 0 0 0 0 0 699636 0 0 0 390455 135977 0 0 0 0 0 0 0 0 0 0 0 130658 0 0 0 0 0 0 0 0 0 0 0 0 0 0 0 0 0 0 0 0 0 0
ctxt 38532
btime 0
processes 368
procs_running 2
procs_blocked 0
killall: iperf3: no process killed
-----------------------------------------------------------
Server listening on 5201
-----------------------------------------------------------
Accepted connection from 10.1.1.2, port 43834
[  6] local 10.1.1.3 port 5201 connected to 10.1.1.2 port 58910
[ ID] Interval           Transfer     Bandwidth       Jitter    Lost/Total Datagrams
[  6]   0.00-1.07   sec   488 KBytes  3737 Kbits/sec  18.701 ms  938/1295 (72%)  
[  6]   1.07-2.07   sec   558 KBytes  4570 Kbits/sec  8.098 ms  1282/1690 (76%)  
[  6]   2.07-3.12   sec   793 KBytes  6187 Kbits/sec  8.874 ms  1027/1607 (64%)  
[  6]   3.12-4.14   sec   645 KBytes  5183 Kbits/sec  11.837 ms  1172/1644 (71%)  
[  6]   4.14-5.02   sec   703 KBytes  6542 Kbits/sec  2.776 ms  1153/1667 (69%)  
[  6]   5.02-6.01   sec   990 KBytes  8191 Kbits/sec  0.681 ms  344/1068 (32%)  
[  6]   6.01-7.20   sec   427 KBytes  2936 Kbits/sec  19.792 ms  1323/1635 (81%)  
[  6]   7.20-8.09   sec   216 KBytes  1988 Kbits/sec  41.540 ms  1060/1218 (87%)  
[  6]   8.09-9.11   sec   462 KBytes  3711 Kbits/sec  1.627 ms  2532/2870 (88%)  
[  6]   9.11-10.01  sec   679 KBytes  6185 Kbits/sec  0.295 ms  1232/1729 (71%)  
[  6]  10.01-11.10  sec   390 KBytes  2928 Kbits/sec  5.329 ms  1155/1440 (80%)  
[  6]  11.10-12.00  sec   304 KBytes  2763 Kbits/sec  9.752 ms  1455/1677 (87%)  
[  6]  12.00-13.00  sec   740 KBytes  6059 Kbits/sec  5.327 ms  1230/1771 (69%)  
[  6]  13.00-14.02  sec   878 KBytes  7049 Kbits/sec  3.045 ms  1037/1679 (62%)  
[  6]  14.02-15.02  sec   919 KBytes  7526 Kbits/sec  6.981 ms  563/1235 (46%)  
[  6]  15.02-16.00  sec   621 KBytes  5189 Kbits/sec  5.654 ms  1244/1698 (73%)  
[  6]  16.00-17.00  sec   913 KBytes  7482 Kbits/sec  2.739 ms  564/1232 (46%)  
[  6]  17.00-18.00  sec   859 KBytes  7034 Kbits/sec  3.882 ms  1136/1764 (64%)  
[  6]  18.00-19.07  sec  1006 KBytes  7704 Kbits/sec  6.356 ms  288/1024 (28%)  
[  6]  19.07-20.06  sec  1.21 MBytes  10216 Kbits/sec  5.973 ms  463/1366 (34%)  
[  6]  20.06-21.04  sec   533 KBytes  4457 Kbits/sec  7.212 ms  918/1308 (70%)  
[  6]  21.04-22.01  sec   562 KBytes  4746 Kbits/sec  0.510 ms  1268/1679 (76%)  
[  6]  22.01-23.01  sec   792 KBytes  6485 Kbits/sec  4.533 ms  564/1143 (49%)  
[  6]  23.01-25.21  sec   373 KBytes  1390 Kbits/sec  78.275 ms  1532/1805 (85%)  
[  6]  25.21-25.21  sec  0.00 Bytes   nan Kbits/sec  78.275 ms  0/0 (0%)  
[  6]  25.21-26.58  sec   499 KBytes  2984 Kbits/sec  50.851 ms  3761/4126 (91%)  
[  6]  26.58-29.36  sec  86.1 KBytes   254 Kbits/sec  121.981 ms  1923/1986 (97%)  
[  6]  29.36-29.36  sec  0.00 Bytes   nan Kbits/sec  121.981 ms  0/0 (0%)  
[  6]  29.36-29.36  sec  0.00 Bytes   nan Kbits/sec  121.981 ms  0/0 (0%)  
[  6]  29.36-29.65  sec   253 KBytes  7145 Kbits/sec  0.372 ms  6827/7012 (97%)  
- - - - - - - - - - - - - - - - - - - - - - - - -
[ ID] Interval           Transfer     Bandwidth       Jitter    Lost/Total Datagrams
[  6]   0.00-29.65  sec  0.00 Bytes  0.00 Kbits/sec  0.372 ms  37991/50368 (75%)  
# 