/sys/class/net/enxfc19286184c9/statistics/collisions:0
/sys/class/net/enxfc19286184c9/statistics/multicast:0
/sys/class/net/enxfc19286184c9/statistics/rx_bytes:465364
/sys/class/net/enxfc19286184c9/statistics/rx_compressed:0
/sys/class/net/enxfc19286184c9/statistics/rx_crc_errors:0
/sys/class/net/enxfc19286184c9/statistics/rx_dropped:0
/sys/class/net/enxfc19286184c9/statistics/rx_errors:0
/sys/class/net/enxfc19286184c9/statistics/rx_fifo_errors:0
/sys/class/net/enxfc19286184c9/statistics/rx_frame_errors:0
/sys/class/net/enxfc19286184c9/statistics/rx_length_errors:0
/sys/class/net/enxfc19286184c9/statistics/rx_missed_errors:0
/sys/class/net/enxfc19286184c9/statistics/rx_nohandler:0
/sys/class/net/enxfc19286184c9/statistics/rx_over_errors:0
/sys/class/net/enxfc19286184c9/statistics/rx_packets:2893
/sys/class/net/enxfc19286184c9/statistics/tx_aborted_errors:0
/sys/class/net/enxfc19286184c9/statistics/tx_bytes:2282162
/sys/class/net/enxfc19286184c9/statistics/tx_carrier_errors:0
/sys/class/net/enxfc19286184c9/statistics/tx_compressed:0
/sys/class/net/enxfc19286184c9/statistics/tx_dropped:0
/sys/class/net/enxfc19286184c9/statistics/tx_errors:0
/sys/class/net/enxfc19286184c9/statistics/tx_fifo_errors:0
/sys/class/net/enxfc19286184c9/statistics/tx_heartbeat_errors:0
/sys/class/net/enxfc19286184c9/statistics/tx_packets:3927
/sys/class/net/enxfc19286184c9/statistics/tx_window_errors:0
Ip: Forwarding DefaultTTL InReceives InHdrErrors InAddrErrors ForwDatagrams InUnknownProtos InDiscards InDelivers OutRequests OutDiscards OutNoRoutes ReasmTimeout ReasmReqds ReasmOKs ReasmFails FragOKs FragFails FragCreates OutTransmits
Ip: 2 64 356981 0 0 0 0 0 356965 357453 0 0 0 0 0 0 0 0 0 357453
Icmp: InMsgs InErrors InCsumErrors InDestUnreachs InTimeExcds InParmProbs InSrcQuenchs InRedirects InEchos InEchoReps InTimestamps InTimestampReps InAddrMasks InAddrMaskReps OutMsgs OutErrors OutRateLimitGlobal OutRateLimitHost OutDestUnreachs OutTimeExcds OutParmProbs OutSrcQuenchs OutRedirects OutEchos OutEchoReps OutTimestamps OutTimestampReps OutAddrMasks OutAddrMaskReps
Icmp: 596 0 0 0 0 0 0 0 0 596 0 0 0 0 1642 0 0 0 0 0 0 0 0 1642 0 0 0 0 0
IcmpMsg: InType0 OutType8
IcmpMsg: 596 1642
Tcp: RtoAlgorithm RtoMin RtoMax MaxConn ActiveOpens PassiveOpens AttemptFails EstabResets CurrEstab InSegs OutSegs RetransSegs InErrs OutRsts InCsumErrors
Tcp: 1 200 120000 -1 5 0 0 0 2 354061 354100 1 0 0 0
Udp: InDatagrams NoPorts InErrors OutDatagrams RcvbufErrors SndbufErrors InCsumErrors IgnoredMulti MemErrors
Udp: 2302 0 0 2303 0 0 0 6 0
UdpLite: InDatagrams NoPorts InErrors OutDatagrams RcvbufErrors SndbufErrors InCsumErrors IgnoredMulti MemErrors
UdpLite: 0 0 0 0 0 0 0 0 0
3: enxfc19286184c9: <BROADCAST,MULTICAST,UP,LOWER_UP> mtu 1500 qdisc fq_codel state UP mode DEFAULT group default qlen 1000
    RX:  bytes packets errors dropped  missed   mcast           
        465364    2893      0       0       0       0 
    RX errors:  length    crc   frame    fifo overrun otherhost
                     0      0       0       0       0        19 
    TX:  bytes packets errors dropped carrier collsns           
       2282162    3927      0       0       0       0 
    TX errors: aborted   fifo  window heartbt transns
                     0      0       0       0       4 
REACHABLE
pcapwin 1.3
pcap WE.pcap records 624 partial_tail_bytes 0
capture_live yes
tcpdump_procs 1
prev E-F2-H0.log window_end 404
window 404 624
window_end 624
frames 220
len 60:20 61:20 62:20 63:20 263:20 276:20 277:20 1511:20 1512:20 1513:20 1514:20
ethertype 0800:220
vlan8100 0
vlan_vid -
class icmp_echo_reply 220 tagged 0 len 60:20 61:20 62:20 63:20 263:20 276:20 277:20 1511:20 1512:20 1513:20 1514:20 ipcsum_ok 220 icmpcsum_ok 80 excess 0:220
class ipv4_other 0 tagged 0 len - ipcsum_ok 0 icmpcsum_ok 0 excess -
class arp 0 tagged 0 len -
class rlxfw_nic 0 tagged 0 len - content_ok 0
class other 0 tagged 0 len -
class runt 0 tagged 0 len -
excess 0:220
echo_ids 11
echo_seq 1 1-20
echo_first 1 seq 1 b10 2
echo_seq 2 1-20
echo_first 2 seq 1 b10 2
echo_seq 3 1-20
echo_first 3 seq 1 b10 1
echo_seq 4 1-20
echo_first 4 seq 1 b10 1
echo_seq 5 1-20
echo_first 5 seq 1 b10 1
echo_seq 6 1-20
echo_first 6 seq 1 b10 0
echo_seq 7 1-20
echo_first 7 seq 1 b10 0
echo_seq 8 1-20
echo_first 8 seq 1 b10 15
echo_seq 9 1-20
echo_first 9 seq 1 b10 14
echo_seq 10 1-20
echo_first 10 seq 1 b10 14
echo_seq 11 1-20
echo_first 11 seq 1 b10 13
echo_dup 0
echo_vid -
dst host:220 bcast:0 mcast:0 other:0
truncated 140
icmp_partial 140
lenby 20:60-63,263,276-277,1511-1514
pcapwin end rc 0
dmesgwin 1.2 prev E-F2-H0.log window_end 300639
window 300639 329543
window_end 329543
lines 586 first_t 854.119 last_t 870.434
bug_preempt 29
usbnet_xmit 29
vhci_unlink 2
urb_104 2
usb_disc 0
cp210x 0
ttyusb 0
link_down 0
link_up 0
tx_timeout 0
vsock_err 0
call_trace 29
follower 1
