/sys/class/net/enxfc19286184c9/statistics/collisions:0
/sys/class/net/enxfc19286184c9/statistics/multicast:0
/sys/class/net/enxfc19286184c9/statistics/rx_bytes:325928
/sys/class/net/enxfc19286184c9/statistics/rx_compressed:0
/sys/class/net/enxfc19286184c9/statistics/rx_crc_errors:0
/sys/class/net/enxfc19286184c9/statistics/rx_dropped:0
/sys/class/net/enxfc19286184c9/statistics/rx_errors:0
/sys/class/net/enxfc19286184c9/statistics/rx_fifo_errors:0
/sys/class/net/enxfc19286184c9/statistics/rx_frame_errors:0
/sys/class/net/enxfc19286184c9/statistics/rx_length_errors:0
/sys/class/net/enxfc19286184c9/statistics/rx_missed_errors:0
/sys/class/net/enxfc19286184c9/statistics/rx_nohandler:0
/sys/class/net/enxfc19286184c9/statistics/rx_over_errors:0
/sys/class/net/enxfc19286184c9/statistics/rx_packets:2667
/sys/class/net/enxfc19286184c9/statistics/tx_aborted_errors:0
/sys/class/net/enxfc19286184c9/statistics/tx_bytes:2139598
/sys/class/net/enxfc19286184c9/statistics/tx_carrier_errors:0
/sys/class/net/enxfc19286184c9/statistics/tx_compressed:0
/sys/class/net/enxfc19286184c9/statistics/tx_dropped:0
/sys/class/net/enxfc19286184c9/statistics/tx_errors:0
/sys/class/net/enxfc19286184c9/statistics/tx_fifo_errors:0
/sys/class/net/enxfc19286184c9/statistics/tx_heartbeat_errors:0
/sys/class/net/enxfc19286184c9/statistics/tx_packets:3701
/sys/class/net/enxfc19286184c9/statistics/tx_window_errors:0
Ip: Forwarding DefaultTTL InReceives InHdrErrors InAddrErrors ForwDatagrams InUnknownProtos InDiscards InDelivers OutRequests OutDiscards OutNoRoutes ReasmTimeout ReasmReqds ReasmOKs ReasmFails FragOKs FragFails FragCreates OutTransmits
Ip: 2 64 345313 0 0 0 0 0 345297 345828 0 0 0 0 0 0 0 0 0 345828
Icmp: InMsgs InErrors InCsumErrors InDestUnreachs InTimeExcds InParmProbs InSrcQuenchs InRedirects InEchos InEchoReps InTimestamps InTimestampReps InAddrMasks InAddrMaskReps OutMsgs OutErrors OutRateLimitGlobal OutRateLimitHost OutDestUnreachs OutTimeExcds OutParmProbs OutSrcQuenchs OutRedirects OutEchos OutEchoReps OutTimestamps OutTimestampReps OutAddrMasks OutAddrMaskReps
Icmp: 372 0 0 0 0 0 0 0 0 372 0 0 0 0 1418 0 0 0 0 0 0 0 0 1418 0 0 0 0 0
IcmpMsg: InType0 OutType8
IcmpMsg: 372 1418
Tcp: RtoAlgorithm RtoMin RtoMax MaxConn ActiveOpens PassiveOpens AttemptFails EstabResets CurrEstab InSegs OutSegs RetransSegs InErrs OutRsts InCsumErrors
Tcp: 1 200 120000 -1 5 0 0 0 2 342617 342620 1 0 0 0
Udp: InDatagrams NoPorts InErrors OutDatagrams RcvbufErrors SndbufErrors InCsumErrors IgnoredMulti MemErrors
Udp: 2302 0 0 2302 0 0 0 6 0
UdpLite: InDatagrams NoPorts InErrors OutDatagrams RcvbufErrors SndbufErrors InCsumErrors IgnoredMulti MemErrors
UdpLite: 0 0 0 0 0 0 0 0 0
3: enxfc19286184c9: <BROADCAST,MULTICAST,UP,LOWER_UP> mtu 1500 qdisc fq_codel state UP mode DEFAULT group default qlen 1000
    RX:  bytes packets errors dropped  missed   mcast           
        325928    2667      0       0       0       0 
    RX errors:  length    crc   frame    fifo overrun otherhost
                     0      0       0       0       0        19 
    TX:  bytes packets errors dropped carrier collsns           
       2139598    3701      0       0       0       0 
    TX errors: aborted   fifo  window heartbt transns
                     0      0       0       0       4 
REACHABLE
pcapwin 1.3
pcap WE.pcap records 398 partial_tail_bytes 0
capture_live yes
tcpdump_procs 1
prev E-L1-H0.log window_end 231
window 231 398
window_end 398
frames 167
len 60:24 61:1 62:20 63:20 263:1 276:20 277:20 281:19 1511:1 1512:1 1513:20 1514:20
ethertype 0800:144 0806:4 8100:19
vlan8100 19
vlan_vid 1767:19
class icmp_echo_reply 163 tagged 19 len 60:20 61:1 62:20 63:20 263:1 276:20 277:20 281:19 1511:1 1512:1 1513:20 1514:20 ipcsum_ok 163 icmpcsum_ok 61 excess 0:144 4:19
class ipv4_other 0 tagged 0 len - ipcsum_ok 0 icmpcsum_ok 0 excess -
class arp 4 tagged 0 len 60:4
class rlxfw_nic 0 tagged 0 len - content_ok 0
class other 0 tagged 0 len -
class runt 0 tagged 0 len -
excess 0:144 4:19
echo_ids 11
echo_seq 1 1-20
echo_first 1 seq 1 b10 5
echo_seq 2 1
echo_first 2 seq 1 b10 5
echo_seq 3 5,7,14,16,22,24,55,61,63,66,72,74,77,83,85,88,94,96,128,131
echo_first 3 seq 5 b10 14
echo_seq 4 6,8,14,16,19,25,27,30,36,38,70,73,79,81,84,86,93,95,98,103
echo_first 4 seq 6 b10 3
echo_seq 5 50
echo_first 5 seq 50 b10 6
echo_seq 6 22-41
echo_first 6 seq 22 b10 12
echo_seq 7 1,3,8,10,15,17,22,24,29,31,36,38,43,45,50,52,57,59,64,66,71,73,78,80,85,87,92,94,99,101,106,108,113,115,120,122,127,129,134
echo_seq_tagged 7 3,10,17,24,31,38,45,52,59,66,73,80,87,94,101,108,115,122,129
echo_first 7 seq 1 b10 3
echo_excess 7 3:4 10:4 17:4 24:4 31:4 38:4 45:4 52:4 59:4 66:4 73:4 80:4 87:4 94:4 101:4 108:4 115:4 122:4 129:4
echo_seq 8 149
echo_first 8 seq 149 b10 13
echo_seq 9 13
echo_first 9 seq 13 b10 3
echo_seq 10 6-25
echo_first 10 seq 6 b10 12
echo_seq 11 1-20
echo_first 11 seq 1 b10 12
echo_dup 0
echo_vid 1767:19
dst host:165 bcast:2 mcast:0 other:0
truncated 102
icmp_partial 102
lenby 1:61,263,1511-1512
lenby 19:281
lenby 20:62-63,276-277,1513-1514
lenby 24:60
pcapwin end rc 0
dmesgwin 1.2 prev E-L1-H0.log window_end 155987
window 155987 294124
window_end 294124
lines 2798 first_t 766.704 last_t 840.340
bug_preempt 139
usbnet_xmit 139
vhci_unlink 2
urb_104 2
usb_disc 0
cp210x 0
ttyusb 0
link_down 0
link_up 0
tx_timeout 0
vsock_err 0
call_trace 139
follower 1
