swcheck 1.1 setting rlxfw probe 60
sw done mode loop from 1511 to 1511 probe 60 rc 0 bufs A15C8290
key txlen rlxfw txoff 2 txrb 0 mode loop probe 60 rings 1 rec 2
counts scored 1 bad_a 0 bad_b 1 void 0 skew 0 retry 0 foreign 0 alien 1
counts delta0 0 reg 1 units 1 timeout 0 cycles 1 drained 0 j0 37211 j1 37216
last 1511 a 1515 class 1 b 3663 class 5 x 1
map codes none:1453 clean:0 bad_b:2 bad_a:0 void:0 skew:0
mt equals the decoded map (1453 0 2 0 0 0)
records 2, the page's rec 2
void 0 at -
skew 0 at -
scored 2; bad-b 2 at 61,1511
bad-a 0 at -
rule M1-cover8  predicted    2 measured    2 agree 2 of 2 disagree -
rule M1-room8ph predicted    2 measured    2 agree 2 of 2 disagree -
rule M2-shift8  predicted    2 measured    2 agree 2 of 2 disagree -
rule M2-shift8m predicted    2 measured    2 agree 2 of 2 disagree -
hb H-prev equal
hb H-own differ
hb H-slot differ
hb as read: hb n 2 other 0 void 0 | hb 9831:1:61-61 3663:1:1511-1511
