echo txlen vendor > /proc/rtl819x-nic ; cat /proc/rtl819x-nic-tx
version rtl819x-nic 1.5
tx15 txlen vendor txoff 2 txrb 0 dirty 1 p15 1
v15 last txlen 13 ok 30 refused 0 txq 2095 arm15 26
w0 F 1511 pol rlxfw off 2 rb 0 path tx n 2094
w1 F 60 pol rlxfw off 2 rb 0 path tx n 2095
w2 F 1514 pol rlxfw off 2 rb 0 path xmit n 2088
w3 F 1514 pol rlxfw off 2 rb 0 path xmit n 2089
r0 A15C81D0 A15C8230 05EB0000 00000000 8800003F 00000000 00000000 00000000 A15C81D0 05E7009C A15CC292 A15CC292 07FE0000
r1 A15C81E8 A15C8248 00400000 00000000 8800003F 00000000 00000000 00000000 A15C81E8 003C009C A15CCA92 A15CCA92 07FE0000
r2 A15C8200 A15C8260 00000000 00000000 88000000 00000000 00000000 00000000 A15C8200 0000009C 00000000 00000000 00000000
r3 A15C821A A15C8278 00000000 00000000 88000000 00000000 00000000 00000000 A15C8218 0000009C 00000000 00000000 00000000
rb chk 0 bad 0 first n 0 slot 0 word 0 got 00000000 want 00000000
sw done mode loop from 1511 to 1511 probe 60 rc 0 bufs A15C8290
sw key txlen rlxfw txoff 2 txrb 0 mode loop probe 60 rings 1 rec 2
sw scored 1 bad_a 0 bad_b 1 void 0 skew 0 retry 0 foreign 0 alien 1
sw delta0 0 reg 1 units 1 timeout 0 cycles 1 drained 0 j0 37211 j1 37216
sw last 1511 a 1515 1 b 3663 5 x 1
mt none 1453 clean 0 bad_b 2 bad_a 0 void 0 skew 0
m00 2000000000000000000000000000000000000000000000000000000000000000
m01 0000000000000000000000000000000000000000000000000000000000000000
m02 0000000000000000000000000000000000000000000000000000000000000000
m03 0000000000000000000000000000000000000000000000000000000000000000
m04 0000000000000000000000000000000000000000000000000000000000000000
m05 0000000000000000000000000000000000000000000000000000000000000000
m06 0000000000000000000000000000000000000000000000000000000000000000
m07 0000000000000000000000000000000000000000000000000000000000000000
m08 0000000000000000000000000000000000000000000000000000000000000000
m09 0000000000000000000000000000000000000000000000000000000000000000
m10 0000000000000000000000000000000000000000000000000000000000000000
m11 0000000000000000000002000000000000000000000000000000000000000000
hb n 2 other 0 void 0
hb 9831:1:61-61 3663:1:1511-1511
ww 60 - 9831:15:4 - - - - - -
ww 68 - - - - - - - -
ww 76 - - - - - - - -
ww 84 - - - - - - - -
# 