/sys/class/net/enxfc19286184c9/statistics/collisions:0
/sys/class/net/enxfc19286184c9/statistics/multicast:0
/sys/class/net/enxfc19286184c9/statistics/rx_bytes:478177
/sys/class/net/enxfc19286184c9/statistics/rx_compressed:0
/sys/class/net/enxfc19286184c9/statistics/rx_crc_errors:0
/sys/class/net/enxfc19286184c9/statistics/rx_dropped:0
/sys/class/net/enxfc19286184c9/statistics/rx_errors:0
/sys/class/net/enxfc19286184c9/statistics/rx_fifo_errors:0
/sys/class/net/enxfc19286184c9/statistics/rx_frame_errors:0
/sys/class/net/enxfc19286184c9/statistics/rx_length_errors:0
/sys/class/net/enxfc19286184c9/statistics/rx_missed_errors:0
/sys/class/net/enxfc19286184c9/statistics/rx_nohandler:0
/sys/class/net/enxfc19286184c9/statistics/rx_over_errors:0
/sys/class/net/enxfc19286184c9/statistics/rx_packets:3080
/sys/class/net/enxfc19286184c9/statistics/tx_aborted_errors:0
/sys/class/net/enxfc19286184c9/statistics/tx_bytes:2300178
/sys/class/net/enxfc19286184c9/statistics/tx_carrier_errors:0
/sys/class/net/enxfc19286184c9/statistics/tx_compressed:0
/sys/class/net/enxfc19286184c9/statistics/tx_dropped:0
/sys/class/net/enxfc19286184c9/statistics/tx_errors:0
/sys/class/net/enxfc19286184c9/statistics/tx_fifo_errors:0
/sys/class/net/enxfc19286184c9/statistics/tx_heartbeat_errors:0
/sys/class/net/enxfc19286184c9/statistics/tx_packets:4161
/sys/class/net/enxfc19286184c9/statistics/tx_window_errors:0
Ip: Forwarding DefaultTTL InReceives InHdrErrors InAddrErrors ForwDatagrams InUnknownProtos InDiscards InDelivers OutRequests OutDiscards OutNoRoutes ReasmTimeout ReasmReqds ReasmOKs ReasmFails FragOKs FragFails FragCreates OutTransmits
Ip: 2 64 442052 0 0 0 0 0 442036 442298 0 0 0 0 0 0 0 0 0 442298
Icmp: InMsgs InErrors InCsumErrors InDestUnreachs InTimeExcds InParmProbs InSrcQuenchs InRedirects InEchos InEchoReps InTimestamps InTimestampReps InAddrMasks InAddrMaskReps OutMsgs OutErrors OutRateLimitGlobal OutRateLimitHost OutDestUnreachs OutTimeExcds OutParmProbs OutSrcQuenchs OutRedirects OutEchos OutEchoReps OutTimestamps OutTimestampReps OutAddrMasks OutAddrMaskReps
Icmp: 765 0 0 0 0 0 0 0 0 765 0 0 0 0 1858 0 0 0 0 0 0 0 0 1858 0 0 0 0 0
IcmpMsg: InType0 OutType8
IcmpMsg: 765 1858
Tcp: RtoAlgorithm RtoMin RtoMax MaxConn ActiveOpens PassiveOpens AttemptFails EstabResets CurrEstab InSegs OutSegs RetransSegs InErrs OutRsts InCsumErrors
Tcp: 1 200 120000 -1 5 0 0 0 2 438957 438723 2 0 0 0
Udp: InDatagrams NoPorts InErrors OutDatagrams RcvbufErrors SndbufErrors InCsumErrors IgnoredMulti MemErrors
Udp: 2308 0 0 2308 0 0 0 6 0
UdpLite: InDatagrams NoPorts InErrors OutDatagrams RcvbufErrors SndbufErrors InCsumErrors IgnoredMulti MemErrors
UdpLite: 0 0 0 0 0 0 0 0 0
3: enxfc19286184c9: <BROADCAST,MULTICAST,UP,LOWER_UP> mtu 1500 qdisc fq_codel state UP mode DEFAULT group default qlen 1000
    RX:  bytes packets errors dropped  missed   mcast           
        478177    3080      0       0       0       0 
    RX errors:  length    crc   frame    fifo overrun otherhost
                     0      0       0       0       0        19 
    TX:  bytes packets errors dropped carrier collsns           
       2300178    4161      0       0       0       0 
    TX errors: aborted   fifo  window heartbt transns
                     0      0       0       0       4 
REACHABLE
pcapwin 1.3
pcap WE.pcap records 811 partial_tail_bytes 0
capture_live yes
tcpdump_procs 1
prev SF-0263-H0.log window_end 790
window 790 811
window_end 811
frames 21
len 60:1 263:20
ethertype 0800:20 0806:1
vlan8100 0
vlan_vid -
class icmp_echo_reply 20 tagged 0 len 263:20 ipcsum_ok 20 icmpcsum_ok 0 excess 0:20
class ipv4_other 0 tagged 0 len - ipcsum_ok 0 icmpcsum_ok 0 excess -
class arp 1 tagged 0 len 60:1
class rlxfw_nic 0 tagged 0 len - content_ok 0
class other 0 tagged 0 len -
class runt 0 tagged 0 len -
excess 0:20
echo_ids 1
echo_seq 1 1-20
echo_first 1 seq 1 b10 8
echo_dup 0
echo_vid -
dst host:21 bcast:0 mcast:0 other:0
truncated 20
icmp_partial 20
lenby 1:60
lenby 20:263
pcapwin end rc 0
dmesgwin 1.2 prev SF-0263-H0.log window_end 460602
window 460602 469654
window_end 469654
lines 184 first_t 1045.816 last_t 1052.020
bug_preempt 9
usbnet_xmit 9
vhci_unlink 2
urb_104 2
usb_disc 0
cp210x 0
ttyusb 0
link_down 0
link_up 0
tx_timeout 0
vsock_err 0
call_trace 9
follower 1
