cat /proc/rtl819x-switch ; cat /proc/rtl865x/port_status
version rtl819x-switch 1.1
nreg 37
unlocked 1
n_writes 1
n_refused 0
n_reads 483
n_reset 0
n_dumb 0
n_restore 0
boot_cvidr 81964000
slot0_full 1
slot1_full 0
slot2_full 0
slot3_full 0
r CVIDR     4200 81964000 81964000 00
r SSIR      4204 00000001 00000001 00
r MACCR     4000 804A0185 804A0185 10
r MDCIOCR   4004 84001300 96181441 10
r MDCIOSR   4008 00001100 00000000 10
r PITCR     4100 00000000 00000000 00
r PCRP0     4104 007F0039 007F0038 00
r PCRP1     4108 047F0039 047F0038 00
r PCRP2     410C 087F0039 087F0038 00
r PCRP3     4110 0C7F0039 0C7F0038 00
r PCRP4     4114 107F0039 107F0038 00
r PCRP5     4118 00000000 00000000 00
r PCRP6     411C 187F0038 187F0038 00
r PSRP0     4128 000000E0 000010E0 00
r PSRP3     4134 000000F9 000010F9 00
r PSRP5     413C 000000E2 000000E2 00
r PSRP6     4140 0000007A 0000007A 00
r PSRP7     4144 0000007A 0000007A 00
r P0GMIICR  414C 00037D00 00037D00 10
r MEMCR     4234 00007F00 00007F7F 10
r TEACR     4400 00000002 00000000 00
r ALECR     440C 000505F2 00000000 00
r MSCR      4410 00000011 00000001 01
r SWTCR0    4418 00097DE0 00080000 11
r SWTCR1    441C 00000E00 00000200 01
r FFCR      4428 00000009 00000003 10
r VCR0      4A00 00000000 000001FF 01
r VCR1      4A04 00000000 00000000 00
r PVCR0     4A08 00090009 00080008 11
r PVCR1     4A0C 00090009 00080008 01
r PVCR2     4A10 00010008 00080008 01
r PVCR3     4A14 00010001 00080008 01
r PVCR4     4A18 00000009 00000001 01
r PBVCR0    4A1C 00021B74 00000000 00
r SWTACR    4D00 00000000 00000000 10
r SWTAA     4D08 BB040020 BB060100 10
r TCR7      4D3C 07000030 00000000 10
Dump Port Status:
Port0 Force Mode disable
EEE Status 0
LinkDown

Port1 Force Mode disable
EEE Status 0
LinkDown

Port2 Force Mode disable
EEE Status 0
LinkDown

Port3 Force Mode disable
EEE Status 0
LinkUp | NWay Mode Enabled
	RXPause Enabled | TXPause Enabled
	Duplex Enabled | Speed 100M

Port4 Force Mode disable
EEE Status 0
LinkDown

Port5 Force Mode disable
EEE Status 0
LinkDown

CPUPort Force Mode disable
EEE Status 0
LinkUp | NWay Mode Disabled
	RXPause Enabled | TXPause Enabled
	Duplex Enabled | Speed 1G

# 