echo sweep 424 787 60 wire > /proc/rtl819x-nic ; cat /pRrLocX/FrtWl-81N9x--niScW-tExEP
=571A8313
RLXFW-N-ENGOFF
RLXFW-N-ARM=A15C8000
RLXFW-N-ARMR=00000000
RLXFW-N-ENGON=C4000000
RLXFW-N-ENGOFF
RLXFW-N-ARM=A15C8000
RLXFW-N-ARMR=00000000
RLXFW-N-ENGON=C4000000
RLXFW-N-ENGOFF
RLXFW-N-ARM=A15C8000
RLXFW-N-ARMR=00000000
RLXFW-N-ENGON=C4000000
RLXFW-N-ENGOFF
RLXFW-N-ARM=A15C8000
RLXFW-N-ARMR=00000000
RLXFW-N-ENGON=C4000000
RLXFW-N-ENGOFF
RLXFW-N-ARM=A15C8000
RLXFW-N-ARMR=00000000
RLXFW-N-ENGON=C4000000
RLXFW-N-ENGOFF
RLXFW-N-ARM=A15C8000
RLXFW-N-ARMR=00000000
RLXFW-N-ENGON=C4000000
RLXFW-N-ENGOFF
RLXFW-N-ARM=A15C8000
RLXFW-N-ARMR=00000000
RLXFW-N-ENGON=C4000000
RLXFW-N-ENGOFF
RLXFW-N-ARM=A15C8000
RLXFW-N-ARMR=00000000
RLXFW-N-ENGON=C4000000
RLXFW-N-ENGOFF
RLXFW-N-ARM=A15C8000
RLXFW-N-ARMR=00000000
RLXFW-N-ENGON=C4000000
RLXFW-N-ENGOFF
RLXFW-N-ARM=A15C8000
RLXFW-N-ARMR=00000000
RLXFW-N-ENGON=C4000000
RLXFW-N-ENGOFF
RLXFW-N-ARM=A15C8000
RLXFW-N-ARMR=00000000
RLXFW-N-ENGON=C4000000
RLXFW-N-ENGOFF
RLXFW-N-ARM=A15C8000
RLXFW-N-ARMR=00000000
RLXFW-N-ENGON=C4000000
RLXFW-N-ENGOFF
RLXFW-N-ARM=A15C8000
RLXFW-N-ARMR=00000000
RLXFW-N-ENGON=C4000000
RLXFW-N-ENGOFF
RLXFW-N-ARM=A15C8000
RLXFW-N-ARMR=00000000
RLXFW-N-ENGON=C4000000
RLXFW-N-ENGOFF
RLXFW-N-ARM=A15C8000
RLXFW-N-ARMR=00000000
RLXFW-N-ENGON=C4000000
RLXFW-N-ENGOFF
RLXFW-N-ARM=A15C8000
RLXFW-N-ARMR=00000000
RLXFW-N-ENGON=C4000000
RLXFW-N-ENGOFF
RLXFW-N-ARM=A15C8000
RLXFW-N-ARMR=00000000
RLXFW-N-ENGON=C4000000
RLXFW-N-ENGOFF
RLXFW-N-ARM=A15C8000
RLXFW-N-ARMR=00000000
RLXFW-N-ENGON=C4000000
RLXFW-N-ENGOFF
RLXFW-N-ARM=A15C8000
RLXFW-N-ARMR=00000000
RLXFW-N-ENGON=C4000000
RLXFW-N-ENGOFF
RLXFW-N-ARM=A15C8000
RLXFW-N-ARMR=00000000
RLXFW-N-ENGON=C4000000
RLXFW-N-ENGOFF
RLXFW-N-ARM=A15C8000
RLXFW-N-ARMR=00000000
RLXFW-N-ENGON=C4000000
RLXFW-N-ENGOFF
RLXFW-N-ARM=A15C8000
RLXFW-N-ARMR=00000000
RLXFW-N-ENGON=C4000000
RLXFW-N-ENGOFF
RLXFW-N-ARM=A15C8000
RLXFW-N-ARMR=00000000
RLXFW-N-ENGON=C4000000
RLXFW-N-ENGOFF
RLXFW-N-ARM=A15C8000
RLXFW-N-ARMR=00000000
RLXFW-N-ENGON=C4000000
RLXFW-N-ENGOFF
RLXFW-N-ARM=A15C8000
RLXFW-N-ARMR=00000000
RLXFW-N-ENGON=C4000000
RLXFW-N-ENGOFF
RLXFW-N-ARM=A15C8000
RLXFW-N-ARMR=00000000
RLXFW-N-ENGON=C4000000
RLXFW-N-ENGOFF
RLXFW-N-ARM=A15C8000
RLXFW-N-ARMR=00000000
RLXFW-N-ENGON=C4000000
RLXFW-N-ENGOFF
RLXFW-N-ARM=A15C8000
RLXFW-N-ARMR=00000000
RLXFW-N-ENGON=C4000000
RLXFW-N-ENGOFF
RLXFW-N-ARM=A15C8000
RLXFW-N-ARMR=00000000
RLXFW-N-ENGON=C4000000
RLXFW-N-ENGOFF
RLXFW-N-ARM=A15C8000
RLXFW-N-ARMR=00000000
RLXFW-N-ENGON=C4000000
RLXFW-N-ENGOFF
RLXFW-N-ARM=A15C8000
RLXFW-N-ARMR=00000000
RLXFW-N-ENGON=C4000000
RLXFW-N-ENGOFF
RLXFW-N-ARM=A15C8000
RLXFW-N-ARMR=00000000
RLXFW-N-ENGON=C4000000
RLXFW-N-ENGOFF
RLXFW-N-ARM=A15C8000
RLXFW-N-ARMR=00000000
RLXFW-N-ENGON=C4000000
RLXFW-N-ENGOFF
RLXFW-N-ARM=A15C8000
RLXFW-N-ARMR=00000000
RLXFW-N-ENGON=C4000000
RLXFW-N-ENGOFF
RLXFW-N-ARM=A15C8000
RLXFW-N-ARMR=00000000
RLXFW-N-ENGON=C4000000
RLXFW-N-ENGOFF
RLXFW-N-ARM=A15C8000
RLXFW-N-ARMR=00000000
RLXFW-N-ENGON=C4000000
RLXFW-N-ENGOFF
RLXFW-N-ARM=A15C8000
RLXFW-N-ARMR=00000000
RLXFW-N-ENGON=C4000000
RLXFW-N-ENGOFF
RLXFW-N-ARM=A15C8000
RLXFW-N-ARMR=00000000
RLXFW-N-ENGON=C4000000
RLXFW-N-ENGOFF
RLXFW-N-ARM=A15C8000
RLXFW-N-ARMR=00000000
RLXFW-N-ENGON=C4000000
RLXFW-N-ENGOFF
RLXFW-N-ARM=A15C8000
RLXFW-N-ARMR=00000000
RLXFW-N-ENGON=C4000000
RLXFW-N-ENGOFF
RLXFW-N-ARM=A15C8000
RLXFW-N-ARMR=00000000
RLXFW-N-ENGON=C4000000
RLXFW-N-ENGOFF
RLXFW-N-ARM=A15C8000
RLXFW-N-ARMR=00000000
RLXFW-N-ENGON=C4000000
RLXFW-N-ENGOFF
RLXFW-N-ARM=A15C8000
RLXFW-N-ARMR=00000000
RLXFW-N-ENGON=C4000000
RLXFW-N-ENGOFF
RLXFW-N-ARM=A15C8000
RLXFW-N-ARMR=00000000
RLXFW-N-ENGON=C4000000
RLXFW-N-ENGOFF
RLXFW-N-ARM=A15C8000
RLXFW-N-ARMR=00000000
RLXFW-N-ENGON=C4000000
RLXFW-N-ENGOFF
RLXFW-N-ARM=A15C8000
RLXFW-N-ARMR=00000000
RLXFW-N-ENGON=C4000000
RLXFW-N-ENGOFF
RLXFW-N-ARM=A15C8000
RLXFW-N-ARMR=00000000
RLXFW-N-ENGON=C4000000
RLXFW-N-ENGOFF
RLXFW-N-ARM=A15C8000
RLXFW-N-ARMR=00000000
RLXFW-N-ENGON=C4000000
RLXFW-N-ENGOFF
RLXFW-N-ARM=A15C8000
RLXFW-N-ARMR=00000000
RLXFW-N-ENGON=C4000000
RLXFW-N-ENGOFF
RLXFW-N-ARM=A15C8000
RLXFW-N-ARMR=00000000
RLXFW-N-ENGON=C4000000
RLXFW-N-ENGOFF
RLXFW-N-ARM=A15C8000
RLXFW-N-ARMR=00000000
RLXFW-N-ENGON=C4000000
RLXFW-N-ENGOFF
RLXFW-N-ARM=A15C8000
RLXFW-N-ARMR=00000000
RLXFW-N-ENGON=C4000000
RLXFW-N-ENGOFF
RLXFW-N-ARM=A15C8000
RLXFW-N-ARMR=00000000
RLXFW-N-ENGON=C4000000
RLXFW-N-ENGOFF
RLXFW-N-ARM=A15C8000
RLXFW-N-ARMR=00000000
RLXFW-N-ENGON=C4000000
RLXFW-N-ENGOFF
RLXFW-N-ARM=A15C8000
RLXFW-N-ARMR=00000000
RLXFW-N-ENGON=C4000000
RLXFW-N-ENGOFF
RLXFW-N-ARM=A15C8000
RLXFW-N-ARMR=00000000
RLXFW-N-ENGON=C4000000
RLXFW-N-ENGOFF
RLXFW-N-ARM=A15C8000
RLXFW-N-ARMR=00000000
RLXFW-N-ENGON=C4000000
RLXFW-N-ENGOFF
RLXFW-N-ARM=A15C8000
RLXFW-N-ARMR=00000000
RLXFW-N-ENGON=C4000000
RLXFW-N-ENGOFF
RLXFW-N-ARM=A15C8000
RLXFW-N-ARMR=00000000
RLXFW-N-ENGON=C4000000
RLXFW-N-ENGOFF
RLXFW-N-ARM=A15C8000
RLXFW-N-ARMR=00000000
RLXFW-N-ENGON=C4000000
RLXFW-N-ENGOFF
RLXFW-N-ARM=A15C8000
RLXFW-N-ARMR=00000000
RLXFW-N-ENGON=C4000000
RLXFW-N-ENGOFF
RLXFW-N-ARM=A15C8000
RLXFW-N-ARMR=00000000
RLXFW-N-ENGON=C4000000
RLXFW-N-ENGOFF
RLXFW-N-ARM=A15C8000
RLXFW-N-ARMR=00000000
RLXFW-N-ENGON=C4000000
RLXFW-N-ENGOFF
RLXFW-N-ARM=A15C8000
RLXFW-N-ARMR=00000000
RLXFW-N-ENGON=C4000000
RLXFW-N-ENGOFF
RLXFW-N-ARM=A15C8000
RLXFW-N-ARMR=00000000
RLXFW-N-ENGON=C4000000
RLXFW-N-ENGOFF
RLXFW-N-ARM=A15C8000
RLXFW-N-ARMR=00000000
RLXFW-N-ENGON=C4000000
RLXFW-N-ENGOFF
RLXFW-N-ARM=A15C8000
RLXFW-N-ARMR=00000000
RLXFW-N-ENGON=C4000000
RLXFW-N-ENGOFF
RLXFW-N-ARM=A15C8000
RLXFW-N-ARMR=00000000
RLXFW-N-ENGON=C4000000
RLXFW-N-ENGOFF
RLXFW-N-ARM=A15C8000
RLXFW-N-ARMR=00000000
RLXFW-N-ENGON=C4000000
RLXFW-N-ENGOFF
RLXFW-N-ARM=A15C8000
RLXFW-N-ARMR=00000000
RLXFW-N-ENGON=C4000000
RLXFW-N-ENGOFF
RLXFW-N-ARM=A15C8000
RLXFW-N-ARMR=00000000
RLXFW-N-ENGON=C4000000
RLXFW-N-ENGOFF
RLXFW-N-ARM=A15C8000
RLXFW-N-ARMR=00000000
RLXFW-N-ENGON=C4000000
RLXFW-N-ENGOFF
RLXFW-N-ARM=A15C8000
RLXFW-N-ARMR=00000000
RLXFW-N-ENGON=C4000000
RLXFW-N-ENGOFF
RLXFW-N-ARM=A15C8000
RLXFW-N-ARMR=00000000
RLXFW-N-ENGON=C4000000
RLXFW-N-ENGOFF
RLXFW-N-ARM=A15C8000
RLXFW-N-ARMR=00000000
RLXFW-N-ENGON=C4000000
RLXFW-N-ENGOFF
RLXFW-N-ARM=A15C8000
RLXFW-N-ARMR=00000000
RLXFW-N-ENGON=C4000000
RLXFW-N-ENGOFF
RLXFW-N-ARM=A15C8000
RLXFW-N-ARMR=00000000
RLXFW-N-ENGON=C4000000
RLXFW-N-ENGOFF
RLXFW-N-ARM=A15C8000
RLXFW-N-ARMR=00000000
RLXFW-N-ENGON=C4000000
RLXFW-N-ENGOFF
RLXFW-N-ARM=A15C8000
RLXFW-N-ARMR=00000000
RLXFW-N-ENGON=C4000000
RLXFW-N-ENGOFF
RLXFW-N-ARM=A15C8000
RLXFW-N-ARMR=00000000
RLXFW-N-ENGON=C4000000
RLXFW-N-ENGOFF
RLXFW-N-ARM=A15C8000
RLXFW-N-ARMR=00000000
RLXFW-N-ENGON=C4000000
RLXFW-N-ENGOFF
RLXFW-N-ARM=A15C8000
RLXFW-N-ARMR=00000000
RLXFW-N-ENGON=C4000000
RLXFW-N-ENGOFF
RLXFW-N-ARM=A15C8000
RLXFW-N-ARMR=00000000
RLXFW-N-ENGON=C4000000
RLXFW-N-ENGOFF
RLXFW-N-ARM=A15C8000
RLXFW-N-ARMR=00000000
RLXFW-N-ENGON=C4000000
RLXFW-N-ENGOFF
RLXFW-N-ARM=A15C8000
RLXFW-N-ARMR=00000000
RLXFW-N-ENGON=C4000000
RLXFW-N-ENGOFF
RLXFW-N-ARM=A15C8000
RLXFW-N-ARMR=00000000
RLXFW-N-ENGON=C4000000
RLXFW-N-ENGOFF
RLXFW-N-ARM=A15C8000
RLXFW-N-ARMR=00000000
RLXFW-N-ENGON=C4000000
RLXFW-N-ENGOFF
RLXFW-N-ARM=A15C8000
RLXFW-N-ARMR=00000000
RLXFW-N-ENGON=C4000000
RLXFW-N-ENGOFF
RLXFW-N-ARM=A15C8000
RLXFW-N-ARMR=00000000
RLXFW-N-ENGON=C4000000
RLXFW-N-ENGOFF
RLXFW-N-ARM=A15C8000
RLXFW-N-ARMR=00000000
RLXFW-N-ENGON=C4000000
RLXFW-N-ENGOFF
RLXFW-N-ARM=A15C8000
RLXFW-N-ARMR=00000000
RLXFW-N-ENGON=C4000000
RLXFW-N-ENGOFF
RLXFW-N-ARM=A15C8000
RLXFW-N-ARMR=00000000
RLXFW-N-ENGON=C4000000
RLXFW-N-ENGOFF
RLXFW-N-ARM=A15C8000
RLXFW-N-ARMR=00000000
RLXFW-N-ENGON=C4000000
RLXFW-N-ENGOFF
RLXFW-N-ARM=A15C8000
RLXFW-N-ARMR=00000000
RLXFW-N-ENGON=C4000000
RLXFW-N-ENGOFF
RLXFW-N-ARM=A15C8000
RLXFW-N-ARMR=00000000
RLXFW-N-ENGON=C4000000
RLXFW-N-ENGOFF
RLXFW-N-ARM=A15C8000
RLXFW-N-ARMR=00000000
RLXFW-N-ENGON=C4000000
RLXFW-N-ENGOFF
RLXFW-N-ARM=A15C8000
RLXFW-N-ARMR=00000000
RLXFW-N-ENGON=C4000000
RLXFW-N-ENGOFF
RLXFW-N-ARM=A15C8000
RLXFW-N-ARMR=00000000
RLXFW-N-ENGON=C4000000
RLXFW-N-ENGOFF
RLXFW-N-ARM=A15C8000
RLXFW-N-ARMR=00000000
RLXFW-N-ENGON=C4000000
RLXFW-N-ENGOFF
RLXFW-N-ARM=A15C8000
RLXFW-N-ARMR=00000000
RLXFW-N-ENGON=C4000000
RLXFW-N-ENGOFF
RLXFW-N-ARM=A15C8000
RLXFW-N-ARMR=00000000
RLXFW-N-ENGON=C4000000
RLXFW-N-ENGOFF
RLXFW-N-ARM=A15C8000
RLXFW-N-ARMR=00000000
RLXFW-N-ENGON=C4000000
RLXFW-N-ENGOFF
RLXFW-N-ARM=A15C8000
RLXFW-N-ARMR=00000000
RLXFW-N-ENGON=C4000000
RLXFW-N-ENGOFF
RLXFW-N-ARM=A15C8000
RLXFW-N-ARMR=00000000
RLXFW-N-ENGON=C4000000
RLXFW-N-ENGOFF
RLXFW-N-ARM=A15C8000
RLXFW-N-ARMR=00000000
RLXFW-N-ENGON=C4000000
RLXFW-N-ENGOFF
RLXFW-N-ARM=A15C8000
RLXFW-N-ARMR=00000000
RLXFW-N-ENGON=C4000000
RLXFW-N-ENGOFF
RLXFW-N-ARM=A15C8000
RLXFW-N-ARMR=00000000
RLXFW-N-ENGON=C4000000
RLXFW-N-ENGOFF
RLXFW-N-ARM=A15C8000
RLXFW-N-ARMR=00000000
RLXFW-N-ENGON=C4000000
RLXFW-N-ENGOFF
RLXFW-N-ARM=A15C8000
RLXFW-N-ARMR=00000000
RLXFW-N-ENGON=C4000000
RLXFW-N-ENGOFF
RLXFW-N-ARM=A15C8000
RLXFW-N-ARMR=00000000
RLXFW-N-ENGON=C4000000
RLXFW-N-ENGOFF
RLXFW-N-ARM=A15C8000
RLXFW-N-ARMR=00000000
RLXFW-N-ENGON=C4000000
RLXFW-N-ENGOFF
RLXFW-N-ARM=A15C8000
RLXFW-N-ARMR=00000000
RLXFW-N-ENGON=C4000000
RLXFW-N-ENGOFF
RLXFW-N-ARM=A15C8000
RLXFW-N-ARMR=00000000
RLXFW-N-ENGON=C4000000
RLXFW-N-ENGOFF
RLXFW-N-ARM=A15C8000
RLXFW-N-ARMR=00000000
RLXFW-N-ENGON=C4000000
RLXFW-N-ENGOFF
RLXFW-N-ARM=A15C8000
RLXFW-N-ARMR=00000000
RLXFW-N-ENGON=C4000000
RLXFW-N-ENGOFF
RLXFW-N-ARM=A15C8000
RLXFW-N-ARMR=00000000
RLXFW-N-ENGON=C4000000
RLXFW-N-ENGOFF
RLXFW-N-ARM=A15C8000
RLXFW-N-ARMR=00000000
RLXFW-N-ENGON=C4000000
RLXFW-N-ENGOFF
RLXFW-N-ARM=A15C8000
RLXFW-N-ARMR=00000000
RLXFW-N-ENGON=C4000000
RLXFW-N-ENGOFF
RLXFW-N-ARM=A15C8000
RLXFW-N-ARMR=00000000
RLXFW-N-ENGON=C4000000
RLXFW-N-ENGOFF
RLXFW-N-ARM=A15C8000
RLXFW-N-ARMR=00000000
RLXFW-N-ENGON=C4000000
RLXFW-N-ENGOFF
RLXFW-N-ARM=A15C8000
RLXFW-N-ARMR=00000000
RLXFW-N-ENGON=C4000000
RLXFW-N-ENGOFF
RLXFW-N-ARM=A15C8000
RLXFW-N-ARMR=00000000
RLXFW-N-ENGON=C4000000
RLXFW-N-ENGOFF
RLXFW-N-ARM=A15C8000
RLXFW-N-ARMR=00000000
RLXFW-N-ENGON=C4000000
RLXFW-N-ENGOFF
RLXFW-N-ARM=A15C8000
RLXFW-N-ARMR=00000000
RLXFW-N-ENGON=C4000000
RLXFW-N-ENGOFF
RLXFW-N-ARM=A15C8000
RLXFW-N-ARMR=00000000
RLXFW-N-ENGON=C4000000
RLXFW-N-ENGOFF
RLXFW-N-ARM=A15C8000
RLXFW-N-ARMR=00000000
RLXFW-N-ENGON=C4000000
RLXFW-N-ENGOFF
RLXFW-N-ARM=A15C8000
RLXFW-N-ARMR=00000000
RLXFW-N-ENGON=C4000000
RLXFW-N-ENGOFF
RLXFW-N-ARM=A15C8000
RLXFW-N-ARMR=00000000
RLXFW-N-ENGON=C4000000
RLXFW-N-ENGOFF
RLXFW-N-ARM=A15C8000
RLXFW-N-ARMR=00000000
RLXFW-N-ENGON=C4000000
RLXFW-N-ENGOFF
RLXFW-N-ARM=A15C8000
RLXFW-N-ARMR=00000000
RLXFW-N-ENGON=C4000000
RLXFW-N-ENGOFF
RLXFW-N-ARM=A15C8000
RLXFW-N-ARMR=00000000
RLXFW-N-ENGON=C4000000
RLXFW-N-ENGOFF
RLXFW-N-ARM=A15C8000
RLXFW-N-ARMR=00000000
RLXFW-N-ENGON=C4000000
RLXFW-N-ENGOFF
RLXFW-N-ARM=A15C8000
RLXFW-N-ARMR=00000000
RLXFW-N-ENGON=C4000000
RLXFW-N-ENGOFF
RLXFW-N-ARM=A15C8000
RLXFW-N-ARMR=00000000
RLXFW-N-ENGON=C4000000
RLXFW-N-ENGOFF
RLXFW-N-ARM=A15C8000
RLXFW-N-ARMR=00000000
RLXFW-N-ENGON=C4000000
RLXFW-N-ENGOFF
RLXFW-N-ARM=A15C8000
RLXFW-N-ARMR=00000000
RLXFW-N-ENGON=C4000000
RLXFW-N-ENGOFF
RLXFW-N-ARM=A15C8000
RLXFW-N-ARMR=00000000
RLXFW-N-ENGON=C4000000
RLXFW-N-ENGOFF
RLXFW-N-ARM=A15C8000
RLXFW-N-ARMR=00000000
RLXFW-N-ENGON=C4000000
RLXFW-N-ENGOFF
RLXFW-N-ARM=A15C8000
RLXFW-N-ARMR=00000000
RLXFW-N-ENGON=C4000000
RLXFW-N-ENGOFF
RLXFW-N-ARM=A15C8000
RLXFW-N-ARMR=00000000
RLXFW-N-ENGON=C4000000
RLXFW-N-ENGOFF
RLXFW-N-ARM=A15C8000
RLXFW-N-ARMR=00000000
RLXFW-N-ENGON=C4000000
RLXFW-N-ENGOFF
RLXFW-N-ARM=A15C8000
RLXFW-N-ARMR=00000000
RLXFW-N-ENGON=C4000000
RLXFW-N-ENGOFF
RLXFW-N-ARM=A15C8000
RLXFW-N-ARMR=00000000
RLXFW-N-ENGON=C4000000
RLXFW-N-ENGOFF
RLXFW-N-ARM=A15C8000
RLXFW-N-ARMR=00000000
RLXFW-N-ENGON=C4000000
RLXFW-N-ENGOFF
RLXFW-N-ARM=A15C8000
RLXFW-N-ARMR=00000000
RLXFW-N-ENGON=C4000000
RLXFW-N-ENGOFF
RLXFW-N-ARM=A15C8000
RLXFW-N-ARMR=00000000
RLXFW-N-ENGON=C4000000
RLXFW-N-ENGOFF
RLXFW-N-ARM=A15C8000
RLXFW-N-ARMR=00000000
RLXFW-N-ENGON=C4000000
RLXFW-N-ENGOFF
RLXFW-N-ARM=A15C8000
RLXFW-N-ARMR=00000000
RLXFW-N-ENGON=C4000000
RLXFW-N-ENGOFF
RLXFW-N-ARM=A15C8000
RLXFW-N-ARMR=00000000
RLXFW-N-ENGON=C4000000
RLXFW-N-ENGOFF
RLXFW-N-ARM=A15C8000
RLXFW-N-ARMR=00000000
RLXFW-N-ENGON=C4000000
RLXFW-N-ENGOFF
RLXFW-N-ARM=A15C8000
RLXFW-N-ARMR=00000000
RLXFW-N-ENGON=C4000000
RLXFW-N-ENGOFF
RLXFW-N-ARM=A15C8000
RLXFW-N-ARMR=00000000
RLXFW-N-ENGON=C4000000
RLXFW-N-ENGOFF
RLXFW-N-ARM=A15C8000
RLXFW-N-ARMR=00000000
RLXFW-N-ENGON=C4000000
RLXFW-N-ENGOFF
RLXFW-N-ARM=A15C8000
RLXFW-N-ARMR=00000000
RLXFW-N-ENGON=C4000000
RLXFW-N-ENGOFF
RLXFW-N-ARM=A15C8000
RLXFW-N-ARMR=00000000
RLXFW-N-ENGON=C4000000
RLXFW-N-ENGOFF
RLXFW-N-ARM=A15C8000
RLXFW-N-ARMR=00000000
RLXFW-N-ENGON=C4000000
RLXFW-N-ENGOFF
RLXFW-N-ARM=A15C8000
RLXFW-N-ARMR=00000000
RLXFW-N-ENGON=C4000000
RLXFW-N-ENGOFF
RLXFW-N-ARM=A15C8000
RLXFW-N-ARMR=00000000
RLXFW-N-ENGON=C4000000
RLXFW-N-ENGOFF
RLXFW-N-ARM=A15C8000
RLXFW-N-ARMR=00000000
RLXFW-N-ENGON=C4000000
RLXFW-N-ENGOFF
RLXFW-N-ARM=A15C8000
RLXFW-N-ARMR=00000000
RLXFW-N-ENGON=C4000000
RLXFW-N-ENGOFF
RLXFW-N-ARM=A15C8000
RLXFW-N-ARMR=00000000
RLXFW-N-ENGON=C4000000
RLXFW-N-ENGOFF
RLXFW-N-ARM=A15C8000
RLXFW-N-ARMR=00000000
RLXFW-N-ENGON=C4000000
RLXFW-N-ENGOFF
RLXFW-N-ARM=A15C8000
RLXFW-N-ARMR=00000000
RLXFW-N-ENGON=C4000000
RLXFW-N-ENGOFF
RLXFW-N-ARM=A15C8000
RLXFW-N-ARMR=00000000
RLXFW-N-ENGON=C4000000
RLXFW-N-ENGOFF
RLXFW-N-ARM=A15C8000
RLXFW-N-ARMR=00000000
RLXFW-N-ENGON=C4000000
RLXFW-N-ENGOFF
RLXFW-N-ARM=A15C8000
RLXFW-N-ARMR=00000000
RLXFW-N-ENGON=C4000000
RLXFW-N-ENGOFF
RLXFW-N-ARM=A15C8000
RLXFW-N-ARMR=00000000
RLXFW-N-ENGON=C4000000
RLXFW-N-ENGOFF
RLXFW-N-ARM=A15C8000
RLXFW-N-ARMR=00000000
RLXFW-N-ENGON=C4000000
RLXFW-N-ENGOFF
RLXFW-N-ARM=A15C8000
RLXFW-N-ARMR=00000000
RLXFW-N-ENGON=C4000000
RLXFW-N-ENGOFF
RLXFW-N-ARM=A15C8000
RLXFW-N-ARMR=00000000
RLXFW-N-ENGON=C4000000
RLXFW-N-ENGOFF
RLXFW-N-ARM=A15C8000
RLXFW-N-ARMR=00000000
RLXFW-N-ENGON=C4000000
RLXFW-N-ENGOFF
RLXFW-N-ARM=A15C8000
RLXFW-N-ARMR=00000000
RLXFW-N-ENGON=C4000000
RLXFW-N-ENGOFF
RLXFW-N-ARM=A15C8000
RLXFW-N-ARMR=00000000
RLXFW-N-ENGON=C4000000
RLXFW-N-ENGOFF
RLXFW-N-ARM=A15C8000
RLXFW-N-ARMR=00000000
RLXFW-N-ENGON=C4000000
RLXFW-N-ENGOFF
RLXFW-N-ARM=A15C8000
RLXFW-N-ARMR=00000000
RLXFW-N-ENGON=C4000000
RLXFW-N-ENGOFF
RLXFW-N-ARM=A15C8000
RLXFW-N-ARMR=00000000
RLXFW-N-ENGON=C4000000
RLXFW-N-ENGOFF
RLXFW-N-ARM=A15C8000
RLXFW-N-ARMR=00000000
RLXFW-N-ENGON=C4000000
RLXFW-N-ENGOFF
RLXFW-N-ARM=A15C8000
RLXFW-N-ARMR=00000000
RLXFW-N-ENGON=C4000000
RLXFW-N-ENGOFF
RLXFW-N-ARM=A15C8000
RLXFW-N-ARMR=00000000
RLXFW-N-ENGON=C4000000
RLXFW-N-ENGOFF
RLXFW-N-ARM=A15C8000
RLXFW-N-ARMR=00000000
RLXFW-N-ENGON=C4000000
RLXFW-N-ENGOFF
RLXFW-N-ARM=A15C8000
RLXFW-N-ARMR=00000000
RLXFW-N-ENGON=C4000000
RLXFW-N-ENGOFF
RLXFW-N-ARM=A15C8000
RLXFW-N-ARMR=00000000
RLXFW-N-ENGON=C4000000
RLXFW-N-ENGOFF
RLXFW-N-ARM=A15C8000
RLXFW-N-ARMR=00000000
RLXFW-N-ENGON=C4000000
RLXFW-N-ENGOFF
RLXFW-N-ARM=A15C8000
RLXFW-N-ARMR=00000000
RLXFW-N-ENGON=C4000000
RLXFW-N-ENGOFF
RLXFW-N-ARM=A15C8000
RLXFW-N-ARMR=00000000
RLXFW-N-ENGON=C4000000
RLXFW-N-ENGOFF
RLXFW-N-ARM=A15C8000
RLXFW-N-ARMR=00000000
RLXFW-N-ENGON=C4000000
RLXFW-N-ENGOFF
RLXFW-N-ARM=A15C8000
RLXFW-N-ARMR=00000000
RLXFW-N-ENGON=C4000000
RLXFW-N-ENGOFF
RLXFW-N-ARM=A15C8000
RLXFW-N-ARMR=00000000
RLXFW-N-ENGON=C4000000
RLXFW-N-ENGOFF
RLXFW-N-ARM=A15C8000
RLXFW-N-ARMR=00000000
RLXFW-N-ENGON=C4000000
RLXFW-N-ENGOFF
RLXFW-N-ARM=A15C8000
RLXFW-N-ARMR=00000000
RLXFW-N-ENGON=C4000000
RLXFW-N-ENGOFF
RLXFW-N-ARM=A15C8000
RLXFW-N-ARMR=00000000
RLXFW-N-ENGON=C4000000
RLXFW-N-ENGOFF
RLXFW-N-ARM=A15C8000
RLXFW-N-ARMR=00000000
RLXFW-N-ENGON=C4000000
RLXFW-N-ENGOFF
RLXFW-N-ARM=A15C8000
RLXFW-N-ARMR=00000000
RLXFW-N-ENGON=C4000000
RLXFW-N-ENGOFF
RLXFW-N-ARM=A15C8000
RLXFW-N-ARMR=00000000
RLXFW-N-ENGON=C4000000
RLXFW-N-ENGOFF
RLXFW-N-ARM=A15C8000
RLXFW-N-ARMR=00000000
RLXFW-N-ENGON=C4000000
RLXFW-N-ENGOFF
RLXFW-N-ARM=A15C8000
RLXFW-N-ARMR=00000000
RLXFW-N-ENGON=C4000000
RLXFW-N-ENGOFF
RLXFW-N-ARM=A15C8000
RLXFW-N-ARMR=00000000
RLXFW-N-ENGON=C4000000
RLXFW-N-ENGOFF
RLXFW-N-ARM=A15C8000
RLXFW-N-ARMR=00000000
RLXFW-N-ENGON=C4000000
RLXFW-N-ENGOFF
RLXFW-N-ARM=A15C8000
RLXFW-N-ARMR=00000000
RLXFW-N-ENGON=C4000000
RLXFW-N-ENGOFF
RLXFW-N-ARM=A15C8000
RLXFW-N-ARMR=00000000
RLXFW-N-ENGON=C4000000
RLXFW-N-ENGOFF
RLXFW-N-ARM=A15C8000
RLXFW-N-ARMR=00000000
RLXFW-N-ENGON=C4000000
RLXFW-N-ENGOFF
RLXFW-N-ARM=A15C8000
RLXFW-N-ARMR=00000000
RLXFW-N-ENGON=C4000000
RLXFW-N-ENGOFF
RLXFW-N-ARM=A15C8000
RLXFW-N-ARMR=00000000
RLXFW-N-ENGON=C4000000
RLXFW-N-ENGOFF
RLXFW-N-ARM=A15C8000
RLXFW-N-ARMR=00000000
RLXFW-N-ENGON=C4000000
RLXFW-N-ENGOFF
RLXFW-N-ARM=A15C8000
RLXFW-N-ARMR=00000000
RLXFW-N-ENGON=C4000000
RLXFW-N-ENGOFF
RLXFW-N-ARM=A15C8000
RLXFW-N-ARMR=00000000
RLXFW-N-ENGON=C4000000
RLXFW-N-ENGOFF
RLXFW-N-ARM=A15C8000
RLXFW-N-ARMR=00000000
RLXFW-N-ENGON=C4000000
RLXFW-N-ENGOFF
RLXFW-N-ARM=A15C8000
RLXFW-N-ARMR=00000000
RLXFW-N-ENGON=C4000000
RLXFW-N-ENGOFF
RLXFW-N-ARM=A15C8000
RLXFW-N-ARMR=00000000
RLXFW-N-ENGON=C4000000
RLXFW-N-ENGOFF
RLXFW-N-ARM=A15C8000
RLXFW-N-ARMR=00000000
RLXFW-N-ENGON=C4000000
RLXFW-N-ENGOFF
RLXFW-N-ARM=A15C8000
RLXFW-N-ARMR=00000000
RLXFW-N-ENGON=C4000000
RLXFW-N-ENGOFF
RLXFW-N-ARM=A15C8000
RLXFW-N-ARMR=00000000
RLXFW-N-ENGON=C4000000
RLXFW-N-ENGOFF
RLXFW-N-ARM=A15C8000
RLXFW-N-ARMR=00000000
RLXFW-N-ENGON=C4000000
RLXFW-N-ENGOFF
RLXFW-N-ARM=A15C8000
RLXFW-N-ARMR=00000000
RLXFW-N-ENGON=C4000000
RLXFW-N-ENGOFF
RLXFW-N-ARM=A15C8000
RLXFW-N-ARMR=00000000
RLXFW-N-ENGON=C4000000
RLXFW-N-ENGOFF
RLXFW-N-ARM=A15C8000
RLXFW-N-ARMR=00000000
RLXFW-N-ENGON=C4000000
RLXFW-N-ENGOFF
RLXFW-N-ARM=A15C8000
RLXFW-N-ARMR=00000000
RLXFW-N-ENGON=C4000000
RLXFW-N-ENGOFF
RLXFW-N-ARM=A15C8000
RLXFW-N-ARMR=00000000
RLXFW-N-ENGON=C4000000
RLXFW-N-ENGOFF
RLXFW-N-ARM=A15C8000
RLXFW-N-ARMR=00000000
RLXFW-N-ENGON=C4000000
RLXFW-N-ENGOFF
RLXFW-N-ARM=A15C8000
RLXFW-N-ARMR=00000000
RLXFW-N-ENGON=C4000000
RLXFW-N-ENGOFF
RLXFW-N-ARM=A15C8000
RLXFW-N-ARMR=00000000
RLXFW-N-ENGON=C4000000
RLXFW-N-ENGOFF
RLXFW-N-ARM=A15C8000
RLXFW-N-ARMR=00000000
RLXFW-N-ENGON=C4000000
RLXFW-N-ENGOFF
RLXFW-N-ARM=A15C8000
RLXFW-N-ARMR=00000000
RLXFW-N-ENGON=C4000000
RLXFW-N-ENGOFF
RLXFW-N-ARM=A15C8000
RLXFW-N-ARMR=00000000
RLXFW-N-ENGON=C4000000
RLXFW-N-ENGOFF
RLXFW-N-ARM=A15C8000
RLXFW-N-ARMR=00000000
RLXFW-N-ENGON=C4000000
RLXFW-N-ENGOFF
RLXFW-N-ARM=A15C8000
RLXFW-N-ARMR=00000000
RLXFW-N-ENGON=C4000000
RLXFW-N-ENGOFF
RLXFW-N-ARM=A15C8000
RLXFW-N-ARMR=00000000
RLXFW-N-ENGON=C4000000
RLXFW-N-ENGOFF
RLXFW-N-ARM=A15C8000
RLXFW-N-ARMR=00000000
RLXFW-N-ENGON=C4000000
RLXFW-N-ENGOFF
RLXFW-N-ARM=A15C8000
RLXFW-N-ARMR=00000000
RLXFW-N-ENGON=C4000000
RLXFW-N-ENGOFF
RLXFW-N-ARM=A15C8000
RLXFW-N-ARMR=00000000
RLXFW-N-ENGON=C4000000
RLXFW-N-ENGOFF
RLXFW-N-ARM=A15C8000
RLXFW-N-ARMR=00000000
RLXFW-N-ENGON=C4000000
RLXFW-N-ENGOFF
RLXFW-N-ARM=A15C8000
RLXFW-N-ARMR=00000000
RLXFW-N-ENGON=C4000000
RLXFW-N-ENGOFF
RLXFW-N-ARM=A15C8000
RLXFW-N-ARMR=00000000
RLXFW-N-ENGON=C4000000
RLXFW-N-ENGOFF
RLXFW-N-ARM=A15C8000
RLXFW-N-ARMR=00000000
RLXFW-N-ENGON=C4000000
RLXFW-N-ENGOFF
RLXFW-N-ARM=A15C8000
RLXFW-N-ARMR=00000000
RLXFW-N-ENGON=C4000000
RLXFW-N-ENGOFF
RLXFW-N-ARM=A15C8000
RLXFW-N-ARMR=00000000
RLXFW-N-ENGON=C4000000
RLXFW-N-ENGOFF
RLXFW-N-ARM=A15C8000
RLXFW-N-ARMR=00000000
RLXFW-N-ENGON=C4000000
RLXFW-N-ENGOFF
RLXFW-N-ARM=A15C8000
RLXFW-N-ARMR=00000000
RLXFW-N-ENGON=C4000000
RLXFW-N-ENGOFF
RLXFW-N-ARM=A15C8000
RLXFW-N-ARMR=00000000
RLXFW-N-ENGON=C4000000
RLXFW-N-ENGOFF
RLXFW-N-ARM=A15C8000
RLXFW-N-ARMR=00000000
RLXFW-N-ENGON=C4000000
RLXFW-N-ENGOFF
RLXFW-N-ARM=A15C8000
RLXFW-N-ARMR=00000000
RLXFW-N-ENGON=C4000000
RLXFW-N-ENGOFF
RLXFW-N-ARM=A15C8000
RLXFW-N-ARMR=00000000
RLXFW-N-ENGON=C4000000
RLXFW-N-ENGOFF
RLXFW-N-ARM=A15C8000
RLXFW-N-ARMR=00000000
RLXFW-N-ENGON=C4000000
RLXFW-N-ENGOFF
RLXFW-N-ARM=A15C8000
RLXFW-N-ARMR=00000000
RLXFW-N-ENGON=C4000000
RLXFW-N-ENGOFF
RLXFW-N-ARM=A15C8000
RLXFW-N-ARMR=00000000
RLXFW-N-ENGON=C4000000
RLXFW-N-ENGOFF
RLXFW-N-ARM=A15C8000
RLXFW-N-ARMR=00000000
RLXFW-N-ENGON=C4000000
RLXFW-N-ENGOFF
RLXFW-N-ARM=A15C8000
RLXFW-N-ARMR=00000000
RLXFW-N-ENGON=C4000000
RLXFW-N-ENGOFF
RLXFW-N-ARM=A15C8000
RLXFW-N-ARMR=00000000
RLXFW-N-ENGON=C4000000
RLXFW-N-ENGOFF
RLXFW-N-ARM=A15C8000
RLXFW-N-ARMR=00000000
RLXFW-N-ENGON=C4000000
RLXFW-N-ENGOFF
RLXFW-N-ARM=A15C8000
RLXFW-N-ARMR=00000000
RLXFW-N-ENGON=C4000000
RLXFW-N-ENGOFF
RLXFW-N-ARM=A15C8000
RLXFW-N-ARMR=00000000
RLXFW-N-ENGON=C4000000
RLXFW-N-ENGOFF
RLXFW-N-ARM=A15C8000
RLXFW-N-ARMR=00000000
RLXFW-N-ENGON=C4000000
RLXFW-N-ENGOFF
RLXFW-N-ARM=A15C8000
RLXFW-N-ARMR=00000000
RLXFW-N-ENGON=C4000000
RLXFW-N-ENGOFF
RLXFW-N-ARM=A15C8000
RLXFW-N-ARMR=00000000
RLXFW-N-ENGON=C4000000
RLXFW-N-ENGOFF
RLXFW-N-ARM=A15C8000
RLXFW-N-ARMR=00000000
RLXFW-N-ENGON=C4000000
RLXFW-N-ENGOFF
RLXFW-N-ARM=A15C8000
RLXFW-N-ARMR=00000000
RLXFW-N-ENGON=C4000000
RLXFW-N-ENGOFF
RLXFW-N-ARM=A15C8000
RLXFW-N-ARMR=00000000
RLXFW-N-ENGON=C4000000
RLXFW-N-ENGOFF
RLXFW-N-ARM=A15C8000
RLXFW-N-ARMR=00000000
RLXFW-N-ENGON=C4000000
RLXFW-N-ENGOFF
RLXFW-N-ARM=A15C8000
RLXFW-N-ARMR=00000000
RLXFW-N-ENGON=C4000000
RLXFW-N-ENGOFF
RLXFW-N-ARM=A15C8000
RLXFW-N-ARMR=00000000
RLXFW-N-ENGON=C4000000
RLXFW-N-ENGOFF
RLXFW-N-ARM=A15C8000
RLXFW-N-ARMR=00000000
RLXFW-N-ENGON=C4000000
RLXFW-N-ENGOFF
RLXFW-N-ARM=A15C8000
RLXFW-N-ARMR=00000000
RLXFW-N-ENGON=C4000000
RLXFW-N-ENGOFF
RLXFW-N-ARM=A15C8000
RLXFW-N-ARMR=00000000
RLXFW-N-ENGON=C4000000
RLXFW-N-ENGOFF
RLXFW-N-ARM=A15C8000
RLXFW-N-ARMR=00000000
RLXFW-N-ENGON=C4000000
RLXFW-N-ENGOFF
RLXFW-N-ARM=A15C8000
RLXFW-N-ARMR=00000000
RLXFW-N-ENGON=C4000000
RLXFW-N-ENGOFF
RLXFW-N-ARM=A15C8000
RLXFW-N-ARMR=00000000
RLXFW-N-ENGON=C4000000
RLXFW-N-ENGOFF
RLXFW-N-ARM=A15C8000
RLXFW-N-ARMR=00000000
RLXFW-N-ENGON=C4000000
RLXFW-N-ENGOFF
RLXFW-N-ARM=A15C8000
RLXFW-N-ARMR=00000000
RLXFW-N-ENGON=C4000000
RLXFW-N-ENGOFF
RLXFW-N-ARM=A15C8000
RLXFW-N-ARMR=00000000
RLXFW-N-ENGON=C4000000
RLXFW-N-ENGOFF
RLXFW-N-ARM=A15C8000
RLXFW-N-ARMR=00000000
RLXFW-N-ENGON=C4000000
RLXFW-N-ENGOFF
RLXFW-N-ARM=A15C8000
RLXFW-N-ARMR=00000000
RLXFW-N-ENGON=C4000000
RLXFW-N-ENGOFF
RLXFW-N-ARM=A15C8000
RLXFW-N-ARMR=00000000
RLXFW-N-ENGON=C4000000
RLXFW-N-ENGOFF
RLXFW-N-ARM=A15C8000
RLXFW-N-ARMR=00000000
RLXFW-N-ENGON=C4000000
RLXFW-N-ENGOFF
RLXFW-N-ARM=A15C8000
RLXFW-N-ARMR=00000000
RLXFW-N-ENGON=C4000000
RLXFW-N-ENGOFF
RLXFW-N-ARM=A15C8000
RLXFW-N-ARMR=00000000
RLXFW-N-ENGON=C4000000
RLXFW-N-ENGOFF
RLXFW-N-ARM=A15C8000
RLXFW-N-ARMR=00000000
RLXFW-N-ENGON=C4000000
RLXFW-N-ENGOFF
RLXFW-N-ARM=A15C8000
RLXFW-N-ARMR=00000000
RLXFW-N-ENGON=C4000000
RLXFW-N-ENGOFF
RLXFW-N-ARM=A15C8000
RLXFW-N-ARMR=00000000
RLXFW-N-ENGON=C4000000
RLXFW-N-ENGOFF
RLXFW-N-ARM=A15C8000
RLXFW-N-ARMR=00000000
RLXFW-N-ENGON=C4000000
RLXFW-N-ENGOFF
RLXFW-N-ARM=A15C8000
RLXFW-N-ARMR=00000000
RLXFW-N-ENGON=C4000000
RLXFW-N-ENGOFF
RLXFW-N-ARM=A15C8000
RLXFW-N-ARMR=00000000
RLXFW-N-ENGON=C4000000
RLXFW-N-ENGOFF
RLXFW-N-ARM=A15C8000
RLXFW-N-ARMR=00000000
RLXFW-N-ENGON=C4000000
RLXFW-N-ENGOFF
RLXFW-N-ARM=A15C8000
RLXFW-N-ARMR=00000000
RLXFW-N-ENGON=C4000000
RLXFW-N-ENGOFF
RLXFW-N-ARM=A15C8000
RLXFW-N-ARMR=00000000
RLXFW-N-ENGON=C4000000
RLXFW-N-ENGOFF
RLXFW-N-ARM=A15C8000
RLXFW-N-ARMR=00000000
RLXFW-N-ENGON=C4000000
RLXFW-N-ENGOFF
RLXFW-N-ARM=A15C8000
RLXFW-N-ARMR=00000000
RLXFW-N-ENGON=C4000000
RLXFW-N-ENGOFF
RLXFW-N-ARM=A15C8000
RLXFW-N-ARMR=00000000
RLXFW-N-ENGON=C4000000
RLXFW-N-ENGOFF
RLXFW-N-ARM=A15C8000
RLXFW-N-ARMR=00000000
RLXFW-N-ENGON=C4000000
RLXFW-N-ENGOFF
RLXFW-N-ARM=A15C8000
RLXFW-N-ARMR=00000000
RLXFW-N-ENGON=C4000000
RLXFW-N-ENGOFF
RLXFW-N-ARM=A15C8000
RLXFW-N-ARMR=00000000
RLXFW-N-ENGON=C4000000
RLXFW-N-ENGOFF
RLXFW-N-ARM=A15C8000
RLXFW-N-ARMR=00000000
RLXFW-N-ENGON=C4000000
RLXFW-N-ENGOFF
RLXFW-N-ARM=A15C8000
RLXFW-N-ARMR=00000000
RLXFW-N-ENGON=C4000000
RLXFW-N-ENGOFF
RLXFW-N-ARM=A15C8000
RLXFW-N-ARMR=00000000
RLXFW-N-ENGON=C4000000
RLXFW-N-ENGOFF
RLXFW-N-ARM=A15C8000
RLXFW-N-ARMR=00000000
RLXFW-N-ENGON=C4000000
RLXFW-N-ENGOFF
RLXFW-N-ARM=A15C8000
RLXFW-N-ARMR=00000000
RLXFW-N-ENGON=C4000000
RLXFW-N-ENGOFF
RLXFW-N-ARM=A15C8000
RLXFW-N-ARMR=00000000
RLXFW-N-ENGON=C4000000
RLXFW-N-ENGOFF
RLXFW-N-ARM=A15C8000
RLXFW-N-ARMR=00000000
RLXFW-N-ENGON=C4000000
RLXFW-N-ENGOFF
RLXFW-N-ARM=A15C8000
RLXFW-N-ARMR=00000000
RLXFW-N-ENGON=C4000000
RLXFW-N-ENGOFF
RLXFW-N-ARM=A15C8000
RLXFW-N-ARMR=00000000
RLXFW-N-ENGON=C4000000
RLXFW-N-ENGOFF
RLXFW-N-ARM=A15C8000
RLXFW-N-ARMR=00000000
RLXFW-N-ENGON=C4000000
RLXFW-N-ENGOFF
RLXFW-N-ARM=A15C8000
RLXFW-N-ARMR=00000000
RLXFW-N-ENGON=C4000000
RLXFW-N-ENGOFF
RLXFW-N-ARM=A15C8000
RLXFW-N-ARMR=00000000
RLXFW-N-ENGON=C4000000
RLXFW-N-ENGOFF
RLXFW-N-ARM=A15C8000
RLXFW-N-ARMR=00000000
RLXFW-N-ENGON=C4000000
RLXFW-N-ENGOFF
RLXFW-N-ARM=A15C8000
RLXFW-N-ARMR=00000000
RLXFW-N-ENGON=C4000000
RLXFW-N-ENGOFF
RLXFW-N-ARM=A15C8000
RLXFW-N-ARMR=00000000
RLXFW-N-ENGON=C4000000
RLXFW-N-ENGOFF
RLXFW-N-ARM=A15C8000
RLXFW-N-ARMR=00000000
RLXFW-N-ENGON=C4000000
RLXFW-N-ENGOFF
RLXFW-N-ARM=A15C8000
RLXFW-N-ARMR=00000000
RLXFW-N-ENGON=C4000000
RLXFW-N-ENGOFF
RLXFW-N-ARM=A15C8000
RLXFW-N-ARMR=00000000
RLXFW-N-ENGON=C4000000
RLXFW-N-ENGOFF
RLXFW-N-ARM=A15C8000
RLXFW-N-ARMR=00000000
RLXFW-N-ENGON=C4000000
RLXFW-N-ENGOFF
RLXFW-N-ARM=A15C8000
RLXFW-N-ARMR=00000000
RLXFW-N-ENGON=C4000000
RLXFW-N-ENGOFF
RLXFW-N-ARM=A15C8000
RLXFW-N-ARMR=00000000
RLXFW-N-ENGON=C4000000
RLXFW-N-ENGOFF
RLXFW-N-ARM=A15C8000
RLXFW-N-ARMR=00000000
RLXFW-N-ENGON=C4000000
RLXFW-N-ENGOFF
RLXFW-N-ARM=A15C8000
RLXFW-N-ARMR=00000000
RLXFW-N-ENGON=C4000000
RLXFW-N-ENGOFF
RLXFW-N-ARM=A15C8000
RLXFW-N-ARMR=00000000
RLXFW-N-ENGON=C4000000
RLXFW-N-ENGOFF
RLXFW-N-ARM=A15C8000
RLXFW-N-ARMR=00000000
RLXFW-N-ENGON=C4000000
RLXFW-N-ENGOFF
RLXFW-N-ARM=A15C8000
RLXFW-N-ARMR=00000000
RLXFW-N-ENGON=C4000000
RLXFW-N-ENGOFF
RLXFW-N-ARM=A15C8000
RLXFW-N-ARMR=00000000
RLXFW-N-ENGON=C4000000
RLXFW-N-ENGOFF
RLXFW-N-ARM=A15C8000
RLXFW-N-ARMR=00000000
RLXFW-N-ENGON=C4000000
RLXFW-N-ENGOFF
RLXFW-N-ARM=A15C8000
RLXFW-N-ARMR=00000000
RLXFW-N-ENGON=C4000000
RLXFW-N-ENGOFF
RLXFW-N-ARM=A15C8000
RLXFW-N-ARMR=00000000
RLXFW-N-ENGON=C4000000
RLXFW-N-ENGOFF
RLXFW-N-ARM=A15C8000
RLXFW-N-ARMR=00000000
RLXFW-N-ENGON=C4000000
RLXFW-N-ENGOFF
RLXFW-N-ARM=A15C8000
RLXFW-N-ARMR=00000000
RLXFW-N-ENGON=C4000000
RLXFW-N-ENGOFF
RLXFW-N-ARM=A15C8000
RLXFW-N-ARMR=00000000
RLXFW-N-ENGON=C4000000
RLXFW-N-ENGOFF
RLXFW-N-ARM=A15C8000
RLXFW-N-ARMR=00000000
RLXFW-N-ENGON=C4000000
RLXFW-N-ENGOFF
RLXFW-N-ARM=A15C8000
RLXFW-N-ARMR=00000000
RLXFW-N-ENGON=C4000000
RLXFW-N-ENGOFF
RLXFW-N-ARM=A15C8000
RLXFW-N-ARMR=00000000
RLXFW-N-ENGON=C4000000
RLXFW-N-ENGOFF
RLXFW-N-ARM=A15C8000
RLXFW-N-ARMR=00000000
RLXFW-N-ENGON=C4000000
RLXFW-N-ENGOFF
RLXFW-N-ARM=A15C8000
RLXFW-N-ARMR=00000000
RLXFW-N-ENGON=C4000000
RLXFW-N-ENGOFF
RLXFW-N-ARM=A15C8000
RLXFW-N-ARMR=00000000
RLXFW-N-ENGON=C4000000
RLXFW-N-ENGOFF
RLXFW-N-ARM=A15C8000
RLXFW-N-ARMR=00000000
RLXFW-N-ENGON=C4000000
RLXFW-N-ENGOFF
RLXFW-N-ARM=A15C8000
RLXFW-N-ARMR=00000000
RLXFW-N-ENGON=C4000000
RLXFW-N-ENGOFF
RLXFW-N-ARM=A15C8000
RLXFW-N-ARMR=00000000
RLXFW-N-ENGON=C4000000
RLXFW-N-ENGOFF
RLXFW-N-ARM=A15C8000
RLXFW-N-ARMR=00000000
RLXFW-N-ENGON=C4000000
RLXFW-N-ENGOFF
RLXFW-N-ARM=A15C8000
RLXFW-N-ARMR=00000000
RLXFW-N-ENGON=C4000000
RLXFW-N-ENGOFF
RLXFW-N-ARM=A15C8000
RLXFW-N-ARMR=00000000
RLXFW-N-ENGON=C4000000
RLXFW-N-ENGOFF
RLXFW-N-ARM=A15C8000
RLXFW-N-ARMR=00000000
RLXFW-N-ENGON=C4000000
RLXFW-N-ENGOFF
RLXFW-N-ARM=A15C8000
RLXFW-N-ARMR=00000000
RLXFW-N-ENGON=C4000000
RLXFW-N-ENGOFF
RLXFW-N-ARM=A15C8000
RLXFW-N-ARMR=00000000
RLXFW-N-ENGON=C4000000
RLXFW-N-ENGOFF
RLXFW-N-ARM=A15C8000
RLXFW-N-ARMR=00000000
RLXFW-N-ENGON=C4000000
RLXFW-N-ENGOFF
RLXFW-N-ARM=A15C8000
RLXFW-N-ARMR=00000000
RLXFW-N-ENGON=C4000000
RLXFW-N-ENGOFF
RLXFW-N-ARM=A15C8000
RLXFW-N-ARMR=00000000
RLXFW-N-ENGON=C4000000
RLXFW-N-ENGOFF
RLXFW-N-ARM=A15C8000
RLXFW-N-ARMR=00000000
RLXFW-N-ENGON=C4000000
RLXFW-N-ENGOFF
RLXFW-N-ARM=A15C8000
RLXFW-N-ARMR=00000000
RLXFW-N-ENGON=C4000000
RLXFW-N-ENGOFF
RLXFW-N-ARM=A15C8000
RLXFW-N-ARMR=00000000
RLXFW-N-ENGON=C4000000
RLXFW-N-ENGOFF
RLXFW-N-ARM=A15C8000
RLXFW-N-ARMR=00000000
RLXFW-N-ENGON=C4000000
RLXFW-N-ENGOFF
RLXFW-N-ARM=A15C8000
RLXFW-N-ARMR=00000000
RLXFW-N-ENGON=C4000000
RLXFW-N-ENGOFF
RLXFW-N-ARM=A15C8000
RLXFW-N-ARMR=00000000
RLXFW-N-ENGON=C4000000
RLXFW-N-ENGOFF
RLXFW-N-ARM=A15C8000
RLXFW-N-ARMR=00000000
RLXFW-N-ENGON=C4000000
RLXFW-N-ENGOFF
RLXFW-N-ARM=A15C8000
RLXFW-N-ARMR=00000000
RLXFW-N-ENGON=C4000000
RLXFW-N-ENGOFF
RLXFW-N-ARM=A15C8000
RLXFW-N-ARMR=00000000
RLXFW-N-ENGON=C4000000
RLXFW-N-ENGOFF
RLXFW-N-ARM=A15C8000
RLXFW-N-ARMR=00000000
RLXFW-N-ENGON=C4000000
RLXFW-N-ENGOFF
RLXFW-N-ARM=A15C8000
RLXFW-N-ARMR=00000000
RLXFW-N-ENGON=C4000000
RLXFW-N-ENGOFF
RLXFW-N-ARM=A15C8000
RLXFW-N-ARMR=00000000
RLXFW-N-ENGON=C4000000
RLXFW-N-ENGOFF
RLXFW-N-ARM=A15C8000
RLXFW-N-ARMR=00000000
RLXFW-N-ENGON=C4000000
RLXFW-N-ENGOFF
RLXFW-N-ARM=A15C8000
RLXFW-N-ARMR=00000000
RLXFW-N-ENGON=C4000000
RLXFW-N-ENGOFF
RLXFW-N-ARM=A15C8000
RLXFW-N-ARMR=00000000
RLXFW-N-ENGON=C4000000
RLXFW-N-ENGOFF
RLXFW-N-ARM=A15C8000
RLXFW-N-ARMR=00000000
RLXFW-N-ENGON=C4000000
RLXFW-N-ENGOFF
RLXFW-N-ARM=A15C8000
RLXFW-N-ARMR=00000000
RLXFW-N-ENGON=C4000000
RLXFW-N-ENGOFF
RLXFW-N-ARM=A15C8000
RLXFW-N-ARMR=00000000
RLXFW-N-ENGON=C4000000
RLXFW-N-ENGOFF
RLXFW-N-ARM=A15C8000
RLXFW-N-ARMR=00000000
RLXFW-N-ENGON=C4000000
RLXFW-N-ENGOFF
RLXFW-N-ARM=A15C8000
RLXFW-N-ARMR=00000000
RLXFW-N-ENGON=C4000000
RLXFW-N-ENGOFF
RLXFW-N-ARM=A15C8000
RLXFW-N-ARMR=00000000
RLXFW-N-ENGON=C4000000
RLXFW-N-ENGOFF
RLXFW-N-ARM=A15C8000
RLXFW-N-ARMR=00000000
RLXFW-N-ENGON=C4000000
RLXFW-N-ENGOFF
RLXFW-N-ARM=A15C8000
RLXFW-N-ARMR=00000000
RLXFW-N-ENGON=C4000000
RLXFW-N-ENGOFF
RLXFW-N-ARM=A15C8000
RLXFW-N-ARMR=00000000
RLXFW-N-SWSUM=016C0000
RLXFW-N-SWEND=00000000
version rtl819x-nic 1.5
tx15 txlen vendor txoff 2 txrb 0 dirty 0 p15 1
v15 last sweep 22 ok 35 refused 0 txq 6461 arm15 27
w0 F 787 pol vendor off 2 rb 0 path tx n 6460
w1 F 60 pol vendor off 2 rb 0 path tx n 6461
w2 F 1514 pol rlxfw off 2 rb 0 path xmit n 2088
w3 F 1514 pol rlxfw off 2 rb 0 path xmit n 2089
r0 A15C81D0 A15C8230 03170000 00000000 8800003F 00000000 00000000 00000000 A15C81D0 0317009C A15CC292 A15CC292 03170000
r1 A15C81E8 A15C8248 00400000 00000000 8800003F 00000000 00000000 00000000 A15C81E8 0040009C A15CCA92 A15CCA92 00400000
r2 A15C8200 A15C8260 00000000 00000000 88000000 00000000 00000000 00000000 A15C8200 0000009C 00000000 00000000 00000000
r3 A15C821A A15C8278 00000000 00000000 88000000 00000000 00000000 00000000 A15C8218 0000009C 00000000 00000000 00000000
rb chk 0 bad 0 first n 0 slot 0 word 0 got 00000000 want 00000000
sw done mode wire from 424 to 787 probe 60 rc 0 bufs A15C8290
sw key txlen vendor txoff 2 txrb 0 mode wire probe 60 rings 1 rec 728
sw scored 364 bad_a 0 bad_b 0 void 0 skew 0 retry 0 foreign 0 alien 0
sw delta0 0 reg 0 units 364 timeout 0 cycles 364 drained 0 j0 43502 j1 44395
sw last 787 a 0 A b 0 A x 0
mt none 727 clean 728 bad_b 0 bad_a 0 void 0 skew 0
m00 7777777777777777777777777777777777777777777777777777777777777777
m01 7777777777777777777777777777777777777777777777777777777777777777
m02 7777777777777777777777777777777777777777777777777777777777777777
m03 7777777777777777777777777777777777777777777777777777777777777777
m04 7777777777777777777777777777777777777777777777777777777777777777
m05 7777777777777777777777777777777777777777777700000000000000000000
m06 0000000000000000000000000000000000000000000000000000000000000000
m07 0000000000000000000000000000000000000000000000000000000000000000
m08 0000000000000000000000000000000000000000000000000000000000000000
m09 0000000000000000000000000000000000000000000000000000000000000000
m10 0000000000000000000000000000000000000000000000000000000000000000
m11 0000000000000000000000000000000000000000000000000000000000000000
hb n 0 other 0 void 0
ww 60 0:AA:0 0:AA:0 0:AA:0 0:AA:0 0:AA:0 0:AA:0 0:AA:0 0:AA:0
ww 68 0:AA:0 0:AA:0 0:AA:0 0:AA:0 0:AA:0 0:AA:0 0:AA:0 0:AA:0
ww 76 0:AA:0 0:AA:0 0:AA:0 0:AA:0 0:AA:0 0:AA:0 0:AA:0 0:AA:0
ww 84 0:AA:0 0:AA:0 0:AA:0 0:AA:0 0:AA:0 0:AA:0 0:AA:0 0:AA:0
# 