/sys/class/net/enxfc19286184c9/statistics/collisions:0
/sys/class/net/enxfc19286184c9/statistics/multicast:0
/sys/class/net/enxfc19286184c9/statistics/rx_bytes:1378349
/sys/class/net/enxfc19286184c9/statistics/rx_compressed:0
/sys/class/net/enxfc19286184c9/statistics/rx_crc_errors:0
/sys/class/net/enxfc19286184c9/statistics/rx_dropped:0
/sys/class/net/enxfc19286184c9/statistics/rx_errors:0
/sys/class/net/enxfc19286184c9/statistics/rx_fifo_errors:0
/sys/class/net/enxfc19286184c9/statistics/rx_frame_errors:0
/sys/class/net/enxfc19286184c9/statistics/rx_length_errors:0
/sys/class/net/enxfc19286184c9/statistics/rx_missed_errors:0
/sys/class/net/enxfc19286184c9/statistics/rx_nohandler:0
/sys/class/net/enxfc19286184c9/statistics/rx_over_errors:0
/sys/class/net/enxfc19286184c9/statistics/rx_packets:5531
/sys/class/net/enxfc19286184c9/statistics/tx_aborted_errors:0
/sys/class/net/enxfc19286184c9/statistics/tx_bytes:2573840
/sys/class/net/enxfc19286184c9/statistics/tx_carrier_errors:0
/sys/class/net/enxfc19286184c9/statistics/tx_compressed:0
/sys/class/net/enxfc19286184c9/statistics/tx_dropped:0
/sys/class/net/enxfc19286184c9/statistics/tx_errors:0
/sys/class/net/enxfc19286184c9/statistics/tx_fifo_errors:0
/sys/class/net/enxfc19286184c9/statistics/tx_heartbeat_errors:0
/sys/class/net/enxfc19286184c9/statistics/tx_packets:4500
/sys/class/net/enxfc19286184c9/statistics/tx_window_errors:0
Ip: Forwarding DefaultTTL InReceives InHdrErrors InAddrErrors ForwDatagrams InUnknownProtos InDiscards InDelivers OutRequests OutDiscards OutNoRoutes ReasmTimeout ReasmReqds ReasmOKs ReasmFails FragOKs FragFails FragCreates OutTransmits
Ip: 2 64 657635 0 0 0 0 0 657611 655841 0 0 0 0 0 0 0 0 0 655841
Icmp: InMsgs InErrors InCsumErrors InDestUnreachs InTimeExcds InParmProbs InSrcQuenchs InRedirects InEchos InEchoReps InTimestamps InTimestampReps InAddrMasks InAddrMaskReps OutMsgs OutErrors OutRateLimitGlobal OutRateLimitHost OutDestUnreachs OutTimeExcds OutParmProbs OutSrcQuenchs OutRedirects OutEchos OutEchoReps OutTimestamps OutTimestampReps OutAddrMasks OutAddrMaskReps
Icmp: 1003 0 0 0 0 0 0 0 0 1003 0 0 0 0 2170 0 0 0 0 0 0 0 0 2170 0 0 0 0 0
IcmpMsg: InType0 OutType8
IcmpMsg: 1003 2170
Tcp: RtoAlgorithm RtoMin RtoMax MaxConn ActiveOpens PassiveOpens AttemptFails EstabResets CurrEstab InSegs OutSegs RetransSegs InErrs OutRsts InCsumErrors
Tcp: 1 200 120000 -1 6 0 0 0 2 654275 652097 3 0 2 0
Udp: InDatagrams NoPorts InErrors OutDatagrams RcvbufErrors SndbufErrors InCsumErrors IgnoredMulti MemErrors
Udp: 2324 0 0 2324 0 0 0 9 0
UdpLite: InDatagrams NoPorts InErrors OutDatagrams RcvbufErrors SndbufErrors InCsumErrors IgnoredMulti MemErrors
UdpLite: 0 0 0 0 0 0 0 0 0
3: enxfc19286184c9: <BROADCAST,MULTICAST,UP,LOWER_UP> mtu 1500 qdisc fq_codel state UP mode DEFAULT group default qlen 1000
    RX:  bytes packets errors dropped  missed   mcast           
       1378349    5531      0       0       0       0 
    RX errors:  length    crc   frame    fifo overrun otherhost
                     0      0       0       0       0        22 
    TX:  bytes packets errors dropped carrier collsns           
       2573840    4500      0       0       0       0 
    TX errors: aborted   fifo  window heartbt transns
                     0      0       0       0       4 
STALE
pcapwin 1.3
pcap WS.pcap records 2184 partial_tail_bytes 0
capture_live yes
tcpdump_procs 1
prev W-1b-H.log window_end 1456
window 1456 2184
window_end 2184
frames 728
len 60:364 788:1 789:1 790:1 791:1 792:1 793:1 794:1 795:1 796:1 797:1 798:1 799:1 800:1 801:1 802:1 803:1 804:1 805:1 806:1 807:1 808:1 809:1 810:1 811:1 812:1 813:1 814:1 815:1 816:1 817:1 818:1 819:1 820:1 821:1 822:1 823:1 824:1 825:1 826:1 827:1 828:1 829:1 830:1 831:1 832:1 833:1 834:1 835:1 836:1 837:1 838:1 839:1 840:1 841:1 842:1 843:1 844:1 845:1 846:1 847:1 848:1 849:1 850:1 851:1 852:1 853:1 854:1 855:1 856:1 857:1 858:1 859:1 860:1 861:1 862:1 863:1 864:1 865:1 866:1 867:1 868:1 869:1 870:1 871:1 872:1 873:1 874:1 875:1 876:1 877:1 878:1 879:1 880:1 881:1 882:1 883:1 884:1 885:1 886:1 887:1 888:1 889:1 890:1 891:1 892:1 893:1 894:1 895:1 896:1 897:1 898:1 899:1 900:1 901:1 902:1 903:1 904:1 905:1 906:1 907:1 908:1 909:1 910:1 911:1 912:1 913:1 914:1 915:1 916:1 917:1 918:1 919:1 920:1 921:1 922:1 923:1 924:1 925:1 926:1 927:1 928:1 929:1 930:1 931:1 932:1 933:1 934:1 935:1 936:1 937:1 938:1 939:1 940:1 941:1 942:1 943:1 944:1 945:1 946:1 947:1 948:1 949:1 950:1 951:1 952:1 953:1 954:1 955:1 956:1 957:1 958:1 959:1 960:1 961:1 962:1 963:1 964:1 965:1 966:1 967:1 968:1 969:1 970:1 971:1 972:1 973:1 974:1 975:1 976:1 977:1 978:1 979:1 980:1 981:1 982:1 983:1 984:1 985:1 986:1 987:1 988:1 989:1 990:1 991:1 992:1 993:1 994:1 995:1 996:1 997:1 998:1 999:1 1000:1 1001:1 1002:1 1003:1 1004:1 1005:1 1006:1 1007:1 1008:1 1009:1 1010:1 1011:1 1012:1 1013:1 1014:1 1015:1 1016:1 1017:1 1018:1 1019:1 1020:1 1021:1 1022:1 1023:1 1024:1 1025:1 1026:1 1027:1 1028:1 1029:1 1030:1 1031:1 1032:1 1033:1 1034:1 1035:1 1036:1 1037:1 1038:1 1039:1 1040:1 1041:1 1042:1 1043:1 1044:1 1045:1 1046:1 1047:1 1048:1 1049:1 1050:1 1051:1 1052:1 1053:1 1054:1 1055:1 1056:1 1057:1 1058:1 1059:1 1060:1 1061:1 1062:1 1063:1 1064:1 1065:1 1066:1 1067:1 1068:1 1069:1 1070:1 1071:1 1072:1 1073:1 1074:1 1075:1 1076:1 1077:1 1078:1 1079:1 1080:1 1081:1 1082:1 1083:1 1084:1 1085:1 1086:1 1087:1 1088:1 1089:1 1090:1 1091:1 1092:1 1093:1 1094:1 1095:1 1096:1 1097:1 1098:1 1099:1 1100:1 1101:1 1102:1 1103:1 1104:1 1105:1 1106:1 1107:1 1108:1 1109:1 1110:1 1111:1 1112:1 1113:1 1114:1 1115:1 1116:1 1117:1 1118:1 1119:1 1120:1 1121:1 1122:1 1123:1 1124:1 1125:1 1126:1 1127:1 1128:1 1129:1 1130:1 1131:1 1132:1 1133:1 1134:1 1135:1 1136:1 1137:1 1138:1 1139:1 1140:1 1141:1 1142:1 1143:1 1144:1 1145:1 1146:1 1147:1 1148:1 1149:1 1150:1 1151:1
ethertype 88b5:728
vlan8100 0
vlan_vid -
class icmp_echo_reply 0 tagged 0 len - ipcsum_ok 0 icmpcsum_ok 0 excess -
class ipv4_other 0 tagged 0 len - ipcsum_ok 0 icmpcsum_ok 0 excess -
class arp 0 tagged 0 len -
class rlxfw_nic 728 tagged 0 len 60:364 788:1 789:1 790:1 791:1 792:1 793:1 794:1 795:1 796:1 797:1 798:1 799:1 800:1 801:1 802:1 803:1 804:1 805:1 806:1 807:1 808:1 809:1 810:1 811:1 812:1 813:1 814:1 815:1 816:1 817:1 818:1 819:1 820:1 821:1 822:1 823:1 824:1 825:1 826:1 827:1 828:1 829:1 830:1 831:1 832:1 833:1 834:1 835:1 836:1 837:1 838:1 839:1 840:1 841:1 842:1 843:1 844:1 845:1 846:1 847:1 848:1 849:1 850:1 851:1 852:1 853:1 854:1 855:1 856:1 857:1 858:1 859:1 860:1 861:1 862:1 863:1 864:1 865:1 866:1 867:1 868:1 869:1 870:1 871:1 872:1 873:1 874:1 875:1 876:1 877:1 878:1 879:1 880:1 881:1 882:1 883:1 884:1 885:1 886:1 887:1 888:1 889:1 890:1 891:1 892:1 893:1 894:1 895:1 896:1 897:1 898:1 899:1 900:1 901:1 902:1 903:1 904:1 905:1 906:1 907:1 908:1 909:1 910:1 911:1 912:1 913:1 914:1 915:1 916:1 917:1 918:1 919:1 920:1 921:1 922:1 923:1 924:1 925:1 926:1 927:1 928:1 929:1 930:1 931:1 932:1 933:1 934:1 935:1 936:1 937:1 938:1 939:1 940:1 941:1 942:1 943:1 944:1 945:1 946:1 947:1 948:1 949:1 950:1 951:1 952:1 953:1 954:1 955:1 956:1 957:1 958:1 959:1 960:1 961:1 962:1 963:1 964:1 965:1 966:1 967:1 968:1 969:1 970:1 971:1 972:1 973:1 974:1 975:1 976:1 977:1 978:1 979:1 980:1 981:1 982:1 983:1 984:1 985:1 986:1 987:1 988:1 989:1 990:1 991:1 992:1 993:1 994:1 995:1 996:1 997:1 998:1 999:1 1000:1 1001:1 1002:1 1003:1 1004:1 1005:1 1006:1 1007:1 1008:1 1009:1 1010:1 1011:1 1012:1 1013:1 1014:1 1015:1 1016:1 1017:1 1018:1 1019:1 1020:1 1021:1 1022:1 1023:1 1024:1 1025:1 1026:1 1027:1 1028:1 1029:1 1030:1 1031:1 1032:1 1033:1 1034:1 1035:1 1036:1 1037:1 1038:1 1039:1 1040:1 1041:1 1042:1 1043:1 1044:1 1045:1 1046:1 1047:1 1048:1 1049:1 1050:1 1051:1 1052:1 1053:1 1054:1 1055:1 1056:1 1057:1 1058:1 1059:1 1060:1 1061:1 1062:1 1063:1 1064:1 1065:1 1066:1 1067:1 1068:1 1069:1 1070:1 1071:1 1072:1 1073:1 1074:1 1075:1 1076:1 1077:1 1078:1 1079:1 1080:1 1081:1 1082:1 1083:1 1084:1 1085:1 1086:1 1087:1 1088:1 1089:1 1090:1 1091:1 1092:1 1093:1 1094:1 1095:1 1096:1 1097:1 1098:1 1099:1 1100:1 1101:1 1102:1 1103:1 1104:1 1105:1 1106:1 1107:1 1108:1 1109:1 1110:1 1111:1 1112:1 1113:1 1114:1 1115:1 1116:1 1117:1 1118:1 1119:1 1120:1 1121:1 1122:1 1123:1 1124:1 1125:1 1126:1 1127:1 1128:1 1129:1 1130:1 1131:1 1132:1 1133:1 1134:1 1135:1 1136:1 1137:1 1138:1 1139:1 1140:1 1141:1 1142:1 1143:1 1144:1 1145:1 1146:1 1147:1 1148:1 1149:1 1150:1 1151:1 content_ok 364
class other 0 tagged 0 len -
class runt 0 tagged 0 len -
excess -
echo_ids 0
echo_dup 0
echo_vid -
dst host:0 bcast:728 mcast:0 other:0
truncated 364
icmp_partial 0
lenby 1:788-1151
lenby 364:60
pcapwin end rc 0
dmesgwin 1.2 prev W-1b-H.log window_end 675762
window 675762 676118
window_end 676118
lines 8 first_t 1451.961 last_t 1457.267
bug_preempt 0
usbnet_xmit 0
vhci_unlink 4
urb_104 4
usb_disc 0
cp210x 0
ttyusb 0
link_down 0
link_up 0
tx_timeout 0
vsock_err 0
call_trace 0
follower 1
