/sys/class/net/enxfc19286184c9/statistics/collisions:0
/sys/class/net/enxfc19286184c9/statistics/multicast:0
/sys/class/net/enxfc19286184c9/statistics/rx_bytes:1873844
/sys/class/net/enxfc19286184c9/statistics/rx_compressed:0
/sys/class/net/enxfc19286184c9/statistics/rx_crc_errors:0
/sys/class/net/enxfc19286184c9/statistics/rx_dropped:0
/sys/class/net/enxfc19286184c9/statistics/rx_errors:0
/sys/class/net/enxfc19286184c9/statistics/rx_fifo_errors:0
/sys/class/net/enxfc19286184c9/statistics/rx_frame_errors:0
/sys/class/net/enxfc19286184c9/statistics/rx_length_errors:0
/sys/class/net/enxfc19286184c9/statistics/rx_missed_errors:0
/sys/class/net/enxfc19286184c9/statistics/rx_nohandler:0
/sys/class/net/enxfc19286184c9/statistics/rx_over_errors:0
/sys/class/net/enxfc19286184c9/statistics/rx_packets:6257
/sys/class/net/enxfc19286184c9/statistics/tx_aborted_errors:0
/sys/class/net/enxfc19286184c9/statistics/tx_bytes:2573840
/sys/class/net/enxfc19286184c9/statistics/tx_carrier_errors:0
/sys/class/net/enxfc19286184c9/statistics/tx_compressed:0
/sys/class/net/enxfc19286184c9/statistics/tx_dropped:0
/sys/class/net/enxfc19286184c9/statistics/tx_errors:0
/sys/class/net/enxfc19286184c9/statistics/tx_fifo_errors:0
/sys/class/net/enxfc19286184c9/statistics/tx_heartbeat_errors:0
/sys/class/net/enxfc19286184c9/statistics/tx_packets:4500
/sys/class/net/enxfc19286184c9/statistics/tx_window_errors:0
Ip: Forwarding DefaultTTL InReceives InHdrErrors InAddrErrors ForwDatagrams InUnknownProtos InDiscards InDelivers OutRequests OutDiscards OutNoRoutes ReasmTimeout ReasmReqds ReasmOKs ReasmFails FragOKs FragFails FragCreates OutTransmits
Ip: 2 64 670163 0 0 0 0 0 670139 668029 0 0 0 0 0 0 0 0 0 668029
Icmp: InMsgs InErrors InCsumErrors InDestUnreachs InTimeExcds InParmProbs InSrcQuenchs InRedirects InEchos InEchoReps InTimestamps InTimestampReps InAddrMasks InAddrMaskReps OutMsgs OutErrors OutRateLimitGlobal OutRateLimitHost OutDestUnreachs OutTimeExcds OutParmProbs OutSrcQuenchs OutRedirects OutEchos OutEchoReps OutTimestamps OutTimestampReps OutAddrMasks OutAddrMaskReps
Icmp: 1003 0 0 0 0 0 0 0 0 1003 0 0 0 0 2170 0 0 0 0 0 0 0 0 2170 0 0 0 0 0
IcmpMsg: InType0 OutType8
IcmpMsg: 1003 2170
Tcp: RtoAlgorithm RtoMin RtoMax MaxConn ActiveOpens PassiveOpens AttemptFails EstabResets CurrEstab InSegs OutSegs RetransSegs InErrs OutRsts InCsumErrors
Tcp: 1 200 120000 -1 6 0 0 0 2 666803 664285 3 0 2 0
Udp: InDatagrams NoPorts InErrors OutDatagrams RcvbufErrors SndbufErrors InCsumErrors IgnoredMulti MemErrors
Udp: 2324 0 0 2324 0 0 0 9 0
UdpLite: InDatagrams NoPorts InErrors OutDatagrams RcvbufErrors SndbufErrors InCsumErrors IgnoredMulti MemErrors
UdpLite: 0 0 0 0 0 0 0 0 0
3: enxfc19286184c9: <BROADCAST,MULTICAST,UP,LOWER_UP> mtu 1500 qdisc fq_codel state UP mode DEFAULT group default qlen 1000
    RX:  bytes packets errors dropped  missed   mcast           
       1873844    6257      0       0       0       0 
    RX errors:  length    crc   frame    fifo overrun otherhost
                     0      0       0       0       0        22 
    TX:  bytes packets errors dropped carrier collsns           
       2573840    4500      0       0       0       0 
    TX errors: aborted   fifo  window heartbt transns
                     0      0       0       0       4 
STALE
pcapwin 1.3
pcap WS.pcap records 2910 partial_tail_bytes 0
capture_live yes
tcpdump_procs 1
prev W-1c-H.log window_end 2184
window 2184 2910
window_end 2910
frames 726
len 60:363 1152:1 1153:1 1154:1 1155:1 1156:1 1157:1 1158:1 1159:1 1160:1 1161:1 1162:1 1163:1 1164:1 1165:1 1166:1 1167:1 1168:1 1169:1 1170:1 1171:1 1172:1 1173:1 1174:1 1175:1 1176:1 1177:1 1178:1 1179:1 1180:1 1181:1 1182:1 1183:1 1184:1 1185:1 1186:1 1187:1 1188:1 1189:1 1190:1 1191:1 1192:1 1193:1 1194:1 1195:1 1196:1 1197:1 1198:1 1199:1 1200:1 1201:1 1202:1 1203:1 1204:1 1205:1 1206:1 1207:1 1208:1 1209:1 1210:1 1211:1 1212:1 1213:1 1214:1 1215:1 1216:1 1217:1 1218:1 1219:1 1220:1 1221:1 1222:1 1223:1 1224:1 1225:1 1226:1 1227:1 1228:1 1229:1 1230:1 1231:1 1232:1 1233:1 1234:1 1235:1 1236:1 1237:1 1238:1 1239:1 1240:1 1241:1 1242:1 1243:1 1244:1 1245:1 1246:1 1247:1 1248:1 1249:1 1250:1 1251:1 1252:1 1253:1 1254:1 1255:1 1256:1 1257:1 1258:1 1259:1 1260:1 1261:1 1262:1 1263:1 1264:1 1265:1 1266:1 1267:1 1268:1 1269:1 1270:1 1271:1 1272:1 1273:1 1274:1 1275:1 1276:1 1277:1 1278:1 1279:1 1280:1 1281:1 1282:1 1283:1 1284:1 1285:1 1286:1 1287:1 1288:1 1289:1 1290:1 1291:1 1292:1 1293:1 1294:1 1295:1 1296:1 1297:1 1298:1 1299:1 1300:1 1301:1 1302:1 1303:1 1304:1 1305:1 1306:1 1307:1 1308:1 1309:1 1310:1 1311:1 1312:1 1313:1 1314:1 1315:1 1316:1 1317:1 1318:1 1319:1 1320:1 1321:1 1322:1 1323:1 1324:1 1325:1 1326:1 1327:1 1328:1 1329:1 1330:1 1331:1 1332:1 1333:1 1334:1 1335:1 1336:1 1337:1 1338:1 1339:1 1340:1 1341:1 1342:1 1343:1 1344:1 1345:1 1346:1 1347:1 1348:1 1349:1 1350:1 1351:1 1352:1 1353:1 1354:1 1355:1 1356:1 1357:1 1358:1 1359:1 1360:1 1361:1 1362:1 1363:1 1364:1 1365:1 1366:1 1367:1 1368:1 1369:1 1370:1 1371:1 1372:1 1373:1 1374:1 1375:1 1376:1 1377:1 1378:1 1379:1 1380:1 1381:1 1382:1 1383:1 1384:1 1385:1 1386:1 1387:1 1388:1 1389:1 1390:1 1391:1 1392:1 1393:1 1394:1 1395:1 1396:1 1397:1 1398:1 1399:1 1400:1 1401:1 1402:1 1403:1 1404:1 1405:1 1406:1 1407:1 1408:1 1409:1 1410:1 1411:1 1412:1 1413:1 1414:1 1415:1 1416:1 1417:1 1418:1 1419:1 1420:1 1421:1 1422:1 1423:1 1424:1 1425:1 1426:1 1427:1 1428:1 1429:1 1430:1 1431:1 1432:1 1433:1 1434:1 1435:1 1436:1 1437:1 1438:1 1439:1 1440:1 1441:1 1442:1 1443:1 1444:1 1445:1 1446:1 1447:1 1448:1 1449:1 1450:1 1451:1 1452:1 1453:1 1454:1 1455:1 1456:1 1457:1 1458:1 1459:1 1460:1 1461:1 1462:1 1463:1 1464:1 1465:1 1466:1 1467:1 1468:1 1469:1 1470:1 1471:1 1472:1 1473:1 1474:1 1475:1 1476:1 1477:1 1478:1 1479:1 1480:1 1481:1 1482:1 1483:1 1484:1 1485:1 1486:1 1487:1 1488:1 1489:1 1490:1 1491:1 1492:1 1493:1 1494:1 1495:1 1496:1 1497:1 1498:1 1499:1 1500:1 1501:1 1502:1 1503:1 1504:1 1505:1 1506:1 1507:1 1508:1 1509:1 1510:1 1511:1 1512:1 1513:1 1514:1
ethertype 88b5:726
vlan8100 0
vlan_vid -
class icmp_echo_reply 0 tagged 0 len - ipcsum_ok 0 icmpcsum_ok 0 excess -
class ipv4_other 0 tagged 0 len - ipcsum_ok 0 icmpcsum_ok 0 excess -
class arp 0 tagged 0 len -
class rlxfw_nic 726 tagged 0 len 60:363 1152:1 1153:1 1154:1 1155:1 1156:1 1157:1 1158:1 1159:1 1160:1 1161:1 1162:1 1163:1 1164:1 1165:1 1166:1 1167:1 1168:1 1169:1 1170:1 1171:1 1172:1 1173:1 1174:1 1175:1 1176:1 1177:1 1178:1 1179:1 1180:1 1181:1 1182:1 1183:1 1184:1 1185:1 1186:1 1187:1 1188:1 1189:1 1190:1 1191:1 1192:1 1193:1 1194:1 1195:1 1196:1 1197:1 1198:1 1199:1 1200:1 1201:1 1202:1 1203:1 1204:1 1205:1 1206:1 1207:1 1208:1 1209:1 1210:1 1211:1 1212:1 1213:1 1214:1 1215:1 1216:1 1217:1 1218:1 1219:1 1220:1 1221:1 1222:1 1223:1 1224:1 1225:1 1226:1 1227:1 1228:1 1229:1 1230:1 1231:1 1232:1 1233:1 1234:1 1235:1 1236:1 1237:1 1238:1 1239:1 1240:1 1241:1 1242:1 1243:1 1244:1 1245:1 1246:1 1247:1 1248:1 1249:1 1250:1 1251:1 1252:1 1253:1 1254:1 1255:1 1256:1 1257:1 1258:1 1259:1 1260:1 1261:1 1262:1 1263:1 1264:1 1265:1 1266:1 1267:1 1268:1 1269:1 1270:1 1271:1 1272:1 1273:1 1274:1 1275:1 1276:1 1277:1 1278:1 1279:1 1280:1 1281:1 1282:1 1283:1 1284:1 1285:1 1286:1 1287:1 1288:1 1289:1 1290:1 1291:1 1292:1 1293:1 1294:1 1295:1 1296:1 1297:1 1298:1 1299:1 1300:1 1301:1 1302:1 1303:1 1304:1 1305:1 1306:1 1307:1 1308:1 1309:1 1310:1 1311:1 1312:1 1313:1 1314:1 1315:1 1316:1 1317:1 1318:1 1319:1 1320:1 1321:1 1322:1 1323:1 1324:1 1325:1 1326:1 1327:1 1328:1 1329:1 1330:1 1331:1 1332:1 1333:1 1334:1 1335:1 1336:1 1337:1 1338:1 1339:1 1340:1 1341:1 1342:1 1343:1 1344:1 1345:1 1346:1 1347:1 1348:1 1349:1 1350:1 1351:1 1352:1 1353:1 1354:1 1355:1 1356:1 1357:1 1358:1 1359:1 1360:1 1361:1 1362:1 1363:1 1364:1 1365:1 1366:1 1367:1 1368:1 1369:1 1370:1 1371:1 1372:1 1373:1 1374:1 1375:1 1376:1 1377:1 1378:1 1379:1 1380:1 1381:1 1382:1 1383:1 1384:1 1385:1 1386:1 1387:1 1388:1 1389:1 1390:1 1391:1 1392:1 1393:1 1394:1 1395:1 1396:1 1397:1 1398:1 1399:1 1400:1 1401:1 1402:1 1403:1 1404:1 1405:1 1406:1 1407:1 1408:1 1409:1 1410:1 1411:1 1412:1 1413:1 1414:1 1415:1 1416:1 1417:1 1418:1 1419:1 1420:1 1421:1 1422:1 1423:1 1424:1 1425:1 1426:1 1427:1 1428:1 1429:1 1430:1 1431:1 1432:1 1433:1 1434:1 1435:1 1436:1 1437:1 1438:1 1439:1 1440:1 1441:1 1442:1 1443:1 1444:1 1445:1 1446:1 1447:1 1448:1 1449:1 1450:1 1451:1 1452:1 1453:1 1454:1 1455:1 1456:1 1457:1 1458:1 1459:1 1460:1 1461:1 1462:1 1463:1 1464:1 1465:1 1466:1 1467:1 1468:1 1469:1 1470:1 1471:1 1472:1 1473:1 1474:1 1475:1 1476:1 1477:1 1478:1 1479:1 1480:1 1481:1 1482:1 1483:1 1484:1 1485:1 1486:1 1487:1 1488:1 1489:1 1490:1 1491:1 1492:1 1493:1 1494:1 1495:1 1496:1 1497:1 1498:1 1499:1 1500:1 1501:1 1502:1 1503:1 1504:1 1505:1 1506:1 1507:1 1508:1 1509:1 1510:1 1511:1 1512:1 1513:1 1514:1 content_ok 363
class other 0 tagged 0 len -
class runt 0 tagged 0 len -
excess -
echo_ids 0
echo_dup 0
echo_vid -
dst host:0 bcast:726 mcast:0 other:0
truncated 363
icmp_partial 0
lenby 1:1152-1514
lenby 363:60
pcapwin end rc 0
dmesgwin 1.2 prev W-1c-H.log window_end 676118
window 676118 676474
window_end 676474
lines 8 first_t 1467.283 last_t 1472.928
bug_preempt 0
usbnet_xmit 0
vhci_unlink 4
urb_104 4
usb_disc 0
cp210x 0
ttyusb 0
link_down 0
link_up 0
tx_timeout 0
vsock_err 0
call_trace 0
follower 1
