echo txlen rlxfw > /proc/rtl819x-nic ; cat /proc/rtl819x-nic-tx
version rtl819x-nic 1.5
tx15 txlen rlxfw txoff 2 txrb 0 dirty 1 p15 1
v15 last txlen 12 ok 38 refused 0 txq 7915 arm15 27
w0 F 1514 pol vendor off 2 rb 0 path tx n 7914
w1 F 60 pol vendor off 2 rb 0 path tx n 7915
w2 F 1514 pol rlxfw off 2 rb 0 path xmit n 2088
w3 F 1514 pol rlxfw off 2 rb 0 path xmit n 2089
r0 A15C81D0 A15C8230 05EE0000 00000000 8800003F 00000000 00000000 00000000 A15C81D0 05EE009C A15CC292 A15CC292 05EE0000
r1 A15C81E8 A15C8248 00400000 00000000 8800003F 00000000 00000000 00000000 A15C81E8 0040009C A15CCA92 A15CCA92 00400000
r2 A15C8200 A15C8260 00000000 00000000 88000000 00000000 00000000 00000000 A15C8200 0000009C 00000000 00000000 00000000
r3 A15C821A A15C8278 00000000 00000000 88000000 00000000 00000000 00000000 A15C8218 0000009C 00000000 00000000 00000000
rb chk 0 bad 0 first n 0 slot 0 word 0 got 00000000 want 00000000
sw done mode wire from 1152 to 1514 probe 60 rc 0 bufs A15C8290
sw key txlen vendor txoff 2 txrb 0 mode wire probe 60 rings 1 rec 1455
sw scored 363 bad_a 0 bad_b 0 void 0 skew 0 retry 0 foreign 0 alien 0
sw delta0 0 reg 0 units 363 timeout 0 cycles 363 drained 0 j0 46388 j1 47278
sw last 1514 a 0 A b 0 A x 0
mt none 0 clean 1455 bad_b 0 bad_a 0 void 0 skew 0
m00 7777777777777777777777777777777777777777777777777777777777777777
m01 7777777777777777777777777777777777777777777777777777777777777777
m02 7777777777777777777777777777777777777777777777777777777777777777
m03 7777777777777777777777777777777777777777777777777777777777777777
m04 7777777777777777777777777777777777777777777777777777777777777777
m05 7777777777777777777777777777777777777777777777777777777777777777
m06 7777777777777777777777777777777777777777777777777777777777777777
m07 7777777777777777777777777777777777777777777777777777777777777777
m08 7777777777777777777777777777777777777777777777777777777777777777
m09 7777777777777777777777777777777777777777777777777777777777777777
m10 7777777777777777777777777777777777777777777777777777777777777777
m11 7777777777777777777777760000000000000000000000000000000000000000
hb n 0 other 0 void 0
ww 60 0:AA:0 0:AA:0 0:AA:0 0:AA:0 0:AA:0 0:AA:0 0:AA:0 0:AA:0
ww 68 0:AA:0 0:AA:0 0:AA:0 0:AA:0 0:AA:0 0:AA:0 0:AA:0 0:AA:0
ww 76 0:AA:0 0:AA:0 0:AA:0 0:AA:0 0:AA:0 0:AA:0 0:AA:0 0:AA:0
ww 84 0:AA:0 0:AA:0 0:AA:0 0:AA:0 0:AA:0 0:AA:0 0:AA:0 0:AA:0
# 