echo sweep 277 277 60 wire > /proc/rtl819x-nic ; RcatL X/prFoWc-/rNtl-819x-SnWiEcE-Pt=x57
115115
RLXFW-N-ENGOFF
RLXFW-N-ARM=A15C8000
RLXFW-N-ARMR=00000000
RLXFW-N-ENGON=C4000000
RLXFW-N-ENGOFF
RLXFW-N-ARM=A15C8000
RLXFW-N-ARMR=00000000
RLXFW-N-SWSUM=00010000
RLXFW-N-SWEND=00000000
version rtl819x-nic 1.5
tx15 txlen rlxfw txoff 2 txrb 0 dirty 0 p15 1
v15 last sweep 22 ok 46 refused 1 txq 7929 arm15 28
w0 F 277 pol rlxfw off 2 rb 0 path tx n 7928
w1 F 60 pol rlxfw off 2 rb 0 path tx n 7929
w2 F 1514 pol rlxfw off 2 rb 0 path xmit n 2088
w3 F 1514 pol rlxfw off 2 rb 0 path xmit n 2089
r0 A15C81D0 A15C8230 01190000 00000000 8800003F 00000000 00000000 00000000 A15C81D0 0115009C A15CC292 A15CC292 07FE0000
r1 A15C81E8 A15C8248 00400000 00000000 8800003F 00000000 00000000 00000000 A15C81E8 003C009C A15CCA92 A15CCA92 07FE0000
r2 A15C8200 A15C8260 00000000 00000000 88000000 00000000 00000000 00000000 A15C8200 0000009C 00000000 00000000 00000000
r3 A15C821A A15C8278 00000000 00000000 88000000 00000000 00000000 00000000 A15C8218 0000009C 00000000 00000000 00000000
rb chk 0 bad 0 first n 0 slot 0 word 0 got 00000000 want 00000000
sw done mode wire from 277 to 277 probe 60 rc 0 bufs A15C8290
sw key txlen rlxfw txoff 2 txrb 0 mode wire probe 60 rings 1 rec 7
sw scored 1 bad_a 0 bad_b 0 void 0 skew 0 retry 0 foreign 0 alien 0
sw delta0 0 reg 0 units 1 timeout 0 cycles 1 drained 0 j0 51373 j1 51379
sw last 277 a 0 A b 0 A x 0
mt none 1448 clean 7 bad_b 0 bad_a 0 void 0 skew 0
m00 7700000000000000000000000000000000000000000000000000000000000000
m01 0000000000000000000000000000000000000100000070000000000000000000
m02 0000000000000000000000000000000000000000000000000000000000000000
m03 0000000000000000000000000000000000000000000000000000000000000000
m04 0000000000000000000000000000000000000000000000000000000000000000
m05 0000000000000000000000000000000000000000000000000000000000000000
m06 0000000000000000000000000000000000000000000000000000000000000000
m07 0000000000000000000000000000000000000000000000000000000000000000
m08 0000000000000000000000000000000000000000000000000000000000000000
m09 0000000000000000000000000000000000000000000000000000000000000000
m10 0000000000000000000000000000000000000000000000000000000000000000
m11 0000000000000000000000000000000000000000000000000000000000000000
hb n 0 other 0 void 0
ww 60 0:AA:0 0:AA:0 0:AA:0 0:AA:0 - - - -
ww 68 - - - - - - - -
ww 76 - - - - - - - -
ww 84 - - - - - - - -
# 