pcapwin 1.3
pcap WE.pcap records 1078 partial_tail_bytes 0
capture_live no
tcpdump_procs 0
prev none
window 0 1078
window_end 1078
frames 1078
len 60:253 61:62 62:86 63:86 263:62 276:100 277:83 281:22 1511:62 1512:62 1513:100 1514:100
ethertype 0800:1003 0806:53 8100:22
vlan8100 22
vlan_vid 1767:22
class icmp_echo_reply 1025 tagged 22 len 60:200 61:62 62:86 63:86 263:62 276:100 277:83 281:22 1511:62 1512:62 1513:100 1514:100 ipcsum_ok 1025 icmpcsum_ok 434 excess 0:1003 4:22
class ipv4_other 0 tagged 0 len - ipcsum_ok 0 icmpcsum_ok 0 excess -
class arp 53 tagged 0 len 60:53
class rlxfw_nic 0 tagged 0 len - content_ok 0
class other 0 tagged 0 len -
class runt 0 tagged 0 len -
excess 0:1003 4:22
echo_ids 80
echo_seq 1 1-4
echo_first 1 seq 1 b10 3
echo_seq 2 1-20
echo_first 2 seq 1 b10 4
echo_seq 3 1-20
echo_first 3 seq 1 b10 4
echo_seq 4 1-20
echo_first 4 seq 1 b10 4
echo_seq 5 1-20
echo_first 5 seq 1 b10 3
echo_seq 6 1-20
echo_first 6 seq 1 b10 3
echo_seq 7 1-20
echo_first 7 seq 1 b10 2
echo_seq 8 1-20
echo_first 8 seq 1 b10 2
echo_seq 9 1-20
echo_first 9 seq 1 b10 1
echo_seq 10 1-20
echo_first 10 seq 1 b10 1
echo_seq 11 1-20
echo_first 11 seq 1 b10 0
echo_seq 12 1-20
echo_first 12 seq 1 b10 15
echo_seq 13 1-4
echo_first 13 seq 1 b10 2
echo_seq 14 1-20
echo_first 14 seq 1 b10 5
echo_seq 15 1
echo_first 15 seq 1 b10 5
echo_seq 16 5,7,14,16,22,24,55,61,63,66,72,74,77,83,85,88,94,96,128,131
echo_first 16 seq 5 b10 14
echo_seq 17 6,8,14,16,19,25,27,30,36,38,70,73,79,81,84,86,93,95,98,103
echo_first 17 seq 6 b10 3
echo_seq 18 50
echo_first 18 seq 50 b10 6
echo_seq 19 22-41
echo_first 19 seq 22 b10 12
echo_seq 20 1,3,8,10,15,17,22,24,29,31,36,38,43,45,50,52,57,59,64,66,71,73,78,80,85,87,92,94,99,101,106,108,113,115,120,122,127,129,134
echo_seq_tagged 20 3,10,17,24,31,38,45,52,59,66,73,80,87,94,101,108,115,122,129
echo_first 20 seq 1 b10 3
echo_excess 20 3:4 10:4 17:4 24:4 31:4 38:4 45:4 52:4 59:4 66:4 73:4 80:4 87:4 94:4 101:4 108:4 115:4 122:4 129:4
echo_seq 21 149
echo_first 21 seq 149 b10 13
echo_seq 22 13
echo_first 22 seq 13 b10 3
echo_seq 23 6-25
echo_first 23 seq 6 b10 12
echo_seq 24 1-20
echo_first 24 seq 1 b10 12
echo_seq 25 1-4
echo_first 25 seq 1 b10 3
echo_seq 26 1-20
echo_first 26 seq 1 b10 2
echo_seq 27 1-20
echo_first 27 seq 1 b10 2
echo_seq 28 1-20
echo_first 28 seq 1 b10 1
echo_seq 29 1-20
echo_first 29 seq 1 b10 1
echo_seq 30 1-20
echo_first 30 seq 1 b10 1
echo_seq 31 1-20
echo_first 31 seq 1 b10 0
echo_seq 32 1-20
echo_first 32 seq 1 b10 0
echo_seq 33 1-20
echo_first 33 seq 1 b10 15
echo_seq 34 1-20
echo_first 34 seq 1 b10 14
echo_seq 35 1-20
echo_first 35 seq 1 b10 14
echo_seq 36 1-20
echo_first 36 seq 1 b10 13
echo_seq 37 1-4
echo_first 37 seq 1 b10 14
echo_seq 38 1-20
echo_first 38 seq 1 b10 7
echo_seq 39 1-4
echo_first 39 seq 1 b10 9
echo_seq 40 1-20
echo_first 40 seq 1 b10 2
echo_seq 41 1-4
echo_first 41 seq 1 b10 6
echo_seq 42 1-20
echo_first 42 seq 1 b10 7
echo_seq 43 1-4
echo_first 43 seq 1 b10 4
echo_seq 44 1
echo_first 44 seq 1 b10 7
echo_seq 45 1-4
echo_first 45 seq 1 b10 7
echo_seq 46 1-20
echo_first 46 seq 1 b10 8
echo_seq 47 1-4
echo_first 47 seq 1 b10 6
echo_seq 48 1,4,7,13,15,18
echo_first 48 seq 1 b10 6
echo_seq 49 1-4
echo_first 49 seq 1 b10 11
echo_seq 50 1-20
echo_first 50 seq 1 b10 0
echo_seq 51 1-4
echo_first 51 seq 1 b10 14
echo_seq 52 1,4,10,12,18,20
echo_first 52 seq 1 b10 15
echo_seq 53 1-4
echo_first 53 seq 1 b10 8
echo_seq 54 1-20
echo_first 54 seq 1 b10 8
echo_seq 55 1-4
echo_first 55 seq 1 b10 12
echo_seq 56 1
echo_first 56 seq 1 b10 13
echo_seq 57 1-4
echo_first 57 seq 1 b10 8
echo_seq 58 1-20
echo_first 58 seq 1 b10 9
echo_seq 59 1-4
echo_first 59 seq 1 b10 12
echo_seq 60 1-20
echo_first 60 seq 1 b10 2
echo_seq 61 1-4
echo_first 61 seq 1 b10 6
echo_seq 62 1-20
echo_first 62 seq 1 b10 7
echo_seq 63 1-4
echo_first 63 seq 1 b10 3
echo_seq 64 1,3,8,10,15,17
echo_seq_tagged 64 3,10,17
echo_first 64 seq 1 b10 12
echo_excess 64 3:4 10:4 17:4
echo_seq 65 1-4
echo_first 65 seq 1 b10 11
echo_seq 66 1-20
echo_first 66 seq 1 b10 1
echo_seq 67 1-4
echo_first 67 seq 1 b10 5
echo_seq 68 1
echo_first 68 seq 1 b10 9
echo_seq 69 1-4
echo_first 69 seq 1 b10 6
echo_seq 70 1-20
echo_first 70 seq 1 b10 9
echo_seq 71 1-4
echo_first 71 seq 1 b10 4
echo_seq 72 1
echo_first 72 seq 1 b10 6
echo_seq 73 1-4
echo_first 73 seq 1 b10 11
echo_seq 74 1-20
echo_first 74 seq 1 b10 12
echo_seq 75 1-4
echo_first 75 seq 1 b10 15
echo_seq 76 1-20
echo_first 76 seq 1 b10 12
echo_seq 77 1-4
echo_first 77 seq 1 b10 7
echo_seq 78 1-20
echo_first 78 seq 1 b10 10
echo_seq 79 1-4
echo_first 79 seq 1 b10 11
echo_seq 80 1-20
echo_first 80 seq 1 b10 9
echo_dup 0
echo_vid 1767:22
dst host:1076 bcast:2 mcast:0 other:0
truncated 591
icmp_partial 591
lenby 22:281
lenby 62:61,263,1511-1512
lenby 83:277
lenby 86:62-63
lenby 100:276,1513-1514
lenby 253:60
pcapwin end rc 0
