echo disarm > /proc/rtl819x-timer ; cat /proc/rtl819x-timer
driver=rtl819x-timer 1.0
state=idle
last_verdict=0
hz_assumed=14286057
period_cycles=134217728
mask_bits=27
shift=24
mult=1174376947
rating=0
tc1_cycles=31992325
tc1_ext=27879767
tc1_ext_reads=11
tc1_ext_gap_max=12803494
tc1_ext_trusted=1
jiffies=4294970391
wall=330.950000002
tc0data=00007D00
tc0cnt=000028B0
tc1data=80000000
tccnr=C0000000
tcir=80000000
cdbr=03E80000
gimr=00209100
gisr=88000004
gimr_tc0ie=1
gimr_tc1ie=0
gisr_tc0ip=0
gisr_tc1ip=0
tcir_tc1ip=0
tc0data_at_init=00007D00
tccnr_at_init=C0000000
tcir_at_init=80000000
cdbr_at_init=03E80000
gimr_at_init=00209100
tccnr_after_arm=F0000000
tc0_undisturbed=1
arm_delta_100us=21
# 