bench/2026-09-28b/I0-PRE.log
bench/2026-09-28b/I0-PRE.meta.json
bench/2026-09-28b/I0-PRE.timing
{
  "tool_version": "1.5",
  "port": "/dev/ttyUSB0",
  "baud": 38400,
  "started_wallclock": "2026-09-28T17:15:01+0800",
  "clock": "CLOCK_MONOTONIC_RAW",
  "t0_raw": 11329.97485946,
  "t0_real": 1790586901.8390136,
  "mono_at_t0": 10990.089121754,
  "boot_id": "47f308ac-7062-43ef-9dc1-fdcfc35c371d",
  "clocksource": "tsc",
  "esc_seconds": 0.0,
  "esc_after_seconds": 0.0,
  "esc_period_requested_s": 0.02,
  "esc": {},
  "cr": {},
  "cr_settle_s": 2.0,
  "seconds": 3.0,
  "idle": 0.0,
  "until": null,
  "until_offset": null,
  "sent": null,
  "sent_hex": null,
  "sent_s": null,
  "stop_reason": "--seconds 3.0 elapsed",
  "bytes": 0,
  "duration_s": 3.063568,
  "end_raw": 11333.038427209,
  "end_real": 1790586904.756449,
  "mono_at_end": 10993.006558794,
  "clocksource_end": "tsc",
  "resolution_note": "timestamps are per read() from userspace; the floor is the USB-serial latency timer (1-16 ms typical, unmeasured on this host), not the 260 us character time at 38400"
}
