cat /proc/rtl819x-nic
version rtl819x-nic 1.1
unlocked 1
allocated 1
armed 1
engine_on 1
irq_taken 1
irq_rc 0
n_reads 156
n_writes 78
n_refused 0
n_irq 70
n_irq_spurious 0
n_tx 34
n_rx 43
n_rx_empty 0
n_poll 0
n_poll_masked 0
last_iisr 00000008
seen_iisr 0000320E
nd_alloc 1
nd_registered 1
nd_up 1
nd_name rlx0
n_napi_poll 23
n_napi_complete 23
n_xmit 34
n_xmit_busy 0
n_skb_fail 0
n_tx_stop 0
n_tx_wake 0
n_tx_wake_race 0
n_tx_timeout 0
tx_stopped 0
nd_stats rx 43/35784 tx 34/22970 drop 0/0
boot_icr 00000000
boot_iimr 00000000
boot_iisr 80000000
boot_rpdcr0 00000000
boot_rmdcr0 00000000
boot_tpdcr0 00000000
now_icr C4000000
now_iimr 007E0FFE
now_iisr 00000000
rpdcr0_pos A15B8010
rmdcr0_pos A15B802C
tpdcr0_pos A15B804C
n_arm_flush 0
n_dsync_chk 23
n_dsync 5
dsync_last_d 1
dsync_first_d 3
dsync_first_rp A15B800C
dsync_first_rm A15B8020
dsync_first_nrx 20
dsync_test_d 1
dsync_test_seen 1
rx_ring A15B8000
mb_ring A15B8020
tx_ring A15B8040
bufs A15B8290
rx_idx 4
tx_idx 3
rxd0 A15B8051 len 0 f 8463 pl 03
rxd1 A15B8069 len 0 f 8063 pl 03
rxd2 A15B8081 len 0 f 8063 pl 03
rxd3 A15B8099 len 0 f 8063 pl 03
rxd4 A15B80B1 len 0 f 8263 pl 03
rxd5 A15B80C9 len 0 f 8263 pl 03
rxd6 A15B80E1 len 0 f 8263 pl 03
rxd7 A15B80FB len 0 f 8263 pl 03
txd0 A15B81D0 len 64
txd1 A15B81E8 len 64
txd2 A15B8200 len 64
txd3 A15B821A len 686
rx_len 0
rx_ph1 00400411
rx_ph3 80630003
rx_ph4 00090000
# 