J 80500000
---Jump to address=80500000
decompressing kernel:
Uncompressing Linux... done, booting the kernel.
done decompressing kernel.
start address: 0x80003600
RLXFW-B00
RLXFW-ID0=B417A3E7
RLXFW-B01
RLXFW-B02=0000CD01
RLXFW-B03
RLXFW-B04
RLXFW-B05
RLXFW-B06
RLXFW-B07=00000000
RLXFW-B08
RLXFW-B09
RLXFW-TA0=FFFF8AE5
RLXFW-TA1=00000000
RLXFW-TA2=00000001
RLXFW-TA3=00000000
RLXFW-TA4=00000000
RLXFW-G0
RLXFW-G1=FFFFFFDF
RLXFW-G2=FF000000
RLXFW-G3=0000003C
RLXFW-G4=00000000
RLXFW-G5=00000001
RLXFW-G6
Realtek WLAN driver driver version 1.6 (2012-12-04)



Probing RTL8186 10/100 NIC-kenel stack size order[3]...
chip name: 8196C, chip revid: 0
NOT YET
eth0 added. vid=9 Member port 0x1...
eth1 added. vid=8 Member port 0x10...
eth2 added. vid=9 Member port 0x2...
eth3 added. vid=9 Member port 0x4...
eth4 added. vid=9 Member port 0x8...
eth5 added. vid=9 Member port 0x0...
[peth0] added, mapping to [eth1]...
Realtek FastPath:v1.03
RLXFW-S0
RLXFW-S1=FFC00000
RLXFW-S2=0BA08000
RLXFW-S3=C8000000
RLXFW-S4=00000000
RLXFW-S5=00000000
RLXFW-S6=00000002
RLXFW-S7
RLXFW-S8
RLXFW-W0
RLXFW-W1=A5000000
RLXFW-W2=00000000
RLXFW-W3=00000000
RLXFW-W4=00240000
RLXFW-W5
RLXFW-TA5=FFFF8D37
RLXFW-TA6=0000000B
RLXFW-TA7=00000000
RLXFW-TA8=00000000
RLXFW-TA9=00000003
RLXFW-B10
rlxfw: init running, RLXFW-R3-RUNG1-OK
/bin/sh: can't access tty; job control turned off
# 