cat /proc/meminfo; echo MM""Z
MemTotal:          28488 kB
MemFree:           21836 kB
Buffers:               0 kB
Cached:             1332 kB
SwapCached:            0 kB
Active:              708 kB
Inactive:            888 kB
Active(anon):        264 kB
Inactive(anon):        0 kB
Active(file):        444 kB
Inactive(file):      888 kB
SwapTotal:             0 kB
SwapFree:              0 kB
Dirty:                 0 kB
Writeback:             0 kB
AnonPages:           288 kB
Mapped:              528 kB
Slab:               4900 kB
SReclaimable:         76 kB
SUnreclaim:         4824 kB
PageTables:           56 kB
NFS_Unstable:          0 kB
Bounce:                0 kB
WritebackTmp:          0 kB
CommitLimit:       14244 kB
Committed_AS:        744 kB
VmallocTotal:    1048404 kB
VmallocUsed:           0 kB
VmallocChunk:    1048404 kB
MMZ
# 