cat /proc/interrupts ; cat /proc/rtl819x-timer ; sleep 3 ; cat /proc/interrupt
s ; cat /proc/rtl819x-timer
           CPU0       
  2:          0             RLX  cascade (0x0)
  8:      13886        RLX LOPI  serial (0x20)
 13:      40328        RLX LOPI  rlx timer (0x620)
 25:      11649            ICTL  rtl819x-timer (0x20)

ER0:          0
ER1:          0
ER2:          0

 SW:          0
 TX:          0
 RX:          0
LNK:          0
ERR:          0
driver=rtl819x-timer 3.0
state=armed
last_verdict=0
hz_assumed=14286057
hz_tick=200000
hz_cdbr=200000
hz_agree=1
hz_used=200000
period_cycles=20000
mask_bits=8
shift=19
mult=2621440000
rating=0
period_jiffies=10
ext_interval_j=2
hz_kernel=100
tc1_cycles=6033
tc1_ext=0
tc1_ext_reads=0
tc1_ext_gap_max=0
tc1_ext_gap_max_j=0
tc1_ext_ticks=0
tc1_ext_trusted=0
jiffies=4294957472
wall=201.760000002
tc0data=00007D00
tc0cnt=00006720
tc1data=0004E200
tccnr=F0000000
tcir=C0000000
cdbr=03E80000
gimr=00209300
gisr=88000004
gimr_tc0ie=1
gimr_tc1ie=1
gisr_tc0ip=0
gisr_tc1ip=0
tcir_tc1ip=0
tcir_tc1ie=1
tc1ie_ours=1
ackip_before=1
ackip_after=0
ack_proven=1
irq_num=25
irq_requested=1
irq_count=11649
irq_spurious=0
irq_stuck=0
irq_last_tcir=C0000000
irr0=22222222
irr1=C222FA2D
irr2=2EB29F22
irr3=22222022
irr1_tc0_rs=13
irr1_tc1_rs=2
status=10000401
status_im2=1
status_bev=0
status_iec=1
tc0data_at_init=00007D00
tccnr_at_init=C0000000
tcir_at_init=80000000
cdbr_at_init=03E80000
gimr_at_init=00209100
tccnr_after_arm=F0000000
tc0_undisturbed=1
arm_delta_100us=20
mode=ce
ce_reload=20000
ce_reload_hz=2000
ce_reload_writes=1
ce_reload_exact=1
ce_rating=300
ce_rating_probe=99
ce_rating_vendor=100
ce_registered=1
ce_probe_registered=1
ce_live=1
ce_mode=2
ce_mode_calls=2
ce_probe_mode=-1
ce_probe_mode_calls=0
ce_next_calls=0
ce_badmode=0
ce_hw_bad=0
ce_cycles=63600000
ce_check_dc=8836
ce_check_dj=8836
ce_handler=80036FC4
ce_handler_is_noop=0
irq_preacked=0
           CPU0       
  2:          0             RLX  cascade (0x0)
  8:      15847        RLX LOPI  serial (0x20)
 13:      43337        RLX LOPI  rlx timer (0x620)
 25:      11950            ICTL  rtl819x-timer (0x20)

ER0:          0
ER1:          0
ER2:          0

 SW:          0
 TX:          0
 RX:          0
LNK:          0
ERR:          0
driver=rtl819x-timer 3.0
state=armed
last_verdict=0
hz_assumed=14286057
hz_tick=200000
hz_cdbr=200000
hz_agree=1
hz_used=200000
period_cycles=20000
mask_bits=8
shift=19
mult=2621440000
rating=0
period_jiffies=10
ext_interval_j=2
hz_kernel=100
tc1_cycles=4317
tc1_ext=0
tc1_ext_reads=0
tc1_ext_gap_max=0
tc1_ext_gap_max_j=0
tc1_ext_ticks=0
tc1_ext_trusted=0
jiffies=4294957773
wall=204.770000002
tc0data=00007D00
tc0cnt=000078E0
tc1data=0004E200
tccnr=F0000000
tcir=C0000000
cdbr=03E80000
gimr=00209300
gisr=88000004
gimr_tc0ie=1
gimr_tc1ie=1
gisr_tc0ip=0
gisr_tc1ip=0
tcir_tc1ip=0
tcir_tc1ie=1
tc1ie_ours=1
ackip_before=1
ackip_after=0
ack_proven=1
irq_num=25
irq_requested=1
irq_count=11950
irq_spurious=0
irq_stuck=0
irq_last_tcir=C0000000
irr0=22222222
irr1=C222FA2D
irr2=2EB29F22
irr3=22222022
irr1_tc0_rs=13
irr1_tc1_rs=2
status=10000401
status_im2=1
status_bev=0
status_iec=1
tc0data_at_init=00007D00
tccnr_at_init=C0000000
tcir_at_init=80000000
cdbr_at_init=03E80000
gimr_at_init=00209100
tccnr_after_arm=F0000000
tc0_undisturbed=1
arm_delta_100us=20
mode=ce
ce_reload=20000
ce_reload_hz=2000
ce_reload_writes=1
ce_reload_exact=1
ce_rating=300
ce_rating_probe=99
ce_rating_vendor=100
ce_registered=1
ce_probe_registered=1
ce_live=1
ce_mode=2
ce_mode_calls=2
ce_probe_mode=-1
ce_probe_mode_calls=0
ce_next_calls=0
ce_badmode=0
ce_hw_bad=0
ce_cycles=69620000
ce_check_dc=8836
ce_check_dj=8836
ce_handler=80036FC4
ce_handler_is_noop=0
irq_preacked=0
# 