echo install slotA sha=5a38d96922ec89136ed88e56205b045521e85772308431539ce18f8d093564df > /proc/rtl819x-spi
RLXFW-SI-GO install slotA len=1109152 pace=0
RLXFW-SI E 00 570
RLXFW-SI E 01 940
RLXFW-SI E 02 1290
RLXFW-SI E 03 1670
RLXFW-SI E 04 2040
RLXFW-SI E 05 2390
RLXFW-SI E 06 2740
RLXFW-SI E 07 3120
RLXFW-SI E 08 3490
RLXFW-SI E 09 3860
RLXFW-SI E 10 4250
RLXFW-SI E 11 4640
RLXFW-SI E 12 5060
RLXFW-SI E 13 5440
RLXFW-SI E 14 5810
RLXFW-SI E 15 6180
RLXFW-SI E 16 6540
RLXFW-SI E 17 6890
RLXFW-SI P 00 7040
RLXFW-SI P 01 7200
RLXFW-SI P 02 7350
RLXFW-SI P 03 7500
RLXFW-SI P 04 7660
RLXFW-SI P 05 7810
RLXFW-SI P 06 7960
RLXFW-SI P 07 8110
RLXFW-SI P 08 8270
RLXFW-SI P 09 8420
RLXFW-SI P 10 8570
RLXFW-SI P 11 8730
RLXFW-SI P 12 8880
RLXFW-SI P 13 9030
RLXFW-SI P 14 9190
RLXFW-SI P 15 9340
RLXFW-SI P 16 9480
RLXFW-SI H 00 9490
RLXFW-SI V 00 9550
RLXFW-SI V 01 9620
RLXFW-SI V 02 9690
RLXFW-SI V 03 9750
RLXFW-SI V 04 9820
RLXFW-SI V 05 9890
RLXFW-SI V 06 9950
RLXFW-SI V 07 10020
RLXFW-SI V 08 10080
RLXFW-SI V 09 10150
RLXFW-SI V 10 10220
RLXFW-SI V 11 10280
RLXFW-SI V 12 10350
RLXFW-SI V 13 10420
RLXFW-SI V 14 10480
RLXFW-SI V 15 10550
RLXFW-SI V 16 10620
RLXFW-SI V 17 10680
RLXFW-SI-END OK rc=0 cmp=1 ms=10690 pace=0
RLXFW-SW-DISARM
RLXFW-SI-RC=00000000
# 