echo install slotA sha=5a38d96922ec89136ed88e56205b045521e85772308431539ce18f8d093564df > /proc/rtl819x-spi
RLXFW-SI-GO install slotA len=1109152 pace=0
RLXFW-SI E 00 600
RLXFW-SI E 01 970
RLXFW-SI E 02 1330
RLXFW-SI E 03 1710
RLXFW-SI E 04 2080
RLXFW-SI E 05 2440
RLXFW-SI E 06 2800
RLXFW-SI E 07 3150
RLXFW-SI E 08 3510
RLXFW-SI E 09 3900
RLXFW-SI E 10 4270
RLXFW-SI E 11 4680
RLXFW-SI E 12 5100
RLXFW-SI E 13 5490
RLXFW-SI E 14 5860
RLXFW-SI E 15 6230
RLXFW-SI E 16 6600
RLXFW-SI E 17 6960
RLXFW-SI P 00 7110
RLXFW-SI P 01 7270
RLXFW-SI P 02 7420
RLXFW-SI P 03 7570
RLXFW-SI P 04 7730
RLXFW-SI P 05 7880
RLXFW-SI P 06 8030
RLXFW-SI P 07 8190
RLXFW-SI P 08 8340
RLXFW-SI P 09 8490
RLXFW-SI P 10 8640
RLXFW-SI P 11 8800
RLXFW-SI P 12 8950
RLXFW-SI P 13 9100
RLXFW-SI P 14 9260
RLXFW-SI P 15 9410
RLXFW-SI P 16 9550
RLXFW-SI H 00 9560
RLXFW-SI V 00 9630
RLXFW-SI V 01 9690
RLXFW-SI V 02 9760
RLXFW-SI V 03 9820
RLXFW-SI V 04 9890
RLXFW-SI V 05 9960
RLXFW-SI V 06 10020
RLXFW-SI V 07 10090
RLXFW-SI V 08 10160
RLXFW-SI V 09 10220
RLXFW-SI V 10 10290
RLXFW-SI V 11 10350
RLXFW-SI V 12 10420
RLXFW-SI V 13 10490
RLXFW-SI V 14 10550
RLXFW-SI V 15 10620
RLXFW-SI V 16 10690
RLXFW-SI V 17 10750
RLXFW-SI-END OK rc=0 cmp=1 ms=10760 pace=0
RLXFW-SW-DISARM
RLXFW-SI-RC=00000000
# 