echo install slotA sha=5a38d96922ec89136ed88e56205b045521e85772308431539ce18f8d093564df > /proc/rtl819x-spi
RLXFW-SI-GO install slotA len=1109152 pace=0
RLXFW-SI E 00 600
RLXFW-SI E 01 980
RLXFW-SI E 02 1350
RLXFW-SI E 03 1710
RLXFW-SI E 04 2090
RLXFW-SI E 05 2450
RLXFW-SI E 06 2810
RLXFW-SI E 07 3180
RLXFW-SI E 08 3550
RLXFW-SI E 09 3920
RLXFW-SI E 10 4290
RLXFW-SI E 11 4680
RLXFW-SI E 12 5090
RLXFW-SI E 13 5460
RLXFW-SI E 14 5810
RLXFW-SI E 15 6180
RLXFW-SI E 16 6550
RLXFW-SI E 17 6910
RLXFW-SI P 00 7060
RLXFW-SI P 01 7210
RLXFW-SI P 02 7370
RLXFW-SI P 03 7520
RLXFW-SI P 04 7670
RLXFW-SI P 05 7830
RLXFW-SI P 06 7980
RLXFW-SI P 07 8130
RLXFW-SI P 08 8290
RLXFW-SI P 09 8440
RLXFW-SI P 10 8590
RLXFW-SI P 11 8750
RLXFW-SI P 12 8900
RLXFW-SI P 13 9050
RLXFW-SI P 14 9210
RLXFW-SI P 15 9360
RLXFW-SI P 16 9500
RLXFW-SI H 00 9510
RLXFW-SI V 00 9570
RLXFW-SI V 01 9640
RLXFW-SI V 02 9700
RLXFW-SI V 03 9770
RLXFW-SI V 04 9840
RLXFW-SI V 05 9900
RLXFW-SI V 06 9970
RLXFW-SI V 07 10030
RLXFW-SI V 08 10100
RLXFW-SI V 09 10170
RLXFW-SI V 10 10230
RLXFW-SI V 11 10300
RLXFW-SI V 12 10370
RLXFW-SI V 13 10430
RLXFW-SI V 14 10500
RLXFW-SI V 15 10570
RLXFW-SI V 16 10630
RLXFW-SI V 17 10700
RLXFW-SI-END OK rc=0 cmp=1 ms=10700 pace=0
RLXFW-SW-DISARM
RLXFW-SI-RC=00000000