echo install slotA sha=5a38d96922ec89136ed88e56205b045521e85772308431539ce18f8d093564df > /proc/rtl819x-spi
RLXFW-SI-GO install slotA len=1109152 pace=0
RLXFW-SI E 00 620
RLXFW-SI E 01 1030
RLXFW-SI E 02 1420
RLXFW-SI E 03 1820
RLXFW-SI E 04 2200
RLXFW-SI E 05 2580
RLXFW-SI E 06 2940
RLXFW-SI E 07 3310
RLXFW-SI E 08 3690
RLXFW-SI E 09 4070
RLXFW-SI E 10 4460
RLXFW-SI E 11 4850
RLXFW-SI E 12 5240
RLXFW-SI E 13 5610
RLXFW-SI E 14 5980
RLXFW-SI E 15 6340
RLXFW-SI E 16 6700
RLXFW-SI E 17 7070
RLXFW-SI P 00 7230
RLXFW-SI P 01 7380
RLXFW-SI P 02 7530
RLXFW-SI P 03 7690
RLXFW-SI P 04 7840
RLXFW-SI P 05 7990
RLXFW-SI P 06 8150
RLXFW-SI P 07 8300
RLXFW-SI P 08 8450
RLXFW-SI P 09 8610
RLXFW-SI P 10 8760
RLXFW-SI P 11 8910
RLXFW-SI P 12 9060
RLXFW-SI P 13 9220
RLXFW-SI P 14 9370
RLXFW-SI P 15 9520
RLXFW-SI P 16 9670
RLXFW-SI H 00 9670
RLXFW-SI V 00 9740
RLXFW-SI V 01 9800
RLXFW-SI V 02 9870
RLXFW-SI V 03 9940
RLXFW-SI V 04 10000
RLXFW-SI V 05 10070
RLXFW-SI V 06 10140
RLXFW-SI V 07 10200
RLXFW-SI V 08 10270
RLXFW-SI V 09 10340
RLXFW-SI V 10 10400
RLXFW-SI V 11 10470
RLXFW-SI V 12 10540
RLXFW-SI V 13 10600
RLXFW-SI V 14 10670
RLXFW-SI V 15 10730
RLXFW-SI V 16 10800
RLXFW-SI V 17 10870
RLXFW-SI-END OK rc=0 cmp=1 ms=