echo install slotA sha=5a38d96922ec89136ed88e56205b045521e85772308431539ce18f8d093564df > /proc/rtl819x-spi
RLXFW-SI-GO install slotA len=1109152 pace=0
RLXFW-SI E 00 620
RLXFW-SI E 01 1020
RLXFW-SI E 02 1410
RLXFW-SI E 03 1820
RLXFW-SI E 04 2240
RLXFW-SI E 05 2650
RLXFW-SI E 06 3040
RLXFW-SI E 07 3430
RLXFW-SI E 08 3820
RLXFW-SI E 09 4220
RLXFW-SI E 10 4630
RLXFW-SI E 11 5050
RLXFW-SI E 12 5480
RLXFW-SI E 13 5870
RLXFW-SI E 14 6240
RLXFW-SI E 15 6620
RLXFW-SI E 16 7000
RLXFW-SI E 17 7380
RLXFW-SI P 00 7530
RLXFW-SI P 01 7690
RLXFW-SI P 02 7840
RLXFW-SI P 03 7990
RLXFW-SI P 04 8150
RLXFW-SI P 05 8300
RLXFW-SI P 06 8450
RLXFW-SI P 07 8610
RLXFW-SI P 08 8760
RLXFW-SI P 09 8910
RLXFW-SI P 10 9060
RLXFW-SI P 11 9220
RLXFW-SI P 12 9370
RLXFW-SI P 13 9520
RLXFW-SI P 14 9680
RLXFW-SI P 15 9830
RLXFW-SI P 16 9970
RLXFW-SI H 00 9980
RLXFW-SI V 00 10040
RLXFW-SI V 01 10110
RLXFW-SI V 02 10180
RLXFW-SI V 03 10240
RLXFW-SI V 04 10310
RLXFW-SI V 05 10380
RLXFW-SI V 06 10440
RLXFW-SI V 07 10510
RLXFW-SI V 08 10580
RLXFW-SI V 09 10640
RLXFW-SI V 10 10710
RLXFW-SI V 11 10780
RLXFW-SI V 12 10840
RLXFW-SI V 13 10910
RLXFW-SI V 14 10980
RLXFW-SI V 15 11040
RLXFW-SI V 16 11110
RLXFW-SI V 17 11170
RLXFW-SI-END OK rc=0 cmp=1 ms=11180 pace=