echo install slotB sha=9578da72a29871f2f443b02e226d72590f03229cf53503e02a47fa9166622a00 > /proc/rtl819x-spi
RLXFW-SI-GO install slotB len=1109152 pace=0
RLXFW-SI E 00 600
RLXFW-SI E 01 970
RLXFW-SI E 02 1330
RLXFW-SI E 03 1670
RLXFW-SI E 04 2040
RLXFW-SI E 05 2450
RLXFW-SI E 06 2840
RLXFW-SI E 07 3240
RLXFW-SI E 08 3640
RLXFW-SI E 09 4030
RLXFW-SI E 10 4430
RLXFW-SI E 11 4820
RLXFW-SI E 12 5200
RLXFW-SI E 13 5600
RLXFW-SI E 14 5980
RLXFW-SI E 15 6360
RLXFW-SI E 16 6740
RLXFW-SI E 17 7100
RLXFW-SI P 00 7260
RLXFW-SI P 01 7410
RLXFW-SI P 02 7560
RLXFW-SI P 03 7720
RLXFW-SI P 04 7870
RLXFW-SI P 05 8020
RLXFW-SI P 06 8180
RLXFW-SI P 07 8330
RLXFW-SI P 08 8480
RLXFW-SI P 09 8640
RLXFW-SI P 10 8790
RLXFW-SI P 11 8940
RLXFW-SI P 12 9090
RLXFW-SI P 13 9250
RLXFW-SI P 14 9400
RLXFW-SI P 15 9550
RLXFW-SI P 16 9700
RLXFW-SI H 00 9700
RLXFW-SI V 00 9770
RLXFW-SI V 01 9830
RLXFW-SI V 02 9900
RLXFW-SI V 03 9970
RLXFW-SI V 04 10030
RLXFW-SI V 05 10100
RLXFW-SI V 06 10170
RLXFW-SI V 07 10230
RLXFW-SI V 08 10300
RLXFW-SI V 09 10370
RLXFW-SI V 10 10430
RLXFW-SI V 11 10500
RLXFW-SI V 12 10570
RLXFW-SI V 13 10630
RLXFW-SI V 14 10700
RLXFW-SI V 15 10770
RLXFW-SI V 16 10830
RLXFW-SI V 17 10900
RLXFW-SI-END OK rc=0 cmp=1 ms=10900 pace=0
RLXFW-SW-D