echo install slotB sha=9578da72a29871f2f443b02e226d72590f03229cf53503e02a47fa9166622a00 > /proc/rtl819x-spi
RLXFW-SI-GO install slotB len=1109152 pace=0
RLXFW-SI E 00 610
RLXFW-SI E 01 990
RLXFW-SI E 02 1350
RLXFW-SI E 03 1710
RLXFW-SI E 04 2070
RLXFW-SI E 05 2460
RLXFW-SI E 06 2840
RLXFW-SI E 07 3230
RLXFW-SI E 08 3610
RLXFW-SI E 09 4000
RLXFW-SI E 10 4390
RLXFW-SI E 11 4770
RLXFW-SI E 12 5160
RLXFW-SI E 13 5570
RLXFW-SI E 14 5970
RLXFW-SI E 15 6350
RLXFW-SI E 16 6730
RLXFW-SI E 17 7110
RLXFW-SI P 00 7260
RLXFW-SI P 01 7420
RLXFW-SI P 02 7570
RLXFW-SI P 03 7720
RLXFW-SI P 04 7880
RLXFW-SI P 05 8030
RLXFW-SI P 06 8180
RLXFW-SI P 07 8340
RLXFW-SI P 08 8490
RLXFW-SI P 09 8640
RLXFW-SI P 10 8800
RLXFW-SI P 11 8950
RLXFW-SI P 12 9100
RLXFW-SI P 13 9260
RLXFW-SI P 14 9410
RLXFW-SI P 15 9560
RLXFW-SI P 16 9700
RLXFW-SI H 00 9710
RLXFW-SI V 00 9780
RLXFW-SI V 01 9840
RLXFW-SI V 02 9910
RLXFW-SI V 03 9970
RLXFW-SI V 04 10040
RLXFW-SI V 05 10110
RLXFW-SI V 06 10170
RLXFW-SI V 07 10240
RLXFW-SI V 08 10310
RLXFW-SI V 09 10370
RLXFW-SI V 10 10440
RLXFW-SI V 11 10510
RLXFW-SI V 12 10570
RLXFW-SI V 13 10640
RLXFW-SI V 14 10710
RLXFW-SI V 15 10770
RLXFW-SI V 16 10840
RLXFW-SI V 17 10900
RLXFW-SI-END OK