echo install slotB sha=9578da72a29871f2f443b02e226d72590f03229cf53503e02a47fa9166622a00 > /proc/rtl819x-spi
RLXFW-SI-GO install slotB len=1109152 pace=0
RLXFW-SI E 00 620
RLXFW-SI E 01 1030
RLXFW-SI E 02 1400
RLXFW-SI E 03 1790
RLXFW-SI E 04 2170
RLXFW-SI E 05 2590
RLXFW-SI E 06 2990
RLXFW-SI E 07 3370
RLXFW-SI E 08 3760
RLXFW-SI E 09 4170
RLXFW-SI E 10 4570
RLXFW-SI E 11 4950
RLXFW-SI E 12 5320
RLXFW-SI E 13 5700
RLXFW-SI E 14 6080
RLXFW-SI E 15 6450
RLXFW-SI E 16 6820
RLXFW-SI E 17 7210
RLXFW-SI P 00 7360
RLXFW-SI P 01 7510
RLXFW-SI P 02 7660
RLXFW-SI P 03 7820
RLXFW-SI P 04 7970
RLXFW-SI P 05 8120
RLXFW-SI P 06 8280
RLXFW-SI P 07 8430
RLXFW-SI P 08 8580
RLXFW-SI P 09 8740
RLXFW-SI P 10 8890
RLXFW-SI P 11 9040
RLXFW-SI P 12 9200
RLXFW-SI P 13 9350
RLXFW-SI P 14 9500
RLXFW-SI P 15 9660
RLXFW-SI P 16 9800
RLXFW-SI H 00 9800
RLXFW-SI V 00 9870
RLXFW-SI V 01 9940
RLXFW-SI V 02 10000
RLXFW-SI V 03 10070
RLXFW-SI V 04 10140
RLXFW-SI V 05 10200
RLXFW-SI V 06 10270
RLXFW-SI V 07 10340
RLXFW-SI V 08 10400
RLXFW-SI V 09 10470
RLXFW-SI V 10 10540
RLXFW-SI V 11 10600
RLXFW-SI V 12 10670
RLXFW-SI V 13 10730
RLXFW-SI V 14 10800
RLXFW-SI V 15 10870
RLXFW-SI V 16 10930
RLXFW-SI V 17 11000
RLXFW-SI-END OK rc=0 cmp=1 ms=11000 pace=0
RLXFW-SW-DISARM
RLXFW-SI-RC=00000000
# 