echo install slotB sha=9578da72a29871f2f443b02e226d72590f03229cf53503e02a47fa9166622a00 > /proc/rtl819x-spi
RLXFW-SI-GO install slotB len=1109152 pace=0
RLXFW-SI E 00 610
RLXFW-SI E 01 1020
RLXFW-SI E 02 1410
RLXFW-SI E 03 1790
RLXFW-SI E 04 2180
RLXFW-SI E 05 2600
RLXFW-SI E 06 3000
RLXFW-SI E 07 3390
RLXFW-SI E 08 3790
RLXFW-SI E 09 4190
RLXFW-SI E 10 4580
RLXFW-SI E 11 4960
RLXFW-SI E 12 5350
RLXFW-SI E 13 5730
RLXFW-SI E 14 6120
RLXFW-SI E 15 6510
RLXFW-SI E 16 6890
RLXFW-SI E 17 7270
RLXFW-SI P 00 7430
RLXFW-SI P 01 7580
RLXFW-SI P 02 7730
RLXFW-SI P 03 7890
RLXFW-SI P 04 8040
RLXFW-SI P 05 8190
RLXFW-SI P 06 8350
RLXFW-SI P 07 8500
RLXFW-SI P 08 8650
RLXFW-SI P 09 8810
RLXFW-SI P 10 8960
RLXFW-SI P 11 9110
RLXFW-SI P 12 9260
RLXFW-SI P 13 9420
RLXFW-SI P 14 9570
RLXFW-SI P 15 9720
RLXFW-SI P 16 9870
RLXFW-SI H 00 9870
RLXFW-SI V 00 9940
RLXFW-SI V 01 10000
RLXFW-SI V 02 10070
RLXFW-SI V 03 10140
RLXFW-SI V 04 10200
RLXFW-SI V 05 10270
RLXFW-SI V 06 10340
RLXFW-SI V 07 10400
RLXFW-SI V 08 10470
RLXFW-SI V 09 10540
RLXFW-SI V 10 10600
RLXFW-SI V 11 10670
RLXFW-SI V 12 10740
RLXFW-SI V 13 10800
RLXFW-SI V 14 10870
RLXFW-SI V 15 10940
RLXFW-SI V 16 11000
RLXFW-SI V 17 11070
RLXFW-SI-END OK rc=0 cmp=1 ms=11070 pace=0
RLXFW-SW-DISARM
RLXFW-SI-RC=00000000
# 