echo install slotB sha=9578da72a29871f2f443b02e226d72590f03229cf53503e02a47fa9166622a00 > /proc/rtl819x-spi
RLXFW-SI-GO install slotB len=1109152 pace=0
RLXFW-SI E 00 640
RLXFW-SI E 01 1040
RLXFW-SI E 02 1420
RLXFW-SI E 03 1800
RLXFW-SI E 04 2200
RLXFW-SI E 05 2640
RLXFW-SI E 06 3040
RLXFW-SI E 07 3460
RLXFW-SI E 08 3890
RLXFW-SI E 09 4310
RLXFW-SI E 10 4710
RLXFW-SI E 11 5120
RLXFW-SI E 12 5500
RLXFW-SI E 13 5880
RLXFW-SI E 14 6270
RLXFW-SI E 15 6660
RLXFW-SI E 16 7040
RLXFW-SI E 17 7440
RLXFW-SI P 00 7590
RLXFW-SI P 01 7740
RLXFW-SI P 02 7890
RLXFW-SI P 03 8050
RLXFW-SI P 04 8200
RLXFW-SI P 05 8350
RLXFW-SI P 06 8510
RLXFW-SI P 07 8660
RLXFW-SI P 08 8810
RLXFW-SI P 09 8970
RLXFW-SI P 10 9120
RLXFW-SI P 11 9270
RLXFW-SI P 12 9430
RLXFW-SI P 13 9580
RLXFW-SI P 14 9730
RLXFW-SI P 15 9890
RLXFW-SI P 16 10030
RLXFW-SI H 00 10030
RLXFW-SI V 00 10100
RLXFW-SI V 01 10170
RLXFW-SI V 02 10230
RLXFW-SI V 03 10300
RLXFW-SI V 04 10370
RLXFW-SI V 05 10430
RLXFW-SI V 06 10500
RLXFW-SI V 07 10570
RLXFW-SI V 08 10630
RLXFW-SI V 09 10700
RLXFW-SI V 10 10770
RLXFW-SI V 11 10830
RLXFW-SI V 12 10900
RLXFW-SI V 13 10970
RLXFW-SI V 14 11030
RLXFW-SI V 15 11100
RLXFW-SI V 16 11160
RLXFW-SI V 17 11230
RLXFW-SI-END OK rc=0 cmp=1 ms=11240 pace=0
RLXFW-SW-DISARM
RLXFW-SI-RC=00000000
# 