cat /proc/rtl819x-spi-map
version rtl819x-spi 1.2
map_ran 1
map_rc 0
map_level 0
map_group 0
map_unit 131072
map_entries 32
map_hashed 4186112
map_h601_skipped 8192
map_h601_hashed 0
map_diff_units 0
map_jiffies 1284
hz 100
corrupt_at -1
000000 1 122880 2d5fc284b888ac0ffb152b67bb86ccf14ad1ed633d0f6fa079f1b096013f1791
020000 1 131072 4620f53d9a32e75915c32966d0f2d9f715251e84e8aa35637702042bf1818526
040000 1 131072 b5a41c3758763bbec72769fab4a2533bf2db0b6312d93d25a695f9e4b9e02260
060000 1 131072 99b20112e80a32b7628acbf904992aeb1c4093d12cec80ac5bceeb160b7fc0cd
080000 1 131072 5ae8e0835a4e891fdbc3b71c977aa5ab123efa49440f24e12dbad4da2b2a1013
0A0000 1 131072 fa1f6b9972965bf8e84e5e6cf25a2803641274807ecdf8599ae672f4b8ce2c1a
0C0000 1 131072 2dcfc970c4475d39061276205f7c678509bda7c699e582d61642ee130c2c70c4
0E0000 1 131072 b2a428916ef83c43fb798d58fef1e64ab7dbd29984d2c4b80c47a9ac6b2b79cd
100000 1 131072 6f00b328ec121cdf54dd60a651a3886ebe2dbed18d599ea24e1836a1148c5c1e
120000 1 131072 967443fb3a69c03b5220a518b4dccefc61635c8ebf70c381165fdc853dab941d
140000 1 131072 64ded5ea562fe091aaed74fa50c2f287e117a87d6f5ce1794d1dd77fe1c46754
160000 1 131072 379e0b4774c64a43a9393d3d12f7d27c92f7302fcde9e2ff8fb17e7cc17a853d
180000 1 131072 cb7237f860783e71d52b688b46ea702e3c943ec72a9007188a4569878e6c2724
1A0000 1 131072 5ae8e0835a4e891fdbc3b71c977aa5ab123efa49440f24e12dbad4da2b2a1013
1C0000 1 131072 fa1f6b9972965bf8e84e5e6cf25a2803641274807ecdf8599ae672f4b8ce2c1a
1E0000 1 131072 2dcfc970c4475d39061276205f7c678509bda7c699e582d61642ee130c2c70c4
200000 1 131072 b2a428916ef83c43fb798d58fef1e64ab7dbd29984d2c4b80c47a9ac6b2b79cd
220000 1 131072 6f00b328ec121cdf54dd60a651a3886ebe2dbed18d599ea24e1836a1148c5c1e
240000 1 131072 967443fb3a69c03b5220a518b4dccefc61635c8ebf70c381165fdc853dab941d
260000 1 131072 64ded5ea562fe091aaed74fa50c2f287e117a87d6f5ce1794d1dd77fe1c46754
280000 1 131072 379e0b4774c64a43a9393d3d12f7d27c92f7302fcde9e2ff8fb17e7cc17a853d
2A0000 1 131072 ac9af96c08e30f93c1bf4eaf375f3dedbe1899a7dc67fad4120b03b0081ce8b5
2C0000 1 131072 f1cabc84c0c95ba3af68e336fc942981bd91202e21efb0b73358ad40758fd52b
2E0000 1 131072 bf624c11eb9f75b15f2e21e9f86e1fd31f0b20338b53ad401ddb94e9f1bed536
300000 1 131072 b305d71c6d9776c0ce91f8d90fe924130fe481e6e36d0aad483ec815a41097b8
320000 1 131072 bfd415326c7063ffbda5e4294c85afd029c5699a65adea6c74604e7ee11f0769
340000 1 131072 32c35b3b9f044739977cb5ff123afc883f5be592c508f28067a0042a5ed68369
360000 1 131072 b5a41c3758763bbec72769fab4a2533bf2db0b6312d93d25a695f9e4b9e02260
380000 1 131072 b5a41c3758763bbec72769fab4a2533bf2db0b6312d93d25a695f9e4b9e02260
3A0000 1 131072 b5a41c3758763bbec72769fab4a2533bf2db0b6312d93d25a695f9e4b9e02260
3C0000 1 131072 b5a41c3758763bbec72769fab4a2533bf2db0b6312d93d25a695f9e4b9e02260
3E0000 1 131072 b5a41c3758763bbec72769fab4a2533bf2db0b6312d93d25a695f9e4b9e02260
map_truncated 0
map_lines 32
# 