  $FWRE_WORK/rebuild/bench-only/r8b-2026-10-07/FB-pL10.log     777 bytes
  $FWRE_WORK/rebuild/bench-only/r8b-2026-10-07/FB-pL10.timing  6.077333 s, stop: --seconds 6.0 elapsed
  $FWRE_WORK/rebuild/bench-only/r8b-2026-10-07/FB-pL10.meta.json
  bench/2026-10-07/FB-flrL10.log     104 bytes
  bench/2026-10-07/FB-flrL10.timing  5.074164 s, stop: --seconds 5.0 elapsed
  bench/2026-10-07/FB-flrL10.meta.json
  bench/2026-10-07/FB-yesL10.log     35 bytes
  bench/2026-10-07/FB-yesL10.timing  6.064772 s, stop: --seconds 6.0 elapsed
  bench/2026-10-07/FB-yesL10.meta.json
  bench/2026-10-07/FB-rdL10.log     777 bytes
  bench/2026-10-07/FB-rdL10.timing  6.068161 s, stop: --seconds 6.0 elapsed
  bench/2026-10-07/FB-rdL10.meta.json
  $ /usr/bin/python3 <repo>/tools/console-capture.py capture --port /dev/ttyUSB0 --out $FWRE_WORK/rebuild/bench-only/r8b-2026-10-07/FB-pL10 --send 'DW 80D00300 64' --seconds 6
  pre-read written to $FWRE_WORK/rebuild/bench-only/r8b-2026-10-07/FB-pL10.log (the negative control: it must DIFFER from the expectation, or the FLR proves nothing)
  $ /usr/bin/python3 <repo>/tools/console-capture.py capture --port /dev/ttyUSB0 --out bench/2026-10-07/FB-flrL10 --send 'FLR 80D00300 060000 100' --seconds 5
FLR 80D00300 060000 100
Flash read from 00060000 to 80D00300 with 00000100 bytes	?
(Y)es , (N)o ? --> 
  PROCEED: the loader echoed from 00060000 to 80D00300 with 00000100 bytes, the confirm prompt is present and <RealTek> is not
  $ /usr/bin/python3 <repo>/tools/console-capture.py capture --port /dev/ttyUSB0 --out bench/2026-10-07/FB-yesL10 --send Y --seconds 6
Y
Flash Read Successed!
<RealTek>
  SUCCEEDED: 'Flash Read Successed!' and the loader is back at '<RealTek>'
  $ /usr/bin/python3 <repo>/tools/console-capture.py capture --port /dev/ttyUSB0 --out bench/2026-10-07/FB-rdL10 --send 'DW 80D00300 64' --seconds 6
  read-back written to bench/2026-10-07/FB-rdL10.log
