echo install slotA sha=30d1938498d422488bc1fd23fecd54808b0e0c505fb7b3662a82864cb292a237 > /proc/rtl819x-spi
RLXFW-SI-GO install slotA len=1109152 pace=0
RLXFW-SI E 00 560
RLXFW-SI E 01 930
RLXFW-SI E 02 1280
RLXFW-SI E 03 1650
RLXFW-SI E 04 2010
RLXFW-SI E 05 2350
RLXFW-SI E 06 2690
RLXFW-SI E 07 3050
RLXFW-SI E 08 3410
RLXFW-SI E 09 3770
RLXFW-SI E 10 4120
RLXFW-SI E 11 4490
RLXFW-SI E 12 4890
RLXFW-SI E 13 5260
RLXFW-SI E 14 5550
RLXFW-SI E 15 5840
RLXFW-SI E 16 6110
RLXFW-SI E 17 6460
RLXFW-SI P 00 6620
RLXFW-SI P 01 6770
RLXFW-SI P 02 6920
RLXFW-SI P 03 7080
RLXFW-SI P 04 7230
RLXFW-SI P 05 7380
RLXFW-SI P 06 7540
RLXFW-SI P 07 7690
RLXFW-SI P 08 7840
RLXFW-SI P 09 8000
RLXFW-SI P 10 8150
RLXFW-SI P 11 8300
RLXFW-SI P 12 8460
RLXFW-SI P 13 8610
RLXFW-SI P 14 8760
RLXFW-SI P 15 8910
RLXFW-SI P 16 9060
RLXFW-SI H 00 9060
RLXFW-SI V 00 9130
RLXFW-SI V 01 9200
RLXFW-SI V 02 9260
RLXFW-SI V 03 9330
RLXFW-SI V 04 9390
RLXFW-SI V 05 9460
RLXFW-SI V 06 9530
RLXFW-SI V 07 9590
RLXFW-SI V 08 9660
RLXFW-SI V 09 9720
RLXFW-SI V 10 9790
RLXFW-SI V 11 9860
RLXFW-SI V 12 9920
RLXFW-SI V 13 9990
RLXFW-SI V 14 10050
RLXFW-SI V 15 10120
RLXFW-SI V 16 10190
RLXFW-SI V 17 10250
RLXFW-SI-END OK rc=0 cmp=1 ms=10260 pace=0
RLXFW-SW-DISARM
RLXFW-SI-RC=00000000
# 