echo install slotB sha=9578da72a29871f2f443b02e226d72590f03229cf53503e02a47fa9166622a00 > /proc/rtl819x-spi
RLXFW-SI-GO install slotB len=1109152 pace=0
RLXFW-SI E 00 590
RLXFW-SI E 01 950
RLXFW-SI E 02 1300
RLXFW-SI E 03 1650
RLXFW-SI E 04 2010
RLXFW-SI E 05 2400
RLXFW-SI E 06 2770
RLXFW-SI E 07 3160
RLXFW-SI E 08 3550
RLXFW-SI E 09 3930
RLXFW-SI E 10 4320
RLXFW-SI E 11 4680
RLXFW-SI E 12 5050
RLXFW-SI E 13 5420
RLXFW-SI E 14 5790
RLXFW-SI E 15 6150
RLXFW-SI E 16 6510
RLXFW-SI E 17 6890
RLXFW-SI P 00 7040
RLXFW-SI P 01 7190
RLXFW-SI P 02 7350
RLXFW-SI P 03 7500
RLXFW-SI P 04 7650
RLXFW-SI P 05 7810
RLXFW-SI P 06 7960
RLXFW-SI P 07 8110
RLXFW-SI P 08 8260
RLXFW-SI P 09 8420
RLXFW-SI P 10 8570
RLXFW-SI P 11 8720
RLXFW-SI P 12 8880
RLXFW-SI P 13 9030
RLXFW-SI P 14 9180
RLXFW-SI P 15 9340
RLXFW-SI P 16 9480
RLXFW-SI H 00 9480
RLXFW-SI V 00 9550
RLXFW-SI V 01 9620
RLXFW-SI V 02 9680
RLXFW-SI V 03 9750
RLXFW-SI V 04 9820
RLXFW-SI V 05 9880
RLXFW-SI V 06 9950
RLXFW-SI V 07 10010
RLXFW-SI V 08 10080
RLXFW-SI V 09 10150
RLXFW-SI V 10 10210
RLXFW-SI V 11 10280
RLXFW-SI V 12 10350
RLXFW-SI V 13 10410
RLXFW-SI V 14 10480
RLXFW-SI V 15 10550
RLXFW-SI V 16 10610
RLXFW-SI V 17 10680
RLXFW-SI-END OK rc=0 cmp=1 ms=10680 pace=0
RLXFW-SW-DISARM
RLXFW-SI-RC=00000000
# 