cat /proc/rtl819x-spi
version rtl819x-spi 1.2
added 1
add_rc 0
mtd_index 2
kat_rc 0
wedged 0
sfcr FFC00000
sfcr2 0BA08000
sfcsr C8000000
boot_sfcr FFC00000
boot_sfcr2 0BA08000
boot_sfcsr C8000000
sfcr_as_loader 0
sfcr_as_kernel 1
cs_idle 1
n_xfer 0
n_reg_writes 0
n_pio_bytes 0
n_mmio_bytes 0
n_mtd_read 0
n_rdy_timeout 0
n_state_foreign 0
n_state_bad 0
n_writes 0
n_write_refused 0
v_ran 0
v_rc 0
cmp_bytes 0
cmp_equal 0
cmp_first_diff -1
cmp_diff_bytes 0
digest_bytes 0
complement_expected 4186112
h601_skipped 0
h601_hashed 0
corrupt_at -1
d1_sha256 (not run)
dmmio_sha256 (not run)
d1_match 0
d1_d3_agree 0
v_start 0
v_len 0
v_jiffies 0
hz 100
map_ran 0
map_rc 0
map_level -1
map_group 0
map_jiffies 0
recipe_id 6B1BDE59
n_rdid 0
rdid_ran 0
rdid_rc -11
rdid_id 000000
rdid_expect 1C7016
rdid_match 0
h601_ran 0
h601_rc -11
hw_sig_ok 0
hw_ver 0
hw_len 0
hw_len_sane 0
hw_sum_ok 0
mac_not_zero 0
mac_not_ff 0
mac_group_bit 0
wr_linked 1
unarmed_rc -13
n_mtd_write_calls 0
n_mtd_erase_calls 0
wr_version rtl819x-spi-write 2.0
wr_armed 0
wr_arm_lo 00000000
wr_arm_hi 00000000
wr_budget 0
wr_n_arm_ok 0
wr_n_prog 0
wr_n_erase 0
wr_n_bytes 0
wr_n_engine_fail 0
wr_n_refused 0
wr_refused_by 0 0 0 0 0 0 0 0 0
wr_reasons 9
wr_grain 00001000
wr_page 256
wr_never_hi 00008000
wr_truncated 0
n_wip_timeout 0
inst_version rtl819x-spi-install 1.0
img_cap 1179648
img_len 1109152
img_writes 271
img_resets 1
img_err none
inst_attempts 3
inst_done 0
inst_refused 3
inst_failed 0
inst_ran 1
inst_verb install
inst_region slotB
inst_base 000000
inst_size 0
inst_len 0
inst_paced 0
inst_pace_ms 0
inst_reason SYNTAX
inst_rc -22
inst_policy 0
inst_arm_ok 0
inst_sha_checked 0
inst_sha_ok 0
inst_hdr_checked 0
inst_hdr_ok 0
inst_erase_op 20
inst_erase_step 4096
inst_ops 0
inst_ops_planned 0
inst_n_se 0
inst_n_pp 0
inst_erased 0
inst_programmed 0
inst_committed 0
inst_phase -
inst_cmp_ran 0
inst_cmp_ok 0
inst_cmp_bytes 0
inst_cmp_diff 0
inst_cmp_first -1
inst_ms 0
eraseprobe se_bytes=-1 se_polls=0 se_us=0 pp_us=0 clean=-1
eraseprobe_detail ran=0 m0000=- m1000=- m8000=- se_jiffies=0 pp_polls=0 pp_jiffies=0 cal_polls=0 cal_ticks=0 clean_step=0 clean_ops=0
inst_truncated 0
proc_bytes_before_this_line 2140
# 