cat /proc/rtl819x-spi-map
version rtl819x-spi 1.2
map_ran 1
map_rc 0
map_level 1
map_group 1
map_unit 4096
map_entries 32
map_hashed 131072
map_h601_skipped 0
map_h601_hashed 0
map_diff_units 0
map_jiffies 41
hz 100
corrupt_at -1
020000 1   4096 030aacf7a890d6f5b672607c41f49d5410f6df1e3880efdb54bc4a5591047ef4
021000 1   4096 6b40713d63e454baba5f64d103aad7f51f2efe07dd66cc13fb1f91d78a8f7fc3
022000 1   4096 e6cdb310c730fab5550dc0d13b713f9bfcc3d3e6b8abcafbba08cb07d4144057
023000 1   4096 b06528e822fa22360422a0b2cc474a0630bfe48334a1be6c6e5f58dcdb5c03c8
024000 1   4096 19a3b68b6d641d9e326f9c1330d264ab918e57f8807f0eafb0dfad7665df555f
025000 1   4096 f47a8ec3e9aff2318d896942282ad4fe37d6391c82914f54a5da8a37de1300c6
026000 1   4096 f47a8ec3e9aff2318d896942282ad4fe37d6391c82914f54a5da8a37de1300c6
027000 1   4096 f47a8ec3e9aff2318d896942282ad4fe37d6391c82914f54a5da8a37de1300c6
028000 1   4096 f47a8ec3e9aff2318d896942282ad4fe37d6391c82914f54a5da8a37de1300c6
029000 1   4096 f47a8ec3e9aff2318d896942282ad4fe37d6391c82914f54a5da8a37de1300c6
02A000 1   4096 f47a8ec3e9aff2318d896942282ad4fe37d6391c82914f54a5da8a37de1300c6
02B000 1   4096 f47a8ec3e9aff2318d896942282ad4fe37d6391c82914f54a5da8a37de1300c6
02C000 1   4096 f47a8ec3e9aff2318d896942282ad4fe37d6391c82914f54a5da8a37de1300c6
02D000 1   4096 f47a8ec3e9aff2318d896942282ad4fe37d6391c82914f54a5da8a37de1300c6
02E000 1   4096 f47a8ec3e9aff2318d896942282ad4fe37d6391c82914f54a5da8a37de1300c6
02F000 1   4096 f47a8ec3e9aff2318d896942282ad4fe37d6391c82914f54a5da8a37de1300c6
030000 1   4096 f47a8ec3e9aff2318d896942282ad4fe37d6391c82914f54a5da8a37de1300c6
031000 1   4096 f47a8ec3e9aff2318d896942282ad4fe37d6391c82914f54a5da8a37de1300c6
032000 1   4096 f47a8ec3e9aff2318d896942282ad4fe37d6391c82914f54a5da8a37de1300c6
033000 1   4096 f47a8ec3e9aff2318d896942282ad4fe37d6391c82914f54a5da8a37de1300c6
034000 1   4096 f47a8ec3e9aff2318d896942282ad4fe37d6391c82914f54a5da8a37de1300c6
035000 1   4096 f47a8ec3e9aff2318d896942282ad4fe37d6391c82914f54a5da8a37de1300c6
036000 1   4096 f47a8ec3e9aff2318d896942282ad4fe37d6391c82914f54a5da8a37de1300c6
037000 1   4096 f47a8ec3e9aff2318d896942282ad4fe37d6391c82914f54a5da8a37de1300c6
038000 1   4096 f47a8ec3e9aff2318d896942282ad4fe37d6391c82914f54a5da8a37de1300c6
039000 1   4096 f47a8ec3e9aff2318d896942282ad4fe37d6391c82914f54a5da8a37de1300c6
03A000 1   4096 f47a8ec3e9aff2318d896942282ad4fe37d6391c82914f54a5da8a37de1300c6
03B000 1   4096 f47a8ec3e9aff2318d896942282ad4fe37d6391c82914f54a5da8a37de1300c6
03C000 1   4096 f47a8ec3e9aff2318d896942282ad4fe37d6391c82914f54a5da8a37de1300c6
03D000 1   4096 f47a8ec3e9aff2318d896942282ad4fe37d6391c82914f54a5da8a37de1300c6
03E000 1   4096 f47a8ec3e9aff2318d896942282ad4fe37d6391c82914f54a5da8a37de1300c6
03F000 1   4096 f47a8ec3e9aff2318d896942282ad4fe37d6391c82914f54a5da8a37de1300c6
map_truncated 0
map_lines 32
# 