cat /proc/rtl819x-spi-map
version rtl819x-spi 1.2
map_ran 1
map_rc 0
map_level 1
map_group 1
map_unit 4096
map_entries 32
map_hashed 131072
map_h601_skipped 0
map_h601_hashed 0
map_diff_units 0
map_jiffies 41
hz 100
corrupt_at -1
020000 1   4096 001035d70798cf7ec15f6a59929510188bec340bf82061b067071c61587dd9ea
021000 1   4096 6b40713d63e454baba5f64d103aad7f51f2efe07dd66cc13fb1f91d78a8f7fc3
022000 1   4096 e6cdb310c730fab5550dc0d13b713f9bfcc3d3e6b8abcafbba08cb07d4144057
023000 1   4096 b06528e822fa22360422a0b2cc474a0630bfe48334a1be6c6e5f58dcdb5c03c8
024000 1   4096 19a3b68b6d641d9e326f9c1330d264ab918e57f8807f0eafb0dfad7665df555f
025000 1   4096 f47a8ec3e9aff2318d896942282ad4fe37d6391c82914f54a5da8a37de1300c6
026000 1   4096 f47a8ec3e9aff2318d896942282ad4fe37d6391c82914f54a5da8a37de1300c6
027000 1   4096 f47a8ec3e9aff2318d896942282ad4fe37d6391c82914f54a5da8a37de1300c6
028000 1   4096 f47a8ec3e9aff2318d896942282ad4fe37d6391c82914f54a5da8a37de1300c6
029000 1   4096 f47a8ec3e9aff2318d896942282ad4fe37d6391c82914f54a5da8a37de1300c6
02A000 1   4096 f47a8ec3e9aff2318d896942282ad4fe37d6391c82914f54a5da8a37de1300c6
02B000 1   4096 f47a8ec3e9aff2318d896942282ad4fe37d6391c82914f54a5da8a37de1300c6
02C000 1   4096 f47a8ec3e9aff2318d896942282ad4fe37d6391c82914f54a5da8a37de1300c6
02D000 1   4096 f47a8ec3e9aff2318d896942282ad4fe37d6391c82914f54a5da8a37de1300c6
02E000 1   4096 f47a8ec3e9aff2318d896942282ad4fe37d6391c82914f54a5da8a37de1300c6
02F000 1   4096 f47a8ec3e9aff2318d896942282ad4fe37d6391c82914f54a5da8a37de1300c6
030000 1   4096 051f230d97457460339e8585dab18754004c3ad2b6ab4a28d746eefef5f2bbc0
031000 1   4096 a13f501f0556c497a839c2bc9161ac95a403cca5490b47d6ec53a328088aae70
032000 1   4096 a9d01170b2a010e109d25c2d3c287df54957be00d0f643943fd210a5cf219e93
033000 1   4096 8d6ab1066ef6333e7eb47463a02daac533c801c817bccc870d16c8b61f314323
034000 1   4096 5616df131ba9461c115d3b7ea0e35b98368abdc6763211742c0416b287480f44
035000 1   4096 68ec01fb2aa3c6d29b4c4b85075421690d9a30871329398fe3d3b5b5c4f6591e
036000 1   4096 579996ab3891f561d29bf90b2de83118c1df1aa7c3eba3f4f0f01d4c7d7094e3
037000 1   4096 c4e5f7b164d271ad07530f9e1f847029a9b67d2db8104421a2f6f4cf0a0c6c29
038000 1   4096 6ff26dbded7b3b133b7ec9134048ceae9989f8c81303d0b5e34550e58f47d369
039000 1   4096 0bfb92e852b7e091bc3867898904200b80ff0b4307feb895e8cc3031e5bffcce
03A000 1   4096 eea61260a3dd010322f0141aaa62277a4771394b725d6e83b37f9a37493697a6
03B000 1   4096 ab3824b0be6aa4987e25bf07123be38b5f3cc7d8e9308a8c3d71a0b2bf6e4002
03C000 1   4096 cb1e0a3c084ee01090fecae65c116ed05fd6a7a4b31e768fde50918573afc7fa
03D000 1   4096 c5831314c41e14fabb588a221621b71aba7f1d6b78218c1686bd4e9ecc889201
03E000 1   4096 c1030016cf87badc0add276368cee102537d6b7d7639100e5db73af088917078
03F000 1   4096 e7733717a8158527e730f3c10d87bcfa5cd02bd8937f3f163b1938051f6958a9
map_truncated 0
map_lines 32
# 