cat /proc/rtl819x-spi-map
version rtl819x-spi 1.2
map_ran 1
map_rc 0
map_level 1
map_group 0
map_unit 4096
map_entries 32
map_hashed 122880
map_h601_skipped 8192
map_h601_hashed 0
map_diff_units 0
map_jiffies 41
hz 100
corrupt_at -1
000000 1   4096 e7d529d27ad0a31cd7d3f17ea6c3cdbbeca3ab5b37b3bbfdbe962feb9697647d
001000 1   4096 19bd9b8ee2f8a025f87450ed522b0b371e635b3c340a2ca6815735ffe026eeb3
002000 1   4096 d217ca411edb1f8787f26943f6fda8d60bb418b889f0535161db8c9bc627c197
003000 1   4096 245ecefbde63fd20f7d1567c2471ca858f8baa2507444c25e69c3538a3479e42
004000 1   4096 844748566180dbd1414f44c40fe90d76239977cec49db6f6099057bd6d60e317
005000 1   4096 11bdb47de4e73a74996d61f8c657d334138c8ee1b55bbb589c0818bd3f392aca
006000 1      0 SKIPPED
007000 1      0 SKIPPED
008000 1   4096 c18f645672fcc24c67f064ec8d61e9b60fcdd027b1325b518e8a881545e8e3ff
009000 1   4096 d41a56347970b0cb40ab459313895d2aebae274b7a3052553f9e27d1e5ff476c
00A000 1   4096 ad7facb2586fc6e966c004d7d1d16b024f5805ff7cb47c7a85dabd8b48892ca7
00B000 1   4096 ad7facb2586fc6e966c004d7d1d16b024f5805ff7cb47c7a85dabd8b48892ca7
00C000 1   4096 0ad3e2fe34745c1b400118b8b28751d044a69d7980c3a00681072392c91b3e42
00D000 1   4096 5bbdf6f72d3a185857d58a50ec95d819ad19074dea8ddb7c4a4a61cac001e742
00E000 1   4096 ad7facb2586fc6e966c004d7d1d16b024f5805ff7cb47c7a85dabd8b48892ca7
00F000 1   4096 ad7facb2586fc6e966c004d7d1d16b024f5805ff7cb47c7a85dabd8b48892ca7
010000 1   4096 d2c4b5b8082685324d0b9900a9f35a8c40ae813710708587b5b0c8531cdf7925
011000 1   4096 6b40713d63e454baba5f64d103aad7f51f2efe07dd66cc13fb1f91d78a8f7fc3
012000 1   4096 e6cdb310c730fab5550dc0d13b713f9bfcc3d3e6b8abcafbba08cb07d4144057
013000 1   4096 b06528e822fa22360422a0b2cc474a0630bfe48334a1be6c6e5f58dcdb5c03c8
014000 1   4096 19a3b68b6d641d9e326f9c1330d264ab918e57f8807f0eafb0dfad7665df555f
015000 1   4096 f47a8ec3e9aff2318d896942282ad4fe37d6391c82914f54a5da8a37de1300c6
016000 1   4096 f47a8ec3e9aff2318d896942282ad4fe37d6391c82914f54a5da8a37de1300c6
017000 1   4096 f47a8ec3e9aff2318d896942282ad4fe37d6391c82914f54a5da8a37de1300c6
018000 1   4096 f47a8ec3e9aff2318d896942282ad4fe37d6391c82914f54a5da8a37de1300c6
019000 1   4096 f47a8ec3e9aff2318d896942282ad4fe37d6391c82914f54a5da8a37de1300c6
01A000 1   4096 f47a8ec3e9aff2318d896942282ad4fe37d6391c82914f54a5da8a37de1300c6
01B000 1   4096 f47a8ec3e9aff2318d896942282ad4fe37d6391c82914f54a5da8a37de1300c6
01C000 1   4096 f47a8ec3e9aff2318d896942282ad4fe37d6391c82914f54a5da8a37de1300c6
01D000 1   4096 f47a8ec3e9aff2318d896942282ad4fe37d6391c82914f54a5da8a37de1300c6
01E000 1   4096 f47a8ec3e9aff2318d896942282ad4fe37d6391c82914f54a5da8a37de1300c6
01F000 1   4096 f47a8ec3e9aff2318d896942282ad4fe37d6391c82914f54a5da8a37de1300c6
map_truncated 0
map_lines 32
# 