/sys/class/net/enxfc19286184c9/statistics/collisions:0
/sys/class/net/enxfc19286184c9/statistics/multicast:0
/sys/class/net/enxfc19286184c9/statistics/rx_bytes:244592
/sys/class/net/enxfc19286184c9/statistics/rx_compressed:0
/sys/class/net/enxfc19286184c9/statistics/rx_crc_errors:0
/sys/class/net/enxfc19286184c9/statistics/rx_dropped:0
/sys/class/net/enxfc19286184c9/statistics/rx_errors:0
/sys/class/net/enxfc19286184c9/statistics/rx_fifo_errors:0
/sys/class/net/enxfc19286184c9/statistics/rx_frame_errors:0
/sys/class/net/enxfc19286184c9/statistics/rx_length_errors:0
/sys/class/net/enxfc19286184c9/statistics/rx_missed_errors:0
/sys/class/net/enxfc19286184c9/statistics/rx_nohandler:0
/sys/class/net/enxfc19286184c9/statistics/rx_over_errors:0
/sys/class/net/enxfc19286184c9/statistics/rx_packets:2512
/sys/class/net/enxfc19286184c9/statistics/tx_aborted_errors:0
/sys/class/net/enxfc19286184c9/statistics/tx_bytes:1408854
/sys/class/net/enxfc19286184c9/statistics/tx_carrier_errors:0
/sys/class/net/enxfc19286184c9/statistics/tx_compressed:0
/sys/class/net/enxfc19286184c9/statistics/tx_dropped:0
/sys/class/net/enxfc19286184c9/statistics/tx_errors:0
/sys/class/net/enxfc19286184c9/statistics/tx_fifo_errors:0
/sys/class/net/enxfc19286184c9/statistics/tx_heartbeat_errors:0
/sys/class/net/enxfc19286184c9/statistics/tx_packets:2522
/sys/class/net/enxfc19286184c9/statistics/tx_window_errors:0
Ip: Forwarding DefaultTTL InReceives InHdrErrors InAddrErrors ForwDatagrams InUnknownProtos InDiscards InDelivers OutRequests OutDiscards OutNoRoutes ReasmTimeout ReasmReqds ReasmOKs ReasmFails FragOKs FragFails FragCreates OutTransmits
Ip: 2 64 347058 0 0 0 0 0 347050 346925 0 0 0 0 0 0 0 0 0 346925
Icmp: InMsgs InErrors InCsumErrors InDestUnreachs InTimeExcds InParmProbs InSrcQuenchs InRedirects InEchos InEchoReps InTimestamps InTimestampReps InAddrMasks InAddrMaskReps OutMsgs OutErrors OutRateLimitGlobal OutRateLimitHost OutDestUnreachs OutTimeExcds OutParmProbs OutSrcQuenchs OutRedirects OutEchos OutEchoReps OutTimestamps OutTimestampReps OutAddrMasks OutAddrMaskReps
Icmp: 236 0 0 0 0 0 0 0 0 236 0 0 0 0 239 0 0 0 0 0 0 0 0 239 0 0 0 0 0
IcmpMsg: InType0 OutType8
IcmpMsg: 236 239
Tcp: RtoAlgorithm RtoMin RtoMax MaxConn ActiveOpens PassiveOpens AttemptFails EstabResets CurrEstab InSegs OutSegs RetransSegs InErrs OutRsts InCsumErrors
Tcp: 1 200 120000 -1 8 0 0 1 2 344504 344488 0 0 2 0
Udp: InDatagrams NoPorts InErrors OutDatagrams RcvbufErrors SndbufErrors InCsumErrors IgnoredMulti MemErrors
Udp: 2307 0 0 2307 0 0 0 3 0
UdpLite: InDatagrams NoPorts InErrors OutDatagrams RcvbufErrors SndbufErrors InCsumErrors IgnoredMulti MemErrors
UdpLite: 0 0 0 0 0 0 0 0 0
3: enxfc19286184c9: <BROADCAST,MULTICAST,UP,LOWER_UP> mtu 1500 qdisc fq_codel state UP mode DEFAULT group default qlen 1000
    RX:  bytes packets errors dropped  missed   mcast           
        244592    2512      0       0       0       0 
    RX errors:  length    crc   frame    fifo overrun
                     0      0       0       0       0 
    TX:  bytes packets errors dropped carrier collsns           
       1408854    2522      0       0       0       0 
    TX errors: aborted   fifo  window heartbt transns
                     0      0       0       0       4 
REACHABLE
pcapwin 1.2
pcap WE.pcap records 226 partial_tail_bytes 0
capture_live yes
tcpdump_procs 1
prev E-F1-H0.log window_end 135290
prev_beyond_file 135290 > 226
cumulative 0 226
window_end 226
frames 226
len 60:26 61:20 62:20 63:20 263:20 276:20 277:20 1511:20 1512:20 1513:20 1514:20
ethertype 0800:224 0806:2
vlan8100 0
vlan_vid -
class icmp_echo_reply 224 tagged 0 len 60:24 61:20 62:20 63:20 263:20 276:20 277:20 1511:20 1512:20 1513:20 1514:20 ipcsum_ok 224 icmpcsum_ok 84 excess 0:224
class ipv4_other 0 tagged 0 len - ipcsum_ok 0 icmpcsum_ok 0 excess -
class arp 2 tagged 0 len 60:2
class rlxfw_nic 0 tagged 0 len - content_ok 0
class other 0 tagged 0 len -
class runt 0 tagged 0 len -
excess 0:224
echo_ids 12
echo_seq 1 1-4
echo_seq 2 1-20
echo_seq 3 1-20
echo_seq 4 1-20
echo_seq 5 1-20
echo_seq 6 1-20
echo_seq 7 1-20
echo_seq 8 1-20
echo_seq 9 1-20
echo_seq 10 1-20
echo_seq 11 1-20
echo_seq 12 1-20
echo_dup 0
echo_vid -
dst host:226 bcast:0 mcast:0 other:0
truncated 140
icmp_partial 140
lenby 20:61-63,263,276-277,1511-1514
lenby 26:60
dmesgwin 1.1 prev E-F1-H0.log window_end 135290
window 135290 164295
window_end 164295
lines 587 first_t 580.721 last_t 596.611
bug_preempt 29
usbnet_xmit 29
vhci_unlink 2
urb_104 2
usb_disc 0
cp210x 0
ttyusb 0
link_down 0
link_up 0
tx_timeout 0
vsock_err 0
call_trace 29
follower 1
