/sys/class/net/enxfc19286184c9/statistics/collisions:0
/sys/class/net/enxfc19286184c9/statistics/multicast:0
/sys/class/net/enxfc19286184c9/statistics/rx_bytes:327234
/sys/class/net/enxfc19286184c9/statistics/rx_compressed:0
/sys/class/net/enxfc19286184c9/statistics/rx_crc_errors:0
/sys/class/net/enxfc19286184c9/statistics/rx_dropped:0
/sys/class/net/enxfc19286184c9/statistics/rx_errors:0
/sys/class/net/enxfc19286184c9/statistics/rx_fifo_errors:0
/sys/class/net/enxfc19286184c9/statistics/rx_frame_errors:0
/sys/class/net/enxfc19286184c9/statistics/rx_length_errors:0
/sys/class/net/enxfc19286184c9/statistics/rx_missed_errors:0
/sys/class/net/enxfc19286184c9/statistics/rx_nohandler:0
/sys/class/net/enxfc19286184c9/statistics/rx_over_errors:0
/sys/class/net/enxfc19286184c9/statistics/rx_packets:2691
/sys/class/net/enxfc19286184c9/statistics/tx_aborted_errors:0
/sys/class/net/enxfc19286184c9/statistics/tx_bytes:2232637
/sys/class/net/enxfc19286184c9/statistics/tx_carrier_errors:0
/sys/class/net/enxfc19286184c9/statistics/tx_compressed:0
/sys/class/net/enxfc19286184c9/statistics/tx_dropped:0
/sys/class/net/enxfc19286184c9/statistics/tx_errors:0
/sys/class/net/enxfc19286184c9/statistics/tx_fifo_errors:0
/sys/class/net/enxfc19286184c9/statistics/tx_heartbeat_errors:0
/sys/class/net/enxfc19286184c9/statistics/tx_packets:3868
/sys/class/net/enxfc19286184c9/statistics/tx_window_errors:0
Ip: Forwarding DefaultTTL InReceives InHdrErrors InAddrErrors ForwDatagrams InUnknownProtos InDiscards InDelivers OutRequests OutDiscards OutNoRoutes ReasmTimeout ReasmReqds ReasmOKs ReasmFails FragOKs FragFails FragCreates OutTransmits
Ip: 2 64 374194 0 0 0 0 0 374158 375222 9 0 0 0 0 0 0 0 0 375222
Icmp: InMsgs InErrors InCsumErrors InDestUnreachs InTimeExcds InParmProbs InSrcQuenchs InRedirects InEchos InEchoReps InTimestamps InTimestampReps InAddrMasks InAddrMaskReps OutMsgs OutErrors OutRateLimitGlobal OutRateLimitHost OutDestUnreachs OutTimeExcds OutParmProbs OutSrcQuenchs OutRedirects OutEchos OutEchoReps OutTimestamps OutTimestampReps OutAddrMasks OutAddrMaskReps
Icmp: 389 0 0 0 0 0 0 0 0 389 0 0 0 0 1574 0 0 0 0 0 0 0 0 1574 0 0 0 0 0
IcmpMsg: InType0 OutType8
IcmpMsg: 389 1574
Tcp: RtoAlgorithm RtoMin RtoMax MaxConn ActiveOpens PassiveOpens AttemptFails EstabResets CurrEstab InSegs OutSegs RetransSegs InErrs OutRsts InCsumErrors
Tcp: 1 200 120000 -1 8 0 0 1 2 371444 371909 0 0 2 0
Udp: InDatagrams NoPorts InErrors OutDatagrams RcvbufErrors SndbufErrors InCsumErrors IgnoredMulti MemErrors
Udp: 2310 0 0 2310 0 0 0 15 0
UdpLite: InDatagrams NoPorts InErrors OutDatagrams RcvbufErrors SndbufErrors InCsumErrors IgnoredMulti MemErrors
UdpLite: 0 0 0 0 0 0 0 0 0
3: enxfc19286184c9: <BROADCAST,MULTICAST,UP,LOWER_UP> mtu 1500 qdisc fq_codel state UP mode DEFAULT group default qlen 1000
    RX:  bytes packets errors dropped  missed   mcast           
        327234    2691      0       0       0       0 
    RX errors:  length    crc   frame    fifo overrun otherhost
                     0      0       0       0       0        19 
    TX:  bytes packets errors dropped carrier collsns           
       2232637    3868      0       0       0       0 
    TX errors: aborted   fifo  window heartbt transns
                     0      0       0       0       4 
REACHABLE
pcapwin 1.2
pcap WE.pcap records 405 partial_tail_bytes 0
capture_live yes
tcpdump_procs 1
prev E-L1-H1.log window_end 319925
prev_beyond_file 319925 > 405
cumulative 0 405
window_end 405
frames 405
len 60:61 61:21 62:40 63:40 263:22 276:40 277:40 281:19 1511:22 1512:20 1513:40 1514:40
ethertype 0800:377 0806:9 8100:19
vlan8100 19
vlan_vid 1767:19
class icmp_echo_reply 396 tagged 19 len 60:52 61:21 62:40 63:40 263:22 276:40 277:40 281:19 1511:22 1512:20 1513:40 1514:40 ipcsum_ok 396 icmpcsum_ok 153 excess 0:377 4:19
class ipv4_other 0 tagged 0 len - ipcsum_ok 0 icmpcsum_ok 0 excess -
class arp 9 tagged 0 len 60:9
class rlxfw_nic 0 tagged 0 len - content_ok 0
class other 0 tagged 0 len -
class runt 0 tagged 0 len -
excess 0:377 4:19
echo_ids 24
echo_seq 1 1-4
echo_seq 2 1-20
echo_seq 3 1-20
echo_seq 4 1-20
echo_seq 5 1-20
echo_seq 6 1-20
echo_seq 7 1-20
echo_seq 8 1-20
echo_seq 9 1-20
echo_seq 10 1-20
echo_seq 11 1-20
echo_seq 12 1-20
echo_seq 13 1-4
echo_seq 14 1-20
echo_seq 15 1
echo_seq 16 5,7,10,13,19,21,54,62,64,67,73,75,108,116,118,121,127,129,132,138
echo_seq 17 2,8,10,16,18,21,27,29,62,65,98,101,133,136,141,143,149,151,157,173
echo_seq 18 55,85
echo_seq 19 30-49
echo_seq 20 1,3,8,10,15,17,22,24,29,31,36,38,43,45,50,52,57,59,64,66,71,73,78,80,85,87,92,94,99,101,106,108,113,115,120,122,127,129,134
echo_seq_tagged 20 3,10,17,24,31,38,45,52,59,66,73,80,87,94,101,108,115,122,129
echo_seq 21 101,115
echo_seq 22 63-82
echo_seq 23 1-20
echo_seq 24 1-4
echo_dup 0
echo_vid 1767:19
dst host:404 bcast:1 mcast:0 other:0
truncated 243
icmp_partial 243
lenby 19:281
lenby 20:1512
lenby 21:61
lenby 22:263,1511
lenby 40:62-63,276-277,1513-1514
lenby 61:60
dmesgwin 1.1 prev E-F2-L.log window_end 325211
window 325211 326375
window_end 326375
lines 24 first_t 702.501 last_t 702.622
bug_preempt 1
usbnet_xmit 1
vhci_unlink 2
urb_104 2
usb_disc 0
cp210x 0
ttyusb 0
link_down 0
link_up 0
tx_timeout 0
vsock_err 0
call_trace 1
follower 1
