/sys/class/net/enxfc19286184c9/statistics/collisions:0
/sys/class/net/enxfc19286184c9/statistics/multicast:0
/sys/class/net/enxfc19286184c9/statistics/rx_bytes:466440
/sys/class/net/enxfc19286184c9/statistics/rx_compressed:0
/sys/class/net/enxfc19286184c9/statistics/rx_crc_errors:0
/sys/class/net/enxfc19286184c9/statistics/rx_dropped:0
/sys/class/net/enxfc19286184c9/statistics/rx_errors:0
/sys/class/net/enxfc19286184c9/statistics/rx_fifo_errors:0
/sys/class/net/enxfc19286184c9/statistics/rx_frame_errors:0
/sys/class/net/enxfc19286184c9/statistics/rx_length_errors:0
/sys/class/net/enxfc19286184c9/statistics/rx_missed_errors:0
/sys/class/net/enxfc19286184c9/statistics/rx_nohandler:0
/sys/class/net/enxfc19286184c9/statistics/rx_over_errors:0
/sys/class/net/enxfc19286184c9/statistics/rx_packets:2912
/sys/class/net/enxfc19286184c9/statistics/tx_aborted_errors:0
/sys/class/net/enxfc19286184c9/statistics/tx_bytes:2374919
/sys/class/net/enxfc19286184c9/statistics/tx_carrier_errors:0
/sys/class/net/enxfc19286184c9/statistics/tx_compressed:0
/sys/class/net/enxfc19286184c9/statistics/tx_dropped:0
/sys/class/net/enxfc19286184c9/statistics/tx_errors:0
/sys/class/net/enxfc19286184c9/statistics/tx_fifo_errors:0
/sys/class/net/enxfc19286184c9/statistics/tx_heartbeat_errors:0
/sys/class/net/enxfc19286184c9/statistics/tx_packets:4089
/sys/class/net/enxfc19286184c9/statistics/tx_window_errors:0
Ip: Forwarding DefaultTTL InReceives InHdrErrors InAddrErrors ForwDatagrams InUnknownProtos InDiscards InDelivers OutRequests OutDiscards OutNoRoutes ReasmTimeout ReasmReqds ReasmOKs ReasmFails FragOKs FragFails FragCreates OutTransmits
Ip: 2 64 380225 0 0 0 0 0 380189 381245 9 0 0 0 0 0 0 0 0 381245
Icmp: InMsgs InErrors InCsumErrors InDestUnreachs InTimeExcds InParmProbs InSrcQuenchs InRedirects InEchos InEchoReps InTimestamps InTimestampReps InAddrMasks InAddrMaskReps OutMsgs OutErrors OutRateLimitGlobal OutRateLimitHost OutDestUnreachs OutTimeExcds OutParmProbs OutSrcQuenchs OutRedirects OutEchos OutEchoReps OutTimestamps OutTimestampReps OutAddrMasks OutAddrMaskReps
Icmp: 609 0 0 0 0 0 0 0 0 609 0 0 0 0 1794 0 0 0 0 0 0 0 0 1794 0 0 0 0 0
IcmpMsg: InType0 OutType8
IcmpMsg: 609 1794
Tcp: RtoAlgorithm RtoMin RtoMax MaxConn ActiveOpens PassiveOpens AttemptFails EstabResets CurrEstab InSegs OutSegs RetransSegs InErrs OutRsts InCsumErrors
Tcp: 1 200 120000 -1 8 0 0 1 2 377254 377790 0 0 2 0
Udp: InDatagrams NoPorts InErrors OutDatagrams RcvbufErrors SndbufErrors InCsumErrors IgnoredMulti MemErrors
Udp: 2311 0 0 2311 0 0 0 15 0
UdpLite: InDatagrams NoPorts InErrors OutDatagrams RcvbufErrors SndbufErrors InCsumErrors IgnoredMulti MemErrors
UdpLite: 0 0 0 0 0 0 0 0 0
3: enxfc19286184c9: <BROADCAST,MULTICAST,UP,LOWER_UP> mtu 1500 qdisc fq_codel state UP mode DEFAULT group default qlen 1000
    RX:  bytes packets errors dropped  missed   mcast           
        466440    2912      0       0       0       0 
    RX errors:  length    crc   frame    fifo overrun otherhost
                     0      0       0       0       0        19 
    TX:  bytes packets errors dropped carrier collsns           
       2374919    4089      0       0       0       0 
    TX errors: aborted   fifo  window heartbt transns
                     0      0       0       0       4 
REACHABLE
pcapwin 1.2
pcap WE.pcap records 626 partial_tail_bytes 0
capture_live yes
tcpdump_procs 1
prev E-F2-H0.log window_end 326375
prev_beyond_file 326375 > 626
cumulative 0 626
window_end 626
frames 626
len 60:82 61:41 62:60 63:60 263:42 276:60 277:60 281:19 1511:42 1512:40 1513:60 1514:60
ethertype 0800:597 0806:10 8100:19
vlan8100 19
vlan_vid 1767:19
class icmp_echo_reply 616 tagged 19 len 60:72 61:41 62:60 63:60 263:42 276:60 277:60 281:19 1511:42 1512:40 1513:60 1514:60 ipcsum_ok 616 icmpcsum_ok 233 excess 0:597 4:19
class ipv4_other 0 tagged 0 len - ipcsum_ok 0 icmpcsum_ok 0 excess -
class arp 10 tagged 0 len 60:10
class rlxfw_nic 0 tagged 0 len - content_ok 0
class other 0 tagged 0 len -
class runt 0 tagged 0 len -
excess 0:597 4:19
echo_ids 35
echo_seq 1 1-4
echo_seq 2 1-20
echo_seq 3 1-20
echo_seq 4 1-20
echo_seq 5 1-20
echo_seq 6 1-20
echo_seq 7 1-20
echo_seq 8 1-20
echo_seq 9 1-20
echo_seq 10 1-20
echo_seq 11 1-20
echo_seq 12 1-20
echo_seq 13 1-4
echo_seq 14 1-20
echo_seq 15 1
echo_seq 16 5,7,10,13,19,21,54,62,64,67,73,75,108,116,118,121,127,129,132,138
echo_seq 17 2,8,10,16,18,21,27,29,62,65,98,101,133,136,141,143,149,151,157,173
echo_seq 18 55,85
echo_seq 19 30-49
echo_seq 20 1,3,8,10,15,17,22,24,29,31,36,38,43,45,50,52,57,59,64,66,71,73,78,80,85,87,92,94,99,101,106,108,113,115,120,122,127,129,134
echo_seq_tagged 20 3,10,17,24,31,38,45,52,59,66,73,80,87,94,101,108,115,122,129
echo_seq 21 101,115
echo_seq 22 63-82
echo_seq 23 1-20
echo_seq 24 1-4
echo_seq 25 1-20
echo_seq 26 1-20
echo_seq 27 1-20
echo_seq 28 1-20
echo_seq 29 1-20
echo_seq 30 1-20
echo_seq 31 1-20
echo_seq 32 1-20
echo_seq 33 1-20
echo_seq 34 1-20
echo_seq 35 1-20
echo_dup 0
echo_vid 1767:19
dst host:625 bcast:1 mcast:0 other:0
truncated 383
icmp_partial 383
lenby 19:281
lenby 40:1512
lenby 41:61
lenby 42:263,1511
lenby 60:62-63,276-277,1513-1514
lenby 82:60
dmesgwin 1.1 prev E-F2-H0.log window_end 326375
window 326375 355279
window_end 355279
lines 586 first_t 702.673 last_t 718.627
bug_preempt 29
usbnet_xmit 29
vhci_unlink 2
urb_104 2
usb_disc 0
cp210x 0
ttyusb 0
link_down 0
link_up 0
tx_timeout 0
vsock_err 0
call_trace 29
follower 1
