echo swclear > /proc/rtl819x-nic ; echo sweep 60 60 0 > /proc/rtl819x-nic ; ca
t /proc/rtlR8L19x-nic-XtFxW-
N-SWEEP=4C03C03C
RLXFW-N-ENGOFF
RLXFW-N-ARM=A15C8000
RLXFW-N-ARMR=00000000
RLXFW-N-ENGON=C4000000
RLXFW-N-ENGOFF
RLXFW-N-ARM=A15C8000
RLXFW-N-ARMR=00000000
RLXFW-N-SWSUM=00010000
RLXFW-N-SWEND=00000000
version rtl819x-nic 1.5
tx15 txlen rlxfw txoff 2 txrb 0 dirty 0 p15 1
v15 last sweep 14 ok 8 refused 5 txq 1385 arm15 6
w0 F 60 pol rlxfw off 2 rb 0 path tx n 1384
w1 F 60 pol rlxfw off 2 rb 0 path tx n 1385
w2 F 60 pol vendor off 2 rb 0 path xmit n 1382
w3 F 60 pol vendor off 2 rb 0 path xmit n 1383
r0 A15C81D0 A15C8230 00400000 00000000 8800003F 00000000 00000000 00000000 A15C81D0 003C009C A15CC292 A15CC292 07FE0000
r1 A15C81E8 A15C8248 00400000 00000000 8800003F 00000000 00000000 00000000 A15C81E8 003C009C A15CCA92 A15CCA92 07FE0000
r2 A15C8200 A15C8260 00000000 00000000 88000000 00000000 00000000 00000000 A15C8200 0000009C 00000000 00000000 00000000
r3 A15C821A A15C8278 00000000 00000000 88000000 00000000 00000000 00000000 A15C8218 0000009C 00000000 00000000 00000000
rb chk 0 bad 0 first n 0 slot 0 word 0 got 00000000 want 00000000
sw done mode loop from 60 to 60 probe 0 rc 0 bufs A15C8290
sw key txlen rlxfw txoff 2 txrb 0 mode loop probe 0 rings 1 rec 1
sw scored 1 bad_a 0 bad_b 0 void 0 skew 0 retry 0 foreign 0 alien 0
sw delta0 0 reg 1 units 1 timeout 0 cycles 1 drained 0 j0 15477 j1 15482
sw last 60 a 64 1 b 64 1 x 0
mt none 1454 clean 1 bad_b 0 bad_a 0 void 0 skew 0
m00 6000000000000000000000000000000000000000000000000000000000000000
m01 0000000000000000000000000000000000000000000000000000000000000000
m02 0000000000000000000000000000000000000000000000000000000000000000
m03 0000000000000000000000000000000000000000000000000000000000000000
m04 0000000000000000000000000000000000000000000000000000000000000000
m05 0000000000000000000000000000000000000000000000000000000000000000
m06 0000000000000000000000000000000000000000000000000000000000000000
m07 0000000000000000000000000000000000000000000000000000000000000000
m08 0000000000000000000000000000000000000000000000000000000000000000
m09 0000000000000000000000000000000000000000000000000000000000000000
m10 0000000000000000000000000000000000000000000000000000000000000000
m11 0000000000000000000000000000000000000000000000000000000000000000
hb n 0 other 0 void 0
ww 60 64:11:0 - - - - - - -
ww 68 - - - - - - - -
ww 76 - - - - - - - -
ww 84 - - - - - - - -
# 