echo sweep 277 277 0 > /proc/rtl819x-nic ; cat /proc/rtl819x-nic-RtLxXF
W-N-SWEEP=4C115115
RLXFW-N-ENGOFF
RLXFW-N-ARM=A15C8000
RLXFW-N-ARMR=00000000
RLXFW-N-ENGON=C4000000
RLXFW-N-ENGOFF
RLXFW-N-ARM=A15C8000
RLXFW-N-ARMR=00000000
RLXFW-N-SWSUM=00010000
RLXFW-N-SWEND=00000001
version rtl819x-nic 1.5
tx15 txlen rlxfw txoff 2 txrb 0 dirty 0 p15 1
v15 last sweep 16 ok 14 refused 5 txq 1397 arm15 6
w0 F 277 pol rlxfw off 2 rb 0 path tx n 1396
w1 F 277 pol rlxfw off 2 rb 0 path tx n 1397
w2 F 60 pol vendor off 2 rb 0 path xmit n 1382
w3 F 60 pol vendor off 2 rb 0 path xmit n 1383
r0 A15C81D0 A15C8230 01190000 00000000 8800003F 00000000 00000000 00000000 A15C81D0 0115009C A15CC292 A15CC292 07FE0000
r1 A15C81E8 A15C8248 01190000 00000000 8800003F 00000000 00000000 00000000 A15C81E8 0115009C A15CCA92 A15CCA92 07FE0000
r2 A15C8200 A15C8260 00000000 00000000 88000000 00000000 00000000 00000000 A15C8200 0000009C 00000000 00000000 00000000
r3 A15C821A A15C8278 00000000 00000000 88000000 00000000 00000000 00000000 A15C8218 0000009C 00000000 00000000 00000000
rb chk 0 bad 0 first n 0 slot 0 word 0 got 00000000 want 00000000
sw done mode loop from 277 to 277 probe 0 rc 0 bufs A15C8290
sw key txlen rlxfw txoff 2 txrb 0 mode loop probe 0 rings 1 rec 7
sw scored 1 bad_a 0 bad_b 1 void 0 skew 0 retry 0 foreign 0 alien 1
sw delta0 0 reg 1 units 1 timeout 0 cycles 1 drained 0 j0 16032 j1 16037
sw last 277 a 281 1 b 15999 5 x 7
mt none 1448 clean 2 bad_b 5 bad_a 0 void 0 skew 0
m00 8E00000000000000000000000000000000000000000000000000000000000000
m01 0000000000000000000000000000000000000200000080000000000000000000
m02 0000000000000000000000000000000000000000000000000000000000000000
m03 0000000000000000000000000000000000000000000000000000000000000000
m04 0000000000000000000000000000000000000000000000000000000000000000
m05 0000000000000000000000000000000000000000000000000000000000000000
m06 0000000000000000000000000000000000000000000000000000000000000000
m07 0000000000000000000000000000000000000000000000000000000000000000
m08 0000000000000000000000000000000000000000000000000000000000000000
m09 0000000000000000000000000000000000000000000000000000000000000000
m10 0000000000000000000000000000000000000000000000000000000000000000
m11 0000000000000000000000000000000000000000000000000000000000000000
hb n 3 other 0 void 0
hb 9831:3:61-63 11887:1:263-263 15999:1:277-277
ww 60 64:11:0 9831:15:4 9831:15:4 9831:15:4 - - - -
ww 68 - - - - - - - -
ww 76 - - - - - - - -
ww 84 - - - - - - - -
# 