echo txlen d1 > /proc/rtl819x-nic ; cat /proc/rtl819x-nic-tx
version rtl819x-nic 1.5
tx15 txlen d1 txoff 2 txrb 0 dirty 1 p15 1
v15 last txlen 9 ok 79 refused 7 txq 16079 arm15 12
w0 F 1514 pol ext off 2 rb 0 path tx n 16078
w1 F 60 pol ext off 2 rb 0 path tx n 16079
w2 F 60 pol rlxfw off 2 rb 0 path xmit n 10256
w3 F 60 pol rlxfw off 2 rb 0 path xmit n 10257
r0 A15C81D0 A15C8230 05EE0000 00000000 8800003F 00000000 00000000 00000000 A15C81D0 05EA009C A15CC292 A15CC292 05EE0000
r1 A15C81E8 A15C8248 00400000 00000000 8800003F 00000000 00000000 00000000 A15C81E8 003C009C A15CCA92 A15CCA92 00400000
r2 A15C8200 A15C8260 00000000 00000000 88000000 00000000 00000000 00000000 A15C8200 0000009C 00000000 00000000 00000000
r3 A15C821A A15C8278 00000000 00000000 88000000 00000000 00000000 00000000 A15C8218 0000009C 00000000 00000000 00000000
rb chk 0 bad 0 first n 0 slot 0 word 0 got 00000000 want 00000000
sw done mode loop from 60 to 1514 probe 60 rc 0 bufs A15C8290
sw key txlen ext txoff 2 txrb 0 mode loop probe 60 rings 1 rec 1455
sw scored 1455 bad_a 0 bad_b 728 void 0 skew 0 retry 0 foreign 0 alien 728
sw delta0 0 reg 1 units 1455 timeout 0 cycles 1455 drained 0 j0 80409 j1 83976
sw last 1514 a 1518 1 b 64 1 x 0
mt none 0 clean 727 bad_b 728 bad_a 0 void 0 skew 0
m00 8ED78ED78ED78ED78ED78ED78ED78ED78ED78ED78ED78ED78ED78ED78ED78ED7
m01 8ED78ED78ED78ED78ED78ED78ED78ED78ED78ED78ED78ED78ED78ED78ED78ED7
m02 8ED78ED78ED78ED78ED78ED78ED78ED78ED78ED78ED78ED78ED78ED78ED78ED7
m03 8ED78ED78ED78ED78ED78ED78ED78ED78ED78ED78ED78ED78ED78ED78ED78ED7
m04 8ED78ED78ED78ED78ED78ED78ED78ED78ED78ED78ED78ED78ED78ED78ED78ED7
m05 8ED78ED78ED78ED78ED78ED78ED78ED78ED78ED78ED78ED78ED78ED78ED78ED7
m06 8ED78ED78ED78ED78ED78ED78ED78ED78ED78ED78ED78ED78ED78ED78ED78ED7
m07 8ED78ED78ED78ED78ED78ED78ED78ED78ED78ED78ED78ED78ED78ED78ED78ED7
m08 8ED78ED78ED78ED78ED78ED78ED78ED78ED78ED78ED78ED78ED78ED78ED78ED7
m09 8ED78ED78ED78ED78ED78ED78ED78ED78ED78ED78ED78ED78ED78ED78ED78ED7
m10 8ED78ED78ED78ED78ED78ED78ED78ED78ED78ED78ED78ED78ED78ED78ED78ED7
m11 8ED78ED78ED78ED78ED78ED60000000000000000000000000000000000000000
hb n 8 other 0 void 0
hb 9831:92:61-1472 11887:92:69-1480 13943:92:77-1488 15999:92:85-1496
hb 1607:92:93-1504 3663:92:101-1512 5719:88:109-1456 7775:88:117-1464
ww 60 64:11:0 9831:15:4 9831:15:4 9831:15:4 9831:15:4 64:11:0 64:11:0 64:11:0
ww 68 64:11:0 11887:15:5 11887:15:5 11887:15:5 11887:15:5 64:11:0 64:11:0 64:11:0
ww 76 64:11:0 13943:15:6 13943:15:6 13943:15:6 13943:15:6 64:11:0 64:11:0 64:11:0
ww 84 64:11:0 15999:15:7 15999:15:7 15999:15:7 15999:15:7 64:11:0 64:11:0 64:11:0
# 