swcheck 1.1 setting d2 probe 60
sw done mode loop from 60 to 1514 probe 60 rc 0 bufs A15C8290
key txlen d2 txoff 2 txrb 0 mode loop probe 60 rings 1 rec 1455
counts scored 1455 bad_a 0 bad_b 364 void 0 skew 0 retry 0 foreign 0 alien 364
counts delta0 0 reg 1 units 1455 timeout 0 cycles 1455 drained 0 j0 88805 j1 92372
last 1514 a 1518 class 1 b 64 class 1 x 0
map codes none:0 clean:1091 bad_b:364 bad_a:0 void:0 skew:0
mt equals the decoded map (0 1091 364 0 0 0)
records 1455, the page's rec 1455
void 0 at -
skew 0 at -
scored 1455; bad-b 364 at 61-62,69-70,77-78,85-86,93-94,101-102,...
bad-a 0 at -
rule M1-cover8  predicted  364 measured  364 agree 1455 of 1455 disagree -
rule M1-room8ph predicted  728 measured  364 agree 1091 of 1455 disagree 63-64,71-72,79-80,87-88,95-96,...
rule M2-shift8  predicted  728 measured  364 agree 1091 of 1455 disagree 63-64,71-72,79-80,87-88,95-96,...
rule M2-shift8m predicted  727 measured  364 agree 1092 of 1455 disagree 60,67-68,75-76,83-84,91-92,99,...
hb H-prev equal
hb H-own differ
hb H-slot differ
hb as read: hb n 8 other 0 void 0 | hb 9831:46:61-1470 11887:46:69-1478 13943:46:77-1486 15999:46:85-1494 | hb 1607:46:93-1502 3663:46:101-1510 5719:44:109-1454 7775:44:117-1462
