echo txlen mlen > /proc/rtl819x-nic ; cat /proc/rtl819x-nic-tx
version rtl819x-nic 1.5
tx15 txlen mlen txoff 2 txrb 0 dirty 1 p15 1
v15 last txlen 11 ok 73 refused 7 txq 10259 arm15 10
w0 F 60 pol rlxfw off 2 rb 0 path xmit n 10258
w1 F 60 pol rlxfw off 2 rb 0 path xmit n 10259
w2 F 60 pol rlxfw off 2 rb 0 path xmit n 10256
w3 F 60 pol rlxfw off 2 rb 0 path xmit n 10257
r0 A15C81D0 A15C8230 00400000 00000000 8800003F 00000000 00000000 00000000 A15C81D0 003C009C A15CC292 A15CC292 07FE0000
r1 A15C81E8 A15C8248 00400000 00000000 8800003F 00000000 00000000 00000000 A15C81E8 003C009C A15CCA92 A15CCA92 07FE0000
r2 A15C8200 A15C8260 00400000 00000000 8800003F 00000000 00000000 00000000 A15C8200 003C009C A15CD292 A15CD292 07FE0000
r3 A15C821A A15C8278 00400000 00000000 8800003F 00000000 00000000 00000000 A15C8218 003C009C A15CDA92 A15CDA92 07FE0000
rb chk 0 bad 0 first n 0 slot 0 word 0 got 00000000 want 00000000
sw done mode wire from 1514 to 1514 probe 60 rc 0 bufs A15C8290
sw key txlen rlxfw txoff 2 txrb 0 mode wire probe 60 rings 1 rec 35
sw scored 1 bad_a 0 bad_b 0 void 0 skew 0 retry 0 foreign 0 alien 0
sw delta0 0 reg 0 units 1 timeout 0 cycles 1 drained 0 j0 71962 j1 71967
sw last 1514 a 0 A b 0 A x 0
mt none 1420 clean 35 bad_b 0 bad_a 0 void 0 skew 0
m00 7777770000000000000000000000000000000000000000000000000000000000
m01 0000000000000000000000000000000000000100000070000000000000000000
m02 0000000000000000000000000000000000000000000000000000000000000000
m03 0000000000000000000000000000000000000000000000000000000000000000
m04 0000000000000000000000000000000000000000000000000000000000000000
m05 0000000000000000000000000000000000777700000000000000000000000000
m06 0000000000000000000000000000000000000000000000000000000000000000
m07 0000000000000000000000000000000000000000000000000000000000000000
m08 0000000000000000000000000000000000000000000000000000000000000000
m09 0000000000000000000000000000000000000000000000000000000000000000
m10 0000000000000000000000000000000000000000000000000000000000000000
m11 0000000000000077770001760000000000000000000000000000000000000000
hb n 0 other 0 void 0
ww 60 0:AA:0 0:AA:0 0:AA:0 0:AA:0 0:AA:0 0:AA:0 0:AA:0 0:AA:0
ww 68 0:AA:0 0:AA:0 0:AA:0 0:AA:0 - - - -
ww 76 - - - - - - - -
ww 84 - - - - - - - -
# 