swcheck 1.1 setting mlen probe 60
sw done mode loop from 60 to 1514 probe 60 rc 0 bufs A15C8290
key txlen mlen txoff 2 txrb 0 mode loop probe 60 rings 1 rec 1455
counts scored 1455 bad_a 0 bad_b 0 void 0 skew 0 retry 0 foreign 0 alien 0
counts delta0 0 reg 1 units 1455 timeout 0 cycles 1455 drained 0 j0 76236 j1 79802
last 1514 a 1518 class 1 b 64 class 1 x 0
map codes none:0 clean:1455 bad_b:0 bad_a:0 void:0 skew:0
mt equals the decoded map (0 1455 0 0 0 0)
records 1455, the page's rec 1455
void 0 at -
skew 0 at -
scored 1455; bad-b 0 at -
bad-a 0 at -
rule M1-cover8  predicted    0 measured    0 agree 1455 of 1455 disagree -
rule M1-room8ph predicted  728 measured    0 agree 727 of 1455 disagree 61-64,69-72,77-78,...
rule M2-shift8  predicted  728 measured    0 agree 727 of 1455 disagree 61-64,69-72,77-78,...
rule M2-shift8m predicted  727 measured    0 agree 728 of 1455 disagree 60,65-68,73-76,81,...
hb H-prev equal
hb H-own equal
hb H-slot equal
hb as read: hb n 0 other 0 void 0
