echo txlen rlxfw > /proc/rtl819x-nic ; echo txoff 0 > /proc/rtl819x-nic ; cat 
/proc/rtl819x-nic-tx
version rtl819x-nic 1.5
tx15 txlen rlxfw txoff 0 txrb 0 dirty 1 p15 1
v15 last txoff 8 ok 89 refused 7 txq 24809 arm15 15
w0 F 1514 pol d3 off 2 rb 0 path tx n 24808
w1 F 60 pol d3 off 2 rb 0 path tx n 24809
w2 F 60 pol rlxfw off 2 rb 0 path xmit n 10256
w3 F 60 pol rlxfw off 2 rb 0 path xmit n 10257
r0 A15C81D0 A15C8230 05EE0000 00000000 8800003F 00000000 00000000 00000000 A15C81D0 05EB009C A15CC292 A15CC292 07FE0000
r1 A15C81E8 A15C8248 00400000 00000000 8800003F 00000000 00000000 00000000 A15C81E8 003D009C A15CCA92 A15CCA92 07FE0000
r2 A15C8200 A15C8260 00000000 00000000 88000000 00000000 00000000 00000000 A15C8200 0000009C 00000000 00000000 00000000
r3 A15C821A A15C8278 00000000 00000000 88000000 00000000 00000000 00000000 A15C8218 0000009C 00000000 00000000 00000000
rb chk 0 bad 0 first n 0 slot 0 word 0 got 00000000 want 00000000
sw done mode loop from 60 to 1514 probe 60 rc 0 bufs A15C8290
sw key txlen d3 txoff 2 txrb 0 mode loop probe 60 rings 1 rec 1455
sw scored 1455 bad_a 0 bad_b 546 void 0 skew 0 retry 0 foreign 0 alien 546
sw delta0 0 reg 1 units 1455 timeout 0 cycles 1455 drained 0 j0 93001 j1 96568
sw last 1514 a 1518 1 b 64 1 x 0
mt none 0 clean 909 bad_b 546 bad_a 0 void 0 skew 0
m00 8E778E778E778E778E778E778E778E778E778E778E778E778E778E778E778E77
m01 8E778E778E778E778E778E778E778E778E778E778E778E778E778E778E778E77
m02 8E778E778E778E778E778E778E778E778E778E778E778E778E778E778E778E77
m03 8E778E778E778E778E778E778E778E778E778E778E778E778E778E778E778E77
m04 8E778E778E778E778E778E778E778E778E778E778E778E778E778E778E778E77
m05 8E778E778E778E778E778E778E778E778E778E778E778E778E778E778E778E77
m06 8E778E778E778E778E778E778E778E778E778E778E778E778E778E778E778E77
m07 8E778E778E778E778E778E778E778E778E778E778E778E778E778E778E778E77
m08 8E778E778E778E778E778E778E778E778E778E778E778E778E778E778E778E77
m09 8E778E778E778E778E778E778E778E778E778E778E778E778E778E778E778E77
m10 8E778E778E778E778E778E778E778E778E778E778E778E778E778E778E778E77
m11 8E778E778E778E778E778E760000000000000000000000000000000000000000
hb n 8 other 0 void 0
hb 9831:69:61-1471 11887:69:69-1479 13943:69:77-1487 15999:69:85-1495
hb 1607:69:93-1503 3663:69:101-1511 5719:66:109-1455 7775:66:117-1463
ww 60 64:11:0 9831:15:4 9831:15:4 9831:15:4 64:11:0 64:11:0 64:11:0 64:11:0
ww 68 64:11:0 11887:15:5 11887:15:5 11887:15:5 64:11:0 64:11:0 64:11:0 64:11:0
ww 76 64:11:0 13943:15:6 13943:15:6 13943:15:6 64:11:0 64:11:0 64:11:0 64:11:0
ww 84 64:11:0 15999:15:7 15999:15:7 15999:15:7 64:11:0 64:11:0 64:11:0 64:11:0
# 