swcheck 1.1 setting rlxfw probe 60
sw done mode loop from 60 to 1514 probe 60 rc 0 bufs A15C8290
key txlen rlxfw txoff 2 txrb 2 mode loop probe 60 rings 1 rec 1455
counts scored 1455 bad_a 0 bad_b 728 void 0 skew 0 retry 0 foreign 0 alien 728
counts delta0 0 reg 1 units 1455 timeout 0 cycles 1455 drained 0 j0 105638 j1 109205
last 1514 a 1518 class 1 b 64 class 1 x 0
map codes none:0 clean:727 bad_b:728 bad_a:0 void:0 skew:0
mt equals the decoded map (0 727 728 0 0 0)
records 1455, the page's rec 1455
void 0 at -
skew 0 at -
scored 1455; bad-b 728 at 61-64,69-72,77-80,...
bad-a 0 at -
rule M1-cover8  predicted  728 measured  728 agree 1455 of 1455 disagree -
rule M1-room8ph predicted  728 measured  728 agree 1455 of 1455 disagree -
rule M2-shift8  predicted  728 measured  728 agree 1455 of 1455 disagree -
rule M2-shift8m predicted  728 measured  728 agree 1455 of 1455 disagree -
hb H-prev equal
hb H-own differ
hb H-slot differ
hb as read: hb n 8 other 0 void 0 | hb 9831:92:61-1472 11887:92:69-1480 13943:92:77-1488 15999:92:85-1496 | hb 1607:92:93-1504 3663:92:101-1512 5719:88:109-1456 7775:88:117-1464
