sleep 2 ; cat /proc/rtl819x-nic /proc/net/snmp /proc/net/arp /proc/rtl865x/asi
cCounter /proc/rtl819x-nic
version rtl819x-n<Port: 0>
iRx counters
c   Rcv 0 bytes, Drop 0 pkts,etherStatsDropEvents 0
    CRCAlignErr 0, SymbolErr 0, FragErr 0, JabberErr 0
1   Unicast 0 pkts, Multicast 0 pkts, Broadcast 0 pkts
.   < 64: 0 pkts, 64: 0 pkts, 65 -127: 0 pkts, 128 -255: 0 pkts
5   256 - 511: 0 pkts, 512 - 1023: 0 pkts, 1024 - 1518: 0 pkts
   oversize: 0 pkts, Control unknown 0 pkts, Pause 0 pkts

Output counters
u   Snd 0 bytes, Unicast 0 pkts, Multicast 0 pkts
n   Broadcast 0 pkts, Late collision 0, Deferred transmission 0 
l   Collisions 0 Single collision 0 Multiple collision 0 pause 0
o<Port: 1>
cRx counters
k   Rcv 0 bytes, Drop 0 pkts,etherStatsDropEvents 0
e   CRCAlignErr 0, SymbolErr 0, FragErr 0, JabberErr 0
d   Unicast 0 pkts, Multicast 0 pkts, Broadcast 0 pkts
    < 64: 0 pkts, 64: 0 pkts, 65 -127: 0 pkts, 128 -255: 0 pkts
1   256 - 511: 0 pkts, 512 - 1023: 0 pkts, 1024 - 1518: 0 pkts
   oversize: 0 pkts, Control unknown 0 pkts, Pause 0 pkts

Output counters
a   Snd 0 bytes, Unicast 0 pkts, Multicast 0 pkts
l   Broadcast 0 pkts, Late collision 0, Deferred transmission 0 
l   Collisions 0 Single collision 0 Multiple collision 0 pause 0
o<Port: 2>
cRx counters
a   Rcv 0 bytes, Drop 0 pkts,etherStatsDropEvents 0
t   CRCAlignErr 0, SymbolErr 0, FragErr 0, JabberErr 0
e   Unicast 0 pkts, Multicast 0 pkts, Broadcast 0 pkts
d   < 64: 0 pkts, 64: 0 pkts, 65 -127: 0 pkts, 128 -255: 0 pkts
    256 - 511: 0 pkts, 512 - 1023: 0 pkts, 1024 - 1518: 0 pkts
1   oversize: 0 pkts, Control unknown 0 pkts, Pause 0 pkts
Output counters

   Snd 0 bytes, Unicast 0 pkts, Multicast 0 pkts
a   Broadcast 0 pkts, Late collision 0, Deferred transmission 0 
r   Collisions 0 Single collision 0 Multiple collision 0 pause 0
m<Port: 3>
eRx counters
d   Rcv 0 bytes, Drop 0 pkts,etherStatsDropEvents 0
    CRCAlignErr 0, SymbolErr 0, FragErr 0, JabberErr 0
1   Unicast 0 pkts, Multicast 0 pkts, Broadcast 0 pkts
   < 64: 0 pkts, 64: 0 pkts, 65 -127: 0 pkts, 128 -255: 0 pkts

   256 - 511: 0 pkts, 512 - 1023: 0 pkts, 1024 - 1518: 0 pkts
e   oversize: 0 pkts, Control unknown 0 pkts, Pause 0 pkts
nOutput counters
g   Snd 0 bytes, Unicast 0 pkts, Multicast 0 pkts
i   Broadcast 0 pkts, Late collision 0, Deferred transmission 0 
n   Collisions 0 Single collision 0 Multiple collision 0 pause 0
e<Port: 4>
_Rx counters
o   Rcv 0 bytes, Drop 0 pkts,etherStatsDropEvents 0
n   CRCAlignErr 0, SymbolErr 0, FragErr 0, JabberErr 0
    Unicast 0 pkts, Multicast 0 pkts, Broadcast 0 pkts
1   < 64: 0 pkts, 64: 0 pkts, 65 -127: 0 pkts, 128 -255: 0 pkts
   256 - 511: 0 pkts, 512 - 1023: 0 pkts, 1024 - 1518: 0 pkts

   oversize: 0 pkts, Control unknown 0 pkts, Pause 0 pkts
iOutput counters
r   Snd 0 bytes, Unicast 0 pkts, Multicast 0 pkts
q   Broadcast 0 pkts, Late collision 0, Deferred transmission 0 
_   Collisions 0 Single collision 0 Multiple collision 0 pause 0
t<Port: 5>
aRx counters
k   Rcv 0 bytes, Drop 0 pkts,etherStatsDropEvents 0
e   CRCAlignErr 0, SymbolErr 0, FragErr 0, JabberErr 0
n   Unicast 0 pkts, Multicast 0 pkts, Broadcast 0 pkts
    < 64: 0 pkts, 64: 0 pkts, 65 -127: 0 pkts, 128 -255: 0 pkts
1   256 - 511: 0 pkts, 512 - 1023: 0 pkts, 1024 - 1518: 0 pkts
   oversize: 0 pkts, Control unknown 0 pkts, Pause 0 pkts

Output counters
i   Snd 0 bytes, Unicast 0 pkts, Multicast 0 pkts
r   Broadcast 0 pkts, Late collision 0, Deferred transmission 0 
q   Collisions 0 Single collision 0 Multiple collision 0 pause 0
_<CPU port (extension port included)>
rRx counters
c   Rcv 0 bytes, Drop 0 pkts,etherStatsDropEvents 0
    CRCAlignErr 0, SymbolErr 0, FragErr 0, JabberErr 0
0   Unicast 0 pkts, Multicast 0 pkts, Broadcast 0 pkts
   < 64: 0 pkts, 64: 0 pkts, 65 -127: 0 pkts, 128 -255: 0 pkts

   256 - 511: 0 pkts, 512 - 1023: 0 pkts, 1024 - 1518: 0 pkts
n   oversize: 0 pkts, Control unknown 0 pkts, Pause 0 pkts
_Output counters
r   Snd 0 bytes, Unicast 0 pkts, Multicast 0 pkts
e   Broadcast 0 pkts, Late collision 0, Deferred transmission 0 
a   Collisions 0 Single collision 0 Multiple collision 0 pause 0
d<Whole system counters>
s   CpuEvent 0 pkts
 8
n_writes 14
n_refused 0
n_irq 0
n_irq_spurious 0
n_tx 0
n_rx 0
n_rx_empty 0
n_poll 0
n_poll_masked 0
last_iisr 00000000
seen_iisr 00000000
nd_alloc 1
nd_registered 1
nd_up 1
nd_name rlx0
n_napi_poll 0
n_napi_complete 0
n_xmit 0
n_xmit_busy 0
tx_mode 0
n_tx_full 0
n_tx_retry 0
tx_retry_max_seen 0
n_tx_recovered 0
n_tx_drop_full 0
n_xmit_ctx 0/0/0
n_skb_fail 0
n_tx_stop 0
n_tx_wake 0
n_tx_wake_race 0
n_tx_timeout 0
tx_stopped 0
nd_stats rx 0/0 tx 0/0 drop 0/0
boot_icr 00000000
boot_iimr 00000000
boot_iisr 00000000
boot_rpdcr0 00000000
boot_rmdcr0 00000000
boot_tpdcr0 00000000
now_icr C4000000
now_iimr 007E0FFE
now_iisr 00000000
rpdcr0_pos A15C8000
rmdcr0_pos A15C8020
tpdcr0_pos A15C8040
tpdcr1_pos 00000000
tpdcr2_pos 00000000
tpdcr3_pos 00000000
n_arm_flush 0
iimr_base 007E0FFE
iimr_ladder 007E0FFE
recov_mode 1
recov_ms 1000
recov_jiffies 100
n_recov_arm 0
n_recov_fire 0
n_recov_spurious 0
n_recov_ok 0
n_recov_fail 0
n_recov_wake 0
recov_rc 0 0 0
recov_j_arm 0
recov_j_fire 0
ph_follow 1
n_ph_chk 0
n_ph_diff 0
n_ph_bad 0
n_ph_used 0
ph_first_w0 00000000
ph_first_exp 00000000
ph_first_nrx 0
ph_agree 0
ph_last 00000000
ph_last_j 0
ph_last_bf 00000000
ph_last_cls -1
tx_rings 1
n_et_link 0
et_link_last FFFFFFFF
ph_test_cls -1
ph_test_j 0
ph_test_seen 0
j_now 4294942373
n_dsync_chk 0
n_dsync 0
dsync_last_d 0
dsync_first_d 0
dsync_first_rp 00000000
dsync_first_rm 00000000
dsync_first_nrx 0
dsync_test_d 0
dsync_test_seen 0
rx_ring A15C8000
mb_ring A15C8020
tx_ring A15C8040
bufs A15C8290
rx_ph A15C8050
rx_mb A15C8110
tx_ph A15C81D0
tx_mb A15C8230
idle_ring A15CE290
rx_idx 0
tx_idx 0
rxd0 A15C8051 len 0 f 0000 pl 00
rxd1 A15C8069 len 0 f 0000 pl 00
rxd2 A15C8081 len 0 f 0000 pl 00
rxd3 A15C8099 len 0 f 0000 pl 00
rxd4 A15C80B1 len 0 f 0000 pl 00
rxd5 A15C80C9 len 0 f 0000 pl 00
rxd6 A15C80E1 len 0 f 0000 pl 00
rxd7 A15C80FB len 0 f 0000 pl 00
txd0 A15C81D0 len 0
txd1 A15C81E8 len 0
txd2 A15C8200 len 0
txd3 A15C821A len 0
mbd0 A15C8111 ph A15C8110 ml 0
mbd1 A15C8129 ph A15C8128 ml 0
mbd2 A15C8141 ph A15C8140 ml 0
mbd3 A15C8159 ph A15C8158 ml 0
mbd4 A15C8171 ph A15C8170 ml 0
mbd5 A15C8189 ph A15C8188 ml 0
mbd6 A15C81A1 ph A15C81A0 ml 0
mbd7 A15C81BB ph A15C81B8 ml 0
tx15 txlen rlxfw txoff 2 txrb 0 dirty 0 p15 1
rx_len 0
rx_ph1 00000000
rx_ph3 00000000
rx_ph4 00000000

Ip: Forwarding DefaultTTL InReceives InHdrErrors InAddrErrors ForwDatagrams InUnknownProtos InDiscards InDelivers OutRequests OutDiscards OutNoRoutes ReasmTimeout ReasmReqds ReasmOKs ReasmFails FragOKs FragFails FragCreates
Ip: 2 64 0 0 0 0 0 0 0 0 0 0 0 0 0 0 0 0 0
Icmp: InMsgs InErrors InDestUnreachs InTimeExcds InParmProbs InSrcQuenchs InRedirects InEchos InEchoReps InTimestamps InTimestampReps InAddrMasks InAddrMaskReps OutMsgs OutErrors OutDestUnreachs OutTimeExcds OutParmProbs OutSrcQuenchs OutRedirects OutEchos OutEchoReps OutTimestamps OutTimestampReps OutAddrMasks OutAddrMaskReps
Icmp: 0 0 0 0 0 0 0 0 0 0 0 0 0 0 0 0 0 0 0 0 0 0 0 0 0 0
Tcp: RtoAlgorithm RtoMin RtoMax MaxConn ActiveOpens PassiveOpens AttemptFails EstabResets CurrEstab InSegs OutSegs RetransSegs InErrs OutRsts
Tcp: 1 200 120000 -1 0 0 0 0 0 0 0 0 0 0
Udp: InDatagrams NoPorts InErrors OutDatagrams RcvbufErrors SndbufErrors
Udp: 0 0 0 0 0 0
UdpLite: InDatagrams NoPorts InErrors OutDatagrams RcvbufErrors SndbufErrors
UdpLite: 0 0 0 0 0 0
IP address       HW type     Flags       HW address            Mask     Device
version rtl819x-nic 1.5
unlocked 1
allocated 1
armed 1
engine_on 1
irq_taken 1
irq_rc 0
n_reads 35
n_writes 14
n_refused 0
n_irq 0
n_irq_spurious 0
n_tx 0
n_rx 0
n_rx_empty 0
n_poll 0
n_poll_masked 0
last_iisr 00000000
seen_iisr 00000000
nd_alloc 1
nd_registered 1
nd_up 1
nd_name rlx0
n_napi_poll 0
n_napi_complete 0
n_xmit 0
n_xmit_busy 0
tx_mode 0
n_tx_full 0
n_tx_retry 0
tx_retry_max_seen 0
n_tx_recovered 0
n_tx_drop_full 0
n_xmit_ctx 0/0/0
n_skb_fail 0
n_tx_stop 0
n_tx_wake 0
n_tx_wake_race 0
n_tx_timeout 0
tx_stopped 0
nd_stats rx 0/0 tx 0/0 drop 0/0
boot_icr 00000000
boot_iimr 00000000
boot_iisr 00000000
boot_rpdcr0 00000000
boot_rmdcr0 00000000
boot_tpdcr0 00000000
now_icr C4000000
now_iimr 007E0FFE
now_iisr 00000000
rpdcr0_pos A15C8000
rmdcr0_pos A15C8020
tpdcr0_pos A15C8040
tpdcr1_pos 00000000
tpdcr2_pos 00000000
tpdcr3_pos 00000000
n_arm_flush 0
iimr_base 007E0FFE
iimr_ladder 007E0FFE
recov_mode 1
recov_ms 1000
recov_jiffies 100
n_recov_arm 0
n_recov_fire 0
n_recov_spurious 0
n_recov_ok 0
n_recov_fail 0
n_recov_wake 0
recov_rc 0 0 0
recov_j_arm 0
recov_j_fire 0
ph_follow 1
n_ph_chk 0
n_ph_diff 0
n_ph_bad 0
n_ph_used 0
ph_first_w0 00000000
ph_first_exp 00000000
ph_first_nrx 0
ph_agree 0
ph_last 00000000
ph_last_j 0
ph_last_bf 00000000
ph_last_cls -1
tx_rings 1
n_et_link 0
et_link_last FFFFFFFF
ph_test_cls -1
ph_test_j 0
ph_test_seen 0
j_now 4294942379
n_dsync_chk 0
n_dsync 0
dsync_last_d 0
dsync_first_d 0
dsync_first_rp 00000000
dsync_first_rm 00000000
dsync_first_nrx 0
dsync_test_d 0
dsync_test_seen 0
rx_ring A15C8000
mb_ring A15C8020
tx_ring A15C8040
bufs A15C8290
rx_ph A15C8050
rx_mb A15C8110
tx_ph A15C81D0
tx_mb A15C8230
idle_ring A15CE290
rx_idx 0
tx_idx 0
rxd0 A15C8051 len 0 f 0000 pl 00
rxd1 A15C8069 len 0 f 0000 pl 00
rxd2 A15C8081 len 0 f 0000 pl 00
rxd3 A15C8099 len 0 f 0000 pl 00
rxd4 A15C80B1 len 0 f 0000 pl 00
rxd5 A15C80C9 len 0 f 0000 pl 00
rxd6 A15C80E1 len 0 f 0000 pl 00
rxd7 A15C80FB len 0 f 0000 pl 00
txd0 A15C81D0 len 0
txd1 A15C81E8 len 0
txd2 A15C8200 len 0
txd3 A15C821A len 0
mbd0 A15C8111 ph A15C8110 ml 0
mbd1 A15C8129 ph A15C8128 ml 0
mbd2 A15C8141 ph A15C8140 ml 0
mbd3 A15C8159 ph A15C8158 ml 0
mbd4 A15C8171 ph A15C8170 ml 0
mbd5 A15C8189 ph A15C8188 ml 0
mbd6 A15C81A1 ph A15C81A0 ml 0
mbd7 A15C81BB ph A15C81B8 ml 0
tx15 txlen rlxfw txoff 2 txrb 0 dirty 0 p15 1
rx_len 0
rx_ph1 00000000
rx_ph3 00000000
rx_ph4 00000000
# 