cat /proc/rtl819x-nic /proc/rtl819x-nic-tx
version rtl819x-nic 1.5
unlocked 1
allocated 1
armed 1
engine_on 1
irq_taken 0
irq_rc 0
n_reads 61
n_writes 36
n_refused 0
n_irq 0
n_irq_spurious 0
n_tx 3
n_rx 0
n_rx_empty 0
n_poll 0
n_poll_masked 0
last_iisr 00000000
seen_iisr 00000000
nd_alloc 1
nd_registered 1
nd_up 0
nd_name rlx0
n_napi_poll 0
n_napi_complete 0
n_xmit 0
n_xmit_busy 0
tx_mode 0
n_tx_full 0
n_tx_retry 0
tx_retry_max_seen 0
n_tx_recovered 0
n_tx_drop_full 0
n_xmit_ctx 0/0/0
n_skb_fail 0
n_tx_stop 0
n_tx_wake 0
n_tx_wake_race 0
n_tx_timeout 0
tx_stopped 1
nd_stats rx 0/0 tx 0/0 drop 0/0
boot_icr 00000000
boot_iimr 00000000
boot_iisr 00000000
boot_rpdcr0 00000000
boot_rmdcr0 00000000
boot_tpdcr0 00000000
now_icr 44000000
now_iimr 007E0FFE
now_iisr 00000000
rpdcr0_pos A15C8000
rmdcr0_pos A15C8020
tpdcr0_pos A15C8040
tpdcr1_pos 00000000
tpdcr2_pos 00000000
tpdcr3_pos 00000000
n_arm_flush 0
iimr_base 007E0FFE
iimr_ladder 007E0FFE
recov_mode 1
recov_ms 1000
recov_jiffies 100
n_recov_arm 0
n_recov_fire 0
n_recov_spurious 0
n_recov_ok 0
n_recov_fail 0
n_recov_wake 0
recov_rc 0 0 0
recov_j_arm 0
recov_j_fire 0
ph_follow 1
n_ph_chk 0
n_ph_diff 0
n_ph_bad 0
n_ph_used 0
ph_first_w0 00000000
ph_first_exp 00000000
ph_first_nrx 0
ph_agree 0
ph_last 00000000
ph_last_j 0
ph_last_bf 00000000
ph_last_cls -1
tx_rings 1
n_et_link 0
et_link_last FFFFFFFF
ph_test_cls -1
ph_test_j 0
ph_test_seen 0
j_now 4294943958
n_dsync_chk 0
n_dsync 0
dsync_last_d 0
dsync_first_d 0
dsync_first_rp 00000000
dsync_first_rm 00000000
dsync_first_nrx 0
dsync_test_d 0
dsync_test_seen 0
rx_ring A15C8000
mb_ring A15C8020
tx_ring A15C8040
bufs A15C8290
rx_ph A15C8050
rx_mb A15C8110
tx_ph A15C81D0
tx_mb A15C8230
idle_ring A15CE290
rx_idx 0
tx_idx 3
rxd0 A15C8051 len 0 f 0000 pl 00
rxd1 A15C8069 len 0 f 0000 pl 00
rxd2 A15C8081 len 0 f 0000 pl 00
rxd3 A15C8099 len 0 f 0000 pl 00
rxd4 A15C80B1 len 0 f 0000 pl 00
rxd5 A15C80C9 len 0 f 0000 pl 00
rxd6 A15C80E1 len 0 f 0000 pl 00
rxd7 A15C80FB len 0 f 0000 pl 00
txd0 A15C81D1 len 64
txd1 A15C81E9 len 65
txd2 A15C8201 len 1518
txd3 A15C821A len 0
mbd0 A15C8111 ph A15C8110 ml 0
mbd1 A15C8129 ph A15C8128 ml 0
mbd2 A15C8141 ph A15C8140 ml 0
mbd3 A15C8159 ph A15C8158 ml 0
mbd4 A15C8171 ph A15C8170 ml 0
mbd5 A15C8189 ph A15C8188 ml 0
mbd6 A15C81A1 ph A15C81A0 ml 0
mbd7 A15C81BB ph A15C81B8 ml 0
tx15 txlen rlxfw txoff 2 txrb 0 dirty 0 p15 1
rx_len 0
rx_ph1 00000000
rx_ph3 00000000
rx_ph4 00000000
version rtl819x-nic 1.5
tx15 txlen rlxfw txoff 2 txrb 0 dirty 0 p15 1
v15 last - 0 ok 0 refused 0 txq 3 arm15 0
w0 F 60 pol rlxfw off 2 rb 0 path tx n 1
w1 F 61 pol rlxfw off 2 rb 0 path tx n 2
w2 F 1514 pol rlxfw off 2 rb 0 path tx n 3
w3 F 0 pol rlxfw off 0 rb 0 path - n 0
r0 A15C81D1 A15C8230 00400000 00000000 8800003F 00000000 00000000 00000000 A15C81D0 003C009C A15CC292 A15CC292 07FE0000
r1 A15C81E9 A15C8248 00410000 00000000 8800003F 00000000 00000000 00000000 A15C81E8 003D009C A15CCA92 A15CCA92 07FE0000
r2 A15C8201 A15C8260 05EE0000 00000000 8800003F 00000000 00000000 00000000 A15C8200 05EA009C A15CD292 A15CD292 07FE0000
r3 A15C821A A15C8278 00000000 00000000 88000000 00000000 00000000 00000000 A15C8218 0000009C 00000000 00000000 00000000
rb chk 0 bad 0 first n 0 slot 0 word 0 got 00000000 want 00000000
sw never mode loop from 0 to 0 probe 0 rc 0 bufs 00000000
sw key txlen rlxfw txoff 0 txrb 0 mode loop probe 0 rings 0 rec 0
sw scored 0 bad_a 0 bad_b 0 void 0 skew 0 retry 0 foreign 0 alien 0
sw delta0 0 reg 0 units 0 timeout 0 cycles 0 drained 0 j0 0 j1 0
sw last 0 a 0 0 b 0 0 x 0
mt none 1455 clean 0 bad_b 0 bad_a 0 void 0 skew 0
m00 0000000000000000000000000000000000000000000000000000000000000000
m01 0000000000000000000000000000000000000000000000000000000000000000
m02 0000000000000000000000000000000000000000000000000000000000000000
m03 0000000000000000000000000000000000000000000000000000000000000000
m04 0000000000000000000000000000000000000000000000000000000000000000
m05 0000000000000000000000000000000000000000000000000000000000000000
m06 0000000000000000000000000000000000000000000000000000000000000000
m07 0000000000000000000000000000000000000000000000000000000000000000
m08 0000000000000000000000000000000000000000000000000000000000000000
m09 0000000000000000000000000000000000000000000000000000000000000000
m10 0000000000000000000000000000000000000000000000000000000000000000
m11 0000000000000000000000000000000000000000000000000000000000000000
hb n 0 other 0 void 0
ww 60 - - - - - - - -
ww 68 - - - - - - - -
ww 76 - - - - - - - -
ww 84 - - - - - - - -
# 