/sys/class/net/enxfc19286184c9/statistics/collisions:0
/sys/class/net/enxfc19286184c9/statistics/multicast:0
/sys/class/net/enxfc19286184c9/statistics/rx_bytes:104834
/sys/class/net/enxfc19286184c9/statistics/rx_compressed:0
/sys/class/net/enxfc19286184c9/statistics/rx_crc_errors:0
/sys/class/net/enxfc19286184c9/statistics/rx_dropped:0
/sys/class/net/enxfc19286184c9/statistics/rx_errors:0
/sys/class/net/enxfc19286184c9/statistics/rx_fifo_errors:0
/sys/class/net/enxfc19286184c9/statistics/rx_frame_errors:0
/sys/class/net/enxfc19286184c9/statistics/rx_length_errors:0
/sys/class/net/enxfc19286184c9/statistics/rx_missed_errors:0
/sys/class/net/enxfc19286184c9/statistics/rx_nohandler:0
/sys/class/net/enxfc19286184c9/statistics/rx_over_errors:0
/sys/class/net/enxfc19286184c9/statistics/rx_packets:2279
/sys/class/net/enxfc19286184c9/statistics/tx_aborted_errors:0
/sys/class/net/enxfc19286184c9/statistics/tx_bytes:1265924
/sys/class/net/enxfc19286184c9/statistics/tx_carrier_errors:0
/sys/class/net/enxfc19286184c9/statistics/tx_compressed:0
/sys/class/net/enxfc19286184c9/statistics/tx_dropped:0
/sys/class/net/enxfc19286184c9/statistics/tx_errors:0
/sys/class/net/enxfc19286184c9/statistics/tx_fifo_errors:0
/sys/class/net/enxfc19286184c9/statistics/tx_heartbeat_errors:0
/sys/class/net/enxfc19286184c9/statistics/tx_packets:2289
/sys/class/net/enxfc19286184c9/statistics/tx_window_errors:0
Ip: Forwarding DefaultTTL InReceives InHdrErrors InAddrErrors ForwDatagrams InUnknownProtos InDiscards InDelivers OutRequests OutDiscards OutNoRoutes ReasmTimeout ReasmReqds ReasmOKs ReasmFails FragOKs FragFails FragCreates OutTransmits
Ip: 2 64 321198 0 0 0 0 0 321190 321082 0 0 0 0 0 0 0 0 0 321082
Icmp: InMsgs InErrors InCsumErrors InDestUnreachs InTimeExcds InParmProbs InSrcQuenchs InRedirects InEchos InEchoReps InTimestamps InTimestampReps InAddrMasks InAddrMaskReps OutMsgs OutErrors OutRateLimitGlobal OutRateLimitHost OutDestUnreachs OutTimeExcds OutParmProbs OutSrcQuenchs OutRedirects OutEchos OutEchoReps OutTimestamps OutTimestampReps OutAddrMasks OutAddrMaskReps
Icmp: 8 0 0 0 0 0 0 0 0 8 0 0 0 0 11 0 0 0 0 0 0 0 0 11 0 0 0 0 0
IcmpMsg: InType0 OutType8
IcmpMsg: 8 11
Tcp: RtoAlgorithm RtoMin RtoMax MaxConn ActiveOpens PassiveOpens AttemptFails EstabResets CurrEstab InSegs OutSegs RetransSegs InErrs OutRsts InCsumErrors
Tcp: 1 200 120000 -1 8 0 0 1 2 318875 318796 0 0 2 0
Udp: InDatagrams NoPorts InErrors OutDatagrams RcvbufErrors SndbufErrors InCsumErrors IgnoredMulti MemErrors
Udp: 2304 0 0 2304 0 0 0 3 0
UdpLite: InDatagrams NoPorts InErrors OutDatagrams RcvbufErrors SndbufErrors InCsumErrors IgnoredMulti MemErrors
UdpLite: 0 0 0 0 0 0 0 0 0
3: enxfc19286184c9: <BROADCAST,MULTICAST,UP,LOWER_UP> mtu 1500 qdisc fq_codel state UP mode DEFAULT group default qlen 1000
    RX:  bytes packets errors dropped  missed   mcast           
        104834    2279      0       0       0       0 
    RX errors:  length    crc   frame    fifo overrun
                     0      0       0       0       0 
    TX:  bytes packets errors dropped carrier collsns           
       1265924    2289      0       0       0       0 
    TX errors: aborted   fifo  window heartbt transns
                     0      0       0       0       4 
REACHABLE
dmesgwin 1.1 prev RB-02-L2.log window_end 119870
window 119870 121034
window_end 121034
lines 24 first_t 520.084 last_t 520.207
bug_preempt 1
usbnet_xmit 1
vhci_unlink 2
urb_104 2
usb_disc 0
cp210x 0
ttyusb 0
link_down 0
link_up 0
tx_timeout 0
vsock_err 0
call_trace 1
follower 1
