echo swclear > /proc/rtl819x-nic ; cat /proc/rtl819x-nic-tx
version rtl819x-nic 1.5
tx15 txlen rlxfw txoff 2 txrb 0 dirty 0 p15 1
v15 last swclear 8 ok 19 refused 6 txq 1405 arm15 6
w0 F 1514 pol rlxfw off 2 rb 0 path tx n 1404
w1 F 1514 pol rlxfw off 2 rb 0 path tx n 1405
w2 F 60 pol vendor off 2 rb 0 path xmit n 1382
w3 F 60 pol vendor off 2 rb 0 path xmit n 1383
r0 A15C81D0 A15C8230 05EE0000 00000000 8800003F 00000000 00000000 00000000 A15C81D0 05EA009C A15CC292 A15CC292 07FE0000
r1 A15C81E8 A15C8248 05EE0000 00000000 8800003F 00000000 00000000 00000000 A15C81E8 05EA009C A15CCA92 A15CCA92 07FE0000
r2 A15C8200 A15C8260 00000000 00000000 88000000 00000000 00000000 00000000 A15C8200 0000009C 00000000 00000000 00000000
r3 A15C821A A15C8278 00000000 00000000 88000000 00000000 00000000 00000000 A15C8218 0000009C 00000000 00000000 00000000
rb chk 0 bad 0 first n 0 slot 0 word 0 got 00000000 want 00000000
sw done mode loop from 1514 to 1514 probe 0 rc 0 bufs A15C8290
sw key txlen rlxfw txoff 2 txrb 0 mode loop probe 0 rings 1 rec 0
sw scored 1 bad_a 0 bad_b 0 void 0 skew 0 retry 0 foreign 0 alien 0
sw delta0 0 reg 1 units 1 timeout 0 cycles 1 drained 0 j0 16403 j1 16408
sw last 1514 a 1518 1 b 1518 1 x 0
mt none 1455 clean 0 bad_b 0 bad_a 0 void 0 skew 0
m00 0000000000000000000000000000000000000000000000000000000000000000
m01 0000000000000000000000000000000000000000000000000000000000000000
m02 0000000000000000000000000000000000000000000000000000000000000000
m03 0000000000000000000000000000000000000000000000000000000000000000
m04 0000000000000000000000000000000000000000000000000000000000000000
m05 0000000000000000000000000000000000000000000000000000000000000000
m06 0000000000000000000000000000000000000000000000000000000000000000
m07 0000000000000000000000000000000000000000000000000000000000000000
m08 0000000000000000000000000000000000000000000000000000000000000000
m09 0000000000000000000000000000000000000000000000000000000000000000
m10 0000000000000000000000000000000000000000000000000000000000000000
m11 0000000000000000000000000000000000000000000000000000000000000000
hb n 0 other 0 void 0
ww 60 - - - - - - - -
ww 68 - - - - - - - -
ww 76 - - - - - - - -
ww 84 - - - - - - - -
# 