echo install slotA sha=113f55427c0798ec9fbf6ecd7f6b5ddea90bc4573496f500931b9df4eacc9ba8 > /proc/rtl819x-spi
RLXFW-SI-GO install slotA len=1110176 pace=0
RLXFW-SI E 00 610
RLXFW-SI E 01 1010
RLXFW-SI E 02 1410
RLXFW-SI E 03 1820
RLXFW-SI E 04 2230
RLXFW-SI E 05 2610
RLXFW-SI E 06 3000
RLXFW-SI E 07 3390
RLXFW-SI E 08 3780
RLXFW-SI E 09 4170
RLXFW-SI E 10 4570
RLXFW-SI E 11 4980
RLXFW-SI E 12 5400
RLXFW-SI E 13 5790
RLXFW-SI E 14 6170
RLXFW-SI E 15 6570
RLXFW-SI E 16 6940
RLXFW-SI E 17 7320
RLXFW-SI P 00 7470
RLXFW-SI P 01 7620
RLXFW-SI P 02 7780
RLXFW-SI P 03 7930
RLXFW-SI P 04 8080
RLXFW-SI P 05 8240
RLXFW-SI P 06 8390
RLXFW-SI P 07 8550
RLXFW-SI P 08 8700
RLXFW-SI P 09 8850
RLXFW-SI P 10 9010
RLXFW-SI P 11 9160
RLXFW-SI P 12 9310
RLXFW-SI P 13 9470
RLXFW-SI P 14 9620
RLXFW-SI P 15 9770
RLXFW-SI P 16 9920
RLXFW-SI H 00 9920
RLXFW-SI V 00 9990
RLXFW-SI V 01 10060
RLXFW-SI V 02 10120
RLXFW-SI V 03 10190
RLXFW-SI V 04 10260
RLXFW-SI V 05 10320
RLXFW-SI V 06 10390
RLXFW-SI V 07 10460
RLXFW-SI V 08 10520
RLXFW-SI V 09 10590
RLXFW-SI V 10 10660
RLXFW-SI V 11 10720
RLXFW-SI V 12 10790
RLXFW-SI V 13 10860
RLXFW-SI V 14 10920
RLXFW-SI V 15 10990
RLXFW-SI V 16 11050
RLXFW-SI V 17 11120
RLXFW-SI-END OK rc=0 c