J 80500000
---Jump to address=80500000
decompressing kernel:
Uncompressing Linux... done, booting the kernel.
done decompressing kernel.
start address: 0x80003600
RLXFW-B00
RLXFW-ID0=9BB2BEC7
RLXFW-B01
RLXFW-B02=0000CD01
RLXFW-B03
RLXFW-B04
RLXFW-B05
RLXFW-B06
RLXFW-SM0=C4000000
RLXFW-SM1=04000000
RLXFW-B07=00000000
RLXFW-B08
RLXFW-B09
RLXFW-PD0
RLXFW-PD1=00000000
RLXFW-TA0=FFFF8AE6
RLXFW-TA1=00000000
RLXFW-TA2=00000001
RLXFW-TA3=00000000
RLXFW-TA4=00000000
RLXFW-G0
RLXFW-G1=FFFFFFDF
RLXFW-G2=FF000000
RLXFW-G3=0000003C
RLXFW-G4=00000000
RLXFW-G5=00000001
RLXFW-G6
RLXFW-SW0
RLXFW-SW1=81964000
RLXFW-SW7=00000000
RLXFW-SW2=00000001
RLXFW-SW3=00000200
RLXFW-SW4=000001FF
RLXFW-SW5=00080008
RLXFW-SW6
Realtek WLAN driver driver version 1.6 (2012-12-04)
RLXFW-K0
RLXFW-K1
RLXFW-K2=00000000
RLXFW-K3=00000001
RLXFW-K4=FFFFFFFA
RLXFW-K5=00000000
RLXFW-K6=00000000
RLXFW-K7=00000000
RLXFW-K8
RLXFW-G7=0000007C
RLXFW-G8=0000007C
Realtek FastPath:v1.03
RLXFW-N0
RLXFW-N1=04000000
RLXFW-N2=00000000
RLXFW-N3=00000000
RLXFW-N4=A040FCD0
RLXFW-N5
RLXFW-N6=00000010
RLXFW-N7=00000011
RLXFW-S0
RLXFW-S1=FFC00000
RLXFW-S2=0BA08000
RLXFW-S3=C8000000
RLXFW-S4=00000000
RLXFW-S5=00000000
RLXFW-S6=00000002
RLXFW-S7
RLXFW-S8
RLXFW-W0
RLXFW-W1=A5000000
RLXFW-W2=00000000
RLXFW-W3=00000000
RLXFW-W4=00240000
RLXFW-W5
RLXFW-TA5=FFFF8CFA
RLXFW-TA6=00000001
RLXFW-TA7=00000000
RLXFW-TA8=00000000
RLXFW-TA9=00000003
RLXFW-B10
rlxfw: init running, RLRXLFW-XRF3W--RSUNWG-1U-NOLKOC
Krl
xRfwL:X FinWi-t:S Wc-oImNpIiTl=e0d0 P0I0D1 1F 1(FR7)
.  RNLoX FsWh-eSllW -iSsT AexeRcT'd
 ReLxXcFeWp-tN -tUhNeL ObCeKnc
h sheRlLlX FbWe-lNo-wN.DR
ErGlxf
w: init:R mLoXuFnWt-eNd- /ApLroLcO
Cr=lAxfw1: 5iCn8i0t0:0 m
ounRtLeXd F/sWy-sN
-rAlxfRwM:= iAn1it5: mCou8n0te0d 0/var

RrLlXxFfWw-: Nin-iAt:R moMuRnt=e0d 0/0ru0n0
0r0l0xf
w:R LinXitF:W m-oNu-nEteNdG /OtNmp=
Cr4l0x0fw0: i0n0it0: m
oRuLntXedF /Ws-rNv/ww-wN/rDunOP
rElxNfw
: init: config store slot 0 seq 0
rlxfw: init: hostname rlxfw
rlxfw: init: lan bring-up
rlxfw: lan up, rlx0 10.1.1.1/24
rlxfw: init: wrote /var/udhcpd.conf
rlxfw: init: *** BENCH PROFILE: A ROOT SHELL IS ENABLED ON /dev/console ***
rlxfw: init: *** build with BENCH_SHELL=0, or boot with 'rlxfw.noshell', to remove it ***
rlxfw: init: udhcpc: not started (wan.mode is not dhcp)
brokerd: entropy_avail=0 auth_ready=0
brokerd: LOGIN and PWSET will answer NOENTROPY until entropy_avail reaches 128 at least once
brokerd: listening on /srv/www/run/broker.sock mode 0666
rlxfw: init: brokerd started pid=12
rlxfw: init: httpd started pid=13
rlxfw: init: dnsfwd started pid=14
rlxfw: init: udhcpd started pid=15


BusyBox v1.13.4 (2026-09-01 00:00:00 UTC) built-in shell (ash)
Enter 'help' for a list of built-in commands.

# dnsfwd: lan 10.1.1.1 mask FFFFFF00 upstream 10.1.1.2
dnsfwd: running as uid 101 gid 101; setuid(0) refused (Operation not permitted)
dnsfwd: forwarding; inflight cap