cat /proc/rtl819x-switch
version rtl819x-switch 1.6
nreg 37
unlocked 1
n_writes 18
n_refused 0
n_reads 128
n_reset 0
n_dumb 0
n_restore 0
boot_cvidr 81964000
phyif unlocked 0 ok 0 stored 5 already 0 refused 0 idfail 0 rbfail 0
phyif0 pre 007F0038 rb 007F0039 rc 0 st 1
phyif1 pre 047F0038 rb 047F0039 rc 0 st 1
phyif2 pre 087F0038 rb 087F0039 rc 0 st 1
phyif3 pre 0C7F0038 rb 0C7F0039 rc 0 st 1
phyif4 pre 107F0038 rb 107F0039 rc 0 st 1
init calls 1 ok 1 refused 0 rc 0 stored 1F on 1F reset_busy 0
vlan calls 1 ok 1 refused 0 rc 0 at -1 step 0 vw 0000 nw 01 rw 00 vm 0 vr 00000001 000001FF 00000000 07FAC688 tlu 000C0000 sta 1 spin 1 swtasr 00000000 final 0 ld 784 to 0 rb 0
slot0_full 1
slot1_full 0
slot2_full 0
slot3_full 0
n_linkq 0
lde0 00
psrp0 000010E0 up 0 lde 0 lj 0
psrp1 000010E0 up 0 lde 0 lj 0
psrp2 000010E0 up 0 lde 0 lj 0
psrp3 000010F9 up 1 lde 0 lj 0
psrp4 000010E0 up 0 lde 0 lj 0
psrp5 000000E2 up 0 lde 0 lj 0
psrp6 0000007A up 1 lde 0 lj 0
psrp7 0000007A up 1 lde 0 lj 0
jiffies 4294943716
r CVIDR     4200 81964000 81964000 00
r SSIR      4204 00000001 00000001 00
r MACCR     4000 804A0185 804A0185 10
r MDCIOCR   4004 96181441 96181441 10
r MDCIOSR   4008 00000000 00000000 10
r PITCR     4100 00000000 00000000 00
r PCRP0     4104 007F0039 007F0038 00
r PCRP1     4108 047F0039 047F0038 00
r PCRP2     410C 087F0039 087F0038 00
r PCRP3     4110 0C7F0039 0C7F0038 00
r PCRP4     4114 107F0039 107F0038 00
r PCRP5     4118 00000000 00000000 00
r PCRP6     411C 187F0038 187F0038 00
r PSRP0     4128 000010E0 000010E0 00
r PSRP3     4134 000010F9 000010F9 00
r PSRP5     413C 000000E2 000000E2 00
r PSRP6     4140 0000007A 0000007A 00
r PSRP7     4144 0000007A 0000007A 00
r P0GMIICR  414C 00037D00 00037D00 10
r MEMCR     4234 00007F7F 00007F7F 10
r TEACR     4400 00000000 00000000 00
r ALECR     440C 00000000 00000000 00
r MSCR      4410 00000001 00000001 01
r SWTCR0    4418 00080000 00080000 11
r SWTCR1    441C 00000200 00000200 01
r FFCR      4428 00000003 00000003 10
r VCR0      4A00 000001FF 000001FF 01
r VCR1      4A04 00000000 00000000 00
r PVCR0     4A08 00080008 00080008 11
r PVCR1     4A0C 00080008 00080008 01
r PVCR2     4A10 00080008 00080008 01
r PVCR3     4A14 00080008 00080008 01
r PVCR4     4A18 00000001 00000001 01
r PBVCR0    4A1C 00000000 00000000 00
r SWTACR    4D00 00000000 00000000 10
r SWTAA     4D08 BB040000 BB060100 10
r TCR7      4D3C 00000000 00000000 10
# 