J 80500000
---Jump to address=80500000
decompressing kernel:
Uncompressing Linux... done, booting the kernel.
done decompressing kernel.
start address: 0x80003440
Realtek WLAN driver - version 1.6 (2013-02-21)(SVN:)
Adaptivity function - version 7.1


#######################################################
SKB_BUF_SIZE=2408 MAX_SKB_NUM=256
#######################################################




Probing RTL8186 10/100 NIC-kenel stack size order[3]...
chip name: 8196C, chip revid: 0
NOT YET
eth0 added. vid=9 Member port 0x10...
eth1 added. vid=8 Member port 0x1...
eth2 added. vid=9 Member port 0x8...
eth3 added. vid=9 Member port 0x4...
eth4 added. vid=9 Member port 0x2...
[peth0] added, mapping to [eth1]...
Realtek FastPath:v1.03
init started: BusyBox v1.13.4 (2018-01-10 14:56:45 CST)
******************
sysconf init gw all 
***************
init start ...
Init Start...
******************
sysconf wlanapp kill wlan0 
***************
Init bridge interface...

#######################################################
  NUM_RX_PKTHDR_DESC= 428, eth_skb_free_num= 694
#######################################################
Start NTP daemon
Init Wlan application...

WiFi Simple Config v2.18-wps1.0 (2018.01.10-06:58+0000).

Register to wlan0
route: SIOCDELRT: No such process
iwcontrol RegisterPID to (wlan0)
IEEE 802.11f (IAPP) using interface br0 (v1.8)
killall: udhcpd: no process killed
******************
sysconf disc option 
***************
wan_disconnect: StartDnsSpoof
Init WAN Interface...
bind: Address already in use

MiniIGD v1.09.1 (2018.01.10-06:58+0000).

Start setting IPv6[IPv6]
boa: server version Boa/0.94.14rc21
boa: server built Jan 10 2018 at 14:57:54.
boa: starting server pid=350, port 80
