sleep 15 < /dev/input/event0 ; cat /proc/rtl819x-keys
version 1.0
bound 1
reg_rc 0
probe_rc 0
nbuttons 1
max_buttons 4
log_slots 32
irq_probe -6
irq_live -6
enxio -6
evdev_built 1
evbug_built 0
poll_ms 10
poll_jiffies 1
hz 100
n_open 3
n_poll 1498
j_first 152017
j_last 153514
j_now 153515
n_ev 6
n_ev_drop 0
boot_raw 1
b0_gpio 5
b0_code 408
b0_active_low 1
b0_debounce_ms 100
b0_need 10
b0_raw 1
b0_state 0
b0_n_edge 6
b0_n_bounce 0
b0_n_press 3
b0_n_release 3
b0_n_report 6
ev 0 152144 0 0
ev 1 152222 0 1
ev 2 152600 0 0
ev 3 152690 0 1
ev 4 153203 0 0
ev 5 153224 0 1
# 