sleep 3 < /dev/input/event0 ; cat /proc/rtl819x-keys
version 1.0
bound 1
reg_rc 0
probe_rc 0
nbuttons 1
max_buttons 4
log_slots 32
irq_probe -6
irq_live -6
enxio -6
evdev_built 1
evbug_built 0
poll_ms 50
poll_jiffies 5
hz 100
n_open 2
n_poll 120
j_first 4294939030
j_last 4294940048
j_now 4294940050
n_ev 0
n_ev_drop 0
boot_raw 1
b0_gpio 5
b0_code 408
b0_active_low 1
b0_debounce_ms 100
b0_need 2
b0_raw 1
b0_state 0
b0_n_edge 0
b0_n_bounce 0
b0_n_press 0
b0_n_release 0
b0_n_report 0
# 