sleep 25 < /dev/input/event0 ; cat /proc/rtl819x-keys ; cat /proc/rtl819x-gpio
version 1.0
bound 1
reg_rc 0
probe_rc 0
nbuttons 1
max_buttons 4
log_slots 32
irq_probe -6
irq_live -6
enxio -6
evdev_built 1
evbug_built 0
poll_ms 10
poll_jiffies 1
hz 100
n_open 2
n_poll 2498
j_first 6867
j_last 9364
j_now 9365
n_ev 1
n_ev_drop 0
boot_raw 1
b0_gpio 5
b0_code 408
b0_active_low 1
b0_debounce_ms 100
b0_need 10
b0_raw 0
b0_state 1
b0_n_edge 1
b0_n_bounce 0
b0_n_press 1
b0_n_release 0
b0_n_report 1
ev 0 7212 0 0
version rtl819x-gpio 1.1
added 1
add_rc 0
base 0
ngpio 32
cnr FFFFFF8B
dir FF000040
dat 0000001C
boot_cnr FFFFFFDF
boot_dir FF000000
boot_dat 0000007C
cnr_as_spec 0
dir_as_spec 0
btn_raw 0
btn_pressed 1
known_mask 00000060
allow_out_mask 00000040
out_locked 00000000
out_effective 00000040
n_get 3007
n_req_ok 2
n_req_no 0
n_dirin_ok 1
n_dirin_no 0
n_dirout_ok 1
n_dirout_no 0
n_set_ok 1
n_set_no 0
n_writes 3
state_known 1
state_last 0000007C
n_state_chk 3014
n_state_foreign 2743
foreign_seen 1
foreign_first 0000001C
probed04 0
val04 00000000
# 