sleep 2 ; cat /proc/rtl819x-nic /proc/net/snmp /proc/net/arp /proc/rtl865x/asi
cCounter /proc/rtl819x-nic
version rtl819<Port: 0>
xRx counters
-   Rcv 0 bytes, Drop 0 pkts,etherStatsDropEvents 0
n   CRCAlignErr 0, SymbolErr 0, FragErr 0, JabberErr 0
i   Unicast 0 pkts, Multicast 0 pkts, Broadcast 0 pkts
c   < 64: 0 pkts, 64: 0 pkts, 65 -127: 0 pkts, 128 -255: 0 pkts
    256 - 511: 0 pkts, 512 - 1023: 0 pkts, 1024 - 1518: 0 pkts
1   oversize: 0 pkts, Control unknown 0 pkts, Pause 0 pkts
.Output counters
4   Snd 0 bytes, Unicast 0 pkts, Multicast 0 pkts
   Broadcast 0 pkts, Late collision 0, Deferred transmission 0 

   Collisions 0 Single collision 0 Multiple collision 0 pause 0
u<Port: 1>
nRx counters
l   Rcv 0 bytes, Drop 0 pkts,etherStatsDropEvents 0
o   CRCAlignErr 0, SymbolErr 0, FragErr 0, JabberErr 0
c   Unicast 0 pkts, Multicast 0 pkts, Broadcast 0 pkts
k   < 64: 0 pkts, 64: 0 pkts, 65 -127: 0 pkts, 128 -255: 0 pkts
e   256 - 511: 0 pkts, 512 - 1023: 0 pkts, 1024 - 1518: 0 pkts
d   oversize: 0 pkts, Control unknown 0 pkts, Pause 0 pkts
 Output counters
1   Snd 0 bytes, Unicast 0 pkts, Multicast 0 pkts
   Broadcast 0 pkts, Late collision 0, Deferred transmission 0 

   Collisions 0 Single collision 0 Multiple collision 0 pause 0
a<Port: 2>
lRx counters
l   Rcv 0 bytes, Drop 0 pkts,etherStatsDropEvents 0
o   CRCAlignErr 0, SymbolErr 0, FragErr 0, JabberErr 0
c   Unicast 0 pkts, Multicast 0 pkts, Broadcast 0 pkts
a   < 64: 0 pkts, 64: 0 pkts, 65 -127: 0 pkts, 128 -255: 0 pkts
t   256 - 511: 0 pkts, 512 - 1023: 0 pkts, 1024 - 1518: 0 pkts
e   oversize: 0 pkts, Control unknown 0 pkts, Pause 0 pkts
dOutput counters
    Snd 0 bytes, Unicast 0 pkts, Multicast 0 pkts
1   Broadcast 0 pkts, Late collision 0, Deferred transmission 0 
   Collisions 0 Single collision 0 Multiple collision 0 pause 0

<Port: 3>
aRx counters
r   Rcv 635048 bytes, Drop 0 pkts,etherStatsDropEvents 0
m   CRCAlignErr 0, SymbolErr 0, FragErr 0, JabberErr 0
e   Unicast 1132 pkts, Multicast 2 pkts, Broadcast 13 pkts
d   < 64: 0 pkts, 64: 405 pkts, 65 -127: 202 pkts, 128 -255: 0 pkts
    256 - 511: 180 pkts, 512 - 1023: 0 pkts, 1024 - 1518: 360 pkts
1   oversize: 0 pkts, Control unknown 0 pkts, Pause 0 pkts
Output counters

   Snd 119972 bytes, Unicast 372 pkts, Multicast 0 pkts
e   Broadcast 56 pkts, Late collision 0, Deferred transmission 0 
n   Collisions 0 Single collision 0 Multiple collision 0 pause 0
g<Port: 4>
iRx counters
n   Rcv 0 bytes, Drop 0 pkts,etherStatsDropEvents 0
e   CRCAlignErr 0, SymbolErr 0, FragErr 0, JabberErr 0
_   Unicast 0 pkts, Multicast 0 pkts, Broadcast 0 pkts
o   < 64: 0 pkts, 64: 0 pkts, 65 -127: 0 pkts, 128 -255: 0 pkts
n   256 - 511: 0 pkts, 512 - 1023: 0 pkts, 1024 - 1518: 0 pkts
    oversize: 0 pkts, Control unknown 0 pkts, Pause 0 pkts
1Output counters
   Snd 0 bytes, Unicast 0 pkts, Multicast 0 pkts

   Broadcast 0 pkts, Late collision 0, Deferred transmission 0 
i   Collisions 0 Single collision 0 Multiple collision 0 pause 0
r<Port: 5>
qRx counters
_   Rcv 0 bytes, Drop 0 pkts,etherStatsDropEvents 0
t   CRCAlignErr 0, SymbolErr 0, FragErr 0, JabberErr 0
a   Unicast 0 pkts, Multicast 0 pkts, Broadcast 0 pkts
k   < 64: 0 pkts, 64: 0 pkts, 65 -127: 0 pkts, 128 -255: 0 pkts
e   256 - 511: 0 pkts, 512 - 1023: 0 pkts, 1024 - 1518: 0 pkts
n   oversize: 0 pkts, Control unknown 0 pkts, Pause 0 pkts
 Output counters
1   Snd 0 bytes, Unicast 0 pkts, Multicast 0 pkts
   Broadcast 0 pkts, Late collision 0, Deferred transmission 0 

   Collisions 0 Single collision 0 Multiple collision 0 pause 0
i<CPU port (extension port included)>
rRx counters
q   Rcv 0 bytes, Drop 11 pkts,etherStatsDropEvents 8
_   CRCAlignErr 770, SymbolErr 0, FragErr 3, JabberErr 328
r   Unicast 0 pkts, Multicast 0 pkts, Broadcast 0 pkts
c   < 64: 0 pkts, 64: 270 pkts, 65 -127: 22 pkts, 128 -255: 0 pkts
    256 - 511: 93 pkts, 512 - 1023: 0 pkts, 1024 - 1518: 54 pkts
0   oversize: 0 pkts, Control unknown 0 pkts, Pause 0 pkts
Output counters

   Snd 635048 bytes, Unicast 1132 pkts, Multicast 2 pkts
n   Broadcast 13 pkts, Late collision 0, Deferred transmission 0 
_   Collisions 0 Single collision 0 Multiple collision 0 pause 0
r<Whole system counters>
e   CpuEvent 0 pkts
ads 4771
n_writes 634
n_refused 0
n_irq 2207
n_irq_spurious 0
n_tx 910
n_rx 1155
n_rx_empty 0
n_poll 0
n_poll_masked 0
last_iisr 00000008
seen_iisr 0000320E
nd_alloc 1
nd_registered 1
nd_up 1
nd_name rlx0
n_napi_poll 1152
n_napi_complete 1152
n_xmit 826
n_xmit_busy 10
tx_mode 0
n_tx_full 10
n_tx_retry 0
tx_retry_max_seen 0
n_tx_recovered 0
n_tx_drop_full 0
n_xmit_ctx 0/836/0
n_skb_fail 3
n_tx_stop 10
n_tx_wake 0
n_tx_wake_race 0
n_tx_timeout 0
tx_stopped 0
nd_stats rx 1152/630766 tx 826/320487 drop 3/0
boot_icr 00000000
boot_iimr 00000000
boot_iisr 00000000
boot_rpdcr0 00000000
boot_rmdcr0 00000000
boot_tpdcr0 00000000
now_icr C4000000
now_iimr 007E0FFE
now_iisr 00000000
rpdcr0_pos A15C8008
rmdcr0_pos A15C8038
tpdcr0_pos A15C8048
tpdcr1_pos 00000000
tpdcr2_pos 00000000
tpdcr3_pos 00000000
n_arm_flush 0
iimr_base 007E0FFE
iimr_ladder 007E0FFE
recov_mode 1
recov_ms 1000
recov_jiffies 100
n_recov_arm 10
n_recov_fire 10
n_recov_spurious 0
n_recov_ok 10
n_recov_fail 0
n_recov_wake 10
recov_rc 0 0 0
recov_j_arm 4294964146
recov_j_fire 4294964246
ph_follow 1
n_ph_chk 1155
n_ph_diff 0
n_ph_bad 0
n_ph_used 0
ph_first_w0 00000000
ph_first_exp 00000000
ph_first_nrx 0
ph_agree 1155
ph_last A15C8128
ph_last_j 1
ph_last_bf 00000000
ph_last_cls 0
tx_rings 1
n_et_link 0
et_link_last FFFFFFFF
ph_test_cls -1
ph_test_j 0
ph_test_seen 0
j_now 58574
n_dsync_chk 1152
n_dsync 3
dsync_last_d 4
dsync_first_d 4
dsync_first_rp A15C8008
dsync_first_rm A15C8038
dsync_first_nrx 1150
dsync_test_d 0
dsync_test_seen 0
rx_ring A15C8000
mb_ring A15C8020
tx_ring A15C8040
bufs A15C8290
rx_ph A15C8050
rx_mb A15C8110
tx_ph A15C81D0
tx_mb A15C8230
idle_ring A15CE290
rx_idx 2
tx_idx 2
rxd0 A15C8051 len 0 f 821F pl 00
rxd1 A15C8069 len 0 f B4C3 pl 03
rxd2 A15C8081 len 0 f 8063 pl 03
rxd3 A15C8099 len 0 f 8063 pl 03
rxd4 A15C80B1 len 0 f 8063 pl 03
rxd5 A15C80C9 len 0 f 8063 pl 03
rxd6 A15C80E1 len 0 f 8063 pl 03
rxd7 A15C80FB len 0 f 8063 pl 03
txd0 A15C81D0 len 67
txd1 A15C81E8 len 67
txd2 A15C8200 len 1518
txd3 A15C821A len 1518
mbd0 A15C8111 ph A15C8110 ml 0
mbd1 A15C8129 ph A15C8128 ml 0
mbd2 A15C8140 ph A15C8140 ml 2044
mbd3 A15C8158 ph A15C8158 ml 2044
mbd4 A15C8170 ph A15C8170 ml 2044
mbd5 A15C8188 ph A15C8188 ml 1657
mbd6 A15C81A1 ph A15C81A0 ml 0
mbd7 A15C81BB ph A15C81B8 ml 0
rx_len 0
rx_ph1 26676D10
rx_ph3 B4C37503
rx_ph4 12ED1BAE
Ip: Forwarding DefaultTTL InReceives InHdrErrors InAddrErrors ForwDatagrams InUnknownProtos InDiscards InDelivers OutRequests OutDiscards OutNoRoutes ReasmTimeout ReasmReqds ReasmOKs ReasmFails FragOKs FragFails FragCreates
Ip: 2 64 1120 0 0 0 0 0 1120 1138 112 0 0 0 0 0 0 0 0
Icmp: InMsgs InErrors InDestUnreachs InTimeExcds InParmProbs InSrcQuenchs InRedirects InEchos InEchoReps InTimestamps InTimestampReps InAddrMasks InAddrMaskReps OutMsgs OutErrors OutDestUnreachs OutTimeExcds OutParmProbs OutSrcQuenchs OutRedirects OutEchos OutEchoReps OutTimestamps OutTimestampReps OutAddrMasks OutAddrMaskReps
Icmp: 1120 0 0 0 0 0 0 1120 0 0 0 0 0 1138 0 18 0 0 0 0 0 1120 0 0 0 0
IcmpMsg: InType8 OutType0 OutType3
IcmpMsg: 1120 1120 18
Tcp: RtoAlgorithm RtoMin RtoMax MaxConn ActiveOpens PassiveOpens AttemptFails EstabResets CurrEstab InSegs OutSegs RetransSegs InErrs OutRsts
Tcp: 1 200 120000 -1 0 0 0 0 0 0 0 0 0 0
Udp: InDatagrams NoPorts InErrors OutDatagrams RcvbufErrors SndbufErrors
Udp: 0 0 0 0 0 0
UdpLite: InDatagrams NoPorts InErrors OutDatagrams RcvbufErrors SndbufErrors
UdpLite: 0 0 0 0 0 0
IP address       HW type     Flags       HW address            Mask     Device
version rtl819x-nic 1.4
unlocked 1
allocated 1
armed 1
engine_on 1
irq_taken 1
irq_rc 0
n_reads 4789
n_writes 634
n_refused 0
n_irq 2207
n_irq_spurious 0
n_tx 910
n_rx 1155
n_rx_empty 0
n_poll 0
n_poll_masked 0
last_iisr 00000008
seen_iisr 0000320E
nd_alloc 1
nd_registered 1
nd_up 1
nd_name rlx0
n_napi_poll 1152
n_napi_complete 1152
n_xmit 826
n_xmit_busy 10
tx_mode 0
n_tx_full 10
n_tx_retry 0
tx_retry_max_seen 0
n_tx_recovered 0
n_tx_drop_full 0
n_xmit_ctx 0/836/0
n_skb_fail 3
n_tx_stop 10
n_tx_wake 0
n_tx_wake_race 0
n_tx_timeout 0
tx_stopped 0
nd_stats rx 1152/630766 tx 826/320487 drop 3/0
boot_icr 00000000
boot_iimr 00000000
boot_iisr 00000000
boot_rpdcr0 00000000
boot_rmdcr0 00000000
boot_tpdcr0 00000000
now_icr C4000000
now_iimr 007E0FFE
now_iisr 00000000
rpdcr0_pos A15C8008
rmdcr0_pos A15C8038
tpdcr0_pos A15C8048
tpdcr1_pos 00000000
tpdcr2_pos 00000000
tpdcr3_pos 00000000
n_arm_flush 0
iimr_base 007E0FFE
iimr_ladder 007E0FFE
recov_mode 1
recov_ms 1000
recov_jiffies 100
n_recov_arm 10
n_recov_fire 10
n_recov_spurious 0
n_recov_ok 10
n_recov_fail 0
n_recov_wake 10
recov_rc 0 0 0
recov_j_arm 4294964146
recov_j_fire 4294964246
ph_follow 1
n_ph_chk 1155
n_ph_diff 0
n_ph_bad 0
n_ph_used 0
ph_first_w0 00000000
ph_first_exp 00000000
ph_first_nrx 0
ph_agree 1155
ph_last A15C8128
ph_last_j 1
ph_last_bf 00000000
ph_last_cls 0
tx_rings 1
n_et_link 0
et_link_last FFFFFFFF
ph_test_cls -1
ph_test_j 0
ph_test_seen 0
j_now 58581
n_dsync_chk 1152
n_dsync 3
dsync_last_d 4
dsync_first_d 4
dsync_first_rp A15C8008
dsync_first_rm A15C8038
dsync_first_nrx 1150
dsync_test_d 0
dsync_test_seen 0
rx_ring A15C8000
mb_ring A15C8020
tx_ring A15C8040
bufs A15C8290
rx_ph A15C8050
rx_mb A15C8110
tx_ph A15C81D0
tx_mb A15C8230
idle_ring A15CE290
rx_idx 2
tx_idx 2
rxd0 A15C8051 len 0 f 821F pl 00
rxd1 A15C8069 len 0 f B4C3 pl 03
rxd2 A15C8081 len 0 f 8063 pl 03
rxd3 A15C8099 len 0 f 8063 pl 03
rxd4 A15C80B1 len 0 f 8063 pl 03
rxd5 A15C80C9 len 0 f 8063 pl 03
rxd6 A15C80E1 len 0 f 8063 pl 03
rxd7 A15C80FB len 0 f 8063 pl 03
txd0 A15C81D0 len 67
txd1 A15C81E8 len 67
txd2 A15C8200 len 1518
txd3 A15C821A len 1518
mbd0 A15C8111 ph A15C8110 ml 0
mbd1 A15C8129 ph A15C8128 ml 0
mbd2 A15C8140 ph A15C8140 ml 2044
mbd3 A15C8158 ph A15C8158 ml 2044
mbd4 A15C8170 ph A15C8170 ml 2044
mbd5 A15C8188 ph A15C8188 ml 1657
mbd6 A15C81A1 ph A15C81A0 ml 0
mbd7 A15C81BB ph A15C81B8 ml 0
rx_len 0
rx_ph1 26676D10
rx_ph3 B4C37503
rx_ph4 12ED1BAE
# 