PING 10.1.1.3 (10.1.1.3) from 10.1.1.2 enxfc19286184c9: 1472(1500) bytes of data.
ping: sendmsg: No buffer space available
ping: sendmsg: No buffer space available
ping: sendmsg: No buffer space available
ping: sendmsg: No buffer space available
ping: sendmsg: No buffer space available
ping: sendmsg: No buffer space available
ping: sendmsg: No buffer space available
ping: sendmsg: No buffer space available
ping: sendmsg: No buffer space available
ping: sendmsg: No buffer space available
ping: sendmsg: No buffer space available
ping: sendmsg: No buffer space available
ping: sendmsg: No buffer space available
ping: sendmsg: No buffer space available
ping: sendmsg: No buffer space available
ping: sendmsg: No buffer space available
ping: sendmsg: No buffer space available
ping: sendmsg: No buffer space available
ping: sendmsg: No buffer space available
ping: sendmsg: No buffer space available
ping: sendmsg: No buffer space available
ping: sendmsg: No buffer space available
ping: sendmsg: No buffer space available
ping: sendmsg: No buffer space available
ping: sendmsg: No buffer space available
ping: sendmsg: No buffer space available
ping: sendmsg: No buffer space available
ping: sendmsg: No buffer space available
ping: sendmsg: No buffer space available
ping: sendmsg: No buffer space available
ping: sendmsg: No buffer space available
ping: sendmsg: No buffer space available
ping: sendmsg: No buffer space available
ping: sendmsg: No buffer space available
ping: sendmsg: No buffer space available
ping: sendmsg: No buffer space available
ping: sendmsg: No buffer space available
ping: sendmsg: No buffer space available
ping: sendmsg: No buffer space available
ping: sendmsg: No buffer space available
ping: sendmsg: No buffer space available
ping: sendmsg: No buffer space available
ping: sendmsg: No buffer space available
ping: sendmsg: No buffer space available
ping: sendmsg: No buffer space available
ping: sendmsg: No buffer space available
ping: sendmsg: No buffer space available
ping: sendmsg: No buffer space available

--- 10.1.1.3 ping statistics ---
60 packets transmitted, 0 received, 100% packet loss, time 9414ms
pipe 20
