cat /proc/interrupts ; ifconfig eth4
           CPU0       
  2:          0             RLX  cascade (0x0)
  8:      28692        RLX LOPI  serial (0x20)
 12:          6        RLX LOPI  eth4 (0x20)
 13:     122086        RLX LOPI  rlx timer (0x620)

ER0:          0
ER1:          0
ER2:          0

 SW:          6
 TX:          6
 RX:          0
LNK:          0
ERR:          6
eth4      Link encap:Ethernet  HWaddr 00:12:34:56:78:94  
          inet addr:10.1.1.10  Bcast:10.1.1.255  Mask:255.255.255.0
          UP BROADCAST RUNNING MULTICAST  MTU:1500  Metric:1
          RX packets:0 errors:0 dropped:0 overruns:0 frame:0
          TX packets:6 errors:0 dropped:0 overruns:0 carrier:0
          collisions:0 txqueuelen:0 
          RX bytes:0 (0.0 B)  TX bytes:384 (384.0 B)
          Interrupt:12 

# 