sleep 20 ; cat /proc/rtl819x-timer ; cat /proc/interrupts
driver=rtl819x-timer 2.0
state=armed
last_verdict=0
hz_assumed=14286057
hz_tick=200000
hz_cdbr=200000
hz_agree=1
hz_used=200000
period_cycles=4096
mask_bits=12
shift=19
mult=2621440000
rating=0
period_jiffies=2
ext_interval_j=1
hz_kernel=100
tc1_cycles=4058
tc1_ext=5435334
tc1_ext_reads=3874
tc1_ext_gap_max=2009
tc1_ext_gap_max_j=1
tc1_ext_ticks=2717
tc1_ext_trusted=1
jiffies=4295042732
wall=1054.360000002
tc0data=00007D00
tc0cnt=00007380
tc1data=00010000
tccnr=F0000000
tcir=C0000000
cdbr=03E80000
gimr=00209300
gisr=88000004
gimr_tc0ie=1
gimr_tc1ie=1
gisr_tc0ip=0
gisr_tc1ip=0
tcir_tc1ip=0
tcir_tc1ie=1
tc1ie_ours=1
ackip_before=1
ackip_after=0
ack_proven=1
irq_num=25
irq_requested=1
irq_count=113223
irq_spurious=0
irq_stuck=0
irq_last_tcir=C0000000
irr0=22222222
irr1=C222FA2D
irr2=2EB29F22
irr3=22222022
irr1_tc0_rs=13
irr1_tc1_rs=2
status=10000401
status_im2=1
status_bev=0
status_iec=1
tc0data_at_init=00007D00
tccnr_at_init=C0000000
tcir_at_init=80000000
cdbr_at_init=03E80000
gimr_at_init=00209100
tccnr_after_arm=F0000000
tc0_undisturbed=1
arm_delta_100us=20
           CPU0       
  2:          0             RLX  cascade (0x0)
  8:      17476        RLX LOPI  serial (0x20)
 13:     105438        RLX LOPI  rlx timer (0x620)
 25:     113223            ICTL  rtl819x-timer (0x20)

ER0:          0
ER1:          0
ER2:          0

 SW:          0
 TX:          0
 RX:          0
LNK:          0
ERR:          0
# 