echo map 0 > /proc/rtl819x-spi ; cat /proc/rtl819x-spi-map
RLXFW-S-MRC=00000000
RLXFW-S-MDIFF=00000000
RLXFW-S-MH601=00000000
version rtl819x-spi 1.1
map_ran 1
map_rc 0
map_level 0
map_group 0
map_unit 131072
map_entries 32
map_hashed 4186112
map_h601_skipped 8192
map_h601_hashed 0
map_diff_units 0
map_jiffies 1279
hz 100
corrupt_at -1
000000 1 122880 c66a4126d7b1b862985b058a2937db59a0c86f0711afa4802cd9c5f3b2639f09
020000 1 131072 632bf336dc8bb1facfedec872a28ab3ace712131b2941c772059a4290e68e761
040000 1 131072 f69f0b3d64904dff91c63375110d45862c117492999114c09b6872a6233a71a3
060000 1 131072 1850b0416d3a6248d1f7fc477e409ad8cbef3d6e12b179941ce549a198709315
080000 1 131072 4efcd613df7261cfe2c85844467fa3099855132c2cf43ec5e91e3d84f8364f69
0A0000 1 131072 2809be96244841d5dc374e4626e6eaee94b3ea12aa46b26f8384fe86eea6fc3f
0C0000 1 131072 48cc303098a46284a96b2accb3d616ab2af6da3ec74dd5545a212b11b1542175
0E0000 1 131072 95671e429e8d0153b0611676a18c2dd9061f46b33f696d66e532894b4e441f54
100000 1 131072 d1cf9142ce69e29e0f92e080f0e548e9e14bd955ba178a96c659f924804dee17
120000 1 131072 a5db8c4d3b79ace0e44a8e466966bf084d5667b7af52a3ef37aa0f120da41398
140000 1 131072 4fcf3508721256ab8fdd53be03b9bf5af0ebfc629cd992089f2e194f6e1cf4e5
160000 1 131072 fa43239bcee7b97ca62f007cc68487560a39e19f74f3dde7486db3f98df8e471
180000 1 131072 73835d3068ba95e0fa405d913508a239214937f0df0a7b152a6e210f0653fac7
1A0000 1 131072 e2418060f3e24ed10190407d945353d6aa12604a660a8ce7c9a9c2d62428ec0f
1C0000 1 131072 8cae1f52490ed7cde71923ff02c08979830e267922e634749e1043c7b67fe927
1E0000 1 131072 af409d8e211e8cbf15e0d6eac2c31802dba69b9e042a0d5571d13213ed1f7595
200000 1 131072 a79966d9d73a61b907f65715f950b325ff31aa7a2d75049fc82084c80956351a
220000 1 131072 5103beb12c6c1f304a5383f53ce994d7b4ebcc8f1674d17a9557827d21bd2ac0
240000 1 131072 a4b182356df0d4a2e22ffc6716531eb3e53ee91ec46496f18e6fdd008b1736db
260000 1 131072 11974511e341ce05eb7a0c9b3ad3af174d74147f5b40e253c8f0eb97aa08614c
280000 1 131072 a450030f8c318db4ca2401d99435049ba27ce54e889e4d4991b0150831d41afe
2A0000 1 131072 413598d270bd30fd78ca1622ec4203ee007b2685bb969ba28b0ea620da36e05c
2C0000 1 131072 f1cabc84c0c95ba3af68e336fc942981bd91202e21efb0b73358ad40758fd52b
2E0000 1 131072 bf624c11eb9f75b15f2e21e9f86e1fd31f0b20338b53ad401ddb94e9f1bed536
300000 1 131072 b305d71c6d9776c0ce91f8d90fe924130fe481e6e36d0aad483ec815a41097b8
320000 1 131072 bfd415326c7063ffbda5e4294c85afd029c5699a65adea6c74604e7ee11f0769
340000 1 131072 32c35b3b9f044739977cb5ff123afc883f5be592c508f28067a0042a5ed68369
360000 1 131072 b5a41c3758763bbec72769fab4a2533bf2db0b6312d93d25a695f9e4b9e02260
380000 1 131072 b5a41c3758763bbec72769fab4a2533bf2db0b6312d93d25a695f9e4b9e02260
3A0000 1 131072 b5a41c3758763bbec72769fab4a2533bf2db0b6312d93d25a695f9e4b9e02260
3C0000 1 131072 b5a41c3758763bbec72769fab4a2533bf2db0b6312d93d25a695f9e4b9e02260
3E0000 1 131072 b5a41c3758763bbec72769fab4a2533bf2db0b6312d93d25a695f9e4b9e02260
map_truncated 0
map_lines 32
# 