for i in 1 2 3 4; do for j in 1 2 3 4 5 6 7 8 9 0; do busybox grep -e ^dat -e 
^btn_p /proc/rtl819x-gpio; sleep 1; done; done
dat 0000005C
btn_pressed 1
dat 0000005C
btn_pressed 1
dat 0000005C
btn_pressed 1
dat 0000005C
btn_pressed 1
dat 0000005C
btn_pressed 1
dat 0000005C
btn_pressed 1
dat 0000005C
btn_pressed 1
dat 0000005C
btn_pressed 1
dat 0000005C
btn_pressed 1
dat 0000005C
btn_pressed 1
dat 0000005C
btn_pressed 1
dat 0000005C
btn_pressed 1
dat 0000005C
btn_pressed 1
dat 0000005C
btn_pressed 1
dat 0000005C
btn_pressed 1
dat 0000005C
btn_pressed 1
dat 0000005C
btn_pressed 1
dat 0000005C
btn_pressed 1
dat 0000005C
btn_pressed 1
dat 0000005C
btn_pressed 1
dat 0000005C
btn_pressed 1
dat 0000005C
btn_pressed 1
dat 0000005C
btn_pressed 1
dat 0000005C
btn_pressed 1
dat 0000005C
btn_pressed 1
dat 0000005C
btn_pressed 1
dat 0000005C
btn_pressed 1
dat 0000005C
btn_pressed 1
dat 0000005C
btn_pressed 1
dat 0000005C
btn_pressed 1
dat 0000005C
btn_pressed 1
dat 0000005C
btn_pressed 1
dat 0000005C
btn_pressed 1
dat 0000005C
btn_pressed 1
dat 0000005C
btn_pressed 1
dat 0000005C
btn_pressed 1
dat 0000007C
btn_pressed 0
dat 0000007C
btn_pressed 0
dat 0000007C
btn_pressed 0
dat 0000007C
btn_pressed 0
# 