J 80500000
---Jump to address=80500000
decompressing kernel:
Uncompressing Linux... done, booting the kernel.
done decompressing kernel.
start address: 0x80003600
RLXFW-B00
RLXFW-ID0=C3CB552B
RLXFW-B01
RLXFW-B02=0000CD01
RLXFW-B03
[    0.000000] CPU revision is: 0000cd01
RLXFW-B04
RLXFW-B05
RLXFW-B06
RLXFW-B07=00000000
[    0.000000] Determined physical RAM map:
[    0.000000]  memory: 02000000 @ 00000000 (usable)
[    0.000000] Initrd not found or empty - disabling initrd
[    0.000000] Zone PFN ranges:
[    0.000000]   Normal   0x00000000 -> 0x00002000
[    0.000000] Movable zone start PFN for each node
[    0.000000] early_node_map[1] active PFN ranges
[    0.000000]     0: 0x00000000 -> 0x00002000
RLXFW-B08
[    0.000000] Built 1 zonelists in Zone order, mobility grouping on.  Total pages: 8128
[    0.000000] Kernel command line: console=ttyS0,38400
[    0.000000] icache: 16kB/16B, dcache: 8kB/16B, scache: 0kB/0B
[    0.000000] NR_IRQS:48
[    0.000000] PID hash table entries: 128 (order: 7, 512 bytes)
[    0.000000] console handover: boot [early0] -> real [ttyS0]
RLXFW-B09
[    0.020000] Dentry cache hash table entries: 4096 (order: 2, 16384 bytes)
[    0.030000] Inode-cache hash table entries: 2048 (order: 1, 8192 bytes)
[    0.050000] Memory: 25872k/32768k available (2546k kernel code, 6896k reserved, 390k data, 1016k init, 0k highmem)
[    0.060000] Calibrating delay loop... 398.95 BogoMIPS (lpj=1994752)
[    0.280000] Mount-cache hash table entries: 512
[    0.290000] net_namespace: 524 bytes
[    0.300000] NET: Registered protocol family 16
RLXFW-PD0
RLXFW-PD1=00000000
RLXFW-TA0=FFFF8AF0
RLXFW-TA1=00000000
RLXFW-TA2=00000001
RLXFW-TA3=00000000
RLXFW-TA4=00000000
[    0.350000] bio: create slab <bio-0> at 0
RLXFW-G0
RLXFW-G1=FFFFFFDF
RLXFW-G2=FF000000
RLXFW-G3=0000003C
RLXFW-G4=00000000
RLXFW-G5=00000001
RLXFW-G6
RLXFW-SW0
RLXFW-SW1=81964000
RLXFW-SW2=00000001
RLXFW-SW3=00000200
RLXFW-SW4=000001FF
RLXFW-SW5=00080008
RLXFW-SW6
[    0.430000] NET: Registered protocol family 2
[    0.440000] IP route cache hash table entries: 1024 (order: 0, 4096 bytes)
[    0.450000] TCP established hash table entries: 1024 (order: 1, 8192 bytes)
[    0.460000] TCP bind hash table entries: 1024 (order: 0, 4096 bytes)
[    0.470000] TCP: Hash tables configured (established 1024 bind 1024)
[    0.480000] TCP reno registered
[    0.490000] NET: Registered protocol family 1
[    0.530000] squashfs: version 4.0 (2009/01/31) Phillip Lougher
[    0.540000] msgmni has been set to 50
[    0.550000] io scheduler noop registered
[    0.560000] io scheduler cfq registered (default)
[    0.970000] Realtek GPIO Driver for Flash Reload Default
[    0.980000] Serial: 8250/16550 driver, 1 ports, IRQ sharing disabled
[    0.990000] serial8250: ttyS0 at MMIO 0x18002000 (irq = 8) is a 16550A
[    1.010000] PPP generic driver version 2.4.2
[    1.020000] MPPE/MPPC encryption/compression module registered
[    1.030000] NET: Registered protocol family 24
[    1.040000] Realtek WLAN driver driver version 1.6 (2012-12-04)
[    1.050000] =====>>INSIDE rtl8192cd_init_one <<=====
[    1.060000] PCIE reset (0) 
[    2.070000] Do MDIO_RESET
[    3.090000] 98 - 25MHz Clock Source
[    5.120000] Find Port=0 Device:Vender ID=817910ec
[    5.630000] vendor_deivce_id=817910ec
[    5.690000] =====>>EXIT rtl8192cd_init_one <<=====
[    5.700000] <rtl8192cd_init_one>LZQ: GPIO_PIN_CTRL[0x44] 
[    5.710000] <rtl8192cd_init_one>LZQ: before read tmpReg[0x2e] 
[    5.720000] <rtl8192cd_init_one>LZQ: after read tmpReg[0x2e] 
[    5.730000] =====>>INSIDE rtl8192cd_init_one <<=====
[    5.740000] =====>>EXIT rtl8192cd_init_one <<=====
[    5.750000] <rtl8192cd_init_one>LZQ: GPIO_PIN_CTRL[0x44] 
[    5.760000] <rtl8192cd_init_one>LZQ: before read tmpReg[0x2e] 
[    5.770000] <rtl8192cd_init_one>LZQ: after read tmpReg[0x2e] 
[    5.780000] =====>>INSIDE rtl8192cd_init_one <<=====
[    5.790000] =====>>EXIT rtl8192cd_init_one <<=====
[    5.800000] <rtl8192cd_init_one>LZQ: GPIO_PIN_CTRL[0x44] 
[    5.810000] <rtl8192cd_init_one>LZQ: before read tmpReg[0x2e] 
[    5.820000] <rtl8192cd_init_one>LZQ: after read tmpReg[0x2e] 
[    5.830000] =====>>INSIDE rtl8192cd_init_one <<=====
[    5.850000] =====>>EXIT rtl8192cd_init_one <<=====
[    5.860000] <rtl8192cd_init_one>LZQ: GPIO_PIN_CTRL[0x44] 
[    5.870000] <rtl8192cd_init_one>LZQ: before read tmpReg[0x2e] 
[    5.880000] <rtl8192cd_init_one>LZQ: after read tmpReg[0x2e] 
[    5.890000] =====>>INSIDE rtl8192cd_init_one <<=====
[    5.910000] =====>>EXIT rtl8192cd_init_one <<=====
[    5.920000] <rtl8192cd_init_one>LZQ: GPIO_PIN_CTRL[0x44] 
[    5.930000] <rtl8192cd_init_one>LZQ: before read tmpReg[0x2e] 
[    5.940000] <rtl8192cd_init_one>LZQ: after read tmpReg[0x2e] 
[    5.950000] =====>>INSIDE rtl8192cd_init_one <<=====
[    5.960000] =====>>EXIT rtl8192cd_init_one <<=====
[    5.970000] <rtl8192cd_init_one>LZQ: GPIO_PIN_CTRL[0x44] 
[    5.980000] <rtl8192cd_init_one>LZQ: before read tmpReg[0x2e] 
[    5.990000] <rtl8192cd_init_one>LZQ: after read tmpReg[0x2e] 
[    6.000000] 
[    6.000000] 
[    6.000000] 
[    6.000000] Probing RTL8186 10/100 NIC-kenel stack size order[3]...
[    6.660000] chip name: 8196C, chip revid: 0
[    6.680000] NOT YET
[    6.700000] eth0 added. vid=9 Member port 0x1...
[    6.720000] eth1 added. vid=8 Member port 0x10...
[    6.730000] eth2 added. vid=9 Member port 0x2...
[    6.740000] eth3 added. vid=9 Member port 0x4...
[    6.750000] eth4 added. vid=9 Member port 0x8...
[    6.760000] eth5 added. vid=9 Member port 0x0...
[    6.780000] [peth0] added, mapping to [eth1]...
[    6.800000] SPI INIT
[    6.800000]  ------------------------- Force into Single IO Mode ------------------------ 
[    6.810000] |No chipID  Sft chipSize blkSize secSize pageSize sdCk opCk      chipName    |
[    6.820000] | 0 1c7016h  0h  400000h  10000h   1000h     100h   40    0           UNKNOWN|
[    6.830000]  ---------------------------------------------------------------------------- 
[    6.840000] SPI flash(UNKNOWN) was found at CS0, size 0x400000
[    6.850000] Creating 2 MTD partitions on "flash_bank_1":
[    6.860000] 0x000000000000-0x000000130000 : "boot+cfg+linux"
[    6.870000] 0x000000130000-0x000000400000 : "root fs"
RLXFW-K0
RLXFW-K1
RLXFW-K2=00000000
RLXFW-K3=00000001
RLXFW-K4=FFFFFFFA
[    6.900000] input: rtl819x-keys as /devices/platform/rtl819x-keys/input/input0
RLXFW-K5=00000000
RLXFW-K6=00000000
RLXFW-K7=00000000
RLXFW-K8
RLXFW-G7=0000007C
RLXFW-G8=0000007C
[    6.940000] Registered led device: n150rt:green:led2
[    6.950000] pktgen v2.70: Packet Generator for packet performance testing.
[    6.960000] nf_conntrack version 0.5.0 (512 buckets, 2048 max)
[    6.970000] ip_tables: (C) 2000-2006 Netfilter Core Team
[    6.980000] TCP cubic registered
[    6.990000] NET: Registered protocol family 17
[    7.010000] Netlink[Kernel] create socket for igmp ok.
[    7.020000] Realtek FastPath:v1.03
RLXFW-N0
RLXFW-N1=00000000
RLXFW-N2=00000000
RLXFW-N3=00000000
RLXFW-N4=00000000
RLXFW-N5
RLXFW-N6=00000010
RLXFW-S0
RLXFW-S1=FFC00000
RLXFW-S2=0BA08000
RLXFW-S3=C8000000
RLXFW-S4=00000000
RLXFW-S5=00000000
RLXFW-S6=00000002
RLXFW-S7
RLXFW-S8
RLXFW-W0
RLXFW-W1=A5000000
RLXFW-W2=00000000
RLXFW-W3=00000000
RLXFW-W4=00240000
RLXFW-W5
RLXFW-TA5=FFFF8D9A
RLXFW-TA6=00000052
RLXFW-TA7=00000000
RLXFW-TA8=00000000
RLXFW-TA9=00000003
[   10.170000] Freeing unused kernel memory: 1016k freed
RLXFW-B10
rlxfw: init running, RLXFW-R3-RUNG1-OK
/bin/sh: can't access tty; job control turned off
# 