cat /proc/rtl819x-nic
version rtl819x-nic 1.2
unlocked 1
allocated 1
armed 1
engine_on 1
irq_taken 1
irq_rc 0
n_reads 62
n_writes 14
n_refused 0
n_irq 0
n_irq_spurious 0
n_tx 0
n_rx 0
n_rx_empty 0
n_poll 0
n_poll_masked 0
last_iisr 00000000
seen_iisr 00000000
nd_alloc 1
nd_registered 1
nd_up 1
nd_name rlx0
n_napi_poll 0
n_napi_complete 0
n_xmit 0
n_xmit_busy 0
tx_mode 0
n_tx_full 0
n_tx_retry 0
tx_retry_max_seen 0
n_tx_recovered 0
n_tx_drop_full 0
n_xmit_ctx 0/0/0
n_skb_fail 0
n_tx_stop 0
n_tx_wake 0
n_tx_wake_race 0
n_tx_timeout 0
tx_stopped 0
nd_stats rx 0/0 tx 0/0 drop 0/0
boot_icr 00000000
boot_iimr 00000000
boot_iisr 00000000
boot_rpdcr0 00000000
boot_rmdcr0 00000000
boot_tpdcr0 00000000
now_icr C4000000
now_iimr 007E0FFE
now_iisr 00000000
rpdcr0_pos A15B8000
rmdcr0_pos A15B8020
tpdcr0_pos A15B8040
n_arm_flush 0
iimr_base 007E0FFE
iimr_ladder 007E0FFE
recov_mode 0
recov_ms 1000
recov_jiffies 100
n_recov_arm 0
n_recov_fire 0
n_recov_spurious 0
n_recov_ok 0
n_recov_fail 0
n_recov_wake 0
recov_rc 0 0 0
recov_j_arm 0
recov_j_fire 0
ph_follow 0
n_ph_chk 0
n_ph_diff 0
n_ph_bad 0
n_ph_used 0
ph_first_w0 00000000
ph_first_exp 00000000
ph_first_nrx 0
ph_agree 0
ph_last 00000000
ph_last_j 0
ph_last_bf 00000000
ph_test_cls 2
ph_test_j 0
ph_test_seen 1
j_now 4294944938
n_dsync_chk 0
n_dsync 0
dsync_last_d 0
dsync_first_d 0
dsync_first_rp 00000000
dsync_first_rm 00000000
dsync_first_nrx 0
dsync_test_d 0
dsync_test_seen 0
rx_ring A15B8000
mb_ring A15B8020
tx_ring A15B8040
bufs A15B8290
rx_idx 0
tx_idx 0
rxd0 A15B8051 len 0 f 0000 pl 00
rxd1 A15B8069 len 0 f 0000 pl 00
rxd2 A15B8081 len 0 f 0000 pl 00
rxd3 A15B8099 len 0 f 0000 pl 00
rxd4 A15B80B1 len 0 f 0000 pl 00
rxd5 A15B80C9 len 0 f 0000 pl 00
rxd6 A15B80E1 len 0 f 0000 pl 00
rxd7 A15B80FB len 0 f 0000 pl 00
txd0 A15B81D0 len 0
txd1 A15B81E8 len 0
txd2 A15B8200 len 0
txd3 A15B821A len 0
mbd0 A15B8111 ph A15B8110 ml 0
mbd1 A15B8129 ph A15B8128 ml 0
mbd2 A15B8141 ph A15B8140 ml 0
mbd3 A15B8159 ph A15B8158 ml 0
mbd4 A15B8171 ph A15B8170 ml 0
mbd5 A15B8189 ph A15B8188 ml 0
mbd6 A15B81A1 ph A15B81A0 ml 0
mbd7 A15B81BB ph A15B81B8 ml 0
rx_len 0
rx_ph1 00000000
rx_ph3 00000000
rx_ph4 00000000
# 