cat /proc/rtl819x-nic
version rtl819x-nic 1.2
unlocked 1
allocated 1
armed 1
engine_on 1
irq_taken 1
irq_rc 0
n_reads 1847
n_writes 94
n_refused 0
n_irq 965
n_irq_spurious 0
n_tx 153
n_rx 876
n_rx_empty 0
n_poll 0
n_poll_masked 0
last_iisr 00000008
seen_iisr 0002320E
nd_alloc 1
nd_registered 1
nd_up 1
nd_name rlx0
n_napi_poll 831
n_napi_complete 830
n_xmit 153
n_xmit_busy 6
tx_mode 0
n_tx_full 6
n_tx_retry 0
tx_retry_max_seen 0
n_tx_recovered 0
n_tx_drop_full 0
n_xmit_ctx 0/159/0
n_skb_fail 0
n_tx_stop 6
n_tx_wake 0
n_tx_wake_race 0
n_tx_timeout 0
tx_stopped 1
nd_stats rx 876/1088477 tx 153/20490 drop 0/0
boot_icr 00000000
boot_iimr 00000000
boot_iisr 00000000
boot_rpdcr0 00000000
boot_rmdcr0 00000000
boot_tpdcr0 00000000
now_icr C4000000
now_iimr 007E0FFE
now_iisr 00000000
rpdcr0_pos A15B801C
rmdcr0_pos A15B8034
tpdcr0_pos A15B8048
n_arm_flush 0
iimr_base 007E0FFE
iimr_ladder 007E0FFE
recov_mode 0
recov_ms 1000
recov_jiffies 100
n_recov_arm 5
n_recov_fire 5
n_recov_spurious 0
n_recov_ok 5
n_recov_fail 0
n_recov_wake 5
recov_rc 0 0 0
recov_j_arm 12119
recov_j_fire 12219
ph_follow 0
n_ph_chk 876
n_ph_diff 61
n_ph_bad 0
n_ph_used 0
ph_first_w0 A15B8110
ph_first_exp A15B8170
ph_first_nrx 809
ph_agree 815
ph_last A15B8170
ph_last_j 4
ph_last_bf A15BA292
ph_test_cls 2
ph_test_j 0
ph_test_seen 1
j_now 53659
n_dsync_chk 831
n_dsync 45
dsync_last_d 2
dsync_first_d 2
dsync_first_rp A15B8008
dsync_first_rm A15B8020
dsync_first_nrx 800
dsync_test_d 0
dsync_test_seen 0
rx_ring A15B8000
mb_ring A15B8020
tx_ring A15B8040
bufs A15B8290
rx_idx 7
tx_idx 2
rxd0 A15B8051 len 0 f 8063 pl 03
rxd1 A15B8069 len 0 f 8063 pl 03
rxd2 A15B8081 len 0 f 8063 pl 03
rxd3 A15B8099 len 0 f 8063 pl 03
rxd4 A15B80B1 len 0 f 8063 pl 03
rxd5 A15B80C9 len 0 f 8063 pl 03
rxd6 A15B80E1 len 0 f 8063 pl 03
rxd7 A15B80FB len 0 f 8063 pl 03
txd0 A15B81D1 len 70
txd1 A15B81E9 len 71
txd2 A15B8201 len 82
txd3 A15B821B len 64
mbd0 A15B8110 ph A15B81A0 ml 64
mbd1 A15B8128 ph A15B81B8 ml 64
mbd2 A15B8140 ph A15B8110 ml 64
mbd3 A15B8158 ph A15B8128 ml 64
mbd4 A15B8170 ph A15B8140 ml 64
mbd5 A15B8189 ph A15B8158 ml 0
mbd6 A15B81A1 ph A15B8170 ml 0
mbd7 A15B81BA ph A15B8188 ml 64
rx_len 0
rx_ph1 00400C19
rx_ph3 80630003
rx_ph4 00090000
# [  837.520000] Virtual device rlx0 asks to queue packet!
[  838.550000] Virtual device rlx0 asks to queue packet!
[  840.200000] Virtual device rlx0 asks to queue packet!
[  841.230000] Virtual device rlx0 asks to queue packet!
[  842.250000] Virtual device rlx0 asks to queue packet!
[  843.610000] Virtual device rlx0 asks to queue packet!
[  844.640000] Virtual device rlx0 asks to queue packet!
[  845.670000] Virtual device rlx0 asks to queue packet!
[  847.020000] Virtual device rlx0 asks to queue packet!
[  848.050000] Virtual device rlx0 asks to queue packet!
[  849.080000] Virtual device rlx0 asks to queue packet!
[  850.430000] Virtual device rlx0 asks to queue packet!
[  851.460000] Virtual device rlx0 asks to queue packet!
[  852.490000] Virtual device rlx0 asks to queue packet!
[  852.900000] Virtual device rlx0 asks to queue packet!
[  852.900000] Virtual device rlx0 asks to queue packet!
[  853.820000] Virtual device rlx0 asks to queue packet!
[  854.850000] Virtual device rlx0 asks to queue packet!
[  855.880000] Virtual device rlx0 asks to queue packet!
[  857.270000] Virtual device rlx0 asks to queue packet!
[  858.300000] Virtual device rlx0 asks to queue packet!
[  859.330000] Virtual device rlx0 asks to queue packet!
[  860.720000] Virtual device rlx0 asks to queue packet!
[  861.750000] Virtual device rlx0 asks to queue packet!
[  862.780000] Virtual device rlx0 asks to queue packet!
[  864.140000] Virtual device rlx0 asks to queue packet!
[  865.170000] Virtual device rlx0 asks to queue packet!
[  866.200000] Virtual device rlx0 asks to queue packet!
