cat /proc/rtl819x-nic
version rtl819x-nic 1.2
unlocked 1
allocated 1
armed 1
engine_on 1
irq_taken 1
irq_rc 0
n_reads 2419
n_writes 254
n_refused 0
n_irq 1619
n_irq_spurious 0
n_tx 610
n_rx 1470
n_rx_empty 0
n_poll 0
n_poll_masked 0
last_iisr 00003206
seen_iisr 0003320E
nd_alloc 1
nd_registered 1
nd_up 1
nd_name rlx0
n_napi_poll 1066
n_napi_complete 1054
n_xmit 610
n_xmit_busy 15
tx_mode 0
n_tx_full 15
n_tx_retry 0
tx_retry_max_seen 0
n_tx_recovered 0
n_tx_drop_full 0
n_xmit_ctx 0/625/0
n_skb_fail 0
n_tx_stop 15
n_tx_wake 0
n_tx_wake_race 0
n_tx_timeout 0
tx_stopped 0
nd_stats rx 1470/1732358 tx 610/53690 drop 0/0
boot_icr 00000000
boot_iimr 00000000
boot_iisr 00000000
boot_rpdcr0 00000000
boot_rmdcr0 00000000
boot_tpdcr0 00000000
now_icr C4000000
now_iimr 007E0FFE
now_iisr 00000000
rpdcr0_pos A15B8018
rmdcr0_pos A15B8038
tpdcr0_pos A15B8048
n_arm_flush 0
iimr_base 007E0FFE
iimr_ladder 007E0FFE
recov_mode 1
recov_ms 20
recov_jiffies 2
n_recov_arm 15
n_recov_fire 15
n_recov_spurious 0
n_recov_ok 15
n_recov_fail 0
n_recov_wake 15
recov_rc 0 0 0
recov_j_arm 83335
recov_j_fire 83337
ph_follow 0
n_ph_chk 1470
n_ph_diff 281
n_ph_bad 0
n_ph_used 0
ph_first_w0 A15B8110
ph_first_exp A15B8170
ph_first_nrx 809
ph_agree 1189
ph_last A15B8188
ph_last_j 5
ph_last_bf A15B9A92
ph_test_cls 2
ph_test_j 0
ph_test_seen 1
j_now 87880
n_dsync_chk 1066
n_dsync 150
dsync_last_d 3
dsync_first_d 2
dsync_first_rp A15B8008
dsync_first_rm A15B8020
dsync_first_nrx 800
dsync_test_d 0
dsync_test_seen 0
rx_ring A15B8000
mb_ring A15B8020
tx_ring A15B8040
bufs A15B8290
rx_idx 6
tx_idx 2
rxd0 A15B8051 len 0 f 8063 pl 03
rxd1 A15B8069 len 0 f 8063 pl 03
rxd2 A15B8081 len 0 f 8063 pl 03
rxd3 A15B8099 len 0 f 8063 pl 03
rxd4 A15B80B1 len 0 f 8063 pl 03
rxd5 A15B80C9 len 0 f 8063 pl 03
rxd6 A15B80E1 len 0 f 8063 pl 03
rxd7 A15B80FB len 0 f 8063 pl 03
txd0 A15B81D0 len 64
txd1 A15B81E8 len 64
txd2 A15B8200 len 64
txd3 A15B821A len 64
mbd0 A15B8111 ph A15B8110 ml 0
mbd1 A15B8129 ph A15B8128 ml 0
mbd2 A15B8141 ph A15B8140 ml 0
mbd3 A15B8159 ph A15B8158 ml 0
mbd4 A15B8171 ph A15B8170 ml 0
mbd5 A15B8189 ph A15B8188 ml 0
mbd6 A15B81A1 ph A15B81A0 ml 0
mbd7 A15B81BB ph A15B81B8 ml 0
rx_len 0
rx_ph1 00400C19
rx_ph3 80630003
rx_ph4 00090000
# 