cat /proc/rtl819x-nic
version rtl819x-nic 1.2
unlocked 1
allocated 1
armed 1
engine_on 1
irq_taken 1
irq_rc 0
n_reads 26813
n_writes 350
n_refused 0
n_irq 15092
n_irq_spurious 0
n_tx 1962
n_rx 46152
n_rx_empty 0
n_poll 0
n_poll_masked 0
last_iisr 00003206
seen_iisr 0003320E
nd_alloc 1
nd_registered 1
nd_up 1
nd_name rlx0
n_napi_poll 13200
n_napi_complete 13184
n_xmit 1962
n_xmit_busy 18
tx_mode 0
n_tx_full 18
n_tx_retry 0
tx_retry_max_seen 0
n_tx_recovered 0
n_tx_drop_full 0
n_xmit_ctx 0/1980/0
n_skb_fail 0
n_tx_stop 18
n_tx_wake 0
n_tx_wake_race 0
n_tx_timeout 0
tx_stopped 0
nd_stats rx 46152/68343828 tx 1962/143570 drop 0/0
boot_icr 00000000
boot_iimr 00000000
boot_iisr 00000000
boot_rpdcr0 00000000
boot_rmdcr0 00000000
boot_tpdcr0 00000000
now_icr C4000000
now_iimr 007E0FFE
now_iisr 00000000
rpdcr0_pos A15B8014
rmdcr0_pos A15B8030
tpdcr0_pos A15B8044
n_arm_flush 0
iimr_base 007E0FFE
iimr_ladder 007E0FFE
recov_mode 1
recov_ms 20
recov_jiffies 2
n_recov_arm 18
n_recov_fire 18
n_recov_spurious 0
n_recov_ok 18
n_recov_fail 0
n_recov_wake 18
recov_rc 0 0 0
recov_j_arm 120277
recov_j_fire 120279
ph_follow 1
n_ph_chk 46152
n_ph_diff 44616
n_ph_bad 0
n_ph_used 44283
ph_first_w0 A15B8110
ph_first_exp A15B8170
ph_first_nrx 809
ph_agree 1536
ph_last A15B8158
ph_last_j 3
ph_last_bf A15B9A92
ph_test_cls 2
ph_test_j 0
ph_test_seen 1
j_now 128571
n_dsync_chk 13200
n_dsync 12108
dsync_last_d 1
dsync_first_d 2
dsync_first_rp A15B8008
dsync_first_rm A15B8020
dsync_first_nrx 800
dsync_test_d 0
dsync_test_seen 0
rx_ring A15B8000
mb_ring A15B8020
tx_ring A15B8040
bufs A15B8290
rx_idx 5
tx_idx 1
rxd0 A15B8051 len 0 f 8063 pl 03
rxd1 A15B8069 len 0 f 8063 pl 03
rxd2 A15B8081 len 0 f 8063 pl 03
rxd3 A15B8099 len 0 f 8063 pl 03
rxd4 A15B80B1 len 0 f 8063 pl 03
rxd5 A15B80C9 len 0 f 8063 pl 03
rxd6 A15B80E1 len 0 f 8063 pl 03
rxd7 A15B80FB len 0 f 8063 pl 03
txd0 A15B81D0 len 64
txd1 A15B81E8 len 64
txd2 A15B8200 len 64
txd3 A15B821A len 64
mbd0 A15B8110 ph A15B81B8 ml 64
mbd1 A15B8128 ph A15B8110 ml 64
mbd2 A15B8140 ph A15B8128 ml 64
mbd3 A15B8158 ph A15B8140 ml 64
mbd4 A15B8171 ph A15B8158 ml 0
mbd5 A15B8189 ph A15B8170 ml 0
mbd6 A15B81A0 ph A15B8188 ml 64
mbd7 A15B81BA ph A15B81A0 ml 64
rx_len 0
rx_ph1 00400C19
rx_ph3 80630003
rx_ph4 00090000
# 