cat /proc/net/snmp /proc/stat ; busybox killall iperf3 ; sleep 1 ; cat /tmp/lu
r1.log /tmp/lur1a /tmp/lur1b
Ip: Forwarding DefaultTTL InReceives InHdrErrors InAddrErrors ForwDatagrams InUnknownProtos InDiscards InDelivers OutRequests OutDiscards OutNoRoutes ReasmTimeout ReasmReqds ReasmOKs ReasmFails FragOKs FragFails FragCreates
Ip: 2 64 430561 0 0 0 0 0 430561 332909 0 0 0 0 0 0 0 0 0
Icmp: InMsgs InErrors InDestUnreachs InTimeExcds InParmProbs InSrcQuenchs InRedirects InEchos InEchoReps InTimestamps InTimestampReps InAddrMasks InAddrMaskReps OutMsgs OutErrors OutDestUnreachs OutTimeExcds OutParmProbs OutSrcQuenchs OutRedirects OutEchos OutEchoReps OutTimestamps OutTimestampReps OutAddrMasks OutAddrMaskReps
Icmp: 60 0 0 0 0 0 0 60 0 0 0 0 0 60 0 0 0 0 0 0 0 60 0 0 0 0
IcmpMsg: InType8 OutType0
IcmpMsg: 60 60
Tcp: RtoAlgorithm RtoMin RtoMax MaxConn ActiveOpens PassiveOpens AttemptFails EstabResets CurrEstab InSegs OutSegs RetransSegs InErrs OutRsts
Tcp: 1 200 120000 -1 0 19 0 2 0 219189 175869 7 0 30
Udp: InDatagrams NoPorts InErrors OutDatagrams RcvbufErrors SndbufErrors
Udp: 24511 0 186549 156973 186549 0
UdpLite: InDatagrams NoPorts InErrors OutDatagrams RcvbufErrors SndbufErrors
UdpLite: 0 0 0 0 0 0
cpu  2472 0 11610 38888 0 0 22799 0 0
cpu0 2472 0 11610 38888 0 0 22799 0 0
intr 950472 0 0 0 0 0 0 0 0 272596 0 0 0 525369 76771 0 0 0 0 0 0 0 0 0 0 0 75737 0 0 0 0 0 0 0 0 0 0 0 0 0 0 0 0 0 0 0 0 0 0
ctxt 81020
btime 0
processes 182
procs_running 2
procs_blocked 0
killall: iperf3: no process killed
-----------------------------------------------------------
Server listening on 5201
-----------------------------------------------------------
Accepted connection from 10.1.1.2, port 58984
[  6] local 10.1.1.3 port 5201 connected to 10.1.1.2 port 53206
iperf3: OUT OF ORDER - incoming packet = 0 and received packet = 542 AND SP = 545
iperf3: OUT OF ORDER - incoming packet = 0 and received packet = 543 AND SP = 545
iperf3: OUT OF ORDER - incoming packet = 0 and received packet = 544 AND SP = 545
iperf3: OUT OF ORDER - incoming packet = 0 and received packet = 545 AND SP = 545
[ ID] Interval           Transfer     Bandwidth       Jitter    Lost/Total Datagrams
[  6]   0.00-1.00   sec   179 KBytes  1467 Kbits/sec  25416642.393 ms  948/1075 (88%)  
[  6]   1.00-2.01   sec   379 KBytes  3072 Kbits/sec  0.816 ms  1395/1672 (83%)  
[  6]   2.01-3.19   sec   260 KBytes  1803 Kbits/sec  0.300 ms  1888/2078 (91%)  
[  6]   3.19-4.12   sec   258 KBytes  2276 Kbits/sec  1.448 ms  1423/1612 (88%)  
[  6]   4.12-5.11   sec   347 KBytes  2874 Kbits/sec  18.243 ms  1351/1605 (84%)  
[  6]   5.11-6.01   sec   429 KBytes  3908 Kbits/sec  0.288 ms  1427/1741 (82%)  
[  6]   6.01-7.01   sec   323 KBytes  2643 Kbits/sec  4.919 ms  1554/1790 (87%)  
[  6]   7.01-8.21   sec   282 KBytes  1923 Kbits/sec  15.798 ms  1441/1647 (87%)  
[  6]   8.21-9.21   sec   275 KBytes  2251 Kbits/sec  0.983 ms  1405/1606 (87%)  
[  6]   9.21-10.17  sec   286 KBytes  2438 Kbits/sec  16.011 ms  1400/1609 (87%)  
[  6]  10.17-11.11  sec   258 KBytes  2252 Kbits/sec  0.228 ms  1415/1604 (88%)  
[  6]  11.11-12.05  sec   258 KBytes  2252 Kbits/sec  0.418 ms  1418/1607 (88%)  
[  6]  12.05-13.00  sec   327 KBytes  2818 Kbits/sec  0.676 ms  1419/1658 (86%)  
[  6]  13.00-14.23  sec   276 KBytes  1839 Kbits/sec  0.982 ms  1890/2092 (90%)  
[  6]  14.23-15.17  sec   258 KBytes  2252 Kbits/sec  0.310 ms  1418/1607 (88%)  
[  6]  15.17-16.11  sec   258 KBytes  2252 Kbits/sec  0.413 ms  1420/1609 (88%)  
[  6]  16.11-17.04  sec   258 KBytes  2276 Kbits/sec  0.986 ms  1417/1606 (88%)  
[  6]  17.04-18.00  sec   329 KBytes  2812 Kbits/sec  0.669 ms  1418/1659 (85%)  
[  6]  18.00-19.23  sec   273 KBytes  1821 Kbits/sec  0.764 ms  1891/2091 (90%)  
[  6]  19.23-20.17  sec   258 KBytes  2252 Kbits/sec  0.447 ms  1418/1607 (88%)  
[  6]  20.17-21.10  sec   258 KBytes  2276 Kbits/sec  0.847 ms  1418/1607 (88%)  
[  6]  21.10-22.04  sec   258 KBytes  2252 Kbits/sec  1.640 ms  1418/1607 (88%)  
[  6]  22.04-23.00  sec   335 KBytes  2858 Kbits/sec  0.694 ms  1418/1663 (85%)  
[  6]  23.00-24.23  sec   268 KBytes  1785 Kbits/sec  0.300 ms  1891/2087 (91%)  
[  6]  24.23-25.17  sec   258 KBytes  2252 Kbits/sec  0.301 ms  1418/1607 (88%)  
[  6]  25.17-26.10  sec   258 KBytes  2276 Kbits/sec  0.841 ms  1420/1609 (88%)  
[  6]  26.10-27.05  sec   258 KBytes  2228 Kbits/sec  0.624 ms  1417/1606 (88%)  
[  6]  27.05-29.92  sec   174 KBytes   496 Kbits/sec  11.831 ms  895/1022 (88%)  
- - - - - - - - - - - - - - - - - - - - - - - - -
[ ID] Interval           Transfer     Bandwidth       Jitter    Lost/Total Datagrams
[  6]   0.00-29.92  sec  0.00 Bytes  0.00 Kbits/sec  11.831 ms  40651/46383 (88%)  
[SUM]  0.0-29.9 sec  4 datagrams received out-of-order
[  6]  27.05-29.92  sec   174 KBytes   496 Kbits/sec  11.831 ms  895/1022 (88%)  
- - - - - - - - - - - - - - - - - - - - - - - - -
[ ID] Interval           Transfer     Bandwidth       Jitter    Lost/Total Datagrams
[  6]   0.00-29.92  sec  69.8 MBytes  19571 Kbits/sec  11.831 ms  40651/46383 (88%)  
[SUM]  0.0-29.9 sec  4 datagrams received out-of-order
iperf3: the client has terminated
  sl  local_address rem_address   st tx_queue rx_queue tr tm->when retrnsmt   uid  timeout inode ref pointer drops             
  81: 0A010103:1451 0A010102:CFD6 01 00000000:0001A638 00:00000000 00000000     0        0 414 2 81629dc0 13774                
  sl  local_address rem_address   st tx_queue rx_queue tr tm->when retrnsmt   uid  timeout inode ref pointer drops             
  81: 0A010103:1451 0A010102:CFD6 01 00000000:0001C2D8 00:00000000 00000000     0        0 414 2 81629dc0 32188                
# 