iperflog 1.0 parse: bench/2026-09-27b/D3-LUR1-S1.log -- 76 lines, 1 trial(s)
trial 1  lines 27-76  udp  board receives  stream [  6] 10.1.1.3:5201 <- 10.1.1.2:53206 (line 28)
   line  row      interval      transfer      bandwidth         jitter     lost/total   status
     29  message  iperf3: OUT OF ORDER - incoming packet = 0 and received packet = 542 AND SP = 545
     30  message  iperf3: OUT OF ORDER - incoming packet = 0 and received packet = 543 AND SP = 545
     31  message  iperf3: OUT OF ORDER - incoming packet = 0 and received packet = 544 AND SP = 545
     32  message  iperf3: OUT OF ORDER - incoming packet = 0 and received packet = 545 AND SP = 545
     34  interval   0.00-1.00   179 KBytes    1467 Kbits/sec    25416642.393 ms 948/1075     kept
     35  interval   1.00-2.01   379 KBytes    3072 Kbits/sec    0.816 ms   1395/1672    kept
     36  interval   2.01-3.19   260 KBytes    1803 Kbits/sec    0.300 ms   1888/2078    kept
     37  interval   3.19-4.12   258 KBytes    2276 Kbits/sec    1.448 ms   1423/1612    kept
     38  interval   4.12-5.11   347 KBytes    2874 Kbits/sec    18.243 ms  1351/1605    kept
     39  interval   5.11-6.01   429 KBytes    3908 Kbits/sec    0.288 ms   1427/1741    kept
     40  interval   6.01-7.01   323 KBytes    2643 Kbits/sec    4.919 ms   1554/1790    kept
     41  interval   7.01-8.21   282 KBytes    1923 Kbits/sec    15.798 ms  1441/1647    kept
     42  interval   8.21-9.21   275 KBytes    2251 Kbits/sec    0.983 ms   1405/1606    kept
     43  interval   9.21-10.17  286 KBytes    2438 Kbits/sec    16.011 ms  1400/1609    kept
     44  interval  10.17-11.11  258 KBytes    2252 Kbits/sec    0.228 ms   1415/1604    kept
     45  interval  11.11-12.05  258 KBytes    2252 Kbits/sec    0.418 ms   1418/1607    kept
     46  interval  12.05-13.00  327 KBytes    2818 Kbits/sec    0.676 ms   1419/1658    kept
     47  interval  13.00-14.23  276 KBytes    1839 Kbits/sec    0.982 ms   1890/2092    kept
     48  interval  14.23-15.17  258 KBytes    2252 Kbits/sec    0.310 ms   1418/1607    kept
     49  interval  15.17-16.11  258 KBytes    2252 Kbits/sec    0.413 ms   1420/1609    kept
     50  interval  16.11-17.04  258 KBytes    2276 Kbits/sec    0.986 ms   1417/1606    kept
     51  interval  17.04-18.00  329 KBytes    2812 Kbits/sec    0.669 ms   1418/1659    kept
     52  interval  18.00-19.23  273 KBytes    1821 Kbits/sec    0.764 ms   1891/2091    kept
     53  interval  19.23-20.17  258 KBytes    2252 Kbits/sec    0.447 ms   1418/1607    kept
     54  interval  20.17-21.10  258 KBytes    2276 Kbits/sec    0.847 ms   1418/1607    kept
     55  interval  21.10-22.04  258 KBytes    2252 Kbits/sec    1.640 ms   1418/1607    kept
     56  interval  22.04-23.00  335 KBytes    2858 Kbits/sec    0.694 ms   1418/1663    kept
     57  interval  23.00-24.23  268 KBytes    1785 Kbits/sec    0.300 ms   1891/2087    kept
     58  interval  24.23-25.17  258 KBytes    2252 Kbits/sec    0.301 ms   1418/1607    kept
     59  interval  25.17-26.10  258 KBytes    2276 Kbits/sec    0.841 ms   1420/1609    kept
     60  interval  26.10-27.05  258 KBytes    2228 Kbits/sec    0.624 ms   1417/1606    kept
     61  interval  27.05-29.92  174 KBytes    496 Kbits/sec     11.831 ms  895/1022     kept
     64  summary    0.00-29.92  0.00 Bytes    0.00 Kbits/sec    11.831 ms  40651/46383  TEST_END: used (lost/total; its transfer and bandwidth are bytes the server SENT)
     65  summary  4 datagrams received out-of-order
                  TEST_END: not re-printed by a terminate path
     66  interval  27.05-29.92  174 KBytes    496 Kbits/sec     11.831 ms  895/1022     dropped: CLIENT_TERMINATE re-print of line 61
     69  summary    0.00-29.92  69.8 MBytes   19571 Kbits/sec   11.831 ms  40651/46383  CLIENT_TERMINATE: ignored
     70  summary  4 datagrams received out-of-order
                  CLIENT_TERMINATE: followed by 'the client has terminated' (line 71)
     71  message  iperf3: the client has terminated
  FIGURE trial=1 proto=udp source=TEST_END lines=64,65 received=5736 (=46383 total-40651 lost+4 out-of-order) datagram_B=1400 bytes=8030400 end_s=29.92+/-0.005 rate_bps=2147166 range=[2146807,2147525] rounding=exact integers; only the printed end time (+/-0.005 s)
RESULT: every trial has a TEST_END figure
