Connecting to host 10.1.1.3, port 5201
[  4] local 10.1.1.2 port 53206 connected to 10.1.1.3 port 5201
[ ID] Interval           Transfer     Bandwidth       Total Datagrams
[  4]   0.00-1.00   sec  2.15 MBytes  18.0 Mbits/sec  1611  
[  4]   1.00-2.00   sec  2.53 MBytes  21.2 Mbits/sec  1893  
[  4]   2.00-3.00   sec  2.47 MBytes  20.7 Mbits/sec  1851  
[  4]   3.00-4.00   sec  2.16 MBytes  18.1 Mbits/sec  1616  
[  4]   4.00-5.00   sec  2.54 MBytes  21.3 Mbits/sec  1901  
[  4]   5.00-6.00   sec  2.23 MBytes  18.7 Mbits/sec  1668  
[  4]   6.00-7.00   sec  2.54 MBytes  21.3 Mbits/sec  1904  
[  4]   7.00-8.00   sec  2.40 MBytes  20.1 Mbits/sec  1797  
[  4]   8.00-9.00   sec  2.21 MBytes  18.6 Mbits/sec  1657  
[  4]   9.00-10.00  sec  2.53 MBytes  21.2 Mbits/sec  1892  
[  4]  10.00-11.00  sec  2.47 MBytes  20.7 Mbits/sec  1852  
[  4]  11.00-12.00  sec  2.15 MBytes  18.0 Mbits/sec  1612  
[  4]  12.00-13.00  sec  2.53 MBytes  21.2 Mbits/sec  1893  
[  4]  13.00-14.00  sec  2.47 MBytes  20.7 Mbits/sec  1848  
[  4]  14.00-15.00  sec  2.16 MBytes  18.1 Mbits/sec  1617  
[  4]  15.00-16.00  sec  2.53 MBytes  21.2 Mbits/sec  1892  
[  4]  16.00-17.00  sec  2.46 MBytes  20.6 Mbits/sec  1842  
[  4]  17.00-18.00  sec  2.17 MBytes  18.2 Mbits/sec  1622  
[  4]  18.00-19.00  sec  2.53 MBytes  21.2 Mbits/sec  1893  
[  4]  19.00-20.00  sec  2.46 MBytes  20.6 Mbits/sec  1842  
[  4]  20.00-21.00  sec  2.17 MBytes  18.2 Mbits/sec  1622  
[  4]  21.00-22.00  sec  2.53 MBytes  21.2 Mbits/sec  1894  
[  4]  22.00-23.00  sec  2.46 MBytes  20.7 Mbits/sec  1845  
[  4]  23.00-24.00  sec  2.16 MBytes  18.2 Mbits/sec  1621  
[  4]  24.00-25.00  sec  2.52 MBytes  21.2 Mbits/sec  1890  
[  4]  25.00-26.00  sec  2.41 MBytes  20.2 Mbits/sec  1807  
[  4]  26.00-27.65  sec   163 KBytes  0.81 Mbits/sec  119  
[  4]  27.65-28.00  sec  1.14 MBytes  27.1 Mbits/sec  857  
[  4]  28.00-29.00  sec  3.29 MBytes  27.6 Mbits/sec  2464  
[  4]  30.00-73.03  sec  0.00 Bytes  0.00 Mbits/sec  0  
- - - - - - - - - - - - - - - - - - - - - - - - -
[ ID] Interval           Transfer     Bandwidth       Jitter    Lost/Total Datagrams
[  4]   0.00-73.03  sec  69.8 MBytes  8.02 Mbits/sec  0.000 ms  0/52282 (0%)  
[  4] Sent 52282 datagrams
iperf3: interrupt - the client has terminated
