iperflog 1.0 parse: bench/2026-09-27b/D3-TS3-S1.log -- 64 lines, 1 trial(s)
trial 1  lines 27-64  tcp  board sends  stream [  6] 10.1.1.3:5201 <- 10.1.1.2:51226 (line 28)
   line  row      interval      transfer      bandwidth         jitter     lost/total   status
     30  interval   0.00-1.88   5.00 MBytes   22310 Kbits/sec   -          -            kept
     31  interval   1.88-2.82   2.50 MBytes   22310 Kbits/sec   -          -            kept
     32  interval   2.82-3.77   2.50 MBytes   22075 Kbits/sec   -          -            kept
     33  interval   3.77-4.71   2.50 MBytes   22310 Kbits/sec   -          -            kept
     34  interval   4.71-5.65   2.50 MBytes   22310 Kbits/sec   -          -            kept
     35  interval   5.65-6.60   2.50 MBytes   22075 Kbits/sec   -          -            kept
     36  interval   6.60-7.54   2.50 MBytes   22310 Kbits/sec   -          -            kept
     37  interval   7.54-8.49   2.50 MBytes   22075 Kbits/sec   -          -            kept
     38  interval   8.49-9.90   3.75 MBytes   22310 Kbits/sec   -          -            kept
     39  interval   9.90-10.84  2.50 MBytes   22310 Kbits/sec   -          -            kept
     40  interval  10.84-11.79  2.50 MBytes   22075 Kbits/sec   -          -            kept
     41  interval  11.79-12.73  2.50 MBytes   22310 Kbits/sec   -          -            kept
     42  interval  12.73-13.67  2.50 MBytes   22310 Kbits/sec   -          -            kept
     43  interval  13.67-14.62  2.50 MBytes   22075 Kbits/sec   -          -            kept
     44  interval  14.62-15.56  2.50 MBytes   22310 Kbits/sec   -          -            kept
     45  interval  15.56-16.51  2.50 MBytes   22075 Kbits/sec   -          -            kept
     46  interval  16.51-17.92  3.75 MBytes   22310 Kbits/sec   -          -            kept
     47  interval  17.92-18.86  2.50 MBytes   22310 Kbits/sec   -          -            kept
     48  interval  18.86-19.80  2.50 MBytes   22310 Kbits/sec   -          -            kept
     49  interval  19.80-20.74  2.50 MBytes   22310 Kbits/sec   -          -            kept
     50  interval  20.74-21.69  2.50 MBytes   22075 Kbits/sec   -          -            kept
     51  interval  21.69-22.63  2.50 MBytes   22310 Kbits/sec   -          -            kept
     52  interval  22.63-23.57  2.50 MBytes   22310 Kbits/sec   -          -            kept
     53  interval  23.57-24.51  2.50 MBytes   22310 Kbits/sec   -          -            kept
     54  interval  24.51-25.93  3.75 MBytes   22153 Kbits/sec   -          -            kept
     55  interval  25.93-26.87  2.50 MBytes   22310 Kbits/sec   -          -            kept
     56  interval  26.87-27.81  2.50 MBytes   22310 Kbits/sec   -          -            kept
     57  interval  27.81-28.75  2.50 MBytes   22310 Kbits/sec   -          -            kept
     58  interval  28.75-29.70  2.50 MBytes   22075 Kbits/sec   -          -            kept
     59  interval  29.70-30.17  1.25 MBytes   22310 Kbits/sec   -          -            kept
     62  summary    0.00-30.17  80.0 MBytes   22244 Kbits/sec   -          -            sender
     63  summary    0.00-30.17  0.00 Bytes    0.00 Kbits/sec    -          -            receiver: ignored
                  None: 
  PROBLEM line 27: the server was the sender in this trial (the client ran -R): iperflog reads the board's receive figure only
  FIGURE trial=1 proto=tcp source=none -- the board sent in this trial (-R)
RESULT: NOT every trial has a clean TEST_END figure (exit 1)
