iperflog 1.0 parse: bench/2026-09-27b/D3-TS2-S1.log -- 64 lines, 1 trial(s)
trial 1  lines 27-64  tcp  board sends  stream [  6] 10.1.1.3:5201 <- 10.1.1.2:55304 (line 28)
   line  row      interval      transfer      bandwidth         jitter     lost/total   status
     30  interval   0.00-1.89   5.00 MBytes   22192 Kbits/sec   -          -            kept
     31  interval   1.89-2.83   2.50 MBytes   22310 Kbits/sec   -          -            kept
     32  interval   2.83-3.78   2.50 MBytes   22075 Kbits/sec   -          -            kept
     33  interval   3.78-4.72   2.50 MBytes   22310 Kbits/sec   -          -            kept
     34  interval   4.72-5.66   2.50 MBytes   22310 Kbits/sec   -          -            kept
     35  interval   5.66-6.60   2.50 MBytes   22310 Kbits/sec   -          -            kept
     36  interval   6.60-7.78   3.09 MBytes   21965 Kbits/sec   -          -            kept
     37  interval   7.78-8.73   2.50 MBytes   22075 Kbits/sec   -          -            kept
     38  interval   8.73-9.67   2.50 MBytes   22310 Kbits/sec   -          -            kept
     39  interval   9.67-10.61  2.50 MBytes   22310 Kbits/sec   -          -            kept
     40  interval  10.61-11.38  2.03 MBytes   22135 Kbits/sec   -          -            kept
     41  interval  11.38-12.52  2.95 MBytes   21709 Kbits/sec   -          -            kept
     42  interval  12.52-13.61  2.70 MBytes   20802 Kbits/sec   -          -            kept
     43  interval  13.61-14.56  2.50 MBytes   22075 Kbits/sec   -          -            kept
     44  interval  14.56-15.50  2.50 MBytes   22310 Kbits/sec   -          -            kept
     45  interval  15.50-16.92  3.75 MBytes   22153 Kbits/sec   -          -            kept
     46  interval  16.92-17.86  2.50 MBytes   22310 Kbits/sec   -          -            kept
     47  interval  17.86-18.81  2.50 MBytes   22075 Kbits/sec   -          -            kept
     48  interval  18.81-19.75  2.50 MBytes   22310 Kbits/sec   -          -            kept
     49  interval  19.75-20.69  2.50 MBytes   22310 Kbits/sec   -          -            kept
     50  interval  20.69-21.64  2.50 MBytes   22075 Kbits/sec   -          -            kept
     51  interval  21.64-22.58  2.50 MBytes   22310 Kbits/sec   -          -            kept
     52  interval  22.58-23.52  2.50 MBytes   22310 Kbits/sec   -          -            kept
     53  interval  23.52-24.47  2.50 MBytes   22075 Kbits/sec   -          -            kept
     54  interval  24.47-25.80  3.52 MBytes   22175 Kbits/sec   -          -            kept
     55  interval  25.80-26.74  2.50 MBytes   22310 Kbits/sec   -          -            kept
     56  interval  26.74-27.69  2.50 MBytes   22075 Kbits/sec   -          -            kept
     57  interval  27.69-28.63  2.50 MBytes   22310 Kbits/sec   -          -            kept
     58  interval  28.63-29.57  2.50 MBytes   22310 Kbits/sec   -          -            kept
     59  interval  29.57-30.05  1.25 MBytes   21845 Kbits/sec   -          -            kept
     62  summary    0.00-30.05  79.3 MBytes   22134 Kbits/sec   -          -            sender
     63  summary    0.00-30.05  0.00 Bytes    0.00 Kbits/sec    -          -            receiver: ignored
                  None: 
  PROBLEM line 27: the server was the sender in this trial (the client ran -R): iperflog reads the board's receive figure only
  FIGURE trial=1 proto=tcp source=none -- the board sent in this trial (-R)
RESULT: NOT every trial has a clean TEST_END figure (exit 1)
