iperflog 1.0 parse: bench/2026-09-27b/D3-TR2-S1.log -- 64 lines, 1 trial(s)
trial 1  lines 27-64  tcp  board receives  stream [  6] 10.1.1.3:5201 <- 10.1.1.2:52034 (line 28)
   line  row      interval      transfer      bandwidth         jitter     lost/total   status
     30  interval   0.00-1.01   2.03 MBytes   16828 Kbits/sec   -          -            kept
     31  interval   1.01-2.00   2.02 MBytes   17092 Kbits/sec   -          -            kept
     32  interval   2.00-3.02   2.07 MBytes   17035 Kbits/sec   -          -            kept
     33  interval   3.02-4.01   2.01 MBytes   17051 Kbits/sec   -          -            kept
     34  interval   4.01-5.00   2.01 MBytes   17010 Kbits/sec   -          -            kept
     35  interval   5.00-6.02   2.08 MBytes   17081 Kbits/sec   -          -            kept
     36  interval   6.02-7.01   2.01 MBytes   17048 Kbits/sec   -          -            kept
     37  interval   7.01-8.00   2.01 MBytes   17072 Kbits/sec   -          -            kept
     38  interval   8.00-9.02   2.07 MBytes   17035 Kbits/sec   -          -            kept
     39  interval   9.02-10.01  2.01 MBytes   17063 Kbits/sec   -          -            kept
     40  interval  10.01-11.02  2.02 MBytes   16754 Kbits/sec   -          -            kept
     41  interval  11.02-12.01  2.01 MBytes   17062 Kbits/sec   -          -            kept
     42  interval  12.01-13.00  2.01 MBytes   17037 Kbits/sec   -          -            kept
     43  interval  13.00-14.02  2.08 MBytes   17069 Kbits/sec   -          -            kept
     44  interval  14.02-15.01  2.02 MBytes   17083 Kbits/sec   -          -            kept
     45  interval  15.01-16.00  2.01 MBytes   17037 Kbits/sec   -          -            kept
     46  interval  16.00-17.02  2.08 MBytes   17078 Kbits/sec   -          -            kept
     47  interval  17.02-18.01  2.02 MBytes   17075 Kbits/sec   -          -            kept
     48  interval  18.01-19.01  2.02 MBytes   16936 Kbits/sec   -          -            kept
     49  interval  19.01-20.00  1.97 MBytes   16718 Kbits/sec   -          -            kept
     50  interval  20.00-21.01  2.07 MBytes   17215 Kbits/sec   -          -            kept
     51  interval  21.01-22.00  2.01 MBytes   17072 Kbits/sec   -          -            kept
     52  interval  22.00-23.02  2.07 MBytes   17016 Kbits/sec   -          -            kept
     53  interval  23.02-24.01  2.01 MBytes   17022 Kbits/sec   -          -            kept
     54  interval  24.01-25.00  2.01 MBytes   17016 Kbits/sec   -          -            kept
     55  interval  25.00-26.02  2.08 MBytes   17092 Kbits/sec   -          -            kept
     56  interval  26.02-27.01  2.01 MBytes   17037 Kbits/sec   -          -            kept
     57  interval  27.01-28.00  2.01 MBytes   17069 Kbits/sec   -          -            kept
     58  interval  28.00-29.02  2.07 MBytes   17047 Kbits/sec   -          -            kept
     59  interval  29.02-29.89  1.71 MBytes   16484 Kbits/sec   -          -            kept
     62  summary    0.00-29.89  0.00 Bytes    0.00 Kbits/sec    -          -            TEST_END sender
     63  summary    0.00-29.89  60.6 MBytes   17010 Kbits/sec   -          -            TEST_END receiver: used
                  TEST_END: not re-printed by a terminate path
  FIGURE trial=1 proto=tcp source=TEST_END lines=63 rate="17010 Kbits/sec" rate_bps=17010000+/-500 end_s=29.89+/-0.005 transfer="60.6 MBytes" bytes=[63541113,63566112] rounding=the rate column is the figure, printed in steps of 1 Kbits/sec; the transfer column (steps of 0.1 MBytes, 1024-based) is checked, not used
RESULT: every trial has a TEST_END figure
