cat /proc/net/snmp /proc/stat ; busybox killall iperf3 ; sleep 1 ; cat /tmp/ts
1.log
Ip: Forwarding DefaultTTL InReceives InHdrErrors InAddrErrors ForwDatagrams InUnknownProtos InDiscards InDelivers OutRequests OutDiscards OutNoRoutes ReasmTimeout ReasmReqds ReasmOKs ReasmFails FragOKs FragFails FragCreates
Ip: 2 64 160545 0 0 0 0 0 160545 59789 0 0 0 0 0 0 0 0 0
Icmp: InMsgs InErrors InDestUnreachs InTimeExcds InParmProbs InSrcQuenchs InRedirects InEchos InEchoReps InTimestamps InTimestampReps InAddrMasks InAddrMaskReps OutMsgs OutErrors OutDestUnreachs OutTimeExcds OutParmProbs OutSrcQuenchs OutRedirects OutEchos OutEchoReps OutTimestamps OutTimestampReps OutAddrMasks OutAddrMaskReps
Icmp: 20 0 0 0 0 0 0 20 0 0 0 0 0 20 0 0 0 0 0 0 0 20 0 0 0 0
IcmpMsg: InType8 OutType0
IcmpMsg: 20 20
Tcp: RtoAlgorithm RtoMin RtoMax MaxConn ActiveOpens PassiveOpens AttemptFails EstabResets CurrEstab InSegs OutSegs RetransSegs InErrs OutRsts
Tcp: 1 200 120000 -1 0 8 0 2 0 160525 59769 0 0 30
Udp: InDatagrams NoPorts InErrors OutDatagrams RcvbufErrors SndbufErrors
Udp: 0 0 0 0 0 0
UdpLite: InDatagrams NoPorts InErrors OutDatagrams RcvbufErrors SndbufErrors
UdpLite: 0 0 0 0 0 0
cpu  105 0 3685 12884 0 0 8068 0 0
cpu0 105 0 3685 12884 0 0 8068 0 0
intr 271460 0 0 0 0 0 0 0 0 95328 0 0 0 126344 25079 0 0 0 0 0 0 0 0 0 0 0 24710 0 0 0 0 0 0 0 0 0 0 0 0 0 0 0 0 0 0 0 0 0 0
ctxt 22237
btime 0
processes 69
procs_running 2
procs_blocked 0
killall: iperf3: no process killed
-----------------------------------------------------------
Server listening on 5201
-----------------------------------------------------------
Accepted connection from 10.1.1.2, port 45846
[  6] local 10.1.1.3 port 5201 connected to 10.1.1.2 port 45856
[ ID] Interval           Transfer     Bandwidth       Retr  Cwnd
[  6]   0.00-1.89   sec  5.00 MBytes  22192 Kbits/sec    0   53.7 KBytes       
[  6]   1.89-2.84   sec  2.50 MBytes  22075 Kbits/sec    0   53.7 KBytes       
[  6]   2.84-3.78   sec  2.50 MBytes  22310 Kbits/sec    0   53.7 KBytes       
[  6]   3.78-4.73   sec  2.50 MBytes  22075 Kbits/sec    0   53.7 KBytes       
[  6]   4.73-5.31   sec  1.57 MBytes  22753 Kbits/sec    0   53.7 KBytes       
[  6]   5.31-6.00   sec  1.79 MBytes  21753 Kbits/sec    0   53.7 KBytes       
[  6]   6.00-7.01   sec  2.41 MBytes  20029 Kbits/sec    0   53.7 KBytes       
[  6]   7.01-8.00   sec  2.10 MBytes  17822 Kbits/sec    0   53.7 KBytes       
[  6]   8.00-9.02   sec  2.35 MBytes  19349 Kbits/sec    0   53.7 KBytes       
[  6]   9.02-10.02  sec  2.23 MBytes  18693 Kbits/sec    0   53.7 KBytes       
[  6]  10.02-11.01  sec  2.15 MBytes  18233 Kbits/sec    0   53.7 KBytes       
[  6]  11.01-12.55  sec  4.10 MBytes  22353 Kbits/sec    0   53.7 KBytes       
[  6]  12.55-13.50  sec  2.50 MBytes  22075 Kbits/sec    0   53.7 KBytes       
[  6]  13.50-14.91  sec  3.75 MBytes  22310 Kbits/sec    0   53.7 KBytes       
[  6]  14.91-15.27  sec   975 KBytes  22191 Kbits/sec    0   53.7 KBytes       
[  6]  15.27-16.86  sec  4.21 MBytes  22229 Kbits/sec    0   53.7 KBytes       
[  6]  16.86-17.81  sec  2.50 MBytes  22075 Kbits/sec    0   53.7 KBytes       
[  6]  17.81-18.76  sec  2.50 MBytes  22075 Kbits/sec    0   53.7 KBytes       
[  6]  18.76-19.70  sec  2.50 MBytes  22310 Kbits/sec    0   53.7 KBytes       
[  6]  19.70-20.65  sec  2.50 MBytes  22075 Kbits/sec    0   53.7 KBytes       
[  6]  20.65-21.59  sec  2.50 MBytes  22310 Kbits/sec    0   53.7 KBytes       
[  6]  21.59-22.51  sec  2.44 MBytes  22209 Kbits/sec    0   53.7 KBytes       
[  6]  22.51-23.07  sec  1.49 MBytes  22314 Kbits/sec    0   53.7 KBytes       
[  6]  23.07-24.91  sec  4.59 MBytes  20919 Kbits/sec    0   53.7 KBytes       
[  6]  24.91-25.85  sec  2.50 MBytes  22310 Kbits/sec    0   53.7 KBytes       
[  6]  25.85-26.80  sec  2.50 MBytes  22075 Kbits/sec    0   53.7 KBytes       
[  6]  26.80-27.74  sec  2.50 MBytes  22310 Kbits/sec    0   53.7 KBytes       
[  6]  27.74-28.69  sec  2.50 MBytes  22075 Kbits/sec    0   53.7 KBytes       
[  6]  28.69-29.63  sec  2.50 MBytes  22310 Kbits/sec    0   53.7 KBytes       
[  6]  29.63-30.11  sec  1.25 MBytes  21845 Kbits/sec    0   53.7 KBytes       
- - - - - - - - - - - - - - - - - - - - - - - - -
[ ID] Interval           Transfer     Bandwidth       Retr
[  6]   0.00-30.11  sec  77.4 MBytes  21562 Kbits/sec    0             sender
[  6]   0.00-30.11  sec  0.00 Bytes  0.00 Kbits/sec                  receiver
# 