iperflog 1.0 parse: bench/2026-09-27b/D3-TR3-S1.log -- 64 lines, 1 trial(s)
trial 1  lines 27-64  tcp  board receives  stream [  6] 10.1.1.3:5201 <- 10.1.1.2:58292 (line 28)
   line  row      interval      transfer      bandwidth         jitter     lost/total   status
     30  interval   0.00-1.00   1.98 MBytes   16638 Kbits/sec   -          -            kept
     31  interval   1.00-2.00   2.02 MBytes   16910 Kbits/sec   -          -            kept
     32  interval   2.00-3.02   2.07 MBytes   17013 Kbits/sec   -          -            kept
     33  interval   3.02-4.01   2.01 MBytes   17025 Kbits/sec   -          -            kept
     34  interval   4.01-5.00   2.01 MBytes   17048 Kbits/sec   -          -            kept
     35  interval   5.00-6.02   2.08 MBytes   17069 Kbits/sec   -          -            kept
     36  interval   6.02-7.01   2.01 MBytes   17016 Kbits/sec   -          -            kept
     37  interval   7.01-8.00   2.01 MBytes   17010 Kbits/sec   -          -            kept
     38  interval   8.00-9.02   2.07 MBytes   17027 Kbits/sec   -          -            kept
     39  interval   9.02-10.01  2.01 MBytes   17025 Kbits/sec   -          -            kept
     40  interval  10.01-11.00  2.01 MBytes   17010 Kbits/sec   -          -            kept
     41  interval  11.00-12.02  2.07 MBytes   17001 Kbits/sec   -          -            kept
     42  interval  12.02-13.01  2.01 MBytes   17005 Kbits/sec   -          -            kept
     43  interval  13.01-14.01  2.01 MBytes   16829 Kbits/sec   -          -            kept
     44  interval  14.01-15.00  2.01 MBytes   16993 Kbits/sec   -          -            kept
     45  interval  15.00-16.02  2.07 MBytes   16990 Kbits/sec   -          -            kept
     46  interval  16.02-17.01  2.00 MBytes   16987 Kbits/sec   -          -            kept
     47  interval  17.01-18.00  2.01 MBytes   16993 Kbits/sec   -          -            kept
     48  interval  18.00-19.02  2.07 MBytes   17001 Kbits/sec   -          -            kept
     49  interval  19.02-20.02  2.01 MBytes   16886 Kbits/sec   -          -            kept
     50  interval  20.02-21.01  2.01 MBytes   17028 Kbits/sec   -          -            kept
     51  interval  21.01-22.00  2.01 MBytes   16999 Kbits/sec   -          -            kept
     52  interval  22.00-23.02  2.07 MBytes   17013 Kbits/sec   -          -            kept
     53  interval  23.02-24.01  2.01 MBytes   17037 Kbits/sec   -          -            kept
     54  interval  24.01-25.01  2.01 MBytes   16835 Kbits/sec   -          -            kept
     55  interval  25.01-26.01  2.02 MBytes   16933 Kbits/sec   -          -            kept
     56  interval  26.01-27.00  2.01 MBytes   17048 Kbits/sec   -          -            kept
     57  interval  27.00-28.02  2.07 MBytes   17035 Kbits/sec   -          -            kept
     58  interval  28.02-29.01  2.01 MBytes   17025 Kbits/sec   -          -            kept
     59  interval  29.01-29.86  1.70 MBytes   16790 Kbits/sec   -          -            kept
     62  summary    0.00-29.86  0.00 Bytes    0.00 Kbits/sec    -          -            TEST_END sender
     63  summary    0.00-29.86  60.4 MBytes   16975 Kbits/sec   -          -            TEST_END receiver: used
                  TEST_END: not re-printed by a terminate path
  FIGURE trial=1 proto=tcp source=TEST_END lines=63 rate="16975 Kbits/sec" rate_bps=16975000+/-500 end_s=29.86+/-0.005 transfer="60.4 MBytes" bytes=[63346712,63371663] rounding=the rate column is the figure, printed in steps of 1 Kbits/sec; the transfer column (steps of 0.1 MBytes, 1024-based) is checked, not used
RESULT: every trial has a TEST_END figure
