cat /proc/net/snmp /proc/stat ; busybox killall iperf3 ; sleep 1 ; cat /tmp/tr
1.log
Ip: Forwarding DefaultTTL InReceives InHdrErrors InAddrErrors ForwDatagrams InUnknownProtos InDiscards InDelivers OutRequests OutDiscards OutNoRoutes ReasmTimeout ReasmReqds ReasmOKs ReasmFails FragOKs FragFails FragCreates
Ip: 2 64 44317 0 0 0 0 0 44317 1145 0 0 0 0 0 0 0 0 0
Icmp: InMsgs InErrors InDestUnreachs InTimeExcds InParmProbs InSrcQuenchs InRedirects InEchos InEchoReps InTimestamps InTimestampReps InAddrMasks InAddrMaskReps OutMsgs OutErrors OutDestUnreachs OutTimeExcds OutParmProbs OutSrcQuenchs OutRedirects OutEchos OutEchoReps OutTimestamps OutTimestampReps OutAddrMasks OutAddrMaskReps
Icmp: 8 0 0 0 0 0 0 8 0 0 0 0 0 8 0 0 0 0 0 0 0 8 0 0 0 0
IcmpMsg: InType8 OutType0
IcmpMsg: 8 8
Tcp: RtoAlgorithm RtoMin RtoMax MaxConn ActiveOpens PassiveOpens AttemptFails EstabResets CurrEstab InSegs OutSegs RetransSegs InErrs OutRsts
Tcp: 1 200 120000 -1 0 2 0 1 0 44309 1137 0 0 1
Udp: InDatagrams NoPorts InErrors OutDatagrams RcvbufErrors SndbufErrors
Udp: 0 0 0 0 0 0
UdpLite: InDatagrams NoPorts InErrors OutDatagrams RcvbufErrors SndbufErrors
UdpLite: 0 0 0 0 0 0
cpu  36 0 2048 5829 0 0 2169 0 0
cpu0 36 0 2048 5829 0 0 2169 0 0
intr 76359 0 0 0 0 0 0 0 0 43082 0 0 0 13009 10219 0 0 0 0 0 0 0 0 0 0 0 10050 0 0 0 0 0 0 0 0 0 0 0 0 0 0 0 0 0 0 0 0 0 0
ctxt 6295
btime 0
processes 39
procs_running 2
procs_blocked 0
killall: iperf3: no process killed
-----------------------------------------------------------
Server listening on 5201
-----------------------------------------------------------
Accepted connection from 10.1.1.2, port 42790
[  6] local 10.1.1.3 port 5201 connected to 10.1.1.2 port 42804
[ ID] Interval           Transfer     Bandwidth
[  6]   0.00-1.01   sec  2.00 MBytes  16630 Kbits/sec                  
[  6]   1.01-2.00   sec  2.01 MBytes  17025 Kbits/sec                  
[  6]   2.00-3.02   sec  2.07 MBytes  17047 Kbits/sec                  
[  6]   3.02-4.01   sec  2.01 MBytes  17037 Kbits/sec                  
[  6]   4.01-5.01   sec  2.01 MBytes  16843 Kbits/sec                  
[  6]   5.01-6.00   sec  2.01 MBytes  16993 Kbits/sec                  
[  6]   6.00-7.02   sec  2.07 MBytes  17047 Kbits/sec                  
[  6]   7.02-8.01   sec  2.01 MBytes  17022 Kbits/sec                  
[  6]   8.01-9.01   sec  2.01 MBytes  16823 Kbits/sec                  
[  6]   9.01-10.00  sec  2.00 MBytes  16987 Kbits/sec                  
[  6]  10.00-11.02  sec  2.07 MBytes  16990 Kbits/sec                  
[  6]  11.02-12.00  sec  2.01 MBytes  17225 Kbits/sec                  
[  6]  12.00-13.02  sec  2.07 MBytes  17032 Kbits/sec                  
[  6]  13.02-14.01  sec  2.01 MBytes  17025 Kbits/sec                  
[  6]  14.01-15.00  sec  2.01 MBytes  17025 Kbits/sec                  
[  6]  15.00-16.02  sec  2.07 MBytes  17061 Kbits/sec                  
[  6]  16.02-17.01  sec  2.01 MBytes  17057 Kbits/sec                  
[  6]  17.01-18.00  sec  2.01 MBytes  17005 Kbits/sec                  
[  6]  18.00-19.02  sec  2.07 MBytes  17001 Kbits/sec                  
[  6]  19.02-20.01  sec  2.01 MBytes  16999 Kbits/sec                  
[  6]  20.01-21.00  sec  2.01 MBytes  16993 Kbits/sec                  
[  6]  21.00-22.02  sec  2.07 MBytes  17010 Kbits/sec                  
[  6]  22.02-23.01  sec  2.01 MBytes  17051 Kbits/sec                  
[  6]  23.01-24.00  sec  2.01 MBytes  17025 Kbits/sec                  
[  6]  24.00-25.02  sec  2.07 MBytes  17035 Kbits/sec                  
[  6]  25.02-26.01  sec  2.01 MBytes  17037 Kbits/sec                  
[  6]  26.01-27.00  sec  2.01 MBytes  17010 Kbits/sec                  
[  6]  27.00-28.02  sec  2.07 MBytes  17013 Kbits/sec                  
[  6]  28.02-29.01  sec  2.01 MBytes  17037 Kbits/sec                  
[  6]  29.01-29.85  sec  1.64 MBytes  16414 Kbits/sec                  
- - - - - - - - - - - - - - - - - - - - - - - - -
[ ID] Interval           Transfer     Bandwidth
[  6]   0.00-29.85  sec  0.00 Bytes  0.00 Kbits/sec                  sender
[  6]   0.00-29.85  sec  60.4 MBytes  16986 Kbits/sec                  receiver
# 