cat /proc/net/snmp /proc/stat ; busybox killall iperf3 ; sleep 1 ; cat /tmp/tr
3.log
Ip: Forwarding DefaultTTL InReceives InHdrErrors InAddrErrors ForwDatagrams InUnknownProtos InDiscards InDelivers OutRequests OutDiscards OutNoRoutes ReasmTimeout ReasmReqds ReasmOKs ReasmFails FragOKs FragFails FragCreates
Ip: 2 64 133037 0 0 0 0 0 133037 3443 0 0 0 0 0 0 0 0 0
Icmp: InMsgs InErrors InDestUnreachs InTimeExcds InParmProbs InSrcQuenchs InRedirects InEchos InEchoReps InTimestamps InTimestampReps InAddrMasks InAddrMaskReps OutMsgs OutErrors OutDestUnreachs OutTimeExcds OutParmProbs OutSrcQuenchs OutRedirects OutEchos OutEchoReps OutTimestamps OutTimestampReps OutAddrMasks OutAddrMaskReps
Icmp: 16 0 0 0 0 0 0 16 0 0 0 0 0 16 0 0 0 0 0 0 0 16 0 0 0 0
IcmpMsg: InType8 OutType0
IcmpMsg: 16 16
Tcp: RtoAlgorithm RtoMin RtoMax MaxConn ActiveOpens PassiveOpens AttemptFails EstabResets CurrEstab InSegs OutSegs RetransSegs InErrs OutRsts
Tcp: 1 200 120000 -1 0 6 0 2 0 133021 3427 0 0 30
Udp: InDatagrams NoPorts InErrors OutDatagrams RcvbufErrors SndbufErrors
Udp: 0 0 0 0 0 0
UdpLite: InDatagrams NoPorts InErrors OutDatagrams RcvbufErrors SndbufErrors
UdpLite: 0 0 0 0 0 0
cpu  89 0 2299 10889 0 0 6558 0 0
cpu0 89 0 2299 10889 0 0 6558 0 0
intr 157161 0 0 0 0 0 0 0 0 78004 0 0 0 39249 20106 0 0 0 0 0 0 0 0 0 0 0 19803 0 0 0 0 0 0 0 0 0 0 0 0 0 0 0 0 0 0 0 0 0 0
ctxt 16093
btime 0
processes 59
procs_running 2
procs_blocked 0
killall: iperf3: no process killed
-----------------------------------------------------------
Server listening on 5201
-----------------------------------------------------------
Accepted connection from 10.1.1.2, port 58286
[  6] local 10.1.1.3 port 5201 connected to 10.1.1.2 port 58292
[ ID] Interval           Transfer     Bandwidth
[  6]   0.00-1.00   sec  1.98 MBytes  16638 Kbits/sec                  
[  6]   1.00-2.00   sec  2.02 MBytes  16910 Kbits/sec                  
[  6]   2.00-3.02   sec  2.07 MBytes  17013 Kbits/sec                  
[  6]   3.02-4.01   sec  2.01 MBytes  17025 Kbits/sec                  
[  6]   4.01-5.00   sec  2.01 MBytes  17048 Kbits/sec                  
[  6]   5.00-6.02   sec  2.08 MBytes  17069 Kbits/sec                  
[  6]   6.02-7.01   sec  2.01 MBytes  17016 Kbits/sec                  
[  6]   7.01-8.00   sec  2.01 MBytes  17010 Kbits/sec                  
[  6]   8.00-9.02   sec  2.07 MBytes  17027 Kbits/sec                  
[  6]   9.02-10.01  sec  2.01 MBytes  17025 Kbits/sec                  
[  6]  10.01-11.00  sec  2.01 MBytes  17010 Kbits/sec                  
[  6]  11.00-12.02  sec  2.07 MBytes  17001 Kbits/sec                  
[  6]  12.02-13.01  sec  2.01 MBytes  17005 Kbits/sec                  
[  6]  13.01-14.01  sec  2.01 MBytes  16829 Kbits/sec                  
[  6]  14.01-15.00  sec  2.01 MBytes  16993 Kbits/sec                  
[  6]  15.00-16.02  sec  2.07 MBytes  16990 Kbits/sec                  
[  6]  16.02-17.01  sec  2.00 MBytes  16987 Kbits/sec                  
[  6]  17.01-18.00  sec  2.01 MBytes  16993 Kbits/sec                  
[  6]  18.00-19.02  sec  2.07 MBytes  17001 Kbits/sec                  
[  6]  19.02-20.02  sec  2.01 MBytes  16886 Kbits/sec                  
[  6]  20.02-21.01  sec  2.01 MBytes  17028 Kbits/sec                  
[  6]  21.01-22.00  sec  2.01 MBytes  16999 Kbits/sec                  
[  6]  22.00-23.02  sec  2.07 MBytes  17013 Kbits/sec                  
[  6]  23.02-24.01  sec  2.01 MBytes  17037 Kbits/sec                  
[  6]  24.01-25.01  sec  2.01 MBytes  16835 Kbits/sec                  
[  6]  25.01-26.01  sec  2.02 MBytes  16933 Kbits/sec                  
[  6]  26.01-27.00  sec  2.01 MBytes  17048 Kbits/sec                  
[  6]  27.00-28.02  sec  2.07 MBytes  17035 Kbits/sec                  
[  6]  28.02-29.01  sec  2.01 MBytes  17025 Kbits/sec                  
[  6]  29.01-29.86  sec  1.70 MBytes  16790 Kbits/sec                  
- - - - - - - - - - - - - - - - - - - - - - - - -
[ ID] Interval           Transfer     Bandwidth
[  6]   0.00-29.86  sec  0.00 Bytes  0.00 Kbits/sec                  sender
[  6]   0.00-29.86  sec  60.4 MBytes  16975 Kbits/sec                  receiver
# 