cat /proc/net/snmp /proc/stat ; busybox killall iperf3 ; sleep 1 ; cat /tmp/us
1.log
Ip: Forwarding DefaultTTL InReceives InHdrErrors InAddrErrors ForwDatagrams InUnknownProtos InDiscards InDelivers OutRequests OutDiscards OutNoRoutes ReasmTimeout ReasmReqds ReasmOKs ReasmFails FragOKs FragFails FragCreates
Ip: 2 64 378210 0 0 0 0 0 378210 228344 0 0 0 0 0 0 0 0 0
Icmp: InMsgs InErrors InDestUnreachs InTimeExcds InParmProbs InSrcQuenchs InRedirects InEchos InEchoReps InTimestamps InTimestampReps InAddrMasks InAddrMaskReps OutMsgs OutErrors OutDestUnreachs OutTimeExcds OutParmProbs OutSrcQuenchs OutRedirects OutEchos OutEchoReps OutTimestamps OutTimestampReps OutAddrMasks OutAddrMaskReps
Icmp: 44 0 0 0 0 0 0 44 0 0 0 0 0 44 0 0 0 0 0 0 0 44 0 0 0 0
IcmpMsg: InType8 OutType0
IcmpMsg: 44 44
Tcp: RtoAlgorithm RtoMin RtoMax MaxConn ActiveOpens PassiveOpens AttemptFails EstabResets CurrEstab InSegs OutSegs RetransSegs InErrs OutRsts
Tcp: 1 200 120000 -1 0 16 0 2 0 219139 175825 0 0 30
Udp: InDatagrams NoPorts InErrors OutDatagrams RcvbufErrors SndbufErrors
Udp: 18772 0 140066 52475 140066 0
UdpLite: InDatagrams NoPorts InErrors OutDatagrams RcvbufErrors SndbufErrors
UdpLite: 0 0 0 0 0 0
cpu  1048 0 8466 26814 0 0 18907 0 0
cpu0 1048 0 8466 26814 0 0 18907 0 0
intr 720195 0 0 0 0 0 0 0 0 204821 0 0 0 404206 55966 0 0 0 0 0 0 0 0 0 0 0 55203 0 0 0 0 0 0 0 0 0 0 0 0 0 0 0 0 0 0 0 0 0 0
ctxt 51032
btime 0
processes 142
procs_running 2
procs_blocked 0
killall: iperf3: no process killed
-----------------------------------------------------------
Server listening on 5201
-----------------------------------------------------------
Accepted connection from 10.1.1.2, port 50254
[  6] local 10.1.1.3 port 5201 connected to 10.1.1.2 port 43416
[ ID] Interval           Transfer     Bandwidth       Total Datagrams
[  6]   0.00-1.00   sec  2.08 MBytes  17483 Kbits/sec  1561  
[  6]   1.00-2.00   sec  2.36 MBytes  19768 Kbits/sec  1765  
[  6]   2.00-3.00   sec  2.36 MBytes  19768 Kbits/sec  1765  
[  6]   3.00-4.00   sec  2.36 MBytes  19757 Kbits/sec  1764  
[  6]   4.00-5.00   sec  2.36 MBytes  19768 Kbits/sec  1765  
[  6]   5.00-6.00   sec  2.36 MBytes  19768 Kbits/sec  1765  
[  6]   6.00-7.00   sec  2.36 MBytes  19768 Kbits/sec  1765  
[  6]   7.00-8.00   sec  2.36 MBytes  19779 Kbits/sec  1766  
[  6]   8.00-9.00   sec  2.36 MBytes  19768 Kbits/sec  1765  
[  6]   9.00-10.00  sec  2.36 MBytes  19779 Kbits/sec  1766  
[  6]  10.00-11.00  sec  2.36 MBytes  19768 Kbits/sec  1765  
[  6]  11.00-12.00  sec  2.36 MBytes  19779 Kbits/sec  1766  
[  6]  12.00-13.00  sec  2.36 MBytes  19779 Kbits/sec  1766  
[  6]  13.00-14.00  sec  2.36 MBytes  19779 Kbits/sec  1766  
[  6]  14.00-15.00  sec  2.36 MBytes  19768 Kbits/sec  1765  
[  6]  15.00-16.00  sec  2.36 MBytes  19779 Kbits/sec  1766  
[  6]  16.00-17.00  sec  2.36 MBytes  19790 Kbits/sec  1767  
[  6]  17.00-18.00  sec  2.36 MBytes  19779 Kbits/sec  1766  
[  6]  18.00-19.00  sec  2.36 MBytes  19779 Kbits/sec  1766  
[  6]  19.00-20.00  sec  2.32 MBytes  19477 Kbits/sec  1739  
[  6]  20.00-21.00  sec  2.31 MBytes  19365 Kbits/sec  1729  
[  6]  21.00-22.00  sec  2.31 MBytes  19354 Kbits/sec  1728  
[  6]  22.00-23.00  sec  2.31 MBytes  19354 Kbits/sec  1728  
[  6]  23.00-24.00  sec  2.31 MBytes  19354 Kbits/sec  1728  
[  6]  24.00-25.00  sec  2.34 MBytes  19645 Kbits/sec  1754  
[  6]  25.00-26.00  sec  2.36 MBytes  19790 Kbits/sec  1767  
[  6]  26.00-27.00  sec  2.36 MBytes  19768 Kbits/sec  1765  
[  6]  27.00-28.00  sec  2.36 MBytes  19813 Kbits/sec  1769  
[  6]  28.00-29.00  sec  2.36 MBytes  19779 Kbits/sec  1766  
[  6]  29.00-29.93  sec  2.21 MBytes  19967 Kbits/sec  1658  
- - - - - - - - - - - - - - - - - - - - - - - - -
[ ID] Interval           Transfer     Bandwidth       Jitter    Lost/Total Datagrams
[  6]   0.00-29.93  sec  70.1 MBytes  19635 Kbits/sec  0.000 ms  0/52471 (0%)  
# 