sleep 2 ; cat /proc/rtl819x-nic /proc/net/snmp /proc/net/arp /proc/rtl865x/asi
cCounter /proc/rtl819x-nic
version rtl819<Port: 0>
xRx counters
-   Rcv 0 bytes, Drop 0 pkts,etherStatsDropEvents 0
n   CRCAlignErr 0, SymbolErr 0, FragErr 0, JabberErr 0
i   Unicast 0 pkts, Multicast 0 pkts, Broadcast 0 pkts
c   < 64: 0 pkts, 64: 0 pkts, 65 -127: 0 pkts, 128 -255: 0 pkts
    256 - 511: 0 pkts, 512 - 1023: 0 pkts, 1024 - 1518: 0 pkts
1   oversize: 0 pkts, Control unknown 0 pkts, Pause 0 pkts
.Output counters
5   Snd 0 bytes, Unicast 0 pkts, Multicast 0 pkts
   Broadcast 0 pkts, Late collision 0, Deferred transmission 0 

   Collisions 0 Single collision 0 Multiple collision 0 pause 0
u<Port: 1>
nRx counters
l   Rcv 0 bytes, Drop 0 pkts,etherStatsDropEvents 0
o   CRCAlignErr 0, SymbolErr 0, FragErr 0, JabberErr 0
c   Unicast 0 pkts, Multicast 0 pkts, Broadcast 0 pkts
k   < 64: 0 pkts, 64: 0 pkts, 65 -127: 0 pkts, 128 -255: 0 pkts
e   256 - 511: 0 pkts, 512 - 1023: 0 pkts, 1024 - 1518: 0 pkts
d   oversize: 0 pkts, Control unknown 0 pkts, Pause 0 pkts
 Output counters
1   Snd 0 bytes, Unicast 0 pkts, Multicast 0 pkts
   Broadcast 0 pkts, Late collision 0, Deferred transmission 0 

   Collisions 0 Single collision 0 Multiple collision 0 pause 0
a<Port: 2>
lRx counters
l   Rcv 0 bytes, Drop 0 pkts,etherStatsDropEvents 0
o   CRCAlignErr 0, SymbolErr 0, FragErr 0, JabberErr 0
c   Unicast 0 pkts, Multicast 0 pkts, Broadcast 0 pkts
a   < 64: 0 pkts, 64: 0 pkts, 65 -127: 0 pkts, 128 -255: 0 pkts
t   256 - 511: 0 pkts, 512 - 1023: 0 pkts, 1024 - 1518: 0 pkts
e   oversize: 0 pkts, Control unknown 0 pkts, Pause 0 pkts
dOutput counters
    Snd 0 bytes, Unicast 0 pkts, Multicast 0 pkts
1   Broadcast 0 pkts, Late collision 0, Deferred transmission 0 
   Collisions 0 Single collision 0 Multiple collision 0 pause 0

<Port: 3>
aRx counters
r   Rcv 283180564 bytes, Drop 0 pkts,etherStatsDropEvents 0
m   CRCAlignErr 0, SymbolErr 0, FragErr 0, JabberErr 0
e   Unicast 272637 pkts, Multicast 1 pkts, Broadcast 8 pkts
d   < 64: 0 pkts, 64: 48 pkts, 65 -127: 86117 pkts, 128 -255: 89 pkts
    256 - 511: 1344 pkts, 512 - 1023: 8 pkts, 1024 - 1518: 185040 pkts
1   oversize: 0 pkts, Control unknown 0 pkts, Pause 0 pkts
Output counters

   Snd 260490768 bytes, Unicast 175832 pkts, Multicast 0 pkts
e   Broadcast 0 pkts, Late collision 0, Deferred transmission 0 
n   Collisions 0 Single collision 0 Multiple collision 0 pause 79526
g<Port: 4>
iRx counters
n   Rcv 0 bytes, Drop 0 pkts,etherStatsDropEvents 0
e   CRCAlignErr 0, SymbolErr 0, FragErr 0, JabberErr 0
_   Unicast 0 pkts, Multicast 0 pkts, Broadcast 0 pkts
o   < 64: 0 pkts, 64: 0 pkts, 65 -127: 0 pkts, 128 -255: 0 pkts
n   256 - 511: 0 pkts, 512 - 1023: 0 pkts, 1024 - 1518: 0 pkts
    oversize: 0 pkts, Control unknown 0 pkts, Pause 0 pkts
1Output counters
   Snd 0 bytes, Unicast 0 pkts, Multicast 0 pkts

   Broadcast 0 pkts, Late collision 0, Deferred transmission 0 
i   Collisions 0 Single collision 0 Multiple collision 0 pause 0
r<Port: 5>
qRx counters
_   Rcv 0 bytes, Drop 0 pkts,etherStatsDropEvents 0
t   CRCAlignErr 0, SymbolErr 0, FragErr 0, JabberErr 0
a   Unicast 0 pkts, Multicast 0 pkts, Broadcast 0 pkts
k   < 64: 0 pkts, 64: 0 pkts, 65 -127: 0 pkts, 128 -255: 0 pkts
e   256 - 511: 0 pkts, 512 - 1023: 0 pkts, 1024 - 1518: 0 pkts
n   oversize: 0 pkts, Control unknown 0 pkts, Pause 0 pkts
 Output counters
1   Snd 0 bytes, Unicast 0 pkts, Multicast 0 pkts
   Broadcast 0 pkts, Late collision 0, Deferred transmission 0 

   Collisions 0 Single collision 0 Multiple collision 0 pause 0
i<CPU port (extension port included)>
rRx counters
q   Rcv 0 bytes, Drop 0 pkts,etherStatsDropEvents 0
_   CRCAlignErr 175832, SymbolErr 0, FragErr 0, JabberErr 0
r   Unicast 0 pkts, Multicast 0 pkts, Broadcast 0 pkts
c   < 64: 0 pkts, 64: 76 pkts, 65 -127: 3466 pkts, 128 -255: 0 pkts
    256 - 511: 7 pkts, 512 - 1023: 1846 pkts, 1024 - 1518: 170437 pkts
0   oversize: 0 pkts, Control unknown 0 pkts, Pause 0 pkts
Output counters

   Snd 283180564 bytes, Unicast 272637 pkts, Multicast 1 pkts
n   Broadcast 8 pkts, Late collision 0, Deferred transmission 0 
_   Collisions 0 Single collision 0 Multiple collision 0 pause 0
r<Whole system counters>
e   CpuEvent 0 pkts
ads 267782
n_writes 30
n_refused 0
n_irq 323000
n_irq_spurious 0
n_tx 175832
n_rx 272646
n_rx_empty 0
n_poll 0
n_poll_masked 0
last_iisr 00003206
seen_iisr 0003320E
nd_alloc 1
nd_registered 1
nd_up 1
nd_name rlx0
n_napi_poll 133719
n_napi_complete 133713
n_xmit 175832
n_xmit_busy 0
tx_mode 0
n_tx_full 0
n_tx_retry 0
tx_retry_max_seen 0
n_tx_recovered 0
n_tx_drop_full 0
n_xmit_ctx 0/175832/0
n_skb_fail 0
n_tx_stop 0
n_tx_wake 0
n_tx_wake_race 0
n_tx_timeout 0
tx_stopped 0
nd_stats rx 272646/282089980 tx 175832/259787440 drop 0/0
boot_icr 00000000
boot_iimr 00000000
boot_iisr 00000000
boot_rpdcr0 00000000
boot_rmdcr0 00000000
boot_tpdcr0 00000000
now_icr C4000000
now_iimr 007E0FFE
now_iisr 00000000
rpdcr0_pos A15D0018
rmdcr0_pos A15D0028
tpdcr0_pos A15D0040
tpdcr1_pos 00000000
tpdcr2_pos 00000000
tpdcr3_pos 00000000
n_arm_flush 0
iimr_base 007E0FFE
iimr_ladder 007E0FFE
recov_mode 1
recov_ms 1000
recov_jiffies 100
n_recov_arm 0
n_recov_fire 0
n_recov_spurious 0
n_recov_ok 0
n_recov_fail 0
n_recov_wake 0
recov_rc 0 0 0
recov_j_arm 0
recov_j_fire 0
ph_follow 1
n_ph_chk 272646
n_ph_diff 272505
n_ph_bad 0
n_ph_used 272505
ph_first_w0 A15D0110
ph_first_exp A15D01B8
ph_first_nrx 79
ph_agree 141
ph_last A15D0128
ph_last_j 1
ph_last_bf A15D0A92
ph_last_cls 1
tx_rings 1
n_et_link 1
et_link_last 00000001
ph_test_cls -1
ph_test_j 0
ph_test_seen 0
j_now 10526
n_dsync_chk 133719
n_dsync 133634
dsync_last_d 4
dsync_first_d 6
dsync_first_rp A15D0018
dsync_first_rm A15D0020
dsync_first_nrx 39
dsync_test_d 0
dsync_test_seen 0
rx_ring A15D0000
mb_ring A15D0020
tx_ring A15D0040
bufs A15D0290
rx_ph A15D0050
rx_mb A15D0110
tx_ph A15D01D0
tx_mb A15D0230
idle_ring A15D6290
rx_idx 6
tx_idx 0
rxd0 A15D0051 len 0 f 8063 pl 03
rxd1 A15D0069 len 0 f 8063 pl 03
rxd2 A15D0081 len 0 f 8063 pl 03
rxd3 A15D0099 len 0 f 8063 pl 03
rxd4 A15D00B1 len 0 f 8063 pl 03
rxd5 A15D00C9 len 0 f 8063 pl 03
rxd6 A15D00E1 len 0 f 8063 pl 03
rxd7 A15D00FB len 0 f 8063 pl 03
txd0 A15D01D0 len 74
txd1 A15D01E8 len 281
txd2 A15D0200 len 70
txd3 A15D021A len 70
mbd0 A15D0110 ph A15D0170 ml 71
mbd1 A15D0128 ph A15D0188 ml 70
mbd2 A15D0141 ph A15D01A0 ml 0
mbd3 A15D0159 ph A15D01B8 ml 0
mbd4 A15D0171 ph A15D0110 ml 0
mbd5 A15D0189 ph A15D0128 ml 0
mbd6 A15D01A0 ph A15D01B8 ml 70
mbd7 A15D01BA ph A15D0158 ml 70
tx15 txlen vendor txoff 2 txrb 0 dirty 0 p15 1
rx_len 0
rx_ph1 00460411
rx_ph3 80630003
rx_ph4 00090000
Ip: Forwarding DefaultTTL InReceives InHdrErrors InAddrErrors ForwDatagrams InUnknownProtos InDiscards InDelivers OutRequests OutDiscards OutNoRoutes ReasmTimeout ReasmReqds ReasmOKs ReasmFails FragOKs FragFails FragCreates
Ip: 2 64 272630 0 0 0 0 0 272630 175817 0 0 0 0 0 0 0 0 0
Icmp: InMsgs InErrors InDestUnreachs InTimeExcds InParmProbs InSrcQuenchs InRedirects InEchos InEchoReps InTimestamps InTimestampReps InAddrMasks InAddrMaskReps OutMsgs OutErrors OutDestUnreachs OutTimeExcds OutParmProbs OutSrcQuenchs OutRedirects OutEchos OutEchoReps OutTimestamps OutTimestampReps OutAddrMasks OutAddrMaskReps
Icmp: 32 0 0 0 0 0 0 32 0 0 0 0 0 32 0 0 0 0 0 0 0 32 0 0 0 0
IcmpMsg: InType8 OutType0
IcmpMsg: 32 32
Tcp: RtoAlgorithm RtoMin RtoMax MaxConn ActiveOpens PassiveOpens AttemptFails EstabResets CurrEstab InSegs OutSegs RetransSegs InErrs OutRsts
Tcp: 1 200 120000 -1 0 13 0 2 0 219089 175784 0 0 30
Udp: InDatagrams NoPorts InErrors OutDatagrams RcvbufErrors SndbufErrors
Udp: 6740 0 46706 1 46706 0
UdpLite: InDatagrams NoPorts InErrors OutDatagrams RcvbufErrors SndbufErrors
UdpLite: 0 0 0 0 0 0
IP address       HW type     Flags       HW address            Mask     Device
10.1.1.2         0x1         0x2         fc:19:28:61:84:c9     *        rlx0
version rtl819x-nic 1.5
unlocked 1
allocated 1
armed 1
engine_on 1
irq_taken 1
irq_rc 0
n_reads 267800
n_writes 30
n_refused 0
n_irq 323000
n_irq_spurious 0
n_tx 175832
n_rx 272646
n_rx_empty 0
n_poll 0
n_poll_masked 0
last_iisr 00003206
seen_iisr 0003320E
nd_alloc 1
nd_registered 1
nd_up 1
nd_name rlx0
n_napi_poll 133719
n_napi_complete 133713
n_xmit 175832
n_xmit_busy 0
tx_mode 0
n_tx_full 0
n_tx_retry 0
tx_retry_max_seen 0
n_tx_recovered 0
n_tx_drop_full 0
n_xmit_ctx 0/175832/0
n_skb_fail 0
n_tx_stop 0
n_tx_wake 0
n_tx_wake_race 0
n_tx_timeout 0
tx_stopped 0
nd_stats rx 272646/282089980 tx 175832/259787440 drop 0/0
boot_icr 00000000
boot_iimr 00000000
boot_iisr 00000000
boot_rpdcr0 00000000
boot_rmdcr0 00000000
boot_tpdcr0 00000000
now_icr C4000000
now_iimr 007E0FFE
now_iisr 00000000
rpdcr0_pos A15D0018
rmdcr0_pos A15D0028
tpdcr0_pos A15D0040
tpdcr1_pos 00000000
tpdcr2_pos 00000000
tpdcr3_pos 00000000
n_arm_flush 0
iimr_base 007E0FFE
iimr_ladder 007E0FFE
recov_mode 1
recov_ms 1000
recov_jiffies 100
n_recov_arm 0
n_recov_fire 0
n_recov_spurious 0
n_recov_ok 0
n_recov_fail 0
n_recov_wake 0
recov_rc 0 0 0
recov_j_arm 0
recov_j_fire 0
ph_follow 1
n_ph_chk 272646
n_ph_diff 272505
n_ph_bad 0
n_ph_used 272505
ph_first_w0 A15D0110
ph_first_exp A15D01B8
ph_first_nrx 79
ph_agree 141
ph_last A15D0128
ph_last_j 1
ph_last_bf A15D0A92
ph_last_cls 1
tx_rings 1
n_et_link 1
et_link_last 00000001
ph_test_cls -1
ph_test_j 0
ph_test_seen 0
j_now 10534
n_dsync_chk 133719
n_dsync 133634
dsync_last_d 4
dsync_first_d 6
dsync_first_rp A15D0018
dsync_first_rm A15D0020
dsync_first_nrx 39
dsync_test_d 0
dsync_test_seen 0
rx_ring A15D0000
mb_ring A15D0020
tx_ring A15D0040
bufs A15D0290
rx_ph A15D0050
rx_mb A15D0110
tx_ph A15D01D0
tx_mb A15D0230
idle_ring A15D6290
rx_idx 6
tx_idx 0
rxd0 A15D0051 len 0 f 8063 pl 03
rxd1 A15D0069 len 0 f 8063 pl 03
rxd2 A15D0081 len 0 f 8063 pl 03
rxd3 A15D0099 len 0 f 8063 pl 03
rxd4 A15D00B1 len 0 f 8063 pl 03
rxd5 A15D00C9 len 0 f 8063 pl 03
rxd6 A15D00E1 len 0 f 8063 pl 03
rxd7 A15D00FB len 0 f 8063 pl 03
txd0 A15D01D0 len 74
txd1 A15D01E8 len 281
txd2 A15D0200 len 70
txd3 A15D021A len 70
mbd0 A15D0110 ph A15D0170 ml 71
mbd1 A15D0128 ph A15D0188 ml 70
mbd2 A15D0141 ph A15D01A0 ml 0
mbd3 A15D0159 ph A15D01B8 ml 0
mbd4 A15D0171 ph A15D0110 ml 0
mbd5 A15D0189 ph A15D0128 ml 0
mbd6 A15D01A0 ph A15D01B8 ml 70
mbd7 A15D01BA ph A15D0158 ml 70
tx15 txlen vendor txoff 2 txrb 0 dirty 0 p15 1
rx_len 0
rx_ph1 00460411
rx_ph3 80630003
rx_ph4 00090000
# 