Connecting to host 10.1.1.3, port 5201
[  4] local 10.1.1.2 port 43656 connected to 10.1.1.3 port 5201
[ ID] Interval           Transfer     Bandwidth       Total Datagrams
[  4]   0.00-1.00   sec  2.15 MBytes  18.0 Mbits/sec  1611  
[  4]   1.00-2.00   sec  2.59 MBytes  21.8 Mbits/sec  1942  
[  4]   2.00-3.00   sec  2.35 MBytes  19.7 Mbits/sec  1762  
[  4]   3.00-4.00   sec  2.34 MBytes  19.6 Mbits/sec  1753  
[  4]   4.00-5.00   sec  2.38 MBytes  20.0 Mbits/sec  1783  
[  4]   5.00-6.00   sec  2.39 MBytes  20.0 Mbits/sec  1789  
[  4]   6.00-7.00   sec  2.37 MBytes  19.9 Mbits/sec  1778  
[  4]   7.00-8.00   sec  2.27 MBytes  19.0 Mbits/sec  1697  
[  4]   8.00-9.00   sec  2.54 MBytes  21.3 Mbits/sec  1899  
[  4]   9.00-10.00  sec  2.41 MBytes  20.2 Mbits/sec  1804  
[  4]  10.00-11.00  sec  2.20 MBytes  18.5 Mbits/sec  1651  
[  4]  11.00-12.00  sec  2.55 MBytes  21.4 Mbits/sec  1910  
[  4]  12.00-13.00  sec  2.22 MBytes  18.6 Mbits/sec  1661  
[  4]  13.00-15.44  sec  1.59 MBytes  5.45 Mbits/sec  1188  
[  4]  15.44-15.44  sec  0.00 Bytes  0.00 Mbits/sec  0  
[  4]  15.44-16.00  sec  1.87 MBytes  28.1 Mbits/sec  1404  
[  4]  16.00-17.00  sec  3.32 MBytes  27.9 Mbits/sec  2488  
[  4]  17.00-18.00  sec  3.32 MBytes  27.8 Mbits/sec  2484  
[  4]  18.00-19.00  sec  3.32 MBytes  27.8 Mbits/sec  2486  
[  4]  19.00-20.00  sec  3.32 MBytes  27.9 Mbits/sec  2488  
[  4]  20.00-21.00  sec  2.48 MBytes  20.8 Mbits/sec  1857  
[  4]  21.00-22.00  sec  2.45 MBytes  20.6 Mbits/sec  1836  
[  4]  22.00-23.00  sec  2.17 MBytes  18.2 Mbits/sec  1626  
[  4]  23.00-24.00  sec  2.53 MBytes  21.2 Mbits/sec  1892  
[  4]  24.00-25.00  sec  2.46 MBytes  20.6 Mbits/sec  1842  
[  4]  25.00-26.00  sec  2.17 MBytes  18.2 Mbits/sec  1623  
[  4]  26.00-27.00  sec  2.53 MBytes  21.3 Mbits/sec  1898  
[  4]  27.00-28.00  sec  2.43 MBytes  20.4 Mbits/sec  1818  
[  4]  28.00-29.00  sec  2.19 MBytes  18.4 Mbits/sec  1641  
[  4]  29.00-30.00  sec  2.53 MBytes  21.2 Mbits/sec  1897  
- - - - - - - - - - - - - - - - - - - - - - - - -
[ ID] Interval           Transfer     Bandwidth       Jitter    Lost/Total Datagrams
[  4]   0.00-30.00  sec  71.4 MBytes  20.0 Mbits/sec  0.125 ms  46006/52745 (87%)  
[  4] Sent 52745 datagrams

iperf Done.
