Connecting to host 10.1.1.3, port 5201
Reverse mode, remote host 10.1.1.3 is sending
[  4] local 10.1.1.2 port 50950 connected to 10.1.1.3 port 5201
[ ID] Interval           Transfer     Bandwidth       Jitter    Lost/Total Datagrams
[  4]   0.00-1.00   sec  2.29 MBytes  19.2 Mbits/sec  1.265 ms  0/1713 (0%)  
[  4]   1.00-2.00   sec  2.45 MBytes  20.6 Mbits/sec  0.783 ms  0/1838 (0%)  
[  4]   2.00-3.00   sec  2.44 MBytes  20.5 Mbits/sec  1.102 ms  0/1830 (0%)  
[  4]   3.00-4.00   sec  2.44 MBytes  20.5 Mbits/sec  0.925 ms  0/1827 (0%)  
[  4]   4.00-5.00   sec  2.44 MBytes  20.5 Mbits/sec  0.841 ms  0/1826 (0%)  
[  4]   5.00-6.00   sec  2.44 MBytes  20.4 Mbits/sec  0.803 ms  0/1824 (0%)  
[  4]   6.00-7.00   sec  2.44 MBytes  20.4 Mbits/sec  1.335 ms  0/1824 (0%)  
[  4]   7.00-8.00   sec  2.44 MBytes  20.4 Mbits/sec  1.221 ms  0/1825 (0%)  
[  4]   8.00-10.30  sec  1.94 MBytes  7.07 Mbits/sec  94.790 ms  0/1451 (0%)  
[  4]  10.30-10.30  sec  0.00 Bytes  0.00 Mbits/sec  94.790 ms  0/0 (0%)  
[  4]  10.30-11.00  sec  1.71 MBytes  20.5 Mbits/sec  1.332 ms  0/1281 (0%)  
[  4]  11.00-12.00  sec  2.44 MBytes  20.4 Mbits/sec  1.234 ms  0/1825 (0%)  
[  4]  12.00-13.00  sec  2.44 MBytes  20.4 Mbits/sec  1.142 ms  0/1824 (0%)  
[  4]  13.00-14.00  sec  2.44 MBytes  20.5 Mbits/sec  1.029 ms  0/1826 (0%)  
[  4]  14.00-15.00  sec  2.44 MBytes  20.5 Mbits/sec  0.972 ms  0/1826 (0%)  
[  4]  15.00-16.00  sec  2.44 MBytes  20.5 Mbits/sec  0.873 ms  0/1826 (0%)  
[  4]  16.00-17.00  sec  2.44 MBytes  20.5 Mbits/sec  0.822 ms  0/1826 (0%)  
[  4]  17.00-18.00  sec  2.44 MBytes  20.4 Mbits/sec  1.327 ms  0/1825 (0%)  
[  4]  18.00-19.00  sec  2.44 MBytes  20.5 Mbits/sec  1.227 ms  0/1826 (0%)  
[  4]  19.00-20.00  sec  2.43 MBytes  20.4 Mbits/sec  1.128 ms  0/1821 (0%)  
[  4]  20.00-21.00  sec  2.41 MBytes  20.2 Mbits/sec  1.004 ms  0/1804 (0%)  
[  4]  21.00-22.00  sec  2.42 MBytes  20.3 Mbits/sec  0.816 ms  0/1810 (0%)  
[  4]  22.00-23.00  sec  2.42 MBytes  20.3 Mbits/sec  1.118 ms  0/1809 (0%)  
[  4]  23.00-24.00  sec  2.42 MBytes  20.3 Mbits/sec  0.885 ms  0/1811 (0%)  
[  4]  24.00-25.00  sec  2.43 MBytes  20.4 Mbits/sec  1.164 ms  0/1823 (0%)  
[  4]  25.00-26.00  sec  2.47 MBytes  20.7 Mbits/sec  0.900 ms  0/1850 (0%)  
[  4]  26.00-27.00  sec  2.47 MBytes  20.7 Mbits/sec  1.266 ms  0/1849 (0%)  
[  4]  27.00-28.00  sec  2.47 MBytes  20.7 Mbits/sec  0.961 ms  0/1850 (0%)  
[  4]  28.00-29.00  sec  2.46 MBytes  20.6 Mbits/sec  1.000 ms  0/1840 (0%)  
[  4]  29.00-30.00  sec  2.45 MBytes  20.6 Mbits/sec  1.136 ms  0/1838 (0%)  
- - - - - - - - - - - - - - - - - - - - - - - - -
[ ID] Interval           Transfer     Bandwidth       Jitter    Lost/Total Datagrams
[  4]   0.00-30.00  sec  69.4 MBytes  19.4 Mbits/sec  1.046 ms  0/51952 (0%)  
[  4] Sent 51952 datagrams

iperf Done.
