Connecting to host 10.1.1.3, port 5201
[  4] local 10.1.1.2 port 44621 connected to 10.1.1.3 port 5201
[ ID] Interval           Transfer     Bandwidth       Total Datagrams
[  4]   0.00-1.00   sec  2.15 MBytes  18.0 Mbits/sec  1612  
[  4]   1.00-2.00   sec  2.53 MBytes  21.2 Mbits/sec  1895  
[  4]   2.00-3.00   sec  2.47 MBytes  20.7 Mbits/sec  1847  
[  4]   3.00-4.00   sec  2.15 MBytes  18.1 Mbits/sec  1614  
[  4]   4.00-5.00   sec  2.54 MBytes  21.3 Mbits/sec  1901  
[  4]   5.00-6.00   sec  2.46 MBytes  20.6 Mbits/sec  1842  
[  4]   6.00-7.00   sec  2.15 MBytes  18.1 Mbits/sec  1614  
[  4]   7.00-8.00   sec  2.53 MBytes  21.2 Mbits/sec  1894  
[  4]   8.00-9.00   sec  2.44 MBytes  20.4 Mbits/sec  1825  
[  4]   9.00-10.00  sec  2.19 MBytes  18.3 Mbits/sec  1638  
[  4]  10.00-11.00  sec  2.53 MBytes  21.2 Mbits/sec  1896  
[  4]  11.00-12.00  sec  2.47 MBytes  20.7 Mbits/sec  1851  
[  4]  12.00-13.00  sec  2.15 MBytes  18.0 Mbits/sec  1610  
[  4]  13.00-14.00  sec  2.53 MBytes  21.2 Mbits/sec  1894  
[  4]  14.00-15.00  sec  2.46 MBytes  20.6 Mbits/sec  1841  
[  4]  15.00-16.00  sec  2.17 MBytes  18.2 Mbits/sec  1622  
[  4]  16.00-17.00  sec  2.53 MBytes  21.2 Mbits/sec  1897  
[  4]  17.00-18.00  sec  2.46 MBytes  20.6 Mbits/sec  1840  
[  4]  18.00-19.00  sec  2.16 MBytes  18.2 Mbits/sec  1621  
[  4]  19.00-20.00  sec  2.53 MBytes  21.2 Mbits/sec  1892  
[  4]  20.00-21.00  sec  2.46 MBytes  20.6 Mbits/sec  1843  
[  4]  21.00-22.00  sec  2.16 MBytes  18.2 Mbits/sec  1621  
[  4]  22.00-23.00  sec  2.53 MBytes  21.3 Mbits/sec  1898  
[  4]  23.00-24.00  sec  2.46 MBytes  20.7 Mbits/sec  1845  
[  4]  24.00-25.00  sec  2.16 MBytes  18.1 Mbits/sec  1619  
[  4]  25.00-26.00  sec  2.53 MBytes  21.2 Mbits/sec  1894  
[  4]  26.00-27.00  sec  2.46 MBytes  20.7 Mbits/sec  1846  
[  4]  27.00-28.61  sec   536 KBytes  2.72 Mbits/sec  392  
[  4]  28.61-29.00  sec  1.27 MBytes  27.6 Mbits/sec  952  
[  4]  29.00-30.00  sec  3.28 MBytes  27.5 Mbits/sec  2456  
- - - - - - - - - - - - - - - - - - - - - - - - -
[ ID] Interval           Transfer     Bandwidth       Jitter    Lost/Total Datagrams
[  4]   0.00-30.00  sec  69.4 MBytes  19.4 Mbits/sec  0.377 ms  42071/47745 (88%)  
[  4] Sent 47745 datagrams

iperf Done.
