iperflog 1.0 parse: bench/2026-09-27b/D3-UR3-S1.log -- 68 lines, 1 trial(s)
trial 1  lines 27-68  udp  board receives  stream [  6] 10.1.1.3:5201 <- 10.1.1.2:41781 (line 28)
   line  row      interval      transfer      bandwidth         jitter     lost/total   status
     30  interval   0.00-1.01   179 KBytes    1453 Kbits/sec    25416642.241 ms 944/1075     kept
     31  interval   1.01-2.01   343 KBytes    2811 Kbits/sec    2.535 ms   1418/1669    kept
     32  interval   2.01-3.20   260 KBytes    1788 Kbits/sec    0.313 ms   1890/2080    kept
     33  interval   3.20-4.13   258 KBytes    2276 Kbits/sec    0.384 ms   1420/1609    kept
     34  interval   4.13-5.08   258 KBytes    2228 Kbits/sec    0.821 ms   1418/1607    kept
     35  interval   5.08-6.01   258 KBytes    2276 Kbits/sec    0.444 ms   1417/1606    kept
     36  interval   6.01-7.01   343 KBytes    2811 Kbits/sec    0.480 ms   1419/1670    kept
     37  interval   7.01-8.19   260 KBytes    1803 Kbits/sec    0.203 ms   1890/2080    kept
     38  interval   8.19-12.07  86.1 KBytes   182 Kbits/sec     223.075 ms 473/536      kept
     39  interval  12.07-12.07  0.00 Bytes    nan Kbits/sec     223.075 ms 0/0          kept
     40  interval  12.07-12.07  0.00 Bytes    nan Kbits/sec     223.075 ms 0/0          kept
     41  interval  12.07-12.07  0.00 Bytes    nan Kbits/sec     223.075 ms 0/0          kept
     42  interval  12.07-13.01  343 KBytes    2991 Kbits/sec    0.490 ms   9811/10062   kept
     43  interval  13.01-14.22  260 KBytes    1759 Kbits/sec    0.784 ms   1893/2083    kept
     44  interval  14.22-15.16  258 KBytes    2252 Kbits/sec    0.418 ms   1416/1605    kept
     45  interval  15.16-16.09  258 KBytes    2276 Kbits/sec    0.874 ms   1419/1608    kept
     46  interval  16.09-17.03  258 KBytes    2252 Kbits/sec    0.391 ms   1417/1606    kept
     47  interval  17.03-18.01  343 KBytes    2869 Kbits/sec    0.326 ms   1419/1670    kept
     48  interval  18.01-19.21  260 KBytes    1773 Kbits/sec    0.862 ms   1890/2080    kept
     49  interval  19.21-20.13  338 KBytes    3007 Kbits/sec    9.859 ms   1371/1618    kept
     50  interval  20.13-21.07  517 KBytes    4504 Kbits/sec    4.670 ms   1281/1659    kept
     51  interval  21.07-22.13  412 KBytes    3180 Kbits/sec    3.535 ms   1247/1548    kept
     52  interval  22.13-23.01  633 KBytes    5893 Kbits/sec    1.098 ms   1297/1760    kept
     53  interval  23.01-24.01  573 KBytes    4693 Kbits/sec    0.545 ms   1193/1612    kept
     54  interval  24.01-25.01  429 KBytes    3517 Kbits/sec    0.259 ms   1051/1365    kept
     55  interval  25.01-26.00  346 KBytes    2862 Kbits/sec    5.764 ms   1524/1777    kept
     56  interval  26.00-27.01  353 KBytes    2861 Kbits/sec    0.555 ms   1145/1403    kept
     57  interval  27.01-28.21  260 KBytes    1773 Kbits/sec    0.806 ms   1890/2080    kept
     58  interval  28.21-29.15  258 KBytes    2252 Kbits/sec    0.289 ms   1418/1607    kept
     59  interval  29.15-30.09  258 KBytes    2252 Kbits/sec    0.277 ms   1418/1607    kept
     60  interval  30.09-30.29  84.8 KBytes   3472 Kbits/sec    0.153 ms   0/62         kept
     63  summary    0.00-30.29  0.00 Bytes    0.00 Kbits/sec    0.153 ms   46389/52744  TEST_END: used (lost/total; its transfer and bandwidth are bytes the server SENT)
                  TEST_END: not re-printed by a terminate path
  FIGURE trial=1 proto=udp source=TEST_END lines=63 received=6355 (=52744 total-46389 lost+0 out-of-order) datagram_B=1400 bytes=8897000 end_s=30.29+/-0.005 rate_bps=2349818 range=[2349431,2350206] rounding=exact integers; only the printed end time (+/-0.005 s)
RESULT: every trial has a TEST_END figure
