iperflog 1.0 parse: bench/2026-09-27b/D3-US2-S1.log -- 63 lines, 1 trial(s)
trial 1  lines 27-63  udp  board sends  stream [  6] 10.1.1.3:5201 <- 10.1.1.2:50950 (line 28)
   line  row      interval      transfer      bandwidth         jitter     lost/total   status
     30  interval   0.00-1.00   2.08 MBytes   17416 Kbits/sec   -          -            kept
     31  interval   1.00-2.00   2.34 MBytes   19634 Kbits/sec   -          -            kept
     32  interval   2.00-3.00   2.34 MBytes   19622 Kbits/sec   -          -            kept
     33  interval   3.00-4.00   2.34 MBytes   19634 Kbits/sec   -          -            kept
     34  interval   4.00-5.00   2.34 MBytes   19634 Kbits/sec   -          -            kept
     35  interval   5.00-6.00   2.34 MBytes   19622 Kbits/sec   -          -            kept
     36  interval   6.00-7.00   2.34 MBytes   19622 Kbits/sec   -          -            kept
     37  interval   7.00-8.00   2.34 MBytes   19622 Kbits/sec   -          -            kept
     38  interval   8.00-9.00   2.34 MBytes   19622 Kbits/sec   -          -            kept
     39  interval   9.00-10.00  2.34 MBytes   19645 Kbits/sec   -          -            kept
     40  interval  10.00-11.00  2.34 MBytes   19622 Kbits/sec   -          -            kept
     41  interval  11.00-12.00  2.34 MBytes   19634 Kbits/sec   -          -            kept
     42  interval  12.00-13.00  2.34 MBytes   19645 Kbits/sec   -          -            kept
     43  interval  13.00-14.00  2.34 MBytes   19622 Kbits/sec   -          -            kept
     44  interval  14.00-15.00  2.34 MBytes   19634 Kbits/sec   -          -            kept
     45  interval  15.00-16.00  2.34 MBytes   19634 Kbits/sec   -          -            kept
     46  interval  16.00-17.00  2.34 MBytes   19634 Kbits/sec   -          -            kept
     47  interval  17.00-18.00  2.34 MBytes   19634 Kbits/sec   -          -            kept
     48  interval  18.00-19.00  2.34 MBytes   19634 Kbits/sec   -          -            kept
     49  interval  19.00-20.00  2.30 MBytes   19286 Kbits/sec   -          -            kept
     50  interval  20.00-21.00  2.29 MBytes   19230 Kbits/sec   -          -            kept
     51  interval  21.00-22.00  2.29 MBytes   19219 Kbits/sec   -          -            kept
     52  interval  22.00-23.00  2.29 MBytes   19230 Kbits/sec   -          -            kept
     53  interval  23.00-24.00  2.29 MBytes   19219 Kbits/sec   -          -            kept
     54  interval  24.00-25.00  2.33 MBytes   19555 Kbits/sec   -          -            kept
     55  interval  25.00-26.00  2.34 MBytes   19645 Kbits/sec   -          -            kept
     56  interval  26.00-27.00  2.34 MBytes   19634 Kbits/sec   -          -            kept
     57  interval  27.00-28.00  2.34 MBytes   19656 Kbits/sec   -          -            kept
     58  interval  28.00-29.00  2.34 MBytes   19634 Kbits/sec   -          -            kept
     59  interval  29.00-29.85  2.00 MBytes   19752 Kbits/sec   -          -            kept
     62  summary    0.00-29.85  69.4 MBytes   19493 Kbits/sec   0.000 ms   0/51952      : ignored
                  None: 
  PROBLEM line 27: the server was the sender in this trial (the client ran -R): iperflog reads the board's receive figure only
  FIGURE trial=1 proto=udp source=none -- the board sent in this trial (-R)
RESULT: NOT every trial has a clean TEST_END figure (exit 1)
