iperflog 1.0 parse: bench/2026-09-27b/D3-UR1-S1.log -- 67 lines, 1 trial(s)
trial 1  lines 27-67  udp  board receives  stream [  6] 10.1.1.3:5201 <- 10.1.1.2:43656 (line 28)
   line  row      interval      transfer      bandwidth         jitter     lost/total   status
     30  interval   0.00-1.00   179 KBytes    1467 Kbits/sec    25416641.960 ms 951/1082     kept
     31  interval   1.00-2.04   587 KBytes    4620 Kbits/sec    2.000 ms   1635/2064    kept
     32  interval   2.04-3.06   450 KBytes    3613 Kbits/sec    13.657 ms  994/1323     kept
     33  interval   3.06-4.11   603 KBytes    4704 Kbits/sec    4.728 ms   1404/1845    kept
     34  interval   4.11-5.04   431 KBytes    3794 Kbits/sec    8.648 ms   1332/1647    kept
     35  interval   5.04-6.06   457 KBytes    3667 Kbits/sec    12.972 ms  995/1329     kept
     36  interval   6.06-7.17   524 KBytes    3865 Kbits/sec    4.808 ms   1403/1786    kept
     37  interval   7.17-8.04   525 KBytes    4943 Kbits/sec    2.127 ms   1326/1710    kept
     38  interval   8.04-9.06   479 KBytes    3843 Kbits/sec    11.493 ms  979/1329     kept
     39  interval   9.06-10.07  611 KBytes    4957 Kbits/sec    12.119 ms  1159/1606    kept
     40  interval  10.07-11.06  280 KBytes    2319 Kbits/sec    19.756 ms  1400/1605    kept
     41  interval  11.06-12.02  267 KBytes    2275 Kbits/sec    0.792 ms   1412/1607    kept
     42  interval  12.02-13.01  354 KBytes    2930 Kbits/sec    10.259 ms  1838/2097    kept
     43  interval  13.01-14.15  355 KBytes    2554 Kbits/sec    20.701 ms  1215/1475    kept
     44  interval  14.15-19.91  272 KBytes    387 Kbits/sec     321.826 ms 1411/1610    kept
     45  interval  19.91-19.92  0.00 Bytes    0.00 Kbits/sec    321.826 ms 0/0          kept
     46  interval  19.92-19.92  0.00 Bytes    nan Kbits/sec     321.826 ms 0/0          kept
     47  interval  19.92-19.92  0.00 Bytes    nan Kbits/sec     321.826 ms 0/0          kept
     48  interval  19.92-19.92  0.00 Bytes    nan Kbits/sec     321.826 ms 0/0          kept
     49  interval  19.92-20.20  86.1 KBytes   2520 Kbits/sec    408.440 ms 11897/11960  kept
     50  interval  20.20-21.14  258 KBytes    2252 Kbits/sec    0.307 ms   1418/1607    kept
     51  interval  21.14-22.08  258 KBytes    2252 Kbits/sec    1.337 ms   1418/1607    kept
     52  interval  22.08-23.01  258 KBytes    2276 Kbits/sec    0.355 ms   1419/1608    kept
     53  interval  23.01-24.01  343 KBytes    2811 Kbits/sec    0.352 ms   1418/1669    kept
     54  interval  24.01-25.20  260 KBytes    1788 Kbits/sec    0.846 ms   1890/2080    kept
     55  interval  25.20-26.13  258 KBytes    2276 Kbits/sec    0.573 ms   1419/1608    kept
     56  interval  26.13-27.07  258 KBytes    2252 Kbits/sec    0.705 ms   1418/1607    kept
     57  interval  27.07-28.01  258 KBytes    2252 Kbits/sec    0.309 ms   1419/1608    kept
     58  interval  28.01-29.01  343 KBytes    2811 Kbits/sec    0.287 ms   1418/1669    kept
     59  interval  29.01-30.12  258 KBytes    1907 Kbits/sec    0.125 ms   1418/1607    kept
     62  summary    0.00-30.12  0.00 Bytes    0.00 Kbits/sec    0.125 ms   46006/52745  TEST_END: used (lost/total; its transfer and bandwidth are bytes the server SENT)
                  TEST_END: not re-printed by a terminate path
  FIGURE trial=1 proto=udp source=TEST_END lines=62 received=6739 (=52745 total-46006 lost+0 out-of-order) datagram_B=1400 bytes=9434600 end_s=30.12+/-0.005 rate_bps=2505870 range=[2505454,2506286] rounding=exact integers; only the printed end time (+/-0.005 s)
RESULT: every trial has a TEST_END figure
