iperflog 1.0 parse: bench/2026-09-27b/D3-UR2-S1.log -- 66 lines, 1 trial(s)
trial 1  lines 27-66  udp  board receives  stream [  6] 10.1.1.3:5201 <- 10.1.1.2:44621 (line 28)
   line  row      interval      transfer      bandwidth         jitter     lost/total   status
     30  interval   0.00-1.01   179 KBytes    1453 Kbits/sec    25416642.136 ms 948/1079     kept
     31  interval   1.01-2.01   343 KBytes    2811 Kbits/sec    2.662 ms   1414/1665    kept
     32  interval   2.01-3.20   260 KBytes    1788 Kbits/sec    0.461 ms   1891/2081    kept
     33  interval   3.20-4.13   258 KBytes    2276 Kbits/sec    0.681 ms   1420/1609    kept
     34  interval   4.13-5.07   258 KBytes    2252 Kbits/sec    0.431 ms   1416/1605    kept
     35  interval   5.07-6.00   258 KBytes    2276 Kbits/sec    0.905 ms   1421/1610    kept
     36  interval   6.00-7.01   343 KBytes    2783 Kbits/sec    0.105 ms   1416/1667    kept
     37  interval   7.01-8.19   260 KBytes    1803 Kbits/sec    0.451 ms   1890/2080    kept
     38  interval   8.19-9.12   258 KBytes    2276 Kbits/sec    0.601 ms   1420/1609    kept
     39  interval   9.12-10.06  258 KBytes    2252 Kbits/sec    0.807 ms   1417/1606    kept
     40  interval  10.06-11.00  258 KBytes    2252 Kbits/sec    0.266 ms   1418/1607    kept
     41  interval  11.00-12.01  343 KBytes    2783 Kbits/sec    0.810 ms   1418/1669    kept
     42  interval  12.01-13.19  260 KBytes    1803 Kbits/sec    0.284 ms   1891/2081    kept
     43  interval  13.19-14.13  258 KBytes    2252 Kbits/sec    0.241 ms   1419/1608    kept
     44  interval  14.13-15.07  258 KBytes    2252 Kbits/sec    0.514 ms   1417/1606    kept
     45  interval  15.07-16.01  258 KBytes    2252 Kbits/sec    0.232 ms   1418/1607    kept
     46  interval  16.01-17.01  343 KBytes    2811 Kbits/sec    0.358 ms   1418/1669    kept
     47  interval  17.01-18.22  260 KBytes    1759 Kbits/sec    0.307 ms   1892/2082    kept
     48  interval  18.22-19.17  258 KBytes    2228 Kbits/sec    0.437 ms   1418/1607    kept
     49  interval  19.17-20.12  258 KBytes    2228 Kbits/sec    0.577 ms   1418/1607    kept
     50  interval  20.12-21.06  258 KBytes    2252 Kbits/sec    0.334 ms   1418/1607    kept
     51  interval  21.06-22.01  258 KBytes    2228 Kbits/sec    1.165 ms   1418/1607    kept
     52  interval  22.01-23.01  343 KBytes    2811 Kbits/sec    0.377 ms   1418/1669    kept
     53  interval  23.01-24.20  260 KBytes    1788 Kbits/sec    0.804 ms   1896/2086    kept
     54  interval  24.20-25.14  258 KBytes    2252 Kbits/sec    0.466 ms   1413/1602    kept
     55  interval  25.14-26.07  258 KBytes    2276 Kbits/sec    0.311 ms   1418/1607    kept
     56  interval  26.07-27.00  258 KBytes    2276 Kbits/sec    0.779 ms   1419/1608    kept
     57  interval  27.00-28.24  345 KBytes    2276 Kbits/sec    0.340 ms   1891/2143    kept
     58  interval  28.24-29.94  84.8 KBytes   408 Kbits/sec     0.377 ms   0/62         kept
     61  summary    0.00-29.94  0.00 Bytes    0.00 Kbits/sec    0.377 ms   42071/47745  TEST_END: used (lost/total; its transfer and bandwidth are bytes the server SENT)
                  TEST_END: not re-printed by a terminate path
  FIGURE trial=1 proto=udp source=TEST_END lines=61 received=5674 (=47745 total-42071 lost+0 out-of-order) datagram_B=1400 bytes=7943600 end_s=29.94+/-0.005 rate_bps=2122538 range=[2122184,2122893] rounding=exact integers; only the printed end time (+/-0.005 s)
RESULT: every trial has a TEST_END figure
