cat /proc/net/snmp /proc/stat ; busybox killall iperf3 ; sleep 1 ; cat /tmp/us
3.log
Ip: Forwarding DefaultTTL InReceives InHdrErrors InAddrErrors ForwDatagrams InUnknownProtos InDiscards InDelivers OutRequests OutDiscards OutNoRoutes ReasmTimeout ReasmReqds ReasmOKs ReasmFails FragOKs FragFails FragCreates
Ip: 2 64 378252 0 0 0 0 0 378252 332877 0 0 0 0 0 0 0 0 0
Icmp: InMsgs InErrors InDestUnreachs InTimeExcds InParmProbs InSrcQuenchs InRedirects InEchos InEchoReps InTimestamps InTimestampReps InAddrMasks InAddrMaskReps OutMsgs OutErrors OutDestUnreachs OutTimeExcds OutParmProbs OutSrcQuenchs OutRedirects OutEchos OutEchoReps OutTimestamps OutTimestampReps OutAddrMasks OutAddrMaskReps
Icmp: 52 0 0 0 0 0 0 52 0 0 0 0 0 52 0 0 0 0 0 0 0 52 0 0 0 0
IcmpMsg: InType8 OutType0
IcmpMsg: 52 52
Tcp: RtoAlgorithm RtoMin RtoMax MaxConn ActiveOpens PassiveOpens AttemptFails EstabResets CurrEstab InSegs OutSegs RetransSegs InErrs OutRsts
Tcp: 1 200 120000 -1 0 18 0 2 0 219171 175853 0 0 30
Udp: InDatagrams NoPorts InErrors OutDatagrams RcvbufErrors SndbufErrors
Udp: 18774 0 140066 156972 140066 0
UdpLite: InDatagrams NoPorts InErrors OutDatagrams RcvbufErrors SndbufErrors
UdpLite: 0 0 0 0 0 0
cpu  2391 0 11496 30579 0 0 20523 0 0
cpu0 2391 0 11496 30579 0 0 20523 0 0
intr 884497 0 0 0 0 0 0 0 0 239393 0 0 0 514293 65855 0 0 0 0 0 0 0 0 0 0 0 64957 0 0 0 0 0 0 0 0 0 0 0 0 0 0 0 0 0 0 0 0 0 0
ctxt 69801
btime 0
processes 162
procs_running 2
procs_blocked 0
killall: iperf3: no process killed
-----------------------------------------------------------
Server listening on 5201
-----------------------------------------------------------
Accepted connection from 10.1.1.2, port 36866
[  6] local 10.1.1.3 port 5201 connected to 10.1.1.2 port 46888
[ ID] Interval           Transfer     Bandwidth       Total Datagrams
[  6]   0.00-1.00   sec  2.10 MBytes  17595 Kbits/sec  1571  
[  6]   1.00-2.00   sec  2.36 MBytes  19824 Kbits/sec  1770  
[  6]   2.00-3.00   sec  2.36 MBytes  19824 Kbits/sec  1770  
[  6]   3.00-4.00   sec  2.37 MBytes  19846 Kbits/sec  1772  
[  6]   4.00-5.00   sec  2.36 MBytes  19835 Kbits/sec  1771  
[  6]   5.00-6.00   sec  2.36 MBytes  19824 Kbits/sec  1770  
[  6]   6.00-7.00   sec  2.37 MBytes  19846 Kbits/sec  1772  
[  6]   7.00-8.00   sec  2.36 MBytes  19835 Kbits/sec  1771  
[  6]   8.00-9.00   sec  2.37 MBytes  19846 Kbits/sec  1772  
[  6]   9.00-10.00  sec  2.36 MBytes  19835 Kbits/sec  1771  
[  6]  10.00-11.00  sec  2.36 MBytes  19835 Kbits/sec  1771  
[  6]  11.00-12.00  sec  2.37 MBytes  19846 Kbits/sec  1772  
[  6]  12.00-13.00  sec  2.36 MBytes  19835 Kbits/sec  1771  
[  6]  13.00-14.00  sec  2.36 MBytes  19824 Kbits/sec  1770  
[  6]  14.00-15.00  sec  2.36 MBytes  19824 Kbits/sec  1770  
[  6]  15.00-16.00  sec  2.36 MBytes  19835 Kbits/sec  1771  
[  6]  16.00-17.00  sec  2.36 MBytes  19835 Kbits/sec  1771  
[  6]  17.00-18.00  sec  2.36 MBytes  19835 Kbits/sec  1771  
[  6]  18.00-19.00  sec  2.36 MBytes  19824 Kbits/sec  1770  
[  6]  19.00-20.00  sec  2.33 MBytes  19522 Kbits/sec  1743  
[  6]  20.00-21.00  sec  2.31 MBytes  19387 Kbits/sec  1731  
[  6]  21.00-22.00  sec  2.31 MBytes  19387 Kbits/sec  1731  
[  6]  22.00-23.00  sec  2.31 MBytes  19387 Kbits/sec  1731  
[  6]  23.00-24.00  sec  2.31 MBytes  19387 Kbits/sec  1731  
[  6]  24.00-25.00  sec  2.35 MBytes  19701 Kbits/sec  1759  
[  6]  25.00-26.00  sec  2.37 MBytes  19846 Kbits/sec  1772  
[  6]  26.00-27.00  sec  2.37 MBytes  19846 Kbits/sec  1772  
[  6]  27.00-28.00  sec  2.37 MBytes  19846 Kbits/sec  1772  
[  6]  28.00-29.00  sec  2.36 MBytes  19835 Kbits/sec  1771  
[  6]  29.00-29.89  sec  2.11 MBytes  19921 Kbits/sec  1583  
- - - - - - - - - - - - - - - - - - - - - - - - -
[ ID] Interval           Transfer     Bandwidth       Jitter    Lost/Total Datagrams
[  6]   0.00-29.89  sec  70.2 MBytes  19688 Kbits/sec  0.000 ms  0/52543 (0%)  
# 