Connecting to host 10.1.1.3, port 5201
[  4] local 10.1.1.2 port 41781 connected to 10.1.1.3 port 5201
[ ID] Interval           Transfer     Bandwidth       Total Datagrams
[  4]   0.00-1.00   sec  2.15 MBytes  18.0 Mbits/sec  1612  
[  4]   1.00-2.00   sec  2.52 MBytes  21.2 Mbits/sec  1891  
[  4]   2.00-3.00   sec  2.48 MBytes  20.8 Mbits/sec  1854  
[  4]   3.00-4.00   sec  2.15 MBytes  18.0 Mbits/sec  1610  
[  4]   4.00-5.00   sec  2.54 MBytes  21.3 Mbits/sec  1903  
[  4]   5.00-6.00   sec  2.46 MBytes  20.7 Mbits/sec  1844  
[  4]   6.00-7.00   sec  2.15 MBytes  18.0 Mbits/sec  1611  
[  4]   7.00-8.00   sec  2.52 MBytes  21.2 Mbits/sec  1891  
[  4]   8.00-9.37   sec   220 KBytes  1.32 Mbits/sec  161  
[  4]   9.37-10.00  sec  2.08 MBytes  27.7 Mbits/sec  1559  
[  4]  10.00-11.00  sec  3.30 MBytes  27.6 Mbits/sec  2468  
[  4]  11.00-12.00  sec  3.30 MBytes  27.7 Mbits/sec  2473  
[  4]  12.00-13.00  sec  3.04 MBytes  25.5 Mbits/sec  2274  
[  4]  13.00-14.00  sec  2.47 MBytes  20.7 Mbits/sec  1849  
[  4]  14.00-15.00  sec  2.15 MBytes  18.0 Mbits/sec  1611  
[  4]  15.00-16.00  sec  2.52 MBytes  21.2 Mbits/sec  1891  
[  4]  16.00-17.00  sec  2.48 MBytes  20.8 Mbits/sec  1856  
[  4]  17.00-18.00  sec  2.15 MBytes  18.0 Mbits/sec  1609  
[  4]  18.00-19.00  sec  2.52 MBytes  21.2 Mbits/sec  1891  
[  4]  19.00-20.00  sec  2.47 MBytes  20.7 Mbits/sec  1852  
[  4]  20.00-21.00  sec  2.16 MBytes  18.1 Mbits/sec  1615  
[  4]  21.00-22.00  sec  2.45 MBytes  20.5 Mbits/sec  1834  
[  4]  22.00-23.00  sec  2.42 MBytes  20.3 Mbits/sec  1814  
[  4]  23.00-24.00  sec  2.43 MBytes  20.4 Mbits/sec  1821  
[  4]  24.00-25.00  sec  2.28 MBytes  19.1 Mbits/sec  1708  
[  4]  25.00-26.00  sec  2.34 MBytes  19.6 Mbits/sec  1753  
[  4]  26.00-27.00  sec  2.52 MBytes  21.2 Mbits/sec  1891  
[  4]  27.00-28.00  sec  2.43 MBytes  20.4 Mbits/sec  1818  
[  4]  28.00-29.00  sec  2.20 MBytes  18.4 Mbits/sec  1646  
[  4]  29.00-30.00  sec  2.53 MBytes  21.2 Mbits/sec  1893  
- - - - - - - - - - - - - - - - - - - - - - - - -
[ ID] Interval           Transfer     Bandwidth       Jitter    Lost/Total Datagrams
[  4]   0.00-30.00  sec  71.4 MBytes  20.0 Mbits/sec  0.153 ms  46389/52744 (88%)  
[  4] Sent 52744 datagrams

iperf Done.
