Connecting to host 10.1.1.3, port 5201
Reverse mode, remote host 10.1.1.3 is sending
[  4] local 10.1.1.2 port 46888 connected to 10.1.1.3 port 5201
[ ID] Interval           Transfer     Bandwidth       Jitter    Lost/Total Datagrams
[  4]   0.00-1.00   sec  2.31 MBytes  19.4 Mbits/sec  1.166 ms  0/1731 (0%)  
[  4]   1.00-2.00   sec  2.46 MBytes  20.7 Mbits/sec  1.023 ms  0/1846 (0%)  
[  4]   2.00-3.00   sec  2.46 MBytes  20.7 Mbits/sec  0.857 ms  0/1846 (0%)  
[  4]   3.00-4.00   sec  2.50 MBytes  20.9 Mbits/sec  1.121 ms  0/1870 (0%)  
[  4]   4.00-5.00   sec  2.50 MBytes  20.9 Mbits/sec  0.848 ms  0/1869 (0%)  
[  4]   5.00-6.00   sec  2.49 MBytes  20.9 Mbits/sec  1.145 ms  0/1867 (0%)  
[  4]   6.00-7.00   sec  2.50 MBytes  20.9 Mbits/sec  0.856 ms  0/1869 (0%)  
[  4]   7.00-8.00   sec  2.50 MBytes  20.9 Mbits/sec  1.167 ms  0/1869 (0%)  
[  4]   8.00-9.00   sec  2.50 MBytes  20.9 Mbits/sec  0.856 ms  0/1869 (0%)  
[  4]   9.00-10.00  sec  2.50 MBytes  20.9 Mbits/sec  1.122 ms  0/1869 (0%)  
[  4]  10.00-11.00  sec  2.49 MBytes  20.9 Mbits/sec  0.877 ms  0/1868 (0%)  
[  4]  11.00-12.00  sec  2.48 MBytes  20.8 Mbits/sec  0.995 ms  0/1856 (0%)  
[  4]  12.00-13.00  sec  2.48 MBytes  20.8 Mbits/sec  1.132 ms  0/1854 (0%)  
[  4]  13.00-14.00  sec  2.48 MBytes  20.8 Mbits/sec  0.786 ms  0/1855 (0%)  
[  4]  14.00-15.00  sec  2.48 MBytes  20.8 Mbits/sec  0.865 ms  0/1856 (0%)  
[  4]  15.00-16.00  sec  2.48 MBytes  20.8 Mbits/sec  0.949 ms  0/1855 (0%)  
[  4]  16.00-17.00  sec  2.48 MBytes  20.8 Mbits/sec  1.123 ms  0/1854 (0%)  
[  4]  17.00-18.00  sec  2.48 MBytes  20.8 Mbits/sec  0.788 ms  0/1855 (0%)  
[  4]  18.00-19.00  sec  2.44 MBytes  20.5 Mbits/sec  0.882 ms  0/1828 (0%)  
[  4]  19.00-20.00  sec  2.41 MBytes  20.2 Mbits/sec  1.339 ms  0/1803 (0%)  
[  4]  20.00-21.00  sec  2.41 MBytes  20.2 Mbits/sec  1.096 ms  0/1806 (0%)  
[  4]  21.00-22.00  sec  2.41 MBytes  20.2 Mbits/sec  0.922 ms  0/1806 (0%)  
[  4]  22.00-23.00  sec  2.41 MBytes  20.2 Mbits/sec  0.838 ms  0/1804 (0%)  
[  4]  23.00-24.00  sec  2.46 MBytes  20.6 Mbits/sec  1.215 ms  0/1842 (0%)  
[  4]  24.00-25.00  sec  2.47 MBytes  20.7 Mbits/sec  0.962 ms  0/1848 (0%)  
[  4]  25.00-26.96  sec  1.11 MBytes  4.75 Mbits/sec  95.471 ms  0/832 (0%)  
[  4]  26.96-27.00  sec  97.1 KBytes  20.5 Mbits/sec  1.985 ms  0/71 (0%)  
[  4]  27.00-28.00  sec  2.47 MBytes  20.7 Mbits/sec  0.881 ms  0/1848 (0%)  
[  4]  28.00-29.00  sec  2.47 MBytes  20.7 Mbits/sec  0.734 ms  0/1847 (0%)  
[  4]  29.00-30.00  sec  2.47 MBytes  20.7 Mbits/sec  1.127 ms  0/1847 (0%)  
- - - - - - - - - - - - - - - - - - - - - - - - -
[ ID] Interval           Transfer     Bandwidth       Jitter    Lost/Total Datagrams
[  4]   0.00-30.00  sec  70.2 MBytes  19.6 Mbits/sec  1.054 ms  0/52543 (0%)  
[  4] Sent 52543 datagrams

iperf Done.
