Connecting to host 10.1.1.3, port 5201
Reverse mode, remote host 10.1.1.3 is sending
[  4] local 10.1.1.2 port 43416 connected to 10.1.1.3 port 5201
[ ID] Interval           Transfer     Bandwidth       Jitter    Lost/Total Datagrams
[  4]   0.00-1.00   sec  2.29 MBytes  19.2 Mbits/sec  0.863 ms  0/1714 (0%)  
[  4]   1.00-2.00   sec  2.45 MBytes  20.5 Mbits/sec  0.936 ms  0/1832 (0%)  
[  4]   2.00-3.00   sec  2.46 MBytes  20.6 Mbits/sec  0.812 ms  0/1841 (0%)  
[  4]   3.00-4.00   sec  2.46 MBytes  20.7 Mbits/sec  1.060 ms  0/1844 (0%)  
[  4]   4.00-5.00   sec  2.46 MBytes  20.7 Mbits/sec  0.800 ms  0/1845 (0%)  
[  4]   5.00-6.00   sec  2.46 MBytes  20.6 Mbits/sec  1.098 ms  0/1843 (0%)  
[  4]   6.00-7.00   sec  2.46 MBytes  20.7 Mbits/sec  0.820 ms  0/1846 (0%)  
[  4]   7.00-8.00   sec  2.46 MBytes  20.7 Mbits/sec  1.104 ms  0/1844 (0%)  
[  4]   8.00-9.00   sec  2.46 MBytes  20.7 Mbits/sec  0.824 ms  0/1845 (0%)  
[  4]   9.00-10.00  sec  2.46 MBytes  20.7 Mbits/sec  1.100 ms  0/1845 (0%)  
[  4]  10.00-11.00  sec  2.47 MBytes  20.8 Mbits/sec  1.096 ms  0/1853 (0%)  
[  4]  11.00-12.00  sec  2.48 MBytes  20.8 Mbits/sec  1.025 ms  0/1857 (0%)  
[  4]  12.00-13.00  sec  2.48 MBytes  20.8 Mbits/sec  0.942 ms  0/1857 (0%)  
[  4]  13.00-14.00  sec  2.48 MBytes  20.8 Mbits/sec  0.881 ms  0/1857 (0%)  
[  4]  14.00-15.00  sec  2.48 MBytes  20.8 Mbits/sec  0.780 ms  0/1858 (0%)  
[  4]  15.00-16.00  sec  2.48 MBytes  20.8 Mbits/sec  1.270 ms  0/1857 (0%)  
[  4]  16.00-17.00  sec  2.48 MBytes  20.8 Mbits/sec  1.076 ms  0/1858 (0%)  
[  4]  17.00-18.00  sec  2.48 MBytes  20.8 Mbits/sec  0.990 ms  0/1857 (0%)  
[  4]  18.00-19.00  sec  2.43 MBytes  20.4 Mbits/sec  1.305 ms  0/1823 (0%)  
[  4]  19.00-20.00  sec  2.40 MBytes  20.2 Mbits/sec  1.158 ms  0/1801 (0%)  
[  4]  20.00-21.00  sec  2.40 MBytes  20.2 Mbits/sec  0.987 ms  0/1801 (0%)  
[  4]  21.00-22.00  sec  2.40 MBytes  20.2 Mbits/sec  0.905 ms  0/1801 (0%)  
[  4]  22.00-23.00  sec  2.40 MBytes  20.2 Mbits/sec  0.842 ms  0/1801 (0%)  
[  4]  23.00-24.00  sec  2.45 MBytes  20.5 Mbits/sec  1.164 ms  0/1833 (0%)  
[  4]  24.00-25.64  sec   591 KBytes  2.95 Mbits/sec  88.888 ms  0/432 (0%)  
[  4]  25.64-26.00  sec   902 KBytes  20.6 Mbits/sec  0.796 ms  0/660 (0%)  
[  4]  26.00-27.00  sec  2.46 MBytes  20.6 Mbits/sec  1.152 ms  0/1841 (0%)  
[  4]  27.00-28.00  sec  2.46 MBytes  20.6 Mbits/sec  1.000 ms  0/1843 (0%)  
[  4]  28.00-29.00  sec  2.46 MBytes  20.6 Mbits/sec  0.964 ms  0/1839 (0%)  
[  4]  29.00-30.00  sec  2.46 MBytes  20.6 Mbits/sec  0.878 ms  0/1840 (0%)  
- - - - - - - - - - - - - - - - - - - - - - - - -
[ ID] Interval           Transfer     Bandwidth       Jitter    Lost/Total Datagrams
[  4]   0.00-30.00  sec  70.1 MBytes  19.6 Mbits/sec  0.839 ms  0/52471 (0%)  
[  4] Sent 52471 datagrams

iperf Done.
