/sys/class/net/enxfc19286184c9/statistics/collisions:0
/sys/class/net/enxfc19286184c9/statistics/multicast:0
/sys/class/net/enxfc19286184c9/statistics/rx_bytes:3303153449
/sys/class/net/enxfc19286184c9/statistics/rx_compressed:0
/sys/class/net/enxfc19286184c9/statistics/rx_crc_errors:0
/sys/class/net/enxfc19286184c9/statistics/rx_dropped:0
/sys/class/net/enxfc19286184c9/statistics/rx_errors:0
/sys/class/net/enxfc19286184c9/statistics/rx_fifo_errors:0
/sys/class/net/enxfc19286184c9/statistics/rx_frame_errors:0
/sys/class/net/enxfc19286184c9/statistics/rx_length_errors:0
/sys/class/net/enxfc19286184c9/statistics/rx_missed_errors:0
/sys/class/net/enxfc19286184c9/statistics/rx_nohandler:0
/sys/class/net/enxfc19286184c9/statistics/rx_over_errors:0
/sys/class/net/enxfc19286184c9/statistics/rx_packets:2364838
/sys/class/net/enxfc19286184c9/statistics/tx_aborted_errors:0
/sys/class/net/enxfc19286184c9/statistics/tx_bytes:3336261909
/sys/class/net/enxfc19286184c9/statistics/tx_carrier_errors:0
/sys/class/net/enxfc19286184c9/statistics/tx_compressed:0
/sys/class/net/enxfc19286184c9/statistics/tx_dropped:0
/sys/class/net/enxfc19286184c9/statistics/tx_errors:0
/sys/class/net/enxfc19286184c9/statistics/tx_fifo_errors:0
/sys/class/net/enxfc19286184c9/statistics/tx_heartbeat_errors:0
/sys/class/net/enxfc19286184c9/statistics/tx_packets:2364881
/sys/class/net/enxfc19286184c9/statistics/tx_window_errors:0
Ip: Forwarding DefaultTTL InReceives InHdrErrors InAddrErrors ForwDatagrams InUnknownProtos InDiscards InDelivers OutRequests OutDiscards OutNoRoutes ReasmTimeout ReasmReqds ReasmOKs ReasmFails FragOKs FragFails FragCreates OutTransmits
Ip: 2 64 11244752 0 0 0 0 0 11244389 12323065 2246517 0 0 0 0 0 0 0 0 12323065
Icmp: InMsgs InErrors InCsumErrors InDestUnreachs InTimeExcds InParmProbs InSrcQuenchs InRedirects InEchos InEchoReps InTimestamps InTimestampReps InAddrMasks InAddrMaskReps OutMsgs OutErrors OutRateLimitGlobal OutRateLimitHost OutDestUnreachs OutTimeExcds OutParmProbs OutSrcQuenchs OutRedirects OutEchos OutEchoReps OutTimestamps OutTimestampReps OutAddrMasks OutAddrMaskReps
Icmp: 2364769 0 0 12 0 0 0 0 0 2364757 0 0 0 0 2364788 0 0 0 12 0 0 0 0 2364776 0 0 0 0 0
IcmpMsg: InType0 InType3 OutType3 OutType8
IcmpMsg: 2364757 12 12 2364776
Tcp: RtoAlgorithm RtoMin RtoMax MaxConn ActiveOpens PassiveOpens AttemptFails EstabResets CurrEstab InSegs OutSegs RetransSegs InErrs OutRsts InCsumErrors
Tcp: 1 200 120000 -1 27 0 0 3 2 8720189 12467345 63 0 3 0
Udp: InDatagrams NoPorts InErrors OutDatagrams RcvbufErrors SndbufErrors InCsumErrors IgnoredMulti MemErrors
Udp: 159365 0 0 213704 0 0 0 66 0
UdpLite: InDatagrams NoPorts InErrors OutDatagrams RcvbufErrors SndbufErrors InCsumErrors IgnoredMulti MemErrors
UdpLite: 0 0 0 0 0 0 0 0 0
4: enxfc19286184c9: <BROADCAST,MULTICAST,UP,LOWER_UP> mtu 1500 qdisc fq_codel state UP mode DEFAULT group default qlen 1000
    RX:  bytes packets errors dropped  missed   mcast           
    3303153449 2364838      0       0       0       0 
    RX errors:  length    crc   frame    fifo overrun
                     0      0       0       0       0 
    TX:  bytes packets errors dropped carrier collsns           
    3336261909 2364881      0       0       0       0 
    TX errors: aborted   fifo  window heartbt transns
                     0      0       0       0       6 
REACHABLE
dmesgwin 1.2 prev F-00-H.log window_end 11280451
window 11280451 19920461
window_end 19920461
lines 137214 first_t 3792.333 last_t 5668.666
bug_preempt 3721
usbnet_xmit 3721
vhci_unlink 6
urb_104 6
usb_disc 0
cp210x 0
ttyusb 0
link_down 0
link_up 0
tx_timeout 0
vsock_err 0
call_trace 3721
follower 1
