sleep 2 ; cat /proc/rtl819x-nic /proc/net/snmp /proc/net/arp /proc/rtl865x/asi
cCounter /proc/rtl819x-nic
version rtl819x-<Port: 0>
nRx counters
i   Rcv 0 bytes, Drop 0 pkts,etherStatsDropEvents 0
c   CRCAlignErr 0, SymbolErr 0, FragErr 0, JabberErr 0
    Unicast 0 pkts, Multicast 0 pkts, Broadcast 0 pkts
1   < 64: 0 pkts, 64: 0 pkts, 65 -127: 0 pkts, 128 -255: 0 pkts
.   256 - 511: 0 pkts, 512 - 1023: 0 pkts, 1024 - 1518: 0 pkts
5   oversize: 0 pkts, Control unknown 0 pkts, Pause 0 pkts
Output counters

   Snd 0 bytes, Unicast 0 pkts, Multicast 0 pkts
u   Broadcast 0 pkts, Late collision 0, Deferred transmission 0 
n   Collisions 0 Single collision 0 Multiple collision 0 pause 0
l<Port: 1>
oRx counters
c   Rcv 0 bytes, Drop 0 pkts,etherStatsDropEvents 0
k   CRCAlignErr 0, SymbolErr 0, FragErr 0, JabberErr 0
e   Unicast 0 pkts, Multicast 0 pkts, Broadcast 0 pkts
d   < 64: 0 pkts, 64: 0 pkts, 65 -127: 0 pkts, 128 -255: 0 pkts
    256 - 511: 0 pkts, 512 - 1023: 0 pkts, 1024 - 1518: 0 pkts
1   oversize: 0 pkts, Control unknown 0 pkts, Pause 0 pkts
Output counters

   Snd 0 bytes, Unicast 0 pkts, Multicast 0 pkts
a   Broadcast 0 pkts, Late collision 0, Deferred transmission 0 
l   Collisions 0 Single collision 0 Multiple collision 0 pause 0
l<Port: 2>
oRx counters
c   Rcv 0 bytes, Drop 0 pkts,etherStatsDropEvents 0
a   CRCAlignErr 0, SymbolErr 0, FragErr 0, JabberErr 0
t   Unicast 0 pkts, Multicast 0 pkts, Broadcast 0 pkts
e   < 64: 0 pkts, 64: 0 pkts, 65 -127: 0 pkts, 128 -255: 0 pkts
d   256 - 511: 0 pkts, 512 - 1023: 0 pkts, 1024 - 1518: 0 pkts
    oversize: 0 pkts, Control unknown 0 pkts, Pause 0 pkts
1Output counters
   Snd 0 bytes, Unicast 0 pkts, Multicast 0 pkts

   Broadcast 0 pkts, Late collision 0, Deferred transmission 0 
a   Collisions 0 Single collision 0 Multiple collision 0 pause 0
r<Port: 3>
mRx counters
e   Rcv 511415175 bytes, Drop 0 pkts,etherStatsDropEvents 0
d   CRCAlignErr 0, SymbolErr 0, FragErr 0, JabberErr 0
    Unicast 430592 pkts, Multicast 279 pkts, Broadcast 73 pkts
1   < 64: 0 pkts, 64: 131 pkts, 65 -127: 86395 pkts, 128 -255: 189 pkts
   256 - 511: 1384 pkts, 512 - 1023: 8 pkts, 1024 - 1518: 342837 pkts

   oversize: 0 pkts, Control unknown 0 pkts, Pause 0 pkts
eOutput counters
n   Snd 487474344 bytes, Unicast 332940 pkts, Multicast 0 pkts
g   Broadcast 0 pkts, Late collision 0, Deferred transmission 0 
i   Collisions 0 Single collision 0 Multiple collision 0 pause 152616
n<Port: 4>
eRx counters
_   Rcv 0 bytes, Drop 0 pkts,etherStatsDropEvents 0
o   CRCAlignErr 0, SymbolErr 0, FragErr 0, JabberErr 0
n   Unicast 0 pkts, Multicast 0 pkts, Broadcast 0 pkts
    < 64: 0 pkts, 64: 0 pkts, 65 -127: 0 pkts, 128 -255: 0 pkts
1   256 - 511: 0 pkts, 512 - 1023: 0 pkts, 1024 - 1518: 0 pkts
   oversize: 0 pkts, Control unknown 0 pkts, Pause 0 pkts

Output counters
i   Snd 0 bytes, Unicast 0 pkts, Multicast 0 pkts
r   Broadcast 0 pkts, Late collision 0, Deferred transmission 0 
q   Collisions 0 Single collision 0 Multiple collision 0 pause 0
_<Port: 5>
tRx counters
a   Rcv 0 bytes, Drop 0 pkts,etherStatsDropEvents 0
k   CRCAlignErr 0, SymbolErr 0, FragErr 0, JabberErr 0
e   Unicast 0 pkts, Multicast 0 pkts, Broadcast 0 pkts
n   < 64: 0 pkts, 64: 0 pkts, 65 -127: 0 pkts, 128 -255: 0 pkts
    256 - 511: 0 pkts, 512 - 1023: 0 pkts, 1024 - 1518: 0 pkts
1   oversize: 0 pkts, Control unknown 0 pkts, Pause 0 pkts
Output counters

   Snd 0 bytes, Unicast 0 pkts, Multicast 0 pkts
i   Broadcast 0 pkts, Late collision 0, Deferred transmission 0 
r   Collisions 0 Single collision 0 Multiple collision 0 pause 0
q<CPU port (extension port included)>
_Rx counters
r   Rcv 0 bytes, Drop 1 pkts,etherStatsDropEvents 1
c   CRCAlignErr 332951, SymbolErr 0, FragErr 0, JabberErr 10
    Unicast 0 pkts, Multicast 0 pkts, Broadcast 0 pkts
0   < 64: 0 pkts, 64: 137 pkts, 65 -127: 3542 pkts, 128 -255: 0 pkts
   256 - 511: 12 pkts, 512 - 1023: 1846 pkts, 1024 - 1518: 327404 pkts

   oversize: 0 pkts, Control unknown 0 pkts, Pause 0 pkts
nOutput counters
_   Snd 511415175 bytes, Unicast 430592 pkts, Multicast 279 pkts
r   Broadcast 73 pkts, Late collision 0, Deferred transmission 0 
e   Collisions 0 Single collision 0 Multiple collision 0 pause 0
a<Whole system counters>
d   CpuEvent 0 pkts
s 344384
n_writes 94
n_refused 0
n_irq 525737
n_irq_spurious 0
n_tx 332969
n_rx 430944
n_rx_empty 0
n_poll 0
n_poll_masked 0
last_iisr 00000008
seen_iisr 8003320E
nd_alloc 1
nd_registered 1
nd_up 1
nd_name rlx0
n_napi_poll 171834
n_napi_complete 171828
n_xmit 332969
n_xmit_busy 0
tx_mode 0
n_tx_full 0
n_tx_retry 0
tx_retry_max_seen 0
n_tx_recovered 0
n_tx_drop_full 0
n_xmit_ctx 0/332969/0
n_skb_fail 0
n_tx_stop 0
n_tx_wake 0
n_tx_wake_race 0
n_tx_timeout 0
tx_stopped 0
nd_stats rx 430944/509691399 tx 332969/486146391 drop 0/0
boot_icr 00000000
boot_iimr 00000000
boot_iisr 00000000
boot_rpdcr0 00000000
boot_rmdcr0 00000000
boot_tpdcr0 00000000
now_icr C4000000
now_iimr 007E0FFE
now_iisr 00000000
rpdcr0_pos A15D0004
rmdcr0_pos A15D0024
tpdcr0_pos A15D0040
tpdcr1_pos 00000000
tpdcr2_pos 00000000
tpdcr3_pos 00000000
n_arm_flush 0
iimr_base 007E0FFE
iimr_ladder 007E0FFE
recov_mode 1
recov_ms 1000
recov_jiffies 100
n_recov_arm 0
n_recov_fire 0
n_recov_spurious 0
n_recov_ok 0
n_recov_fail 0
n_recov_wake 0
recov_rc 0 0 0
recov_j_arm 0
recov_j_fire 0
ph_follow 1
n_ph_chk 430944
n_ph_diff 428377
n_ph_bad 0
n_ph_used 428377
ph_first_w0 A15D0110
ph_first_exp A15D01B8
ph_first_nrx 79
ph_agree 2567
ph_last A15D0110
ph_last_j 0
ph_last_bf A15D0A92
ph_last_cls 0
tx_rings 1
n_et_link 1
et_link_last 00000001
ph_test_cls -1
ph_test_j 0
ph_test_seen 0
j_now 177899
n_dsync_chk 171834
n_dsync 171350
dsync_last_d 4
dsync_first_d 6
dsync_first_rp A15D0018
dsync_first_rm A15D0020
dsync_first_nrx 39
dsync_test_d 0
dsync_test_seen 0
rx_ring A15D0000
mb_ring A15D0020
tx_ring A15D0040
bufs A15D0290
rx_ph A15D0050
rx_mb A15D0110
tx_ph A15D01D0
tx_mb A15D0230
idle_ring A15D6290
rx_idx 1
tx_idx 0
rxd0 A15D0051 len 0 f 8063 pl 03
rxd1 A15D0069 len 0 f 8063 pl 03
rxd2 A15D0081 len 0 f 8063 pl 03
rxd3 A15D0099 len 0 f 8063 pl 03
rxd4 A15D00B1 len 0 f 8063 pl 03
rxd5 A15D00C9 len 0 f 8063 pl 03
rxd6 A15D00E1 len 0 f 8063 pl 03
rxd7 A15D00FB len 0 f 8063 pl 03
txd0 A15D01D0 len 0
txd1 A15D01E8 len 0
txd2 A15D0200 len 0
txd3 A15D021A len 0
mbd0 A15D0111 ph A15D0110 ml 0
mbd1 A15D0129 ph A15D0128 ml 0
mbd2 A15D0141 ph A15D0140 ml 0
mbd3 A15D0159 ph A15D0158 ml 0
mbd4 A15D0171 ph A15D0170 ml 0
mbd5 A15D0189 ph A15D0188 ml 0
mbd6 A15D01A1 ph A15D01A0 ml 0
mbd7 A15D01BB ph A15D01B8 ml 0
tx15 txlen rlxfw txoff 2 txrb 0 dirty 0 p15 1
rx_len 0
rx_ph1 004A0C19
rx_ph3 80630003
rx_ph4 00090000
Ip: Forwarding DefaultTTL InReceives InHdrErrors InAddrErrors ForwDatagrams InUnknownProtos InDiscards InDelivers OutRequests OutDiscards OutNoRoutes ReasmTimeout ReasmReqds ReasmOKs ReasmFails FragOKs FragFails FragCreates
Ip: 2 64 430739 0 25 0 0 0 430589 332922 0 0 0 0 0 0 0 0 0
Icmp: InMsgs InErrors InDestUnreachs InTimeExcds InParmProbs InSrcQuenchs InRedirects InEchos InEchoReps InTimestamps InTimestampReps InAddrMasks InAddrMaskReps OutMsgs OutErrors OutDestUnreachs OutTimeExcds OutParmProbs OutSrcQuenchs OutRedirects OutEchos OutEchoReps OutTimestamps OutTimestampReps OutAddrMasks OutAddrMaskReps
Icmp: 68 0 0 0 0 0 0 68 0 0 0 0 0 68 0 0 0 0 0 0 0 68 0 0 0 0
IcmpMsg: InType8 OutType0
IcmpMsg: 68 68
Tcp: RtoAlgorithm RtoMin RtoMax MaxConn ActiveOpens PassiveOpens AttemptFails EstabResets CurrEstab InSegs OutSegs RetransSegs InErrs OutRsts
Tcp: 1 200 120000 -1 0 19 0 2 0 219193 175873 8 0 30
Udp: InDatagrams NoPorts InErrors OutDatagrams RcvbufErrors SndbufErrors
Udp: 24511 0 186549 156973 186549 0
UdpLite: InDatagrams NoPorts InErrors OutDatagrams RcvbufErrors SndbufErrors
UdpLite: 0 0 0 0 0 0
IP address       HW type     Flags       HW address            Mask     Device
version rtl819x-nic 1.5
unlocked 1
allocated 1
armed 1
engine_on 1
irq_taken 1
irq_rc 0
n_reads 344402
n_writes 94
n_refused 0
n_irq 525737
n_irq_spurious 0
n_tx 332969
n_rx 430944
n_rx_empty 0
n_poll 0
n_poll_masked 0
last_iisr 00000008
seen_iisr 8003320E
nd_alloc 1
nd_registered 1
nd_up 1
nd_name rlx0
n_napi_poll 171834
n_napi_complete 171828
n_xmit 332969
n_xmit_busy 0
tx_mode 0
n_tx_full 0
n_tx_retry 0
tx_retry_max_seen 0
n_tx_recovered 0
n_tx_drop_full 0
n_xmit_ctx 0/332969/0
n_skb_fail 0
n_tx_stop 0
n_tx_wake 0
n_tx_wake_race 0
n_tx_timeout 0
tx_stopped 0
nd_stats rx 430944/509691399 tx 332969/486146391 drop 0/0
boot_icr 00000000
boot_iimr 00000000
boot_iisr 00000000
boot_rpdcr0 00000000
boot_rmdcr0 00000000
boot_tpdcr0 00000000
now_icr C4000000
now_iimr 007E0FFE
now_iisr 00000000
rpdcr0_pos A15D0004
rmdcr0_pos A15D0024
tpdcr0_pos A15D0040
tpdcr1_pos 00000000
tpdcr2_pos 00000000
tpdcr3_pos 00000000
n_arm_flush 0
iimr_base 007E0FFE
iimr_ladder 007E0FFE
recov_mode 1
recov_ms 1000
recov_jiffies 100
n_recov_arm 0
n_recov_fire 0
n_recov_spurious 0
n_recov_ok 0
n_recov_fail 0
n_recov_wake 0
recov_rc 0 0 0
recov_j_arm 0
recov_j_fire 0
ph_follow 1
n_ph_chk 430944
n_ph_diff 428377
n_ph_bad 0
n_ph_used 428377
ph_first_w0 A15D0110
ph_first_exp A15D01B8
ph_first_nrx 79
ph_agree 2567
ph_last A15D0110
ph_last_j 0
ph_last_bf A15D0A92
ph_last_cls 0
tx_rings 1
n_et_link 1
et_link_last 00000001
ph_test_cls -1
ph_test_j 0
ph_test_seen 0
j_now 177903
n_dsync_chk 171834
n_dsync 171350
dsync_last_d 4
dsync_first_d 6
dsync_first_rp A15D0018
dsync_first_rm A15D0020
dsync_first_nrx 39
dsync_test_d 0
dsync_test_seen 0
rx_ring A15D0000
mb_ring A15D0020
tx_ring A15D0040
bufs A15D0290
rx_ph A15D0050
rx_mb A15D0110
tx_ph A15D01D0
tx_mb A15D0230
idle_ring A15D6290
rx_idx 1
tx_idx 0
rxd0 A15D0051 len 0 f 8063 pl 03
rxd1 A15D0069 len 0 f 8063 pl 03
rxd2 A15D0081 len 0 f 8063 pl 03
rxd3 A15D0099 len 0 f 8063 pl 03
rxd4 A15D00B1 len 0 f 8063 pl 03
rxd5 A15D00C9 len 0 f 8063 pl 03
rxd6 A15D00E1 len 0 f 8063 pl 03
rxd7 A15D00FB len 0 f 8063 pl 03
txd0 A15D01D0 len 0
txd1 A15D01E8 len 0
txd2 A15D0200 len 0
txd3 A15D021A len 0
mbd0 A15D0111 ph A15D0110 ml 0
mbd1 A15D0129 ph A15D0128 ml 0
mbd2 A15D0141 ph A15D0140 ml 0
mbd3 A15D0159 ph A15D0158 ml 0
mbd4 A15D0171 ph A15D0170 ml 0
mbd5 A15D0189 ph A15D0188 ml 0
mbd6 A15D01A1 ph A15D01A0 ml 0
mbd7 A15D01BB ph A15D01B8 ml 0
tx15 txlen rlxfw txoff 2 txrb 0 dirty 0 p15 1
rx_len 0
rx_ph1 004A0C19
rx_ph3 80630003
rx_ph4 00090000
# 