rttseries 1.1 arm M2F plan 011001100110 (0 off, 1 on)
series S01 state off c0 0 c1 0 live yes sizes 5 loss 0 counts yes | 56 1.369/0.308 256 1.617/0.344 512 1.601/0.442 1024 1.973/0.471 1472 2.168/0.575
series S02 state on c0 1 c1 1 live yes sizes 5 loss 0 counts yes | 56 1.669/0.565 256 1.476/0.339 512 1.767/0.433 1024 2.049/0.528 1472 2.410/0.745
series S03 state on c0 1 c1 1 live yes sizes 5 loss 0 counts yes | 56 1.596/0.550 256 1.448/0.382 512 1.681/0.327 1024 1.883/0.408 1472 2.176/0.534
series S04 state off c0 0 c1 0 live yes sizes 5 loss 0 counts yes | 56 1.433/0.353 256 1.450/0.385 512 1.684/0.334 1024 1.923/0.517 1472 2.160/0.601
series S05 state off c0 0 c1 0 live yes sizes 5 loss 0 counts yes | 56 1.398/0.391 256 1.323/0.355 512 1.543/0.348 1024 1.836/0.420 1472 2.129/0.527
series S06 state on c0 1 c1 1 live yes sizes 5 loss 0 counts yes | 56 1.299/0.311 256 1.586/0.335 512 1.631/0.424 1024 1.773/0.447 1472 2.236/0.644
series S07 state on c0 1 c1 1 live yes sizes 5 loss 0 counts yes | 56 1.387/0.548 256 1.574/0.341 512 1.658/0.388 1024 1.876/0.446 1472 2.383/0.656
series S08 state off c0 0 c1 0 live yes sizes 5 loss 0 counts yes | 56 1.385/0.447 256 1.585/0.367 512 1.714/0.407 1024 1.909/0.427 1472 2.403/0.622
series S09 state off c0 0 c1 0 live yes sizes 5 loss 0 counts yes | 56 1.448/0.337 256 1.424/0.382 512 1.554/0.392 1024 1.977/0.513 1472 2.338/0.712
series S10 state on c0 1 c1 1 live yes sizes 5 loss 0 counts yes | 56 1.416/0.561 256 1.463/0.388 512 1.532/0.435 1024 1.935/0.530 1472 2.453/0.778
series S11 state on c0 1 c1 1 live yes sizes 5 loss 0 counts yes | 56 1.504/0.375 256 1.325/0.272 512 1.514/0.299 1024 1.750/0.394 1472 2.136/0.466
series S12 state off c0 0 c1 0 live yes sizes 5 loss 0 counts yes | 56 1.420/0.331 256 1.591/0.342 512 1.686/0.589 1024 1.876/0.512 1472 2.066/0.545
state off n 6 | 56 avg 1.4090 mdev 0.3450 | 256 avg 1.5175 mdev 0.3610 | 512 avg 1.6425 mdev 0.3995 | 1024 avg 1.9160 mdev 0.4915 | 1472 avg 2.1640 mdev 0.5880
state on n 6 | 56 avg 1.4600 mdev 0.5490 | 256 avg 1.4695 mdev 0.3400 | 512 avg 1.6445 mdev 0.4060 | 1024 avg 1.8795 mdev 0.4465 | 1472 avg 2.3095 mdev 0.6500
effect 56 on 1.4600 off 1.4090 d +0.0510 ms pct +3.62 % U 23 of 36 lo 5 hi 31 verdict unresolved
effect 256 on 1.4695 off 1.5175 d -0.0480 ms pct -3.16 % U 16 of 36 lo 5 hi 31 verdict unresolved
effect 512 on 1.6445 off 1.6425 d +0.0020 ms pct +0.12 % U 15 of 36 lo 5 hi 31 verdict unresolved
effect 1024 on 1.8795 off 1.9160 d -0.0365 ms pct -1.91 % U 13.5 of 36 lo 5 hi 31 verdict unresolved
effect 1472 on 2.3095 off 2.1640 d +0.1455 ms pct +6.72 % U 27 of 36 lo 5 hi 31 verdict unresolved
rttseries end rc 0
