pcapwin 1.3
pcap N76.pcap records 4 partial_tail_bytes 0
capture_live no
tcpdump_procs 0
prev none
window 0 4
window_end 4
frames 4
len 60:4
ethertype 0806:4
vlan8100 0
vlan_vid -
class icmp_echo_reply 0 tagged 0 len - ipcsum_ok 0 icmpcsum_ok 0 excess -
class ipv4_other 0 tagged 0 len - ipcsum_ok 0 icmpcsum_ok 0 excess -
class arp 4 tagged 0 len 60:4
class rlxfw_nic 0 tagged 0 len - content_ok 0
class other 0 tagged 0 len -
class runt 0 tagged 0 len -
excess -
echo_ids 0
echo_dup 0
echo_vid -
dst host:4 bcast:0 mcast:0 other:0
truncated 0
icmp_partial 0
lenby 4:60
pcapwin end rc 0
