cat /proc/rtl819x-nic
version rtl819x-nic 1.5
unlocked 1
allocated 1
armed 1
engine_on 1
irq_taken 1
irq_rc 0
n_reads 348036
n_writes 286
n_refused 0
n_irq 528388
n_irq_spurious 0
n_tx 334281
n_rx 432275
n_rx_empty 0
n_poll 0
n_poll_masked 0
last_iisr 00000008
seen_iisr 8003320E
nd_alloc 1
nd_registered 1
nd_up 1
nd_name rlx0
n_napi_poll 173165
n_napi_complete 173159
n_xmit 334281
n_xmit_busy 0
tx_mode 0
n_tx_full 0
n_tx_retry 0
tx_retry_max_seen 0
n_tx_recovered 0
n_tx_drop_full 0
n_xmit_ctx 0/334281/0
n_skb_fail 0
n_tx_stop 0
n_tx_wake 0
n_tx_wake_race 0
n_tx_timeout 0
tx_stopped 0
nd_stats rx 432275/510546889 tx 334281/487000335 drop 0/0
boot_icr 00000000
boot_iimr 00000000
boot_iisr 00000000
boot_rpdcr0 00000000
boot_rmdcr0 00000000
boot_tpdcr0 00000000
now_icr C4000000
now_iimr 007E0FFE
now_iisr 00000000
rpdcr0_pos A15D0000
rmdcr0_pos A15D0020
tpdcr0_pos A15D0044
tpdcr1_pos 00000000
tpdcr2_pos 00000000
tpdcr3_pos 00000000
n_arm_flush 0
iimr_base 007E0FFE
iimr_ladder 007E0FFE
recov_mode 1
recov_ms 1000
recov_jiffies 100
n_recov_arm 0
n_recov_fire 0
n_recov_spurious 0
n_recov_ok 0
n_recov_fail 0
n_recov_wake 0
recov_rc 0 0 0
recov_j_arm 0
recov_j_fire 0
ph_follow 1
n_ph_chk 432275
n_ph_diff 428377
n_ph_bad 0
n_ph_used 428377
ph_first_w0 A15D0110
ph_first_exp A15D01B8
ph_first_nrx 79
ph_agree 3898
ph_last A15D01B8
ph_last_j 7
ph_last_bf A15D0A92
ph_last_cls 0
tx_rings 1
n_et_link 59747
et_link_last 00000001
ph_test_cls -1
ph_test_j 0
ph_test_seen 0
j_now 308878
n_dsync_chk 173165
n_dsync 171350
dsync_last_d 4
dsync_first_d 6
dsync_first_rp A15D0018
dsync_first_rm A15D0020
dsync_first_nrx 39
dsync_test_d 0
dsync_test_seen 0
rx_ring A15D0000
mb_ring A15D0020
tx_ring A15D0040
bufs A15D0290
rx_ph A15D0050
rx_mb A15D0110
tx_ph A15D01D0
tx_mb A15D0230
idle_ring A15D6290
rx_idx 0
tx_idx 1
rxd0 A15D0051 len 0 f 8063 pl 03
rxd1 A15D0069 len 0 f 8063 pl 03
rxd2 A15D0081 len 0 f 8063 pl 03
rxd3 A15D0099 len 0 f 8063 pl 03
rxd4 A15D00B1 len 0 f 8063 pl 03
rxd5 A15D00C9 len 0 f 8063 pl 03
rxd6 A15D00E1 len 0 f 8063 pl 03
rxd7 A15D00FB len 0 f 8063 pl 03
txd0 A15D01D0 len 1518
txd1 A15D01E8 len 1518
txd2 A15D0200 len 1518
txd3 A15D021A len 1518
mbd0 A15D0111 ph A15D0110 ml 0
mbd1 A15D0129 ph A15D0128 ml 0
mbd2 A15D0141 ph A15D0140 ml 0
mbd3 A15D0159 ph A15D0158 ml 0
mbd4 A15D0171 ph A15D0170 ml 0
mbd5 A15D0189 ph A15D0188 ml 0
mbd6 A15D01A1 ph A15D01A0 ml 0
mbd7 A15D01BB ph A15D01B8 ml 0
tx15 txlen vendor txoff 2 txrb 0 dirty 0 p15 1
rx_len 0
rx_ph1 004A0C19
rx_ph3 80630003
rx_ph4 00090000
# 