bench/2026-09-27b/R0-PRE.log
bench/2026-09-27b/R0-PRE.meta.json
bench/2026-09-27b/R0-PRE.timing
{
  "tool_version": "1.5",
  "port": "/dev/ttyUSB0",
  "baud": 38400,
  "started_wallclock": "2026-09-27T14:36:27+0800",
  "clock": "CLOCK_MONOTONIC_RAW",
  "t0_raw": 55.148181089,
  "t0_real": 1790490987.2536442,
  "mono_at_t0": 55.237863499,
  "boot_id": "ac8573f6-7bd3-4590-8c14-6064e3ae55cf",
  "clocksource": "tsc",
  "esc_seconds": 0.0,
  "esc_after_seconds": 0.0,
  "esc_period_requested_s": 0.02,
  "esc": {},
  "cr": {},
  "cr_settle_s": 2.0,
  "seconds": 3.0,
  "idle": 0.0,
  "until": null,
  "until_offset": null,
  "sent": null,
  "sent_hex": null,
  "sent_s": null,
  "stop_reason": "--seconds 3.0 elapsed",
  "bytes": 0,
  "duration_s": 3.116144,
  "end_raw": 58.264325286,
  "end_real": 1790490990.2282288,
  "mono_at_end": 58.212450158,
  "clocksource_end": "tsc",
  "resolution_note": "timestamps are per read() from userspace; the floor is the USB-serial latency timer (1-16 ms typical, unmeasured on this host), not the 260 us character time at 38400"
}
