  ok    S1 every format this renderer uses occurs verbatim in the driver source
  ok    S16 a source whose psrp format changed is caught (the check's own control)
  ok    S2 the source's version is 1.2
  ok    S3 the source's table has 37 rows, five PSRP  (37 rows)
  ok    S4 the lde lines print before the table (its last row stays the page's last line)
  ok    S5 a rendered boot page reads  (swpage 1.2 version rtl819x-switch 1.2; counters n_writes 0 n_reads 1200 n_refused 0 n_linkq 0; lde0 00; psrp 0 000010E0 up 0 lde 0 lj 0)
  ok    S6 cable out: psrp3 up 1->0, lde 3 d 1, n_linkq d 51  (swpage 1.2 delta; delta n_linkq d 51 n_reads d 100 n_writes d 0; delta lde 0 d 0)
  ok    S7 re-plugged: masked same yes
  ok    S8 bit 8 set in B is masked: same yes, bit8 0 1
  ok    S9 a different word reads same no
  ok    S10 a missing psrp5 line is refused  (0 `psrp5` lines (want 1))
  ok    S11 a 36-row table is refused  (the `r` table holds 36 rows, not 37)
  ok    S12 a 1.1 page is refused  (the page is rtl819x-switch 1.1, not rtl819x-switch 1.2)
  ok    S13 a page with no lde0 line is refused  (0 `lde0` lines (want 1))
  ok    S14 counters going down (a reboot) are refused  (n_linkq went down (51 -> 0): a reboot between the two pages)
  ok    S17 an lde count going down (every other counter up) is refused  (lde 3 went down (1 -> 0))
  ok    S18 an `up` that is not the word's bit 4 is refused  (psrp3's `up 0` is not its word's bit 4 (000000F9))
  ok    S15 a -LS capture (page then port_status) reads the page
swpage self-test: 18 of 18 passed
  ok    L0 the source prints lp_puts("LP0 linkprobe " LP_VERSION " build " LP
  ok    L0 the source prints lp_puts("LP9 calls ");
  ok    L0 the source prints lp_puts(" nowrite ");
  ok    L0 the source prints lp_puts("LPW start ");
  ok    L0 the source prints lp_puts("LPW t ");
  ok    L0 the source prints lp_puts("LPW end n ");
  ok    L0 the source prints lp_puts(" trans ");
  ok    L0 the source prints { "drv",  ETHTOOL_GDRVINFO,   sizeof(struct etht
  ok    L0 the source prints LP_ASSERT(drv_size, sizeof(struct ethtool_drvinf
  ok    L0 the source prints LP_ASSERT(val_size, sizeof(struct ethtool_value)
  ok    L0 the source prints LP_ASSERT(ring_size, sizeof(struct ethtool_ringp
  ok    L1 the predicted twelve read, not red  (lpread get verdict read)
  ok    L2 a link that wrote nothing (can 4, rc 0) is red  (RED LP9 (12, 4, 8, 0) disagrees with the lines (12 4 8 1))
  ok    L3 errno 95 is red  (RED errno 95 on drv eth4: EOPNOTSUPP is 122 on this ABI)
  ok    L4 a missing LP9 is red  (RED LP9 lines 0 (want 1): the run did not finish, or two runs are in one log)
  ok    L5 LP9 disagreeing with the lines is red  (RED LP9 (12, 5, 8, 0) disagrees with the lines (12 4 8 0))
  ok    L6 a missing LP0 is red  (RED LP0 lines 0 (want 1))
  ok    L7 an interface out of order is red (--expect)  (RED calls [('drv', 'rlx0'), ('link', 'rlx0'), ('ring', 'rlx0'), ('drv', 'eth4'), ('link', 'eth4'), ('ring', 'eth4'), ('drv', 'lo'), ('link', 'lo'), ('ring', 'lo'), ('drv', 'nosuch0'), ('link', 'nosuch0'), ('ring', 'nosuch0')] are not the expected [('drv', 'rlx0'), ('link', 'rlx0'), ('ring', 'rlx0'), ('drv', 'lo'), ('link', 'lo'), ('ring', 'lo'), ('drv', 'eth4'), ('link', 'eth4'), ('ring', 'eth4'), ('drv', 'nosuch0'), ('link', 'nosuch0'), ('ring', 'nosuch0')])
  ok    L8 a data A5A5A5A5 with can 0 is red  (RED link lo data A5A5A5A5: the canary, not a value)
  ok    L9 link 0 (the cable out) reads, not red
  ok    L10 a 1-0-1 watch reads, within its bound  (lpread watch verdict read)
  ok    L11 a watch that never started is red  (lpread watch verdict RED)
  ok    L12 a sequence 1,0 against 1,0,1 is red (its trans count consistent: only the sequence rule fires)  (lpread watch verdict RED)
  ok    L13 counts that do not sum are red  (lpread watch verdict RED)
  ok    L14 n above its bound is red  (lpread watch verdict RED)
  ok    L15 nowrite > 0 is red (the counts still summing: only the nowrite rule fires)  (lpread watch verdict RED)
  ok    L16 a watch with no end line is unfinished, exit 3  (lpread watch verdict unfinished)
lpread self-test: 27 of 27 passed
  ok    C1 30 min after the catch, 19:33, since-max 35 / start-by 23:05: permit  (rc 0: cut permit)
  ok    C2 36 min after the catch: refuse since-max  (rc 1: cut refuse since-max)
  ok    C3 23:06: refuse start-by (the since-max rule off)  (rc 1: cut refuse start-by)
  ok    C4 end-by 23:52 need 43 at 23:00: permit  (rc 0: cut permit)
  ok    C5 end-by 23:52 need 43 at 23:10: refuse end-by  (rc 1: cut refuse end-by)
  ok    C6 --date DRAFT is refused to decide  (rc 2: REFUSED --date 'DRAFT' is not a date (a draft card is never run))
  ok    C7 a catch on another day is refused to decide  (rc 2: REFUSED the catch window opened on 2026-09-26, not the declared 2026-09-27: re-date the card)
  ok    C8 no condition is refused  (rc 2: REFUSED no condition: a gate that cannot refuse is not a gate)
  ok    C9 --need without --end-by is refused  (rc 2: REFUSED --need and --end-by go together)
  ok    C10 a meta whose two stamps disagree is refused  (rc 2: REFUSED started_wallclock and t0_real disagree by -3600.3 s)
  ok    C11 both since-max and start-by over: both named  (rc 1: cut refuse since-max start-by)
  ok    W1 100 s after the watch's start: waits 505 s (not slept under --now)  (rc 0: cutgate wait end since 605.0 s)
  ok    W2 700 s after: waits nothing  (rc 0: cutgate wait end since 700.0 s)
  ok    W3 a wait over --max (the metadata's start in the future) is refused  (rc 2: REFUSED the wait 705.0 s exceeds --max 605 (a metadata from another run, or a stepped clock))
  ok    W4 a metadata that cannot be read is refused  (rc 2: REFUSED cannot read the metadata none.meta.json: [Errno 2] No such file or directory: '/tmp/cutgate-)
  ok    W5 no --max is refused  (rc 2: REFUSED --max is required)
  ok    W6 two stamps that disagree are refused  (rc 2: REFUSED started_wallclock and t0_real disagree by -3600.3 s)
cutgate self-test: 17 of 17 passed
  ok    W1 a 1-0-1 window prints two changes at 375 and 750 ms, n 9, changes 4 -> 6
        | CW start if enxT raw 100.000000 carrier 1 operstate up changes 4
        | CW t 375 raw 100.375000 carrier 0 operstate down
        | CW t 750 raw 100.750000 carrier 1 operstate up
        | CW end n 9 ms 1125 trans 2 carrier 1 operstate up changes 6
  ok    W2 a missing interface is refused
  ok    W3 an unreadable carrier prints `-`, never 0
carrierwatch self-test: 3 of 3 passed
  ok    U1 the build cell's udp4_format_sock is the layout this reads
  ok    U2 capacity at S 168: T 1672, N 64  (168 1672 64)
  ok    U8 the boundary S 160: rcvbuf 106496 = 64 x 1664, N 63 (sock_queue_rcv_skb refuses at >=)  (160 1664 63)
  ok    U3 two prints read k 64 and k 63  (capacity rmem_default 108544 S 168 T 1672 N 64; udpq 1.0 port 5201 (hex 1451) prints 2; sample 1 rx_queue 107008 drops 0 k 64; sample 2 rx_queue 105336 drops 0 k 63)
  ok    U4 a print without the server's socket reads `none`
  ok    U5 a log with no print is refused
  ok    U6 a malformed row is refused
  ok    U7 an rmem_default not 256 x (S + 256) is refused
udpq self-test: 8 of 8 passed
  ok    D1 a full pass and a partial one: sent-all yes, exit 0  (d4cover 1.0 sizes 18-1472 (1455) passes 1 pings 1837; d4cover sent-all yes missing 0; d4cover answered-all yes min-sent 1 never-answered 0)
  ok    D2 a size never sent: sent-all no, exit 1
  ok    D3 a size never answered: sent-all yes, never-answered 1 (a reading, exit 0)
  ok    D4 a stray line is refused
  ok    D5 sizes out of order inside a pass are refused
  ok    D6 a stall in the counter log shows as low-intervals (four intervals of 6, 1, 1, 1 against a median of 1000)  (d4cover counters rows 10 span 90 s max-gap 10.0 s rx-per-interval median 1000 low-intervals 4)
d4cover self-test: 6 of 6 passed
  ok    B1  A1-01 -> A1-02: fault jfd 59; p3 out d 1 rx d 60 rxbytes d 3900
  ok    B2  A1-03 -> A1-04: board n_tx d 42 
  ok    B3  A1-05 -> A1-06: board n_tx d 42 ; fault jfd 14
  ok    B4  A1-07 -> A1-08: fault jfd 60
  ok    B5  C-00 -> C-01: leak none; host rx d 0 tx d 0 
  ok    B6  A2-02 -> A2-03: p3 out d 0 rx d 0 rxbytes d 0
  ok    B7  A2-01 -> A2-02: rx d 20 rxbytes d 1300
  ok    B8  A2-01 -> A2-02: path p3 rx d 20 host outechos d 20 covered yes
  ok    B9  A2-02 -> A2-03: path p3 rx d 0 host outechos d 20 covered no
  ok    C1  A1-01 -> A1-02: cpu crc d 60 jab d 59 
  ok    C2  A1-03 -> A1-04: cpu crc d 15 jab d 9 
  ok    C3  A1-05 -> A1-06: cpu crc d 24 jab d 13 frag d 0 drop d 1 
  ok    C4  A1-07 -> A1-08: cpu crc d 61 jab d 60 
  ok    C5  C-00 -> C-01: cpu crc d 0 jab d 0 
  ok    S1  series over block 46's arm C, C-00 ... C-11: dsync/skb_fail 0 1 1 1 1 0 1 1 1 0 0, rx 2 each
  ok    S2  a series of one dump is refused
  ok    X1  a bracket whose CPU-port section is missing is refused, never read as zero
  ok    X2  a missing bracket is refused by its basename
  ok    D1  E-L1-R0 -> E-L1-R1: block 47's o-identity miss, o 168 against c 789 - j 581 - f 3 - d 41 = 164; legal 24+54+0+81+3+43 = 205 = c - j - f
  ok    D2  E-F1-R0 -> E-F1-R1: o 221 = c 221, legal 21+60+0+60+0+80 = 221
  ok    D3  E-F1-R1 -> E-L1-R0 with the host: host rx 6 against p3 out 5 (the gap race)
  ok    D4a hbound, the H logs standing in for P: inner = outer = o = 168, within yes
  ok    D4b hbound, P planted 2 and 3 below H: inner 2683 - 2518 = 165, outer 2686 - 2516 = 170, within yes
  ok    D4c hbound, CUR_P planted 1 above CUR_H: inner 169 exceeds o 168, within no
  ok    D4d hbound, PREV_P planted 1 above PREV_H: outer 167 below o 168, within no
  ok    D5a E-F1-R0 -> E-F1-R1: Ip InReceives/InDelivers/OutRequests 18 -> 238, Udp still
  ok    D5b E-L1-R0 -> E-L1-R1: InReceives 242 -> 1569, OutRequests 242 -> 1584, OutDiscards 0 -> 155
  ok    D6a snmp E-F1-R0 E-F1-R1 prints D5a's line
  ok    D6b snmp over two synthetic iperf cells (CRLF, echoed command, other output): udp indg d 6431 inerr d 46157 rcvbuf d 46157
  ok    D7  snmp over two cells that each print /proc/net/snmp twice reads the LAST print
  ok    D8  snmp over a kernel whose Ip and Udp columns run in reverse order reads by header name
  ok    D9  pair with candidate lists: the last present is read (a stand-in X- after its read; absent ones skipped)
  ok    O1  line order: brdelta board cpu p3 ident buckets host path hbound snmp fault leak (host, path, hbound only with the host)
  ok    X3  a board read whose Udp values line is cut short is refused, never read as zero
  ok    X4  --pre without --host is refused with a reason, before any line is printed
  ok    X5  a board read holding two Udp pairs is refused
  ok    X6  a board read whose Ip values hold a non-integer is refused
  ok    X7  snmp over a log with no Udp pair is refused
  ok    X8  snmp over a log whose Ip header has no values line is refused
  ok    X9  a board read with a line between the Udp header and its values is refused
brdelta self-test: 40 of 40 passed
  ok    S1  first window over 3 records: window 0 3, frames 3, rc 0
  ok    S2  second window chains from the first: window 3 10, frames 7, partial tail 7 B
  ok    S3  window 2: the trailer 281 untagged, the priority-tagged 281 counted at byte 12 with VID 0
  ok    S4  whole file: two 0x8100 frames, VID 0 and 5; excess 0:4 4:3 (tags and the trailer all +4)
  ok    S5  icmp class: 7 replies, 2 tagged, one bad ICMP checksum caught
  ok    S6  driver frames: 2 at 61 B, the corrupted last byte refused by content_ok
  ok    S7  dst classes against the --if address (never printed)
  ok    S8  unreadable --prev: exit 3, counts marked cumulative, window_end still printed
  ok    S9  no address in any output (6 planted MACs searched)
  ok    S10 big-endian nanosecond pcap read the same
  ok    S11 a non-Ethernet capture is refused with a reason
  ok    S12 a missing capture is refused
  ok    S13 a snap-truncated record keeps its wire length and is counted as truncated
  ok    S14 nothing new since the previous window: frames 0 (the empty window is counted, not refused)
  ok    S15 capture_live and tcpdump_procs read processes named tcpdump: 0 / 1 / 2
  ok    S16 echo replies by identifier: sequence ranges, the tagged one, one duplicate; a request not counted (got echo_ids 2; echo_seq 1 1-3,5-6,9; echo_seq_tagged 1 6; echo_first 1 seq 1 b10 18; echo_excess 1 6:4; echo_seq 2 4; echo_first 2 seq 4 b10 18; echo_dup 1; echo_vid 5:1)
  ok    S17 no identifier printed; no directory in a refusal or in a prev line (basename only)
  ok    S18 snap 64: 3 cut replies keep class, sequence and length; only the whole one is csum-checked
  ok    S19 lenby: 1:61-63,70 / 2:1514 / 4:60; content_ok 7, the whole (60-63 B) frames only
  ok    S20 FW-145: a dmesgwin window_end after pcapwin's block is not read (1.3 end line: window 3 10; 1.2, no end line: window 3 10); a block cut before its window_end is unreadable (p13.log rc 0, p12.log rc 0, pcut.log rc 3, pcutb.log rc 3)
  ok    S21 the end line closes a window (rc 0), an unreadable --prev (rc 3) and a refusal (rc 2)
  ok    S22 order, anchor ok: base 100; idx 0/3/3/8 from each log's FIRST read; read time from the LAST block (lag 1); windows 1-3 / none / 4-8 by sequence; body = window's, line for line; tcpdump's LAST summary read
  ok    S23 anchor void on dropped 1 / rx_pre != rx_post / captured != records / an idx beyond N (named) / an idx running back / four at once, in order; at lines kept, no window, rc 3
  ok    S24 order refuses (rc 2, refusal then end line only): tcpdump running (fake /proc); a host log without rx_packets; a stop with one read; no `dropped` summary; a missing log
  ok    S25 order: no address, no identifier, no directory (no `/` at all) in 12 outputs and refusals
  ok    S26 echo_first: the lowest sequence's data byte 10, not the first seen; `-` past the snap; echo_excess by sequence (got echo_ids 2; echo_seq 1 1-3; echo_first 1 seq 1 b10 5; echo_excess 1 3:188; echo_seq 2 1; echo_first 2 seq 1 b10 -; echo_dup 0; echo_vid -)
  ok    S27 window --prev a,b,c: the last present is read (b of gone,w1,gone; w2 of w1,w2,gone), absent ones skipped
  ok    S28 order: a host log never written is listed absent and skipped (got absent h1-never.log; at h0.log rx 100 idx 0 readtime - lag -; at h2.log rx 103 idx 3 readtime - lag -; at h3.log rx 108 idx 8 readtime - lag -; order_window h0.log h2.log 0 3; order_window h2.log h3.log 3 8)
  ok    S29 window --prev none,a: the capture's start with a absent, a when present; a,none: unreadable, and a present a read (none counts only first)
pcapwin self-test: 29 of 29 passed
  ok    D1  first window: 5 lines, one BUG trace with its transmit frame, one unlink
  ok    D2  second window chains from the first; a half-written last line waits for the next window
  ok    D3  an unreadable --prev: exit 3, the counts cumulative and marked so
  ok    D4  no line of the log and no directory is printed
  ok    D5  a missing log is refused by its basename
  ok    D6  follower counts a started `dmesg -w` (1 -> 2) and forgets it killed (1)
  ok    D7  a list: the last candidate present is used (the two absent ones skipped), its window chains
  ok    D8  window_end is dmesgwin's own, not a later pcapwin line's (the FW-145 shape, turned round)
  ok    D9  the last candidate present holds no window_end: unreadable (exit 3), never a fall back to w1
dmesgwin self-test: 9 of 9 passed
  ok   K1 block 48, D3-LUS1-L's episode (D3-LUR1-R -> X-BR1): branch a, host tx d 6 = port 3 rx d 6 -- rc 0, s1 branch a
  ok   K2 block 46, A2-02-R -> A2-03-R (NET-124's onset): branch b, host tx d 20, port 3 rx d 0 -- rc 0, s1 branch b
  ok   K3 block 46, A2-03-R -> A2-04-R: branch b, port 3 rx d 0 -- rc 0, s1 branch b
  ok   K4 block 46, the 55 pairs from A2-02-R -> A2-03-R (NET-124's onset) to D-04-R -> D-05-R: branch b at every one, port 3 rx d 0 -- b 55 of 55
  ok   K5 block 46, the 21 pre-onset pairs with -H standing in for -P: branch a at 19, branch b at exactly A1-08-R -> A1-09-R (host tx d 63, port 3 rx d 62) and A1-13-R -> A1-14-R (63, 61) -- a 19, b [('A1-08-R', 'A1-09-R', ('63', '62')), ('A1-13-R', 'A1-14-R', ('63', '61'))]
  ok   K6 block 48's 56 `BD pair` pairs: branch a wherever the host sent (38), branch b only where it sent nothing (17), refused only across X-RA1 (1, D3-LUS1-D) -- as expected
  ok   M1 K1 with port 3's Rx Unicast 1 lower at X-BR1 (port 3 rx d 5 < host tx d 6): flips to branch b -- rc 0, s1 branch b
  ok   M2 K2 with port 3's Rx Unicast 20 higher at A2-03-R: flips to branch a -- rc 0, s1 branch a
  ok   M3 K1 with X-HP1's tx_packets equal to D3-LUR1-H's (the host sent nothing): flips to branch b -- rc 0, s1 branch b
  ok   K7 --nic holding two intact dumps (D3-LUR1-R's, then X-BR1's): the last is read, engine-owned 0 of 4 -- rc 0, s1 branch a
  ok   R1 X-BR1 without its port 3 section: refused, branch b by default -- rc 2, s1 branch b
  ok   R2 --prev-br and --br swapped (counters backwards): refused -- rc 2, s1 branch b
  ok   R3 X-HP1 without tx_packets: refused -- rc 2, s1 branch b
  ok   R4 a log that does not exist: refused -- rc 2, s1 branch b
  ok   R5 --nic whose every driver dump is broken: refused -- rc 2, s1 branch b
s1class self-test: 15 of 15 passed
  ok   T1 on 0.2 ms above off at every size: raises at all five, U 36 of 36, lo 5 hi 31 -- rc 0; effect 256 on 1.8000 off 1.5950 d +0.2050 ms pct +12.85 % U 36 of 36 lo 5 hi 31 verdict raises
  ok   T2 on 0.2 ms below off: lowers at all five, U 0 -- rc 0; effect 256 on 1.4000 off 1.5950 d -0.1950 ms pct -12.23 % U 0 of 36 lo 5 hi 31 verdict lowers
  ok   T3 values rising with run order only (the ABBA order balances it): unresolved at all five -- rc 0; effect 256 on 1.7100 off 1.7100 d +0.0000 ms pct +0.00 % U 18 of 36 lo 5 hi 31 verdict unresolved
  ok   T4 an on-series losing 1 echo at 256: void, n on 5, still measured (lo 3 hi 27) -- rc 0; effect 256 on 1.8000 off 1.5950 d +0.2050 ms pct +12.85 % U 30 of 30 lo 3 hi 27 verdict raises
  ok   T5 an on-series whose C0 reads 0 (the capture not yet running): void -- rc 0; effect 256 on 1.8000 off 1.5950 d +0.2050 ms pct +12.85 % U 30 of 30 lo 3 hi 27 verdict raises
  ok   T6 an off-series behind a failed liveness gate: void -- rc 0; effect 256 on 1.8000 off 1.6000 d +0.2000 ms pct +12.50 % U 30 of 30 lo 3 hi 27 verdict raises
  ok   T7 two on-series void (a second tcpdump, none): n on 4, every size unmeasured -- rc 0; effect 256 unmeasured: n on 4, n off 6 (each needs 5)
  ok   T8 a series whose 1472 header is missing: void (sizes 56,256,512,1024) -- rc 0; effect 256 on 1.8000 off 1.5950 d +0.2050 ms pct +12.85 % U 30 of 30 lo 3 hi 27 verdict raises
  ok   T9 --ref: off median inside [0.9 LO, 1.1 HI] (also between 0.9 LO and LO); above when HI is lower -- rc 0; effect 256 on 1.8000 off 1.6000 d +0.2000 ms pct +12.50 % U 36 of 36 lo 5 hi 31 verdict raises
  ok   T10 --row: off median 1.6 against A 1.518 is +5.40 % (within); against 1.43 +11.89 % and 1.4 +21.43 % (not) -- rc 0; effect 256 on 1.8000 off 1.6000 d +0.2000 ms pct +12.50 % U 36 of 36 lo 5 hi 31 verdict raises
  ok   T17 U exactly 31 of 36 (five on-series above every off, one above one): raises; off median 1.25 (the mean of the middle two) -- rc 0; effect 256 on 2.1500 off 1.2500 d +0.9000 ms pct +72.00 % U 31 of 36 lo 5 hi 31 verdict raises
  ok   T18 an on-series whose C1 reads 0 (the capture ended inside the series): void -- rc 0; effect 256 on 1.8000 off 1.5950 d +0.2050 ms pct +12.85 % U 30 of 30 lo 3 hi 27 verdict raises
  ok   T19 an off-series whose pair log reads covered no: void -- rc 0; effect 256 on 1.8000 off 1.6000 d +0.2000 ms pct +12.50 % U 30 of 30 lo 3 hi 27 verdict raises
  ok   T20 an on-series whose pair log reads fault jfd 3: void -- rc 0; effect 256 on 1.8000 off 1.5950 d +0.2050 ms pct +12.85 % U 30 of 30 lo 3 hi 27 verdict raises
  ok   T21 a series with no pair log: void -- rc 0; effect 256 on 1.8000 off 1.6000 d +0.2000 ms pct +12.50 % U 30 of 30 lo 3 hi 27 verdict raises
  ok   T22 --ref-on: on median 1.8 inside [0.9 x 1.7, 1.1 x 1.7]; above against 1.6; the off median is not read -- rc 0; effect 256 on 1.8000 off 1.6000 d +0.2000 ms pct +12.50 % U 36 of 36 lo 5 hi 31 verdict raises
  ok   T11 seating B's P3-ICMP bytes as S01: 5 sizes, 0 loss, 256 1.933/0.796, 1472 2.399/0.622 -- rc 0; effect 256 on 1.8000 off 1.6050 d +0.1950 ms pct +12.15 % U 30 of 36 lo 5 hi 31 verdict unresolved
  ok   T12 exact null thresholds: lo(6,6) 5, lo(5,6) 3, lo(5,5) 2 -- lo 5 3 2
  ok   T16 every series identical: U 18 of 36 (ties count 0.5), unresolved, d 0 -- rc 0; effect 256 on 1.6000 off 1.6000 d +0.0000 ms pct +0.00 % U 18 of 36 lo 5 hi 31 verdict unresolved
  ok   T13 a plan with a letter: refused -- rc 2; rttseries: REFUSED: --plan is a string of 0 (off) and 1 (on), one per series: '0110x1100110'
  ok   T14 a directory with none of the arm's series: refused -- rc 2; rttseries: REFUSED: no series log of arm R in c-xict8qrk
  ok   T15 --ref at a size the series do not carry: refused -- rttseries: REFUSED: --ref is SIZE:LO:HI with SIZE one of (56, 256, 512, 1024, 1472) and LO <= HI: '300:1:2'
rttseries self-test: 22 of 22 passed
  ok    U1   printed numbers: value and half-unit from the digits; 100 % as 1e+02
  ok    P1   UDP -f k -1 (R6): 11 intervals, TEST_END, 24,659,600 B exact over 10.04 +/- 0.005 s
  ok    P2   UDP adaptive (R5): losses in three intervals, a zero-length one; 17,591 received
  ok    P3   client SIGTERM mid-test (K4): re-print dropped, stale summary ignored, exit 1
  ok    P4   results lost, -1 (K5c): first summary used (line 21), re-print dropped, exit 0
  ok    P5   TCP adaptive (R1): TEST_END; the idle server's 'interrupt' stays outside the trial
  ok    P6   deaf (K6): summary + 'interrupt' is TEST_END only with --duration in reach
  ok    P7   server SIGKILL (K1): intervals only, their sum is the fallback, exit 1
  ok    P8   client SIGKILL (K3): zero-length interval kept, no summary, message recorded
  ok    P9   card B's CRLF -S1 capture (echo wrapped CR CR LF, /proc text, prompt): P1's figure
  ok    P10  real CRLF from a pty (R3): TEST_END at 10.03
  ok    P11  K1 with its 1.00-2.00 line removed (edited): the gap is named
  ok    P12  R6 with one interval total changed by one (edited): only the exact sum fires
  ok    P13  --datagram 1470 on R6 is refused by the transfer columns; 1400 fits
  ok    P14  K4 with its re-print altered (edited): a non-repeat is flagged, not dropped
  ok    P15  R1 with one line on stream 7 (edited): a second stream is flagged
  ok    P16  sender-format lines (the qemu client's own, under a server banner): refused as -R
  ok    P17  no trial (empty log; lines with no 'Accepted connection'): exit 1, stray named
  ok    P18  R6 plus a 2-datagram out-of-order line (edited): received = total - lost + 2
  ok    C1   TCP (R1 board vs its client): AGREE, common bits [199229440, 199599750]
  ok    C2   UDP (R6 -f k board vs its -f m client): lost/total and jitter agree
  ok    C3   TCP with a CRLF board log (R3): AGREE
  ok    C4   host receiver rate 19.9 -> 19.6 (edited): DISAGREE on the bits
  ok    C5   host transfer 23.8 -> 23.7 (edited): only the exact transfer check fires
  ok    C6   host lost 71 -> 72 (edited): DISAGREE on the integers
  ok    C7   K5c board vs its killed client: refused, the host cannot be the control
  ok    C8   two complete but different trials (R6/R5, R1/seating A's ER1): refused
  ok    C9   a board log with no TEST_END summary; UDP against TCP: refused
  ok    C10  K6 without --duration refused; two trials need --trial, and --trial 1 agrees
  ok    F1   refuse_args refuses 9 bad argument sets and permits the 4 good forms, in-process
  ok    F2   main() refuses the argument before opening the file; a good one reaches the file
RESULT: 31/31
