iperflog 1.0 parse: bench/2026-09-27b/T-S1.log -- 334 lines, 1 trial(s)
trial 1  lines 27-334  tcp  board sends  stream [  6] 10.1.1.3:5201 <- 10.1.1.2:51682 (line 28)
   line  row      interval      transfer      bandwidth         jitter     lost/total   status
     30  interval   0.00-1.88   5.00 MBytes   22310 Kbits/sec   -          -            kept
     31  interval   1.88-2.83   2.50 MBytes   22075 Kbits/sec   -          -            kept
     32  interval   2.83-3.77   2.50 MBytes   22310 Kbits/sec   -          -            kept
     33  interval   3.77-4.71   2.50 MBytes   22310 Kbits/sec   -          -            kept
     34  interval   4.71-5.63   2.46 MBytes   22436 Kbits/sec   -          -            kept
     35  interval   5.63-6.59   2.50 MBytes   21845 Kbits/sec   -          -            kept
     36  interval   6.59-7.54   2.50 MBytes   22075 Kbits/sec   -          -            kept
     37  interval   7.54-8.48   2.50 MBytes   22310 Kbits/sec   -          -            kept
     38  interval   8.48-9.89   3.75 MBytes   22310 Kbits/sec   -          -            kept
     39  interval   9.89-10.83  2.50 MBytes   22310 Kbits/sec   -          -            kept
     40  interval  10.83-11.77  2.50 MBytes   22310 Kbits/sec   -          -            kept
     41  interval  11.77-12.72  2.50 MBytes   22075 Kbits/sec   -          -            kept
     42  interval  12.72-13.66  2.50 MBytes   22310 Kbits/sec   -          -            kept
     43  interval  13.66-14.60  2.50 MBytes   22310 Kbits/sec   -          -            kept
     44  interval  14.60-15.54  2.50 MBytes   22310 Kbits/sec   -          -            kept
     45  interval  15.54-16.48  2.50 MBytes   22310 Kbits/sec   -          -            kept
     46  interval  16.48-17.89  3.75 MBytes   22310 Kbits/sec   -          -            kept
     47  interval  17.89-18.84  2.50 MBytes   22075 Kbits/sec   -          -            kept
     48  interval  18.84-19.78  2.50 MBytes   22310 Kbits/sec   -          -            kept
     49  interval  19.78-20.72  2.50 MBytes   22310 Kbits/sec   -          -            kept
     50  interval  20.72-21.66  2.50 MBytes   22310 Kbits/sec   -          -            kept
     51  interval  21.66-22.60  2.50 MBytes   22310 Kbits/sec   -          -            kept
     52  interval  22.60-23.55  2.50 MBytes   22075 Kbits/sec   -          -            kept
     53  interval  23.55-24.49  2.50 MBytes   22310 Kbits/sec   -          -            kept
     54  interval  24.49-25.90  3.75 MBytes   22310 Kbits/sec   -          -            kept
     55  interval  25.90-26.84  2.50 MBytes   22310 Kbits/sec   -          -            kept
     56  interval  26.84-27.78  2.50 MBytes   22310 Kbits/sec   -          -            kept
     57  interval  27.78-28.73  2.50 MBytes   22075 Kbits/sec   -          -            kept
     58  interval  28.73-29.67  2.50 MBytes   22310 Kbits/sec   -          -            kept
     59  interval  29.67-30.61  2.50 MBytes   22310 Kbits/sec   -          -            kept
     60  interval  30.61-31.55  2.50 MBytes   22310 Kbits/sec   -          -            kept
     61  interval  31.55-32.49  2.50 MBytes   22310 Kbits/sec   -          -            kept
     62  interval  32.49-33.90  3.75 MBytes   22310 Kbits/sec   -          -            kept
     63  interval  33.90-34.84  2.50 MBytes   22310 Kbits/sec   -          -            kept
     64  interval  34.84-35.79  2.50 MBytes   22075 Kbits/sec   -          -            kept
     65  interval  35.79-36.73  2.50 MBytes   22310 Kbits/sec   -          -            kept
     66  interval  36.73-37.67  2.50 MBytes   22310 Kbits/sec   -          -            kept
     67  interval  37.67-38.61  2.50 MBytes   22310 Kbits/sec   -          -            kept
     68  interval  38.61-39.55  2.50 MBytes   22310 Kbits/sec   -          -            kept
     69  interval  39.55-40.49  2.50 MBytes   22310 Kbits/sec   -          -            kept
     70  interval  40.49-41.91  3.75 MBytes   22153 Kbits/sec   -          -            kept
     71  interval  41.91-42.85  2.50 MBytes   22310 Kbits/sec   -          -            kept
     72  interval  42.85-43.79  2.50 MBytes   22310 Kbits/sec   -          -            kept
     73  interval  43.79-44.73  2.50 MBytes   22310 Kbits/sec   -          -            kept
     74  interval  44.73-45.67  2.50 MBytes   22310 Kbits/sec   -          -            kept
     75  interval  45.67-46.61  2.50 MBytes   22310 Kbits/sec   -          -            kept
     76  interval  46.61-47.56  2.50 MBytes   22075 Kbits/sec   -          -            kept
     77  interval  47.56-48.50  2.50 MBytes   22310 Kbits/sec   -          -            kept
     78  interval  48.50-49.91  3.75 MBytes   22310 Kbits/sec   -          -            kept
     79  interval  49.91-50.85  2.50 MBytes   22310 Kbits/sec   -          -            kept
     80  interval  50.85-51.79  2.50 MBytes   22310 Kbits/sec   -          -            kept
     81  interval  51.79-52.73  2.50 MBytes   22310 Kbits/sec   -          -            kept
     82  interval  52.73-53.68  2.50 MBytes   22075 Kbits/sec   -          -            kept
     83  interval  53.68-54.62  2.50 MBytes   22310 Kbits/sec   -          -            kept
     84  interval  54.62-55.56  2.50 MBytes   22310 Kbits/sec   -          -            kept
     85  interval  55.56-56.50  2.50 MBytes   22310 Kbits/sec   -          -            kept
     86  interval  56.50-57.91  3.75 MBytes   22310 Kbits/sec   -          -            kept
     87  interval  57.91-58.86  2.50 MBytes   22075 Kbits/sec   -          -            kept
     88  interval  58.86-59.80  2.50 MBytes   22310 Kbits/sec   -          -            kept
     89  interval  59.80-60.74  2.50 MBytes   22310 Kbits/sec   -          -            kept
     90  interval  60.74-61.68  2.50 MBytes   22310 Kbits/sec   -          -            kept
     91  interval  61.68-62.62  2.50 MBytes   22310 Kbits/sec   -          -            kept
     92  interval  62.62-63.56  2.50 MBytes   22310 Kbits/sec   -          -            kept
     93  interval  63.56-64.50  2.50 MBytes   22310 Kbits/sec   -          -            kept
     94  interval  64.50-65.91  3.75 MBytes   22310 Kbits/sec   -          -            kept
     95  interval  65.91-66.86  2.50 MBytes   22075 Kbits/sec   -          -            kept
     96  interval  66.86-67.80  2.50 MBytes   22310 Kbits/sec   -          -            kept
     97  interval  67.80-68.74  2.50 MBytes   22310 Kbits/sec   -          -            kept
     98  interval  68.74-69.68  2.50 MBytes   22310 Kbits/sec   -          -            kept
     99  interval  69.68-70.62  2.50 MBytes   22310 Kbits/sec   -          -            kept
    100  interval  70.62-71.56  2.50 MBytes   22310 Kbits/sec   -          -            kept
    101  interval  71.56-72.51  2.50 MBytes   22075 Kbits/sec   -          -            kept
    102  interval  72.51-73.92  3.75 MBytes   22310 Kbits/sec   -          -            kept
    103  interval  73.92-74.86  2.50 MBytes   22310 Kbits/sec   -          -            kept
    104  interval  74.86-75.81  2.50 MBytes   22075 Kbits/sec   -          -            kept
    105  interval  75.81-76.75  2.50 MBytes   22310 Kbits/sec   -          -            kept
    106  interval  76.75-77.69  2.50 MBytes   22310 Kbits/sec   -          -            kept
    107  interval  77.69-78.63  2.50 MBytes   22310 Kbits/sec   -          -            kept
    108  interval  78.63-79.57  2.50 MBytes   22310 Kbits/sec   -          -            kept
    109  interval  79.57-80.51  2.50 MBytes   22310 Kbits/sec   -          -            kept
    110  interval  80.51-81.93  3.75 MBytes   22153 Kbits/sec   -          -            kept
    111  interval  81.93-82.87  2.50 MBytes   22310 Kbits/sec   -          -            kept
    112  interval  82.87-83.81  2.50 MBytes   22310 Kbits/sec   -          -            kept
    113  interval  83.81-84.75  2.50 MBytes   22310 Kbits/sec   -          -            kept
    114  interval  84.75-85.69  2.50 MBytes   22310 Kbits/sec   -          -            kept
    115  interval  85.69-86.63  2.50 MBytes   22310 Kbits/sec   -          -            kept
    116  interval  86.63-87.57  2.50 MBytes   22310 Kbits/sec   -          -            kept
    117  interval  87.57-88.51  2.50 MBytes   22310 Kbits/sec   -          -            kept
    118  interval  88.51-89.93  3.75 MBytes   22153 Kbits/sec   -          -            kept
    119  interval  89.93-90.87  2.50 MBytes   22310 Kbits/sec   -          -            kept
    120  interval  90.87-91.81  2.50 MBytes   22310 Kbits/sec   -          -            kept
    121  interval  91.81-92.75  2.50 MBytes   22310 Kbits/sec   -          -            kept
    122  interval  92.75-93.70  2.50 MBytes   22075 Kbits/sec   -          -            kept
    123  interval  93.70-94.64  2.50 MBytes   22310 Kbits/sec   -          -            kept
    124  interval  94.64-95.58  2.50 MBytes   22310 Kbits/sec   -          -            kept
    125  interval  95.58-96.52  2.50 MBytes   22310 Kbits/sec   -          -            kept
    126  interval  96.52-97.93  3.75 MBytes   22310 Kbits/sec   -          -            kept
    127  interval  97.93-98.88  2.50 MBytes   22075 Kbits/sec   -          -            kept
    128  interval  98.88-99.82  2.50 MBytes   22310 Kbits/sec   -          -            kept
    129  interval  99.82-100.76 2.50 MBytes   22310 Kbits/sec   -          -            kept
    130  interval 100.76-101.70 2.50 MBytes   22310 Kbits/sec   -          -            kept
    131  interval 101.70-102.64 2.50 MBytes   22310 Kbits/sec   -          -            kept
    132  interval 102.64-103.58 2.50 MBytes   22310 Kbits/sec   -          -            kept
    133  interval 103.58-104.53 2.50 MBytes   22075 Kbits/sec   -          -            kept
    134  interval 104.53-105.47 2.50 MBytes   22310 Kbits/sec   -          -            kept
    135  interval 105.47-106.88 3.75 MBytes   22310 Kbits/sec   -          -            kept
    136  interval 106.88-107.82 2.50 MBytes   22310 Kbits/sec   -          -            kept
    137  interval 107.82-108.76 2.50 MBytes   22310 Kbits/sec   -          -            kept
    138  interval 108.76-109.70 2.50 MBytes   22310 Kbits/sec   -          -            kept
    139  interval 109.70-110.65 2.50 MBytes   22075 Kbits/sec   -          -            kept
    140  interval 110.65-111.59 2.50 MBytes   22310 Kbits/sec   -          -            kept
    141  interval 111.59-112.53 2.50 MBytes   22310 Kbits/sec   -          -            kept
    142  interval 112.53-113.47 2.50 MBytes   22310 Kbits/sec   -          -            kept
    143  interval 113.47-114.88 3.75 MBytes   22310 Kbits/sec   -          -            kept
    144  interval 114.88-115.82 2.50 MBytes   22310 Kbits/sec   -          -            kept
    145  interval 115.82-116.77 2.50 MBytes   22075 Kbits/sec   -          -            kept
    146  interval 116.77-117.71 2.50 MBytes   22310 Kbits/sec   -          -            kept
    147  interval 117.71-118.65 2.50 MBytes   22310 Kbits/sec   -          -            kept
    148  interval 118.65-119.59 2.50 MBytes   22310 Kbits/sec   -          -            kept
    149  interval 119.59-120.53 2.50 MBytes   22310 Kbits/sec   -          -            kept
    150  interval 120.53-121.47 2.50 MBytes   22310 Kbits/sec   -          -            kept
    151  interval 121.47-122.88 3.75 MBytes   22310 Kbits/sec   -          -            kept
    152  interval 122.88-123.83 2.50 MBytes   22075 Kbits/sec   -          -            kept
    153  interval 123.83-124.77 2.50 MBytes   22310 Kbits/sec   -          -            kept
    154  interval 124.77-125.71 2.50 MBytes   22310 Kbits/sec   -          -            kept
    155  interval 125.71-126.65 2.50 MBytes   22310 Kbits/sec   -          -            kept
    156  interval 126.65-127.59 2.50 MBytes   22310 Kbits/sec   -          -            kept
    157  interval 127.59-128.53 2.50 MBytes   22310 Kbits/sec   -          -            kept
    158  interval 128.53-129.48 2.50 MBytes   22075 Kbits/sec   -          -            kept
    159  interval 129.48-130.89 3.75 MBytes   22310 Kbits/sec   -          -            kept
    160  interval 130.89-131.83 2.50 MBytes   22310 Kbits/sec   -          -            kept
    161  interval 131.83-132.77 2.50 MBytes   22310 Kbits/sec   -          -            kept
    162  interval 132.77-133.71 2.50 MBytes   22310 Kbits/sec   -          -            kept
    163  interval 133.71-134.66 2.50 MBytes   22075 Kbits/sec   -          -            kept
    164  interval 134.66-135.60 2.50 MBytes   22310 Kbits/sec   -          -            kept
    165  interval 135.60-136.54 2.50 MBytes   22310 Kbits/sec   -          -            kept
    166  interval 136.54-137.48 2.50 MBytes   22310 Kbits/sec   -          -            kept
    167  interval 137.48-138.89 3.75 MBytes   22310 Kbits/sec   -          -            kept
    168  interval 138.89-139.83 2.50 MBytes   22310 Kbits/sec   -          -            kept
    169  interval 139.83-140.77 2.50 MBytes   22310 Kbits/sec   -          -            kept
    170  interval 140.77-141.71 2.50 MBytes   22310 Kbits/sec   -          -            kept
    171  interval 141.71-142.65 2.50 MBytes   22310 Kbits/sec   -          -            kept
    172  interval 142.65-143.60 2.50 MBytes   22075 Kbits/sec   -          -            kept
    173  interval 143.60-144.54 2.50 MBytes   22310 Kbits/sec   -          -            kept
    174  interval 144.54-145.48 2.50 MBytes   22310 Kbits/sec   -          -            kept
    175  interval 145.48-146.89 3.75 MBytes   22310 Kbits/sec   -          -            kept
    176  interval 146.89-147.83 2.50 MBytes   22310 Kbits/sec   -          -            kept
    177  interval 147.83-148.77 2.50 MBytes   22310 Kbits/sec   -          -            kept
    178  interval 148.77-149.71 2.50 MBytes   22310 Kbits/sec   -          -            kept
    179  interval 149.71-150.66 2.50 MBytes   22075 Kbits/sec   -          -            kept
    180  interval 150.66-151.60 2.50 MBytes   22310 Kbits/sec   -          -            kept
    181  interval 151.60-152.54 2.50 MBytes   22310 Kbits/sec   -          -            kept
    182  interval 152.54-153.48 2.50 MBytes   22310 Kbits/sec   -          -            kept
    183  interval 153.48-154.89 3.75 MBytes   22310 Kbits/sec   -          -            kept
    184  interval 154.89-155.84 2.50 MBytes   22075 Kbits/sec   -          -            kept
    185  interval 155.84-156.78 2.50 MBytes   22310 Kbits/sec   -          -            kept
    186  interval 156.78-157.72 2.50 MBytes   22310 Kbits/sec   -          -            kept
    187  interval 157.72-158.66 2.50 MBytes   22310 Kbits/sec   -          -            kept
    188  interval 158.66-159.60 2.50 MBytes   22310 Kbits/sec   -          -            kept
    189  interval 159.60-160.54 2.50 MBytes   22310 Kbits/sec   -          -            kept
    190  interval 160.54-161.49 2.50 MBytes   22075 Kbits/sec   -          -            kept
    191  interval 161.49-162.90 3.75 MBytes   22310 Kbits/sec   -          -            kept
    192  interval 162.90-163.84 2.50 MBytes   22310 Kbits/sec   -          -            kept
    193  interval 163.84-164.78 2.50 MBytes   22310 Kbits/sec   -          -            kept
    194  interval 164.78-165.73 2.50 MBytes   22075 Kbits/sec   -          -            kept
    195  interval 165.73-166.67 2.50 MBytes   22310 Kbits/sec   -          -            kept
    196  interval 166.67-167.61 2.50 MBytes   22310 Kbits/sec   -          -            kept
    197  interval 167.61-168.55 2.50 MBytes   22310 Kbits/sec   -          -            kept
    198  interval 168.55-169.49 2.50 MBytes   22310 Kbits/sec   -          -            kept
    199  interval 169.49-170.91 3.75 MBytes   22153 Kbits/sec   -          -            kept
    200  interval 170.91-171.85 2.50 MBytes   22310 Kbits/sec   -          -            kept
    201  interval 171.85-172.79 2.50 MBytes   22310 Kbits/sec   -          -            kept
    202  interval 172.79-173.73 2.50 MBytes   22310 Kbits/sec   -          -            kept
    203  interval 173.73-174.67 2.50 MBytes   22310 Kbits/sec   -          -            kept
    204  interval 174.67-175.61 2.50 MBytes   22310 Kbits/sec   -          -            kept
    205  interval 175.61-176.56 2.50 MBytes   22075 Kbits/sec   -          -            kept
    206  interval 176.56-177.50 2.50 MBytes   22310 Kbits/sec   -          -            kept
    207  interval 177.50-178.91 3.75 MBytes   22310 Kbits/sec   -          -            kept
    208  interval 178.91-179.85 2.50 MBytes   22310 Kbits/sec   -          -            kept
    209  interval 179.85-180.79 2.50 MBytes   22310 Kbits/sec   -          -            kept
    210  interval 180.79-181.73 2.50 MBytes   22310 Kbits/sec   -          -            kept
    211  interval 181.73-182.64 2.44 MBytes   22530 Kbits/sec   -          -            kept
    212  interval 182.64-183.58 2.50 MBytes   22310 Kbits/sec   -          -            kept
    213  interval 183.58-184.53 2.50 MBytes   22075 Kbits/sec   -          -            kept
    214  interval 184.53-185.47 2.50 MBytes   22310 Kbits/sec   -          -            kept
    215  interval 185.47-186.88 3.75 MBytes   22310 Kbits/sec   -          -            kept
    216  interval 186.88-187.40 1.38 MBytes   22315 Kbits/sec   -          -            kept
    217  interval 187.40-188.01 1.62 MBytes   22317 Kbits/sec   -          -            kept
    218  interval 188.01-189.28 3.26 MBytes   21535 Kbits/sec   -          -            kept
    219  interval 189.28-190.69 3.75 MBytes   22310 Kbits/sec   -          -            kept
    220  interval 190.69-191.64 2.50 MBytes   22075 Kbits/sec   -          -            kept
    221  interval 191.64-192.58 2.50 MBytes   22310 Kbits/sec   -          -            kept
    222  interval 192.58-193.52 2.50 MBytes   22310 Kbits/sec   -          -            kept
    223  interval 193.52-194.93 3.75 MBytes   22310 Kbits/sec   -          -            kept
    224  interval 194.93-195.88 2.50 MBytes   22075 Kbits/sec   -          -            kept
    225  interval 195.88-196.82 2.50 MBytes   22310 Kbits/sec   -          -            kept
    226  interval 196.82-197.76 2.50 MBytes   22310 Kbits/sec   -          -            kept
    227  interval 197.76-198.70 2.50 MBytes   22310 Kbits/sec   -          -            kept
    228  interval 198.70-199.64 2.50 MBytes   22310 Kbits/sec   -          -            kept
    229  interval 199.64-200.58 2.50 MBytes   22310 Kbits/sec   -          -            kept
    230  interval 200.58-201.52 2.50 MBytes   22310 Kbits/sec   -          -            kept
    231  interval 201.52-202.94 3.75 MBytes   22153 Kbits/sec   -          -            kept
    232  interval 202.94-203.88 2.50 MBytes   22310 Kbits/sec   -          -            kept
    233  interval 203.88-204.82 2.50 MBytes   22310 Kbits/sec   -          -            kept
    234  interval 204.82-205.76 2.50 MBytes   22310 Kbits/sec   -          -            kept
    235  interval 205.76-206.70 2.50 MBytes   22310 Kbits/sec   -          -            kept
    236  interval 206.70-207.64 2.50 MBytes   22310 Kbits/sec   -          -            kept
    237  interval 207.64-208.58 2.50 MBytes   22310 Kbits/sec   -          -            kept
    238  interval 208.58-209.53 2.50 MBytes   22075 Kbits/sec   -          -            kept
    239  interval 209.53-210.47 2.50 MBytes   22310 Kbits/sec   -          -            kept
    240  interval 210.47-211.88 3.75 MBytes   22310 Kbits/sec   -          -            kept
    241  interval 211.88-212.82 2.50 MBytes   22310 Kbits/sec   -          -            kept
    242  interval 212.82-213.76 2.50 MBytes   22310 Kbits/sec   -          -            kept
    243  interval 213.76-214.71 2.50 MBytes   22075 Kbits/sec   -          -            kept
    244  interval 214.71-215.65 2.50 MBytes   22310 Kbits/sec   -          -            kept
    245  interval 215.65-216.59 2.50 MBytes   22310 Kbits/sec   -          -            kept
    246  interval 216.59-217.53 2.50 MBytes   22310 Kbits/sec   -          -            kept
    247  interval 217.53-218.47 2.50 MBytes   22310 Kbits/sec   -          -            kept
    248  interval 218.47-219.88 3.75 MBytes   22310 Kbits/sec   -          -            kept
    249  interval 219.88-220.83 2.50 MBytes   22075 Kbits/sec   -          -            kept
    250  interval 220.83-221.77 2.50 MBytes   22310 Kbits/sec   -          -            kept
    251  interval 221.77-222.71 2.50 MBytes   22310 Kbits/sec   -          -            kept
    252  interval 222.71-223.65 2.50 MBytes   22310 Kbits/sec   -          -            kept
    253  interval 223.65-224.59 2.50 MBytes   22310 Kbits/sec   -          -            kept
    254  interval 224.59-225.53 2.50 MBytes   22310 Kbits/sec   -          -            kept
    255  interval 225.53-226.48 2.50 MBytes   22075 Kbits/sec   -          -            kept
    256  interval 226.48-227.89 3.75 MBytes   22310 Kbits/sec   -          -            kept
    257  interval 227.89-228.83 2.50 MBytes   22310 Kbits/sec   -          -            kept
    258  interval 228.83-229.77 2.50 MBytes   22310 Kbits/sec   -          -            kept
    259  interval 229.77-230.71 2.50 MBytes   22310 Kbits/sec   -          -            kept
    260  interval 230.71-231.66 2.50 MBytes   22075 Kbits/sec   -          -            kept
    261  interval 231.66-232.60 2.50 MBytes   22310 Kbits/sec   -          -            kept
    262  interval 232.60-233.54 2.50 MBytes   22310 Kbits/sec   -          -            kept
    263  interval 233.54-234.48 2.50 MBytes   22310 Kbits/sec   -          -            kept
    264  interval 234.48-235.90 3.75 MBytes   22153 Kbits/sec   -          -            kept
    265  interval 235.90-236.85 2.50 MBytes   22075 Kbits/sec   -          -            kept
    266  interval 236.85-237.79 2.50 MBytes   22310 Kbits/sec   -          -            kept
    267  interval 237.79-238.73 2.50 MBytes   22310 Kbits/sec   -          -            kept
    268  interval 238.73-239.68 2.50 MBytes   22075 Kbits/sec   -          -            kept
    269  interval 239.68-240.62 2.50 MBytes   22310 Kbits/sec   -          -            kept
    270  interval 240.62-241.56 2.50 MBytes   22310 Kbits/sec   -          -            kept
    271  interval 241.56-242.51 2.50 MBytes   22075 Kbits/sec   -          -            kept
    272  interval 242.51-243.30 2.09 MBytes   22234 Kbits/sec   -          -            kept
    273  interval 243.30-244.72 3.75 MBytes   22153 Kbits/sec   -          -            kept
    274  interval 244.72-245.66 2.50 MBytes   22310 Kbits/sec   -          -            kept
    275  interval 245.66-246.61 2.50 MBytes   22075 Kbits/sec   -          -            kept
    276  interval 246.61-247.55 2.50 MBytes   22310 Kbits/sec   -          -            kept
    277  interval 247.55-248.50 2.50 MBytes   22075 Kbits/sec   -          -            kept
    278  interval 248.50-249.91 3.75 MBytes   22310 Kbits/sec   -          -            kept
    279  interval 249.91-250.86 2.50 MBytes   22075 Kbits/sec   -          -            kept
    280  interval 250.86-251.80 2.50 MBytes   22310 Kbits/sec   -          -            kept
    281  interval 251.80-252.75 2.50 MBytes   22075 Kbits/sec   -          -            kept
    282  interval 252.75-253.69 2.50 MBytes   22310 Kbits/sec   -          -            kept
    283  interval 253.69-254.63 2.50 MBytes   22310 Kbits/sec   -          -            kept
    284  interval 254.63-255.58 2.50 MBytes   22075 Kbits/sec   -          -            kept
    285  interval 255.58-256.52 2.50 MBytes   22310 Kbits/sec   -          -            kept
    286  interval 256.52-257.94 3.75 MBytes   22153 Kbits/sec   -          -            kept
    287  interval 257.94-258.88 2.50 MBytes   22310 Kbits/sec   -          -            kept
    288  interval 258.88-259.83 2.50 MBytes   22075 Kbits/sec   -          -            kept
    289  interval 259.83-260.77 2.50 MBytes   22310 Kbits/sec   -          -            kept
    290  interval 260.77-261.72 2.50 MBytes   22075 Kbits/sec   -          -            kept
    291  interval 261.72-262.66 2.50 MBytes   22310 Kbits/sec   -          -            kept
    292  interval 262.66-263.60 2.50 MBytes   22310 Kbits/sec   -          -            kept
    293  interval 263.60-264.55 2.50 MBytes   22075 Kbits/sec   -          -            kept
    294  interval 264.55-265.49 2.50 MBytes   22310 Kbits/sec   -          -            kept
    295  interval 265.49-266.91 3.75 MBytes   22153 Kbits/sec   -          -            kept
    296  interval 266.91-267.85 2.50 MBytes   22310 Kbits/sec   -          -            kept
    297  interval 267.85-268.80 2.50 MBytes   22075 Kbits/sec   -          -            kept
    298  interval 268.80-269.74 2.50 MBytes   22310 Kbits/sec   -          -            kept
    299  interval 269.74-270.69 2.50 MBytes   22075 Kbits/sec   -          -            kept
    300  interval 270.69-271.63 2.50 MBytes   22310 Kbits/sec   -          -            kept
    301  interval 271.63-272.57 2.50 MBytes   22310 Kbits/sec   -          -            kept
    302  interval 272.57-273.52 2.50 MBytes   22075 Kbits/sec   -          -            kept
    303  interval 273.52-274.94 3.75 MBytes   22153 Kbits/sec   -          -            kept
    304  interval 274.94-275.88 2.50 MBytes   22310 Kbits/sec   -          -            kept
    305  interval 275.88-276.83 2.50 MBytes   22075 Kbits/sec   -          -            kept
    306  interval 276.83-277.77 2.50 MBytes   22310 Kbits/sec   -          -            kept
    307  interval 277.77-278.72 2.50 MBytes   22075 Kbits/sec   -          -            kept
    308  interval 278.72-279.66 2.50 MBytes   22310 Kbits/sec   -          -            kept
    309  interval 279.66-280.60 2.50 MBytes   22310 Kbits/sec   -          -            kept
    310  interval 280.60-281.55 2.50 MBytes   22075 Kbits/sec   -          -            kept
    311  interval 281.55-282.49 2.50 MBytes   22310 Kbits/sec   -          -            kept
    312  interval 282.49-283.91 3.75 MBytes   22153 Kbits/sec   -          -            kept
    313  interval 283.91-284.85 2.50 MBytes   22310 Kbits/sec   -          -            kept
    314  interval 284.85-285.80 2.50 MBytes   22075 Kbits/sec   -          -            kept
    315  interval 285.80-286.74 2.50 MBytes   22310 Kbits/sec   -          -            kept
    316  interval 286.74-287.69 2.50 MBytes   22075 Kbits/sec   -          -            kept
    317  interval 287.69-288.63 2.50 MBytes   22310 Kbits/sec   -          -            kept
    318  interval 288.63-289.58 2.50 MBytes   22075 Kbits/sec   -          -            kept
    319  interval 289.58-290.52 2.50 MBytes   22310 Kbits/sec   -          -            kept
    320  interval 290.52-291.94 3.75 MBytes   22153 Kbits/sec   -          -            kept
    321  interval 291.94-292.88 2.50 MBytes   22310 Kbits/sec   -          -            kept
    322  interval 292.88-293.83 2.50 MBytes   22075 Kbits/sec   -          -            kept
    323  interval 293.83-294.77 2.50 MBytes   22310 Kbits/sec   -          -            kept
    324  interval 294.77-295.72 2.50 MBytes   22075 Kbits/sec   -          -            kept
    325  interval 295.72-296.66 2.50 MBytes   22310 Kbits/sec   -          -            kept
    326  interval 296.66-297.60 2.50 MBytes   22310 Kbits/sec   -          -            kept
    327  interval 297.60-298.55 2.50 MBytes   22075 Kbits/sec   -          -            kept
    328  interval 298.55-299.49 2.50 MBytes   22310 Kbits/sec   -          -            kept
    329  interval 299.49-300.44 2.50 MBytes   22075 Kbits/sec   -          -            kept
    332  summary    0.00-300.44 797 MBytes    22254 Kbits/sec   -          -            sender
    333  summary    0.00-300.44 0.00 Bytes    0.00 Kbits/sec    -          -            receiver: ignored
                  None: 
  PROBLEM line 27: the server was the sender in this trial (the client ran -R): iperflog reads the board's receive figure only
  FIGURE trial=1 proto=tcp source=none -- the board sent in this trial (-R)
RESULT: NOT every trial has a clean TEST_END figure (exit 1)
