pcapwin 1.3
pcap N1.pcap records 42 partial_tail_bytes 0
capture_live no
tcpdump_procs 0
prev none
window 0 42
window_end 42
frames 42
len 60:36 61:2 62:2 63:2
ethertype 0800:30 0806:12
vlan8100 0
vlan_vid -
class icmp_echo_reply 30 tagged 0 len 60:24 61:2 62:2 63:2 ipcsum_ok 30 icmpcsum_ok 30 excess 0:30
class ipv4_other 0 tagged 0 len - ipcsum_ok 0 icmpcsum_ok 0 excess -
class arp 12 tagged 0 len 60:12
class rlxfw_nic 0 tagged 0 len - content_ok 0
class other 0 tagged 0 len -
class runt 0 tagged 0 len -
excess 0:30
echo_ids 12
echo_seq 1 1-4
echo_first 1 seq 1 b10 2
echo_seq 2 1
echo_first 2 seq 1 b10 3
echo_seq 3 1-4
echo_first 3 seq 1 b10 4
echo_seq 4 1
echo_first 4 seq 1 b10 4
echo_seq 5 1-4
echo_first 5 seq 1 b10 12
echo_seq 6 1
echo_first 6 seq 1 b10 15
echo_seq 7 1-4
echo_first 7 seq 1 b10 5
echo_seq 8 1
echo_first 8 seq 1 b10 8
echo_seq 9 1-4
echo_first 9 seq 1 b10 11
echo_seq 10 1
echo_first 10 seq 1 b10 7
echo_seq 11 1-4
echo_first 11 seq 1 b10 2
echo_seq 12 1
echo_first 12 seq 1 b10 8
echo_dup 0
echo_vid -
dst host:36 bcast:6 mcast:0 other:0
truncated 0
icmp_partial 0
lenby 2:61-63
lenby 36:60
pcapwin end rc 0
