echo map 1 0 > /proc/rtl819x-spi ; cat /proc/rtl819x-spi-map
RLXFW-S-MRC=00000000
RLXFW-S-MDIFF=00000000
RLXFW-S-MH601=00000000
version rtl819x-spi 1.1
map_ran 1
map_rc 0
map_level 1
map_group 0
map_unit 4096
map_entries 32
map_hashed 122880
map_h601_skipped 8192
map_h601_hashed 0
map_diff_units 0
map_jiffies 40
hz 100
corrupt_at -1
000000 1   4096 e7d529d27ad0a31cd7d3f17ea6c3cdbbeca3ab5b37b3bbfdbe962feb9697647d
001000 1   4096 19bd9b8ee2f8a025f87450ed522b0b371e635b3c340a2ca6815735ffe026eeb3
002000 1   4096 d217ca411edb1f8787f26943f6fda8d60bb418b889f0535161db8c9bc627c197
003000 1   4096 245ecefbde63fd20f7d1567c2471ca858f8baa2507444c25e69c3538a3479e42
004000 1   4096 844748566180dbd1414f44c40fe90d76239977cec49db6f6099057bd6d60e317
005000 1   4096 11bdb47de4e73a74996d61f8c657d334138c8ee1b55bbb589c0818bd3f392aca
006000 1      0 SKIPPED
007000 1      0 SKIPPED
008000 1   4096 c18f645672fcc24c67f064ec8d61e9b60fcdd027b1325b518e8a881545e8e3ff
009000 1   4096 d41a56347970b0cb40ab459313895d2aebae274b7a3052553f9e27d1e5ff476c
00A000 1   4096 ad7facb2586fc6e966c004d7d1d16b024f5805ff7cb47c7a85dabd8b48892ca7
00B000 1   4096 ad7facb2586fc6e966c004d7d1d16b024f5805ff7cb47c7a85dabd8b48892ca7
00C000 1   4096 0ad3e2fe34745c1b400118b8b28751d044a69d7980c3a00681072392c91b3e42
00D000 1   4096 5bbdf6f72d3a185857d58a50ec95d819ad19074dea8ddb7c4a4a61cac001e742
00E000 1   4096 ad7facb2586fc6e966c004d7d1d16b024f5805ff7cb47c7a85dabd8b48892ca7
00F000 1   4096 ad7facb2586fc6e966c004d7d1d16b024f5805ff7cb47c7a85dabd8b48892ca7
010000 1   4096 e7335bc08de18174ed3aeae6cbc19578febd9d8eeee690125c0478bfe67c148e
011000 1   4096 f8539afe7307cbfd3305091c7f951cca814c2d76262d6bd1199a686166eb314e
012000 1   4096 6082b580213e7671ff702594df46ed573b3fd9124b0b124e1b1a0138deb85dba
013000 1   4096 9722a423ad95007bd3e0457d795bb4db7f106e60e621049197053bb33dc60cdc
014000 1   4096 f1c63a91aae645466e21fde0db6dad051bc10e901a17d2b5437adf2c941e8fe6
015000 1   4096 a7447adfd0e1936e9c2d0234deb12a310b625bbc2c042143d03e25caaa847242
016000 1   4096 bcf68a3b2cd6d088a6768812f1a12499ab05b4fed92330d67c986aeff768aad3
017000 1   4096 84124d94eb85ede7ea759369925b99259b705081ccec542f06ff563c5cacbe6d
018000 1   4096 e12adf3e20a2e1e5200834ae17f9ec228eebfa515b37be60d301a526a417d3af
019000 1   4096 09116ceb3609b5d7936b10e353b3e661bbd70c6fbc6a4cd55952796f9cc6a826
01A000 1   4096 f61d65985f49d4b60090e0a2b34b7c21e84f3a37e59a2707fb479a468b976f70
01B000 1   4096 7f4b49054e51626c2a709313484d1255a69b9bf9db017a7d100053bc19e9f54a
01C000 1   4096 15f8067880f85f6418addaa1dc1f5b51e47d077be92b4f137a3321ab5f75a421
01D000 1   4096 1a1fd7d220400e04be68b0930f19a60a2f083d9ad4eeaf54be9520d4a6bda38b
01E000 1   4096 53e5767ea8529657ef2c57ee7086315d882c9b5e42e0873e0a4cd76d9343933e
01F000 1   4096 f645a54d255128f683e68c456162b0415b2c11a6fd5f2805fc47ac5760b03480
map_truncated 0
map_lines 32
# 