sleep 2 ; cat /proc/rtl819x-nic /proc/net/snmp /proc/net/arp /proc/rtl865x/asi
cCounter /proc/rtl819x-nic
version rtl819x<Port: 0>
-Rx counters
n   Rcv 0 bytes, Drop 0 pkts,etherStatsDropEvents 0
i   CRCAlignErr 0, SymbolErr 0, FragErr 0, JabberErr 0
c   Unicast 0 pkts, Multicast 0 pkts, Broadcast 0 pkts
    < 64: 0 pkts, 64: 0 pkts, 65 -127: 0 pkts, 128 -255: 0 pkts
1   256 - 511: 0 pkts, 512 - 1023: 0 pkts, 1024 - 1518: 0 pkts
.   oversize: 0 pkts, Control unknown 0 pkts, Pause 0 pkts
5Output counters
   Snd 0 bytes, Unicast 0 pkts, Multicast 0 pkts

   Broadcast 0 pkts, Late collision 0, Deferred transmission 0 
u   Collisions 0 Single collision 0 Multiple collision 0 pause 0
n<Port: 1>
lRx counters
o   Rcv 0 bytes, Drop 0 pkts,etherStatsDropEvents 0
c   CRCAlignErr 0, SymbolErr 0, FragErr 0, JabberErr 0
k   Unicast 0 pkts, Multicast 0 pkts, Broadcast 0 pkts
e   < 64: 0 pkts, 64: 0 pkts, 65 -127: 0 pkts, 128 -255: 0 pkts
d   256 - 511: 0 pkts, 512 - 1023: 0 pkts, 1024 - 1518: 0 pkts
    oversize: 0 pkts, Control unknown 0 pkts, Pause 0 pkts
1Output counters
   Snd 0 bytes, Unicast 0 pkts, Multicast 0 pkts

   Broadcast 0 pkts, Late collision 0, Deferred transmission 0 
a   Collisions 0 Single collision 0 Multiple collision 0 pause 0
l<Port: 2>
lRx counters
o   Rcv 0 bytes, Drop 0 pkts,etherStatsDropEvents 0
c   CRCAlignErr 0, SymbolErr 0, FragErr 0, JabberErr 0
a   Unicast 0 pkts, Multicast 0 pkts, Broadcast 0 pkts
t   < 64: 0 pkts, 64: 0 pkts, 65 -127: 0 pkts, 128 -255: 0 pkts
e   256 - 511: 0 pkts, 512 - 1023: 0 pkts, 1024 - 1518: 0 pkts
d   oversize: 0 pkts, Control unknown 0 pkts, Pause 0 pkts
 Output counters
1   Snd 0 bytes, Unicast 0 pkts, Multicast 0 pkts
   Broadcast 0 pkts, Late collision 0, Deferred transmission 0 

   Collisions 0 Single collision 0 Multiple collision 0 pause 0
a<Port: 3>
rRx counters
m   Rcv 3988 bytes, Drop 0 pkts,etherStatsDropEvents 0
e   CRCAlignErr 0, SymbolErr 0, FragErr 0, JabberErr 0
d   Unicast 58 pkts, Multicast 0 pkts, Broadcast 4 pkts
    < 64: 0 pkts, 64: 42 pkts, 65 -127: 20 pkts, 128 -255: 0 pkts
1   256 - 511: 0 pkts, 512 - 1023: 0 pkts, 1024 - 1518: 0 pkts
   oversize: 0 pkts, Control unknown 0 pkts, Pause 0 pkts

Output counters
e   Snd 3988 bytes, Unicast 62 pkts, Multicast 0 pkts
n   Broadcast 0 pkts, Late collision 0, Deferred transmission 0 
g   Collisions 0 Single collision 0 Multiple collision 0 pause 0
i<Port: 4>
nRx counters
e   Rcv 0 bytes, Drop 0 pkts,etherStatsDropEvents 0
_   CRCAlignErr 0, SymbolErr 0, FragErr 0, JabberErr 0
o   Unicast 0 pkts, Multicast 0 pkts, Broadcast 0 pkts
n   < 64: 0 pkts, 64: 0 pkts, 65 -127: 0 pkts, 128 -255: 0 pkts
    256 - 511: 0 pkts, 512 - 1023: 0 pkts, 1024 - 1518: 0 pkts
1   oversize: 0 pkts, Control unknown 0 pkts, Pause 0 pkts
Output counters

   Snd 0 bytes, Unicast 0 pkts, Multicast 0 pkts
i   Broadcast 0 pkts, Late collision 0, Deferred transmission 0 
r   Collisions 0 Single collision 0 Multiple collision 0 pause 0
q<Port: 5>
_Rx counters
t   Rcv 0 bytes, Drop 0 pkts,etherStatsDropEvents 0
a   CRCAlignErr 0, SymbolErr 0, FragErr 0, JabberErr 0
k   Unicast 0 pkts, Multicast 0 pkts, Broadcast 0 pkts
e   < 64: 0 pkts, 64: 0 pkts, 65 -127: 0 pkts, 128 -255: 0 pkts
n   256 - 511: 0 pkts, 512 - 1023: 0 pkts, 1024 - 1518: 0 pkts
    oversize: 0 pkts, Control unknown 0 pkts, Pause 0 pkts
1Output counters
   Snd 0 bytes, Unicast 0 pkts, Multicast 0 pkts

   Broadcast 0 pkts, Late collision 0, Deferred transmission 0 
i   Collisions 0 Single collision 0 Multiple collision 0 pause 0
r<CPU port (extension port included)>
qRx counters
_   Rcv 0 bytes, Drop 0 pkts,etherStatsDropEvents 0
r   CRCAlignErr 62, SymbolErr 0, FragErr 0, JabberErr 0
c   Unicast 0 pkts, Multicast 0 pkts, Broadcast 0 pkts
    < 64: 0 pkts, 64: 42 pkts, 65 -127: 20 pkts, 128 -255: 0 pkts
0   256 - 511: 0 pkts, 512 - 1023: 0 pkts, 1024 - 1518: 0 pkts
   oversize: 0 pkts, Control unknown 0 pkts, Pause 0 pkts

Output counters
n   Snd 3988 bytes, Unicast 58 pkts, Multicast 0 pkts
_   Broadcast 4 pkts, Late collision 0, Deferred transmission 0 
r   Collisions 0 Single collision 0 Multiple collision 0 pause 0
e<Whole system counters>
a   CpuEvent 0 pkts
ds 339
n_writes 62
n_refused 0
n_irq 124
n_irq_spurious 0
n_tx 62
n_rx 62
n_rx_empty 0
n_poll 0
n_poll_masked 0
last_iisr 00003206
seen_iisr 0000320E
nd_alloc 1
nd_registered 1
nd_up 1
nd_name rlx0
n_napi_poll 62
n_napi_complete 62
n_xmit 62
n_xmit_busy 0
tx_mode 0
n_tx_full 0
n_tx_retry 0
tx_retry_max_seen 0
n_tx_recovered 0
n_tx_drop_full 0
n_xmit_ctx 0/62/0
n_skb_fail 0
n_tx_stop 0
n_tx_wake 0
n_tx_wake_race 0
n_tx_timeout 0
tx_stopped 0
nd_stats rx 62/3740 tx 62/3740 drop 0/0
boot_icr 00000000
boot_iimr 00000000
boot_iisr 00000000
boot_rpdcr0 00000000
boot_rmdcr0 00000000
boot_tpdcr0 00000000
now_icr C4000000
now_iimr 007E0FFE
now_iisr 00000000
rpdcr0_pos A15A8014
rmdcr0_pos A15A8034
tpdcr0_pos A15A8044
tpdcr1_pos 00000000
tpdcr2_pos 00000000
tpdcr3_pos 00000000
n_arm_flush 0
iimr_base 007E0FFE
iimr_ladder 007E0FFE
recov_mode 1
recov_ms 1000
recov_jiffies 100
n_recov_arm 0
n_recov_fire 0
n_recov_spurious 0
n_recov_ok 0
n_recov_fail 0
n_recov_wake 0
recov_rc 0 0 0
recov_j_arm 0
recov_j_fire 0
ph_follow 1
n_ph_chk 62
n_ph_diff 0
n_ph_bad 0
n_ph_used 0
ph_first_w0 00000000
ph_first_exp 00000000
ph_first_nrx 0
ph_agree 62
ph_last A15A8170
ph_last_j 4
ph_last_bf 00000000
ph_last_cls 0
tx_rings 1
n_et_link 0
et_link_last FFFFFFFF
ph_test_cls -1
ph_test_j 0
ph_test_seen 0
j_now 4294954574
n_dsync_chk 62
n_dsync 0
dsync_last_d 0
dsync_first_d 0
dsync_first_rp 00000000
dsync_first_rm 00000000
dsync_first_nrx 0
dsync_test_d 0
dsync_test_seen 0
rx_ring A15A8000
mb_ring A15A8020
tx_ring A15A8040
bufs A15A8290
rx_ph A15A8050
rx_mb A15A8110
tx_ph A15A81D0
tx_mb A15A8230
idle_ring A15AE290
rx_idx 5
tx_idx 1
rxd0 A15A8051 len 0 f 8063 pl 03
rxd1 A15A8069 len 0 f 8063 pl 03
rxd2 A15A8081 len 0 f 8063 pl 03
rxd3 A15A8099 len 0 f 8063 pl 03
rxd4 A15A80B1 len 0 f 8063 pl 03
rxd5 A15A80C9 len 0 f 8063 pl 03
rxd6 A15A80E1 len 0 f 8063 pl 03
rxd7 A15A80FB len 0 f 8063 pl 03
txd0 A15A81D0 len 64
txd1 A15A81E8 len 64
txd2 A15A8200 len 64
txd3 A15A821A len 64
mbd0 A15A8111 ph A15A8110 ml 0
mbd1 A15A8129 ph A15A8128 ml 0
mbd2 A15A8141 ph A15A8140 ml 0
mbd3 A15A8159 ph A15A8158 ml 0
mbd4 A15A8171 ph A15A8170 ml 0
mbd5 A15A8189 ph A15A8188 ml 0
mbd6 A15A81A1 ph A15A81A0 ml 0
mbd7 A15A81BB ph A15A81B8 ml 0
tx15 txlen vendor txoff 2 txrb 0 dirty 0 p15 1
rx_len 0
rx_ph1 00400411
rx_ph3 80630003
rx_ph4 00090000
Ip: Forwarding DefaultTTL InReceives InHdrErrors InAddrErrors ForwDatagrams InUnknownProtos InDiscards InDelivers OutRequests OutDiscards OutNoRoutes ReasmTimeout ReasmReqds ReasmOKs ReasmFails FragOKs FragFails FragCreates
Ip: 2 64 56 0 0 0 0 0 56 56 0 0 0 0 0 0 0 0 0
Icmp: InMsgs InErrors InDestUnreachs InTimeExcds InParmProbs InSrcQuenchs InRedirects InEchos InEchoReps InTimestamps InTimestampReps InAddrMasks InAddrMaskReps OutMsgs OutErrors OutDestUnreachs OutTimeExcds OutParmProbs OutSrcQuenchs OutRedirects OutEchos OutEchoReps OutTimestamps OutTimestampReps OutAddrMasks OutAddrMaskReps
Icmp: 56 0 0 0 0 0 0 56 0 0 0 0 0 56 0 0 0 0 0 0 0 56 0 0 0 0
IcmpMsg: InType8 OutType0
IcmpMsg: 56 56
Tcp: RtoAlgorithm RtoMin RtoMax MaxConn ActiveOpens PassiveOpens AttemptFails EstabResets CurrEstab InSegs OutSegs RetransSegs InErrs OutRsts
Tcp: 1 200 120000 -1 0 0 0 0 0 0 0 0 0 0
Udp: InDatagrams NoPorts InErrors OutDatagrams RcvbufErrors SndbufErrors
Udp: 0 0 0 0 0 0
UdpLite: InDatagrams NoPorts InErrors OutDatagrams RcvbufErrors SndbufErrors
UdpLite: 0 0 0 0 0 0
IP address       HW type     Flags       HW address            Mask     Device
10.1.1.2         0x1         0x2         fc:19:28:61:84:c9     *        rlx0
version rtl819x-nic 1.5
unlocked 1
allocated 1
armed 1
engine_on 1
irq_taken 1
irq_rc 0
n_reads 357
n_writes 62
n_refused 0
n_irq 124
n_irq_spurious 0
n_tx 62
n_rx 62
n_rx_empty 0
n_poll 0
n_poll_masked 0
last_iisr 00003206
seen_iisr 0000320E
nd_alloc 1
nd_registered 1
nd_up 1
nd_name rlx0
n_napi_poll 62
n_napi_complete 62
n_xmit 62
n_xmit_busy 0
tx_mode 0
n_tx_full 0
n_tx_retry 0
tx_retry_max_seen 0
n_tx_recovered 0
n_tx_drop_full 0
n_xmit_ctx 0/62/0
n_skb_fail 0
n_tx_stop 0
n_tx_wake 0
n_tx_wake_race 0
n_tx_timeout 0
tx_stopped 0
nd_stats rx 62/3740 tx 62/3740 drop 0/0
boot_icr 00000000
boot_iimr 00000000
boot_iisr 00000000
boot_rpdcr0 00000000
boot_rmdcr0 00000000
boot_tpdcr0 00000000
now_icr C4000000
now_iimr 007E0FFE
now_iisr 00000000
rpdcr0_pos A15A8014
rmdcr0_pos A15A8034
tpdcr0_pos A15A8044
tpdcr1_pos 00000000
tpdcr2_pos 00000000
tpdcr3_pos 00000000
n_arm_flush 0
iimr_base 007E0FFE
iimr_ladder 007E0FFE
recov_mode 1
recov_ms 1000
recov_jiffies 100
n_recov_arm 0
n_recov_fire 0
n_recov_spurious 0
n_recov_ok 0
n_recov_fail 0
n_recov_wake 0
recov_rc 0 0 0
recov_j_arm 0
recov_j_fire 0
ph_follow 1
n_ph_chk 62
n_ph_diff 0
n_ph_bad 0
n_ph_used 0
ph_first_w0 00000000
ph_first_exp 00000000
ph_first_nrx 0
ph_agree 62
ph_last A15A8170
ph_last_j 4
ph_last_bf 00000000
ph_last_cls 0
tx_rings 1
n_et_link 0
et_link_last FFFFFFFF
ph_test_cls -1
ph_test_j 0
ph_test_seen 0
j_now 4294954580
n_dsync_chk 62
n_dsync 0
dsync_last_d 0
dsync_first_d 0
dsync_first_rp 00000000
dsync_first_rm 00000000
dsync_first_nrx 0
dsync_test_d 0
dsync_test_seen 0
rx_ring A15A8000
mb_ring A15A8020
tx_ring A15A8040
bufs A15A8290
rx_ph A15A8050
rx_mb A15A8110
tx_ph A15A81D0
tx_mb A15A8230
idle_ring A15AE290
rx_idx 5
tx_idx 1
rxd0 A15A8051 len 0 f 8063 pl 03
rxd1 A15A8069 len 0 f 8063 pl 03
rxd2 A15A8081 len 0 f 8063 pl 03
rxd3 A15A8099 len 0 f 8063 pl 03
rxd4 A15A80B1 len 0 f 8063 pl 03
rxd5 A15A80C9 len 0 f 8063 pl 03
rxd6 A15A80E1 len 0 f 8063 pl 03
rxd7 A15A80FB len 0 f 8063 pl 03
txd0 A15A81D0 len 64
txd1 A15A81E8 len 64
txd2 A15A8200 len 64
txd3 A15A821A len 64
mbd0 A15A8111 ph A15A8110 ml 0
mbd1 A15A8129 ph A15A8128 ml 0
mbd2 A15A8141 ph A15A8140 ml 0
mbd3 A15A8159 ph A15A8158 ml 0
mbd4 A15A8171 ph A15A8170 ml 0
mbd5 A15A8189 ph A15A8188 ml 0
mbd6 A15A81A1 ph A15A81A0 ml 0
mbd7 A15A81BB ph A15A81B8 ml 0
tx15 txlen vendor txoff 2 txrb 0 dirty 0 p15 1
rx_len 0
rx_ph1 00400411
rx_ph3 80630003
rx_ph4 00090000
# 