/sys/class/net/enxfc19286184c9/statistics/collisions:0
/sys/class/net/enxfc19286184c9/statistics/multicast:0
/sys/class/net/enxfc19286184c9/statistics/rx_bytes:1381890
/sys/class/net/enxfc19286184c9/statistics/rx_compressed:0
/sys/class/net/enxfc19286184c9/statistics/rx_crc_errors:0
/sys/class/net/enxfc19286184c9/statistics/rx_dropped:0
/sys/class/net/enxfc19286184c9/statistics/rx_errors:0
/sys/class/net/enxfc19286184c9/statistics/rx_fifo_errors:0
/sys/class/net/enxfc19286184c9/statistics/rx_frame_errors:0
/sys/class/net/enxfc19286184c9/statistics/rx_length_errors:0
/sys/class/net/enxfc19286184c9/statistics/rx_missed_errors:0
/sys/class/net/enxfc19286184c9/statistics/rx_nohandler:0
/sys/class/net/enxfc19286184c9/statistics/rx_over_errors:0
/sys/class/net/enxfc19286184c9/statistics/rx_packets:27835
/sys/class/net/enxfc19286184c9/statistics/tx_aborted_errors:0
/sys/class/net/enxfc19286184c9/statistics/tx_bytes:15450924
/sys/class/net/enxfc19286184c9/statistics/tx_carrier_errors:0
/sys/class/net/enxfc19286184c9/statistics/tx_compressed:0
/sys/class/net/enxfc19286184c9/statistics/tx_dropped:0
/sys/class/net/enxfc19286184c9/statistics/tx_errors:0
/sys/class/net/enxfc19286184c9/statistics/tx_fifo_errors:0
/sys/class/net/enxfc19286184c9/statistics/tx_heartbeat_errors:0
/sys/class/net/enxfc19286184c9/statistics/tx_packets:27945
/sys/class/net/enxfc19286184c9/statistics/tx_window_errors:0
Ip: Forwarding DefaultTTL InReceives InHdrErrors InAddrErrors ForwDatagrams InUnknownProtos InDiscards InDelivers OutRequests OutDiscards OutNoRoutes ReasmTimeout ReasmReqds ReasmOKs ReasmFails FragOKs FragFails FragCreates OutTransmits
Ip: 2 64 3273105 0 0 0 0 0 3272608 3262824 0 0 0 0 0 0 0 0 0 3262824
Icmp: InMsgs InErrors InCsumErrors InDestUnreachs InTimeExcds InParmProbs InSrcQuenchs InRedirects InEchos InEchoReps InTimestamps InTimestampReps InAddrMasks InAddrMaskReps OutMsgs OutErrors OutRateLimitGlobal OutRateLimitHost OutDestUnreachs OutTimeExcds OutParmProbs OutSrcQuenchs OutRedirects OutEchos OutEchoReps OutTimestamps OutTimestampReps OutAddrMasks OutAddrMaskReps
Icmp: 297 0 0 1 0 0 0 0 40 256 0 0 0 0 311 0 0 0 1 0 0 0 0 270 40 0 0 0 0
IcmpMsg: InType0 InType3 InType8 OutType0 OutType3 OutType8
IcmpMsg: 256 1 40 40 1 270
Tcp: RtoAlgorithm RtoMin RtoMax MaxConn ActiveOpens PassiveOpens AttemptFails EstabResets CurrEstab InSegs OutSegs RetransSegs InErrs OutRsts InCsumErrors
Tcp: 1 200 120000 -1 14 0 0 0 2 3243951 3235120 35 0 15 0
Udp: InDatagrams NoPorts InErrors OutDatagrams RcvbufErrors SndbufErrors InCsumErrors IgnoredMulti MemErrors
Udp: 28204 0 0 28205 0 0 0 156 0
UdpLite: InDatagrams NoPorts InErrors OutDatagrams RcvbufErrors SndbufErrors InCsumErrors IgnoredMulti MemErrors
UdpLite: 0 0 0 0 0 0 0 0 0
3: enxfc19286184c9: <BROADCAST,MULTICAST,UP,LOWER_UP> mtu 1500 qdisc fq_codel state UP mode DEFAULT group default qlen 1000
    RX:  bytes packets errors dropped  missed   mcast           
       1381890   27835      0       0       0       0 
    RX errors:  length    crc   frame    fifo overrun
                     0      0       0       0       0 
    TX:  bytes packets errors dropped carrier collsns           
      15450924   27945      0       0       0       0 
    TX errors: aborted   fifo  window heartbt transns
                     0      0       0       0      82 
REACHABLE
