echo pread 1 1 19 | cat > /proc/rtl819x-mdio ; echo pread 2 1 19 | cat > /proc
/rtl819x-mdio ; cat /proc/rtl819x-mdio
RLXFW-MD3=00010113
RLXFW-MD3=00020113
version rtl819x-switch 1.3
unlocked 1
bus 1 reg_rc 0
bound 10000
mdio_rd 182
mdio_wr 36
mdio_to 0 busy 0 retry 0
refused 0 wr_refused 0 again 0
spin 218 19 40
hi_or 00000000
dirty 0
scanned 0000001F j 10467
phy0 id 001CC880 rc 0 xrc 0 drv 0 att 0
phy1 id 001CC880 rc 0 xrc 0 drv 0 att 0
phy2 id 001CC880 rc 0 xrc 0 drv 0 att 0
phy3 id 001CC880 rc 0 xrc 0 drv 0 att 0
phy4 id 001CC880 rc 0 xrc 0 drv 0 att 0
pr a0 p1 r16 v 37120 p0 0 ps 1 p1 0 rs 0 rt 0 rc 0 psrp 000010E0 000010E0
pr a1 p1 r16 v 37120 p0 0 ps 1 p1 0 rs 0 rt 0 rc 0 psrp 000010E0 000010E0
pr a2 p1 r16 v 37120 p0 0 ps 1 p1 0 rs 0 rt 0 rc 0 psrp 000010E0 000010E0
pr a3 p1 r16 v 37120 p0 0 ps 1 p1 0 rs 0 rt 0 rc 0 psrp 000010F9 000010F9
pr a4 p1 r16 v 37120 p0 0 ps 1 p1 0 rs 0 rt 0 rc 0 psrp 000010E0 000010E0
pr a0 p1 r19 v 29569 p0 0 ps 1 p1 0 rs 0 rt 0 rc 0 psrp 000010E0 000010E0
pr a1 p1 r19 v 29569 p0 0 ps 1 p1 0 rs 0 rt 0 rc 0 psrp 000010E0 000010E0
pr a2 p1 r19 v 29569 p0 0 ps 1 p1 0 rs 0 rt 0 rc 0 psrp 000010E0 000010E0
a00 3100 78C9 001C C880 0DE1 0001 hi 0000 psrp 000010E0 n 2
a01 3100 78C9 001C C880 0DE1 0001 hi 0000 psrp 000010E0 n 2
a02 3100 78C9 001C C880 0DE1 0001 hi 0000 psrp 000010E0 n 2
a03 3100 78ED 001C C880 0DE1 CDE1 hi 0000 psrp 000010F9 n 2
a04 3100 78C9 001C C880 0DE1 0001 hi 0000 psrp 000010E0 n 2
jiffies 11388
# 