echo peek 0xBB804400 14 | cat > /proc/rtl819x-view ; cat /proc/rtl819x-view
version rtl819x-view 1.0
admit 298
last peek j 9214 rc 0
n_mib 3 n_tbl 2 n_peek 35 refused 0 busy 0 ld 1228
ref 00000000 none
peek BB804400 n 14
a BB804400 00000000
a BB804404 00000000
a BB804408 00000000
a BB80440C 00000000
a BB804410 00000001
a BB804414 00000000
a BB804418 00080000
a BB80441C 00000200
a BB804420 07FAC688
a BB804424 00000000
a BB804428 00000000
a BB80442C 00000000
a BB804430 00000000
a BB804434 00000000
jiffies 9215
# 