echo peek 0xB8010000 15 | cat > /proc/rtl819x-view ; cat /proc/rtl819x-view
version rtl819x-view 1.0
admit 298
last peek j 9345 rc 0
n_mib 3 n_tbl 2 n_peek 39 refused 0 busy 0 ld 1255
ref 00000000 none
peek B8010000 n 15
a B8010000 00000000
a B8010004 00000000
a B8010008 00000000
a B801000C 00000000
a B8010010 00000000
a B8010014 00000000
a B8010018 00000000
a B801001C 00000000
a B8010020 00000000
a B8010024 00000000
a B8010028 00000000
a B801002C 80000000
a B8010030 00000000
a B8010034 00000000
a B8010038 00000000
jiffies 9346
# 