echo tbl vlan | cat > /proc/rtl819x-view ; cat /proc/rtl819x-view
version rtl819x-view 1.0
admit 298
last vlan j 9475 rc 0
n_mib 3 n_tbl 3 n_peek 42 refused 0 busy 0 ld 1539
ref 00000000 none
tbl vlan base BB060000 slots 16 words 8 polls 16
s00 t1 eq 00000000 00000000 00000000 00000000 00000000 00000000 00000000 00000000
s01 t1 eq 00000000 00000000 00000000 00000000 00000000 00000000 00000000 00000000
s02 t1 eq 00000000 00000000 00000000 00000000 00000000 00000000 00000000 00000000
s03 t1 eq 00000000 00000000 00000000 00000000 00000000 00000000 00000000 00000000
s04 t1 eq 00000000 00000000 00000000 00000000 00000000 00000000 00000000 00000000
s05 t1 eq 00000000 00000000 00000000 00000000 00000000 00000000 00000000 00000000
s06 t1 eq 00000000 00000000 00000000 00000000 00000000 00000000 00000000 00000000
s07 t1 eq 00000000 00000000 00000000 00000000 00000000 00000000 00000000 00000000
s08 t1 eq 00000000 00000000 00000000 00000000 00000000 00000000 00000000 00000000
s09 t1 eq 00000000 00000000 00000000 00000000 00000000 00000000 00000000 00000000
s10 t1 eq 00000000 00000000 00000000 00000000 00000000 00000000 00000000 00000000
s11 t1 eq 00000000 00000000 00000000 00000000 00000000 00000000 00000000 00000000
s12 t1 eq 00000000 00000000 00000000 00000000 00000000 00000000 00000000 00000000
s13 t1 eq 00000000 00000000 00000000 00000000 00000000 00000000 00000000 00000000
s14 t1 eq 00000000 00000000 00000000 00000000 00000000 00000000 00000000 00000000
s15 t1 eq 00000000 00000000 00000000 00000000 00000000 00000000 00000000 00000000
jiffies 9476
# 