echo scan 0 4 | cat > /proc/rtl819x-mdio ; cat /proc/rtl819x-mdio
RLXFW-MD2=00000400
version rtl819x-switch 1.3
unlocked 1
bus 1 reg_rc 0
bound 10000
mdio_rd 40
mdio_wr 0
mdio_to 0 busy 0 retry 0
refused 0 wr_refused 0 again 0
spin 40 20 40
hi_or 00000000
dirty 0
scanned 0000001F j 4294944889
phy0 id 001CC880 rc 0 xrc 0 drv 0 att 0
phy1 id 001CC880 rc 0 xrc 0 drv 0 att 0
phy2 id 001CC880 rc 0 xrc 0 drv 0 att 0
phy3 id 001CC880 rc 0 xrc 0 drv 0 att 0
phy4 id 001CC880 rc 0 xrc 0 drv 0 att 0
a00 1100 78C9 001C C880 0DE1 0001 hi 0000 psrp 000000E0 n 1
a01 1100 78C9 001C C880 0DE1 0001 hi 0000 psrp 000000E0 n 1
a02 1100 78C9 001C C880 0DE1 0001 hi 0000 psrp 000000E0 n 1
a03 1100 78ED 001C C880 0DE1 CDE1 hi 0000 psrp 000000F9 n 1
a04 1100 78C9 001C C880 0DE1 0001 hi 0000 psrp 000000E0 n 1
jiffies 4294944891
# 