echo peek 0xBB804400 14 | cat > /proc/rtl819x-view ; cat /proc/rtl819x-view
version rtl819x-view 1.0
admit 298
last peek j 4294941843 rc 0
n_mib 2 n_tbl 0 n_peek 9 refused 0 busy 0 ld 492
ref 00000000 none
peek BB804400 n 14
a BB804400 00000002
a BB804404 00000000
a BB804408 00000000
a BB80440C 000505F2
a BB804410 00000011
a BB804414 00000000
a BB804418 00097DE0
a BB80441C 00000E00
a BB804420 00001000
a BB804424 0FBF7EFD
a BB804428 00000009
a BB80442C 00000000
a BB804430 00000000
a BB804434 00000000
jiffies 4294941844
# 