cat /proc/rtl819x-nic
version rtl819x-nic 1.6
unlocked 0
allocated 0
armed 0
engine_on 0
irq_taken 0
irq_rc -1
n_reads 6
n_writes 0
n_refused 0
n_irq 0
n_irq_spurious 0
n_tx 0
n_rx 0
n_rx_empty 0
n_poll 0
n_poll_masked 0
last_iisr 00000000
seen_iisr 00000000
nd_alloc 1
nd_registered 0
nd_up 0
nd_name rlx%d
n_napi_poll 0
n_napi_complete 0
n_xmit 0
n_xmit_busy 0
tx_mode 0
n_tx_full 0
n_tx_retry 0
tx_retry_max_seen 0
n_tx_recovered 0
n_tx_drop_full 0
n_xmit_ctx 0/0/0
n_skb_fail 0
n_tx_stop 0
n_tx_wake 0
n_tx_wake_race 0
n_tx_timeout 0
tx_stopped 0
nd_stats rx 0/0 tx 0/0 drop 0/0
boot_icr 04000000
boot_iimr 00000000
boot_iisr 00000000
boot_rpdcr0 A040FC70
boot_rmdcr0 A040FCD0
boot_tpdcr0 A040FC88
now_icr 04000000
now_iimr 00000000
now_iisr 00000000
rpdcr0_pos A040FC70
rmdcr0_pos A040FCD0
tpdcr0_pos A040FC88
tpdcr1_pos A040FCA0
tpdcr2_pos A040FCB0
tpdcr3_pos A040FCC0
n_arm_flush 0
iimr_base 007E0FFE
iimr_ladder 007E0FFE
recov_mode 1
recov_ms 1000
recov_jiffies 100
n_recov_arm 0
n_recov_fire 0
n_recov_spurious 0
n_recov_ok 0
n_recov_fail 0
n_recov_wake 0
recov_rc 0 0 0
recov_j_arm 0
recov_j_fire 0
ph_follow 1
n_ph_chk 0
n_ph_diff 0
n_ph_bad 0
n_ph_used 0
ph_first_w0 00000000
ph_first_exp 00000000
ph_first_nrx 0
ph_agree 0
ph_last 00000000
ph_last_j 0
ph_last_bf 00000000
ph_last_cls -1
tx_rings 1
n_et_link 0
et_link_last FFFFFFFF
ph_test_cls -1
ph_test_j 0
ph_test_seen 0
j_now 4294940340
n_dsync_chk 0
n_dsync 0
dsync_last_d 0
dsync_first_d 0
dsync_first_rp 00000000
dsync_first_rm 00000000
dsync_first_nrx 0
dsync_test_d 0
dsync_test_seen 0
tx15 txlen vendor txoff 2 txrb 0 dirty 0 p15 1
rx_len 0
rx_ph1 00000000
rx_ph3 00000000
rx_ph4 00000000

# 