echo peek 0xB8010000 15 > /proc/rtl819x-view ; cat /proc/rtl819x-view
version rtl819x-view 1.0
admit 298
last peek j 5160 rc 0
n_mib 3 n_tbl 2 n_peek 9 refused 0 busy 0 ld 1171
ref 00000000 none
peek B8010000 n 15
a B8010000 C4000000
a B8010004 A1570018
a B8010008 00000000
a B801000C 00000000
a B8010010 00000000
a B8010014 00000000
a B8010018 00000000
a B801001C A1570038
a B8010020 A1570040
a B8010024 00000000
a B8010028 007E0FFE
a B801002C 00000000
a B8010030 00000000
a B8010034 00000000
a B8010038 00000000
jiffies 5161
# 