cat /proc/rtl819x-nic
version rtl819x-nic 1.6
unlocked 1
allocated 1
armed 1
engine_on 1
irq_taken 1
irq_rc 0
n_reads 17502
n_writes 53880
n_refused 0
n_irq 569
n_irq_spurious 0
n_tx 6103
n_rx 283
n_rx_empty 0
n_poll 0
n_poll_masked 0
last_iisr 00003206
seen_iisr 0000320E
nd_alloc 1
nd_registered 1
nd_up 1
nd_name rlx0
n_napi_poll 283
n_napi_complete 283
n_xmit 283
n_xmit_busy 0
tx_mode 0
n_tx_full 0
n_tx_retry 0
tx_retry_max_seen 0
n_tx_recovered 0
n_tx_drop_full 0
n_xmit_ctx 0/283/0
n_skb_fail 0
n_tx_stop 0
n_tx_wake 0
n_tx_wake_race 0
n_tx_timeout 0
tx_stopped 0
nd_stats rx 283/146020 tx 283/146020 drop 0/0
boot_icr 00000000
boot_iimr 00000000
boot_iisr 00000000
boot_rpdcr0 00000000
boot_rmdcr0 00000000
boot_tpdcr0 00000000
now_icr C4000000
now_iimr 007E0FFE
now_iisr 00000000
rpdcr0_pos A15C0014
rmdcr0_pos A15C0034
tpdcr0_pos A15C0044
tpdcr1_pos 00000000
tpdcr2_pos 00000000
tpdcr3_pos 00000000
n_arm_flush 0
iimr_base 007E0FFE
iimr_ladder 007E0FFE
recov_mode 1
recov_ms 1000
recov_jiffies 100
n_recov_arm 0
n_recov_fire 0
n_recov_spurious 0
n_recov_ok 0
n_recov_fail 0
n_recov_wake 0
recov_rc 0 0 0
recov_j_arm 0
recov_j_fire 0
ph_follow 1
n_ph_chk 283
n_ph_diff 0
n_ph_bad 0
n_ph_used 0
ph_first_w0 00000000
ph_first_exp 00000000
ph_first_nrx 0
ph_agree 283
ph_last A15C0170
ph_last_j 4
ph_last_bf 00000000
ph_last_cls 0
tx_rings 1
n_et_link 0
et_link_last FFFFFFFF
ph_test_cls -1
ph_test_j 0
ph_test_seen 0
j_now 4294961447
n_dsync_chk 283
n_dsync 0
dsync_last_d 0
dsync_first_d 0
dsync_first_rp 00000000
dsync_first_rm 00000000
dsync_first_nrx 0
dsync_test_d 0
dsync_test_seen 0
rx_ring A15C0000
mb_ring A15C0020
tx_ring A15C0040
bufs A15C0290
rx_ph A15C0050
rx_mb A15C0110
tx_ph A15C01D0
tx_mb A15C0230
idle_ring A15C6290
rx_idx 5
tx_idx 1
rxd0 A15C0051 len 0 f 8063 pl 03
rxd1 A15C0069 len 0 f 8063 pl 03
rxd2 A15C0081 len 0 f 8063 pl 03
rxd3 A15C0099 len 0 f 8063 pl 03
rxd4 A15C00B1 len 0 f 8063 pl 03
rxd5 A15C00C9 len 0 f 8063 pl 03
rxd6 A15C00E1 len 0 f 8063 pl 03
rxd7 A15C00FB len 0 f 8063 pl 03
txd0 A15C01D0 len 64
txd1 A15C01E8 len 64
txd2 A15C0200 len 64
txd3 A15C021A len 64
mbd0 A15C0111 ph A15C0110 ml 0
mbd1 A15C0129 ph A15C0128 ml 0
mbd2 A15C0141 ph A15C0140 ml 0
mbd3 A15C0159 ph A15C0158 ml 0
mbd4 A15C0171 ph A15C0170 ml 0
mbd5 A15C0189 ph A15C0188 ml 0
mbd6 A15C01A1 ph A15C01A0 ml 0
mbd7 A15C01BB ph A15C01B8 ml 0
tx15 txlen vendor txoff 2 txrb 0 dirty 0 p15 1
rx_len 0
rx_ph1 00400411
rx_ph3 80630003
rx_ph4 00090000
# 