for a in 1 2 3 4 5 6 7 8 9 0 a b c d e;do for b in 1 2 3 4 5 6 7 8 9 0;do cat 
/proc/uptime /proc/rtl819x-gpio;done;done
544.19 536.62
version rtl819x-gpio 1.1
added 1
add_rc 0
base 0
ngpio 32
cnr FFFFFF8B
dir FF000040
dat 0000007C
boot_cnr FFFFFFDF
boot_dir FF000000
boot_dat 0000003C
cnr_as_spec 0
dir_as_spec 0
btn_raw 1
btn_pressed 0
known_mask 00000060
allow_out_mask 00000040
out_locked 00000000
out_effective 00000040
n_get 3
n_req_ok 2
n_req_no 0
n_dirin_ok 1
n_dirin_no 0
n_dirout_ok 1
n_dirout_no 0
n_set_ok 0
n_set_no 0
n_writes 2
state_known 1
state_last 0000007C
n_state_chk 156
n_state_foreign 0
foreign_seen 0
foreign_first 00000000
probed04 0
val04 00000000
544.20 536.62
version rtl819x-gpio 1.1
added 1
add_rc 0
base 0
ngpio 32
cnr FFFFFF8B
dir FF000040
dat 0000007C
boot_cnr FFFFFFDF
boot_dir FF000000
boot_dat 0000003C
cnr_as_spec 0
dir_as_spec 0
btn_raw 1
btn_pressed 0
known_mask 00000060
allow_out_mask 00000040
out_locked 00000000
out_effective 00000040
n_get 3
n_req_ok 2
n_req_no 0
n_dirin_ok 1
n_dirin_no 0
n_dirout_ok 1
n_dirout_no 0
n_set_ok 0
n_set_no 0
n_writes 2
state_known 1
state_last 0000007C
n_state_chk 158
n_state_foreign 0
foreign_seen 0
foreign_first 00000000
probed04 0
val04 00000000
544.21 536.62
version rtl819x-gpio 1.1
added 1
add_rc 0
base 0
ngpio 32
cnr FFFFFF8B
dir FF000040
dat 0000007C
boot_cnr FFFFFFDF
boot_dir FF000000
boot_dat 0000003C
cnr_as_spec 0
dir_as_spec 0
btn_raw 1
btn_pressed 0
known_mask 00000060
allow_out_mask 00000040
out_locked 00000000
out_effective 00000040
n_get 3
n_req_ok 2
n_req_no 0
n_dirin_ok 1
n_dirin_no 0
n_dirout_ok 1
n_dirout_no 0
n_set_ok 0
n_set_no 0
n_writes 2
state_known 1
state_last 0000007C
n_state_chk 160
n_state_foreign 0
foreign_seen 0
foreign_first 00000000
probed04 0
val04 00000000
544.22 536.62
version rtl819x-gpio 1.1
added 1
add_rc 0
base 0
ngpio 32
cnr FFFFFF8B
dir FF000040
dat 0000007C
boot_cnr FFFFFFDF
boot_dir FF000000
boot_dat 0000003C
cnr_as_spec 0
dir_as_spec 0
btn_raw 1
btn_pressed 0
known_mask 00000060
allow_out_mask 00000040
out_locked 00000000
out_effective 00000040
n_get 3
n_req_ok 2
n_req_no 0
n_dirin_ok 1
n_dirin_no 0
n_dirout_ok 1
n_dirout_no 0
n_set_ok 0
n_set_no 0
n_writes 2
state_known 1
state_last 0000007C
n_state_chk 162
n_state_foreign 0
foreign_seen 0
foreign_first 00000000
probed04 0
val04 00000000
544.23 536.62
version rtl819x-gpio 1.1
added 1
add_rc 0
base 0
ngpio 32
cnr FFFFFF8B
dir FF000040
dat 0000007C
boot_cnr FFFFFFDF
boot_dir FF000000
boot_dat 0000003C
cnr_as_spec 0
dir_as_spec 0
btn_raw 1
btn_pressed 0
known_mask 00000060
allow_out_mask 00000040
out_locked 00000000
out_effective 00000040
n_get 3
n_req_ok 2
n_req_no 0
n_dirin_ok 1
n_dirin_no 0
n_dirout_ok 1
n_dirout_no 0
n_set_ok 0
n_set_no 0
n_writes 2
state_known 1
state_last 0000007C
n_state_chk 164
n_state_foreign 0
foreign_seen 0
foreign_first 00000000
probed04 0
val04 00000000
544.25 536.62
version rtl819x-gpio 1.1
added 1
add_rc 0
base 0
ngpio 32
cnr FFFFFF8B
dir FF000040
dat 0000007C
boot_cnr FFFFFFDF
boot_dir FF000000
boot_dat 0000003C
cnr_as_spec 0
dir_as_spec 0
btn_raw 1
btn_pressed 0
known_mask 00000060
allow_out_mask 00000040
out_locked 00000000
out_effective 00000040
n_get 3
n_req_ok 2
n_req_no 0
n_dirin_ok 1
n_dirin_no 0
n_dirout_ok 1
n_dirout_no 0
n_set_ok 0
n_set_no 0
n_writes 2
state_known 1
state_last 0000007C
n_state_chk 166
n_state_foreign 0
foreign_seen 0
foreign_first 00000000
probed04 0
val04 00000000
544.26 536.62
version rtl819x-gpio 1.1
added 1
add_rc 0
base 0
ngpio 32
cnr FFFFFF8B
dir FF000040
dat 0000007C
boot_cnr FFFFFFDF
boot_dir FF000000
boot_dat 0000003C
cnr_as_spec 0
dir_as_spec 0
btn_raw 1
btn_pressed 0
known_mask 00000060
allow_out_mask 00000040
out_locked 00000000
out_effective 00000040
n_get 3
n_req_ok 2
n_req_no 0
n_dirin_ok 1
n_dirin_no 0
n_dirout_ok 1
n_dirout_no 0
n_set_ok 0
n_set_no 0
n_writes 2
state_known 1
state_last 0000007C
n_state_chk 168
n_state_foreign 0
foreign_seen 0
foreign_first 00000000
probed04 0
val04 00000000
544.27 536.62
version rtl819x-gpio 1.1
added 1
add_rc 0
base 0
ngpio 32
cnr FFFFFF8B
dir FF000040
dat 0000007C
boot_cnr FFFFFFDF
boot_dir FF000000
boot_dat 0000003C
cnr_as_spec 0
dir_as_spec 0
btn_raw 1
btn_pressed 0
known_mask 00000060
allow_out_mask 00000040
out_locked 00000000
out_effective 00000040
n_get 3
n_req_ok 2
n_req_no 0
n_dirin_ok 1
n_dirin_no 0
n_dirout_ok 1
n_dirout_no 0
n_set_ok 0
n_set_no 0
n_writes 2
state_known 1
state_last 0000007C
n_state_chk 170
n_state_foreign 0
foreign_seen 0
foreign_first 00000000
probed04 0
val04 00000000
545.39 537.72
version rtl819x-gpio 1.1
added 1
add_rc 0
base 0
ngpio 32
cnr FFFFFF8B
dir FF000040
dat 0000007C
boot_cnr FFFFFFDF
boot_dir FF000000
boot_dat 0000003C
cnr_as_spec 0
dir_as_spec 0
btn_raw 1
btn_pressed 0
known_mask 00000060
allow_out_mask 00000040
out_locked 00000000
out_effective 00000040
n_get 3
n_req_ok 2
n_req_no 0
n_dirin_ok 1
n_dirin_no 0
n_dirout_ok 1
n_dirout_no 0
n_set_ok 0
n_set_no 0
n_writes 2
state_known 1
state_last 0000007C
n_state_chk 172
n_state_foreign 0
foreign_seen 0
foreign_first 00000000
probed04 0
val04 00000000
545.40 537.72
version rtl819x-gpio 1.1
added 1
add_rc 0
base 0
ngpio 32
cnr FFFFFF8B
dir FF000040
dat 0000007C
boot_cnr FFFFFFDF
boot_dir FF000000
boot_dat 0000003C
cnr_as_spec 0
dir_as_spec 0
btn_raw 1
btn_pressed 0
known_mask 00000060
allow_out_mask 00000040
out_locked 00000000
out_effective 00000040
n_get 3
n_req_ok 2
n_req_no 0
n_dirin_ok 1
n_dirin_no 0
n_dirout_ok 1
n_dirout_no 0
n_set_ok 0
n_set_no 0
n_writes 2
state_known 1
state_last 0000007C
n_state_chk 174
n_state_foreign 0
foreign_seen 0
foreign_first 00000000
probed04 0
val04 00000000
545.41 537.72
version rtl819x-gpio 1.1
added 1
add_rc 0
base 0
ngpio 32
cnr FFFFFF8B
dir FF000040
dat 0000007C
boot_cnr FFFFFFDF
boot_dir FF000000
boot_dat 0000003C
cnr_as_spec 0
dir_as_spec 0
btn_raw 1
btn_pressed 0
known_mask 00000060
allow_out_mask 00000040
out_locked 00000000
out_effective 00000040
n_get 3
n_req_ok 2
n_req_no 0
n_dirin_ok 1
n_dirin_no 0
n_dirout_ok 1
n_dirout_no 0
n_set_ok 0
n_set_no 0
n_writes 2
state_known 1
state_last 0000007C
n_state_chk 176
n_state_foreign 0
foreign_seen 0
foreign_first 00000000
probed04 0
val04 00000000
545.42 537.72
version rtl819x-gpio 1.1
added 1
add_rc 0
base 0
ngpio 32
cnr FFFFFF8B
dir FF000040
dat 0000007C
boot_cnr FFFFFFDF
boot_dir FF000000
boot_dat 0000003C
cnr_as_spec 0
dir_as_spec 0
btn_raw 1
btn_pressed 0
known_mask 00000060
allow_out_mask 00000040
out_locked 00000000
out_effective 00000040
n_get 3
n_req_ok 2
n_req_no 0
n_dirin_ok 1
n_dirin_no 0
n_dirout_ok 1
n_dirout_no 0
n_set_ok 0
n_set_no 0
n_writes 2
state_known 1
state_last 0000007C
n_state_chk 178
n_state_foreign 0
foreign_seen 0
foreign_first 00000000
probed04 0
val04 00000000
545.43 537.72
version rtl819x-gpio 1.1
added 1
add_rc 0
base 0
ngpio 32
cnr FFFFFF8B
dir FF000040
dat 0000007C
boot_cnr FFFFFFDF
boot_dir FF000000
boot_dat 0000003C
cnr_as_spec 0
dir_as_spec 0
btn_raw 1
btn_pressed 0
known_mask 00000060
allow_out_mask 00000040
out_locked 00000000
out_effective 00000040
n_get 3
n_req_ok 2
n_req_no 0
n_dirin_ok 1
n_dirin_no 0
n_dirout_ok 1
n_dirout_no 0
n_set_ok 0
n_set_no 0
n_writes 2
state_known 1
state_last 0000007C
n_state_chk 180
n_state_foreign 0
foreign_seen 0
foreign_first 00000000
probed04 0
val04 00000000
545.44 537.72
version rtl819x-gpio 1.1
added 1
add_rc 0
base 0
ngpio 32
cnr FFFFFF8B
dir FF000040
dat 0000007C
boot_cnr FFFFFFDF
boot_dir FF000000
boot_dat 0000003C
cnr_as_spec 0
dir_as_spec 0
btn_raw 1
btn_pressed 0
known_mask 00000060
allow_out_mask 00000040
out_locked 00000000
out_effective 00000040
n_get 3
n_req_ok 2
n_req_no 0
n_dirin_ok 1
n_dirin_no 0
n_dirout_ok 1
n_dirout_no 0
n_set_ok 0
n_set_no 0
n_writes 2
state_known 1
state_last 0000007C
n_state_chk 182
n_state_foreign 0
foreign_seen 0
foreign_first 00000000
probed04 0
val04 00000000
545.45 537.72
version rtl819x-gpio 1.1
added 1
add_rc 0
base 0
ngpio 32
cnr FFFFFF8B
dir FF000040
dat 0000007C
boot_cnr FFFFFFDF
boot_dir FF000000
boot_dat 0000003C
cnr_as_spec 0
dir_as_spec 0
btn_raw 1
btn_pressed 0
known_mask 00000060
allow_out_mask 00000040
out_locked 00000000
out_effective 00000040
n_get 3
n_req_ok 2
n_req_no 0
n_dirin_ok 1
n_dirin_no 0
n_dirout_ok 1
n_dirout_no 0
n_set_ok 0
n_set_no 0
n_writes 2
state_known 1
state_last 0000007C
n_state_chk 184
n_state_foreign 0
foreign_seen 0
foreign_first 00000000
probed04 0
val04 00000000
546.57 538.82
version rtl819x-gpio 1.1
added 1
add_rc 0
base 0
ngpio 32
cnr FFFFFF8B
dir FF000040
dat 0000007C
boot_cnr FFFFFFDF
boot_dir FF000000
boot_dat 0000003C
cnr_as_spec 0
dir_as_spec 0
btn_raw 1
btn_pressed 0
known_mask 00000060
allow_out_mask 00000040
out_locked 00000000
out_effective 00000040
n_get 3
n_req_ok 2
n_req_no 0
n_dirin_ok 1
n_dirin_no 0
n_dirout_ok 1
n_dirout_no 0
n_set_ok 0
n_set_no 0
n_writes 2
state_known 1
state_last 0000007C
n_state_chk 186
n_state_foreign 0
foreign_seen 0
foreign_first 00000000
probed04 0
val04 00000000
546.58 538.82
version rtl819x-gpio 1.1
added 1
add_rc 0
base 0
ngpio 32
cnr FFFFFF8B
dir FF000040
dat 0000007C
boot_cnr FFFFFFDF
boot_dir FF000000
boot_dat 0000003C
cnr_as_spec 0
dir_as_spec 0
btn_raw 1
btn_pressed 0
known_mask 00000060
allow_out_mask 00000040
out_locked 00000000
out_effective 00000040
n_get 3
n_req_ok 2
n_req_no 0
n_dirin_ok 1
n_dirin_no 0
n_dirout_ok 1
n_dirout_no 0
n_set_ok 0
n_set_no 0
n_writes 2
state_known 1
state_last 0000007C
n_state_chk 188
n_state_foreign 0
foreign_seen 0
foreign_first 00000000
probed04 0
val04 00000000
546.60 538.82
version rtl819x-gpio 1.1
added 1
add_rc 0
base 0
ngpio 32
cnr FFFFFF8B
dir FF000040
dat 0000007C
boot_cnr FFFFFFDF
boot_dir FF000000
boot_dat 0000003C
cnr_as_spec 0
dir_as_spec 0
btn_raw 1
btn_pressed 0
known_mask 00000060
allow_out_mask 00000040
out_locked 00000000
out_effective 00000040
n_get 3
n_req_ok 2
n_req_no 0
n_dirin_ok 1
n_dirin_no 0
n_dirout_ok 1
n_dirout_no 0
n_set_ok 0
n_set_no 0
n_writes 2
state_known 1
state_last 0000007C
n_state_chk 190
n_state_foreign 0
foreign_seen 0
foreign_first 00000000
probed04 0
val04 00000000
546.61 538.82
version rtl819x-gpio 1.1
added 1
add_rc 0
base 0
ngpio 32
cnr FFFFFF8B
dir FF000040
dat 0000007C
boot_cnr FFFFFFDF
boot_dir FF000000
boot_dat 0000003C
cnr_as_spec 0
dir_as_spec 0
btn_raw 1
btn_pressed 0
known_mask 00000060
allow_out_mask 00000040
out_locked 00000000
out_effective 00000040
n_get 3
n_req_ok 2
n_req_no 0
n_dirin_ok 1
n_dirin_no 0
n_dirout_ok 1
n_dirout_no 0
n_set_ok 0
n_set_no 0
n_writes 2
state_known 1
state_last 0000007C
n_state_chk 192
n_state_foreign 0
foreign_seen 0
foreign_first 00000000
probed04 0
val04 00000000
546.62 538.82
version rtl819x-gpio 1.1
added 1
add_rc 0
base 0
ngpio 32
cnr FFFFFF8B
dir FF000040
dat 0000007C
boot_cnr FFFFFFDF
boot_dir FF000000
boot_dat 0000003C
cnr_as_spec 0
dir_as_spec 0
btn_raw 1
btn_pressed 0
known_mask 00000060
allow_out_mask 00000040
out_locked 00000000
out_effective 00000040
n_get 3
n_req_ok 2
n_req_no 0
n_dirin_ok 1
n_dirin_no 0
n_dirout_ok 1
n_dirout_no 0
n_set_ok 0
n_set_no 0
n_writes 2
state_known 1
state_last 0000007C
n_state_chk 194
n_state_foreign 0
foreign_seen 0
foreign_first 00000000
probed04 0
val04 00000000
546.63 538.82
version rtl819x-gpio 1.1
added 1
add_rc 0
base 0
ngpio 32
cnr FFFFFF8B
dir FF000040
dat 0000007C
boot_cnr FFFFFFDF
boot_dir FF000000
boot_dat 0000003C
cnr_as_spec 0
dir_as_spec 0
btn_raw 1
btn_pressed 0
known_mask 00000060
allow_out_mask 00000040
out_locked 00000000
out_effective 00000040
n_get 3
n_req_ok 2
n_req_no 0
n_dirin_ok 1
n_dirin_no 0
n_dirout_ok 1
n_dirout_no 0
n_set_ok 0
n_set_no 0
n_writes 2
state_known 1
state_last 0000007C
n_state_chk 196
n_state_foreign 0
foreign_seen 0
foreign_first 00000000
probed04 0
val04 00000000
546.64 538.82
version rtl819x-gpio 1.1
added 1
add_rc 0
base 0
ngpio 32
cnr FFFFFF8B
dir FF000040
dat 0000007C
boot_cnr FFFFFFDF
boot_dir FF000000
boot_dat 0000003C
cnr_as_spec 0
dir_as_spec 0
btn_raw 1
btn_pressed 0
known_mask 00000060
allow_out_mask 00000040
out_locked 00000000
out_effective 00000040
n_get 3
n_req_ok 2
n_req_no 0
n_dirin_ok 1
n_dirin_no 0
n_dirout_ok 1
n_dirout_no 0
n_set_ok 0
n_set_no 0
n_writes 2
state_known 1
state_last 0000007C
n_state_chk 198
n_state_foreign 0
foreign_seen 0
foreign_first 00000000
probed04 0
val04 00000000
547.76 539.93
version rtl819x-gpio 1.1
added 1
add_rc 0
base 0
ngpio 32
cnr FFFFFF8B
dir FF000040
dat 0000007C
boot_cnr FFFFFFDF
boot_dir FF000000
boot_dat 0000003C
cnr_as_spec 0
dir_as_spec 0
btn_raw 1
btn_pressed 0
known_mask 00000060
allow_out_mask 00000040
out_locked 00000000
out_effective 00000040
n_get 3
n_req_ok 2
n_req_no 0
n_dirin_ok 1
n_dirin_no 0
n_dirout_ok 1
n_dirout_no 0
n_set_ok 0
n_set_no 0
n_writes 2
state_known 1
state_last 0000007C
n_state_chk 200
n_state_foreign 0
foreign_seen 0
foreign_first 00000000
probed04 0
val04 00000000
547.77 539.93
version rtl819x-gpio 1.1
added 1
add_rc 0
base 0
ngpio 32
cnr FFFFFF8B
dir FF000040
dat 0000007C
boot_cnr FFFFFFDF
boot_dir FF000000
boot_dat 0000003C
cnr_as_spec 0
dir_as_spec 0
btn_raw 1
btn_pressed 0
known_mask 00000060
allow_out_mask 00000040
out_locked 00000000
out_effective 00000040
n_get 3
n_req_ok 2
n_req_no 0
n_dirin_ok 1
n_dirin_no 0
n_dirout_ok 1
n_dirout_no 0
n_set_ok 0
n_set_no 0
n_writes 2
state_known 1
state_last 0000007C
n_state_chk 202
n_state_foreign 0
foreign_seen 0
foreign_first 00000000
probed04 0
val04 00000000
547.78 539.93
version rtl819x-gpio 1.1
added 1
add_rc 0
base 0
ngpio 32
cnr FFFFFF8B
dir FF000040
dat 0000007C
boot_cnr FFFFFFDF
boot_dir FF000000
boot_dat 0000003C
cnr_as_spec 0
dir_as_spec 0
btn_raw 1
btn_pressed 0
known_mask 00000060
allow_out_mask 00000040
out_locked 00000000
out_effective 00000040
n_get 3
n_req_ok 2
n_req_no 0
n_dirin_ok 1
n_dirin_no 0
n_dirout_ok 1
n_dirout_no 0
n_set_ok 0
n_set_no 0
n_writes 2
state_known 1
state_last 0000007C
n_state_chk 204
n_state_foreign 0
foreign_seen 0
foreign_first 00000000
probed04 0
val04 00000000
547.79 539.93
version rtl819x-gpio 1.1
added 1
add_rc 0
base 0
ngpio 32
cnr FFFFFF8B
dir FF000040
dat 0000007C
boot_cnr FFFFFFDF
boot_dir FF000000
boot_dat 0000003C
cnr_as_spec 0
dir_as_spec 0
btn_raw 1
btn_pressed 0
known_mask 00000060
allow_out_mask 00000040
out_locked 00000000
out_effective 00000040
n_get 3
n_req_ok 2
n_req_no 0
n_dirin_ok 1
n_dirin_no 0
n_dirout_ok 1
n_dirout_no 0
n_set_ok 0
n_set_no 0
n_writes 2
state_known 1
state_last 0000007C
n_state_chk 206
n_state_foreign 0
foreign_seen 0
foreign_first 00000000
probed04 0
val04 00000000
547.80 539.93
version rtl819x-gpio 1.1
added 1
add_rc 0
base 0
ngpio 32
cnr FFFFFF8B
dir FF000040
dat 0000007C
boot_cnr FFFFFFDF
boot_dir FF000000
boot_dat 0000003C
cnr_as_spec 0
dir_as_spec 0
btn_raw 1
btn_pressed 0
known_mask 00000060
allow_out_mask 00000040
out_locked 00000000
out_effective 00000040
n_get 3
n_req_ok 2
n_req_no 0
n_dirin_ok 1
n_dirin_no 0
n_dirout_ok 1
n_dirout_no 0
n_set_ok 0
n_set_no 0
n_writes 2
state_known 1
state_last 0000007C
n_state_chk 208
n_state_foreign 0
foreign_seen 0
foreign_first 00000000
probed04 0
val04 00000000
547.82 539.93
version rtl819x-gpio 1.1
added 1
add_rc 0
base 0
ngpio 32
cnr FFFFFF8B
dir FF000040
dat 0000007C
boot_cnr FFFFFFDF
boot_dir FF000000
boot_dat 0000003C
cnr_as_spec 0
dir_as_spec 0
btn_raw 1
btn_pressed 0
known_mask 00000060
allow_out_mask 00000040
out_locked 00000000
out_effective 00000040
n_get 3
n_req_ok 2
n_req_no 0
n_dirin_ok 1
n_dirin_no 0
n_dirout_ok 1
n_dirout_no 0
n_set_ok 0
n_set_no 0
n_writes 2
state_known 1
state_last 0000007C
n_state_chk 210
n_state_foreign 0
foreign_seen 0
foreign_first 00000000
probed04 0
val04 00000000
547.83 539.93
version rtl819x-gpio 1.1
added 1
add_rc 0
base 0
ngpio 32
cnr FFFFFF8B
dir FF000040
dat 0000007C
boot_cnr FFFFFFDF
boot_dir FF000000
boot_dat 0000003C
cnr_as_spec 0
dir_as_spec 0
btn_raw 1
btn_pressed 0
known_mask 00000060
allow_out_mask 00000040
out_locked 00000000
out_effective 00000040
n_get 3
n_req_ok 2
n_req_no 0
n_dirin_ok 1
n_dirin_no 0
n_dirout_ok 1
n_dirout_no 0
n_set_ok 0
n_set_no 0
n_writes 2
state_known 1
state_last 0000007C
n_state_chk 212
n_state_foreign 0
foreign_seen 0
foreign_first 00000000
probed04 0
val04 00000000
548.95 541.03
version rtl819x-gpio 1.1
added 1
add_rc 0
base 0
ngpio 32
cnr FFFFFF8B
dir FF000040
dat 0000007C
boot_cnr FFFFFFDF
boot_dir FF000000
boot_dat 0000003C
cnr_as_spec 0
dir_as_spec 0
btn_raw 1
btn_pressed 0
known_mask 00000060
allow_out_mask 00000040
out_locked 00000000
out_effective 00000040
n_get 3
n_req_ok 2
n_req_no 0
n_dirin_ok 1
n_dirin_no 0
n_dirout_ok 1
n_dirout_no 0
n_set_ok 0
n_set_no 0
n_writes 2
state_known 1
state_last 0000007C
n_state_chk 214
n_state_foreign 0
foreign_seen 0
foreign_first 00000000
probed04 0
val04 00000000
548.96 541.03
version rtl819x-gpio 1.1
added 1
add_rc 0
base 0
ngpio 32
cnr FFFFFF8B
dir FF000040
dat 0000007C
boot_cnr FFFFFFDF
boot_dir FF000000
boot_dat 0000003C
cnr_as_spec 0
dir_as_spec 0
btn_raw 1
btn_pressed 0
known_mask 00000060
allow_out_mask 00000040
out_locked 00000000
out_effective 00000040
n_get 3
n_req_ok 2
n_req_no 0
n_dirin_ok 1
n_dirin_no 0
n_dirout_ok 1
n_dirout_no 0
n_set_ok 0
n_set_no 0
n_writes 2
state_known 1
state_last 0000007C
n_state_chk 216
n_state_foreign 0
foreign_seen 0
foreign_first 00000000
probed04 0
val04 00000000
548.97 541.03
version rtl819x-gpio 1.1
added 1
add_rc 0
base 0
ngpio 32
cnr FFFFFF8B
dir FF000040
dat 0000007C
boot_cnr FFFFFFDF
boot_dir FF000000
boot_dat 0000003C
cnr_as_spec 0
dir_as_spec 0
btn_raw 1
btn_pressed 0
known_mask 00000060
allow_out_mask 00000040
out_locked 00000000
out_effective 00000040
n_get 3
n_req_ok 2
n_req_no 0
n_dirin_ok 1
n_dirin_no 0
n_dirout_ok 1
n_dirout_no 0
n_set_ok 0
n_set_no 0
n_writes 2
state_known 1
state_last 0000007C
n_state_chk 218
n_state_foreign 0
foreign_seen 0
foreign_first 00000000
probed04 0
val04 00000000
548.98 541.03
version rtl819x-gpio 1.1
added 1
add_rc 0
base 0
ngpio 32
cnr FFFFFF8B
dir FF000040
dat 0000007C
boot_cnr FFFFFFDF
boot_dir FF000000
boot_dat 0000003C
cnr_as_spec 0
dir_as_spec 0
btn_raw 1
btn_pressed 0
known_mask 00000060
allow_out_mask 00000040
out_locked 00000000
out_effective 00000040
n_get 3
n_req_ok 2
n_req_no 0
n_dirin_ok 1
n_dirin_no 0
n_dirout_ok 1
n_dirout_no 0
n_set_ok 0
n_set_no 0
n_writes 2
state_known 1
state_last 0000007C
n_state_chk 220
n_state_foreign 0
foreign_seen 0
foreign_first 00000000
probed04 0
val04 00000000
548.99 541.03
version rtl819x-gpio 1.1
added 1
add_rc 0
base 0
ngpio 32
cnr FFFFFF8B
dir FF000040
dat 0000007C
boot_cnr FFFFFFDF
boot_dir FF000000
boot_dat 0000003C
cnr_as_spec 0
dir_as_spec 0
btn_raw 1
btn_pressed 0
known_mask 00000060
allow_out_mask 00000040
out_locked 00000000
out_effective 00000040
n_get 3
n_req_ok 2
n_req_no 0
n_dirin_ok 1
n_dirin_no 0
n_dirout_ok 1
n_dirout_no 0
n_set_ok 0
n_set_no 0
n_writes 2
state_known 1
state_last 0000007C
n_state_chk 222
n_state_foreign 0
foreign_seen 0
foreign_first 00000000
probed04 0
val04 00000000
549.00 541.03
version rtl819x-gpio 1.1
added 1
add_rc 0
base 0
ngpio 32
cnr FFFFFF8B
dir FF000040
dat 0000007C
boot_cnr FFFFFFDF
boot_dir FF000000
boot_dat 0000003C
cnr_as_spec 0
dir_as_spec 0
btn_raw 1
btn_pressed 0
known_mask 00000060
allow_out_mask 00000040
out_locked 00000000
out_effective 00000040
n_get 3
n_req_ok 2
n_req_no 0
n_dirin_ok 1
n_dirin_no 0
n_dirout_ok 1
n_dirout_no 0
n_set_ok 0
n_set_no 0
n_writes 2
state_known 1
state_last 0000007C
n_state_chk 224
n_state_foreign 0
foreign_seen 0
foreign_first 00000000
probed04 0
val04 00000000
549.02 541.03
version rtl819x-gpio 1.1
added 1
add_rc 0
base 0
ngpio 32
cnr FFFFFF8B
dir FF000040
dat 0000007C
boot_cnr FFFFFFDF
boot_dir FF000000
boot_dat 0000003C
cnr_as_spec 0
dir_as_spec 0
btn_raw 1
btn_pressed 0
known_mask 00000060
allow_out_mask 00000040
out_locked 00000000
out_effective 00000040
n_get 3
n_req_ok 2
n_req_no 0
n_dirin_ok 1
n_dirin_no 0
n_dirout_ok 1
n_dirout_no 0
n_set_ok 0
n_set_no 0
n_writes 2
state_known 1
state_last 0000007C
n_state_chk 226
n_state_foreign 0
foreign_seen 0
foreign_first 00000000
probed04 0
val04 00000000
550.13 542.13
version rtl819x-gpio 1.1
added 1
add_rc 0
base 0
ngpio 32
cnr FFFFFF8B
dir FF000040
dat 0000007C
boot_cnr FFFFFFDF
boot_dir FF000000
boot_dat 0000003C
cnr_as_spec 0
dir_as_spec 0
btn_raw 1
btn_pressed 0
known_mask 00000060
allow_out_mask 00000040
out_locked 00000000
out_effective 00000040
n_get 3
n_req_ok 2
n_req_no 0
n_dirin_ok 1
n_dirin_no 0
n_dirout_ok 1
n_dirout_no 0
n_set_ok 0
n_set_no 0
n_writes 2
state_known 1
state_last 0000007C
n_state_chk 228
n_state_foreign 0
foreign_seen 0
foreign_first 00000000
probed04 0
val04 00000000
550.14 542.13
version rtl819x-gpio 1.1
added 1
add_rc 0
base 0
ngpio 32
cnr FFFFFF8B
dir FF000040
dat 0000007C
boot_cnr FFFFFFDF
boot_dir FF000000
boot_dat 0000003C
cnr_as_spec 0
dir_as_spec 0
btn_raw 1
btn_pressed 0
known_mask 00000060
allow_out_mask 00000040
out_locked 00000000
out_effective 00000040
n_get 3
n_req_ok 2
n_req_no 0
n_dirin_ok 1
n_dirin_no 0
n_dirout_ok 1
n_dirout_no 0
n_set_ok 0
n_set_no 0
n_writes 2
state_known 1
state_last 0000007C
n_state_chk 230
n_state_foreign 0
foreign_seen 0
foreign_first 00000000
probed04 0
val04 00000000
550.16 542.13
version rtl819x-gpio 1.1
added 1
add_rc 0
base 0
ngpio 32
cnr FFFFFF8B
dir FF000040
dat 0000007C
boot_cnr FFFFFFDF
boot_dir FF000000
boot_dat 0000003C
cnr_as_spec 0
dir_as_spec 0
btn_raw 1
btn_pressed 0
known_mask 00000060
allow_out_mask 00000040
out_locked 00000000
out_effective 00000040
n_get 3
n_req_ok 2
n_req_no 0
n_dirin_ok 1
n_dirin_no 0
n_dirout_ok 1
n_dirout_no 0
n_set_ok 0
n_set_no 0
n_writes 2
state_known 1
state_last 0000007C
n_state_chk 232
n_state_foreign 0
foreign_seen 0
foreign_first 00000000
probed04 0
val04 00000000
550.17 542.13
version rtl819x-gpio 1.1
added 1
add_rc 0
base 0
ngpio 32
cnr FFFFFF8B
dir FF000040
dat 0000007C
boot_cnr FFFFFFDF
boot_dir FF000000
boot_dat 0000003C
cnr_as_spec 0
dir_as_spec 0
btn_raw 1
btn_pressed 0
known_mask 00000060
allow_out_mask 00000040
out_locked 00000000
out_effective 00000040
n_get 3
n_req_ok 2
n_req_no 0
n_dirin_ok 1
n_dirin_no 0
n_dirout_ok 1
n_dirout_no 0
n_set_ok 0
n_set_no 0
n_writes 2
state_known 1
state_last 0000007C
n_state_chk 234
n_state_foreign 0
foreign_seen 0
foreign_first 00000000
probed04 0
val04 00000000
550.18 542.13
version rtl819x-gpio 1.1
added 1
add_rc 0
base 0
ngpio 32
cnr FFFFFF8B
dir FF000040
dat 0000007C
boot_cnr FFFFFFDF
boot_dir FF000000
boot_dat 0000003C
cnr_as_spec 0
dir_as_spec 0
btn_raw 1
btn_pressed 0
known_mask 00000060
allow_out_mask 00000040
out_locked 00000000
out_effective 00000040
n_get 3
n_req_ok 2
n_req_no 0
n_dirin_ok 1
n_dirin_no 0
n_dirout_ok 1
n_dirout_no 0
n_set_ok 0
n_set_no 0
n_writes 2
state_known 1
state_last 0000007C
n_state_chk 236
n_state_foreign 0
foreign_seen 0
foreign_first 00000000
probed04 0
val04 00000000
550.19 542.13
version rtl819x-gpio 1.1
added 1
add_rc 0
base 0
ngpio 32
cnr FFFFFF8B
dir FF000040
dat 0000007C
boot_cnr FFFFFFDF
boot_dir FF000000
boot_dat 0000003C
cnr_as_spec 0
dir_as_spec 0
btn_raw 1
btn_pressed 0
known_mask 00000060
allow_out_mask 00000040
out_locked 00000000
out_effective 00000040
n_get 3
n_req_ok 2
n_req_no 0
n_dirin_ok 1
n_dirin_no 0
n_dirout_ok 1
n_dirout_no 0
n_set_ok 0
n_set_no 0
n_writes 2
state_known 1
state_last 0000007C
n_state_chk 238
n_state_foreign 0
foreign_seen 0
foreign_first 00000000
probed04 0
val04 00000000
550.20 542.13
version rtl819x-gpio 1.1
added 1
add_rc 0
base 0
ngpio 32
cnr FFFFFF8B
dir FF000040
dat 0000007C
boot_cnr FFFFFFDF
boot_dir FF000000
boot_dat 0000003C
cnr_as_spec 0
dir_as_spec 0
btn_raw 1
btn_pressed 0
known_mask 00000060
allow_out_mask 00000040
out_locked 00000000
out_effective 00000040
n_get 3
n_req_ok 2
n_req_no 0
n_dirin_ok 1
n_dirin_no 0
n_dirout_ok 1
n_dirout_no 0
n_set_ok 0
n_set_no 0
n_writes 2
state_known 1
state_last 0000007C
n_state_chk 240
n_state_foreign 0
foreign_seen 0
foreign_first 00000000
probed04 0
val04 00000000
551.32 543.24
version rtl819x-gpio 1.1
added 1
add_rc 0
base 0
ngpio 32
cnr FFFFFF8B
dir FF000040
dat 0000007C
boot_cnr FFFFFFDF
boot_dir FF000000
boot_dat 0000003C
cnr_as_spec 0
dir_as_spec 0
btn_raw 1
btn_pressed 0
known_mask 00000060
allow_out_mask 00000040
out_locked 00000000
out_effective 00000040
n_get 3
n_req_ok 2
n_req_no 0
n_dirin_ok 1
n_dirin_no 0
n_dirout_ok 1
n_dirout_no 0
n_set_ok 0
n_set_no 0
n_writes 2
state_known 1
state_last 0000007C
n_state_chk 242
n_state_foreign 0
foreign_seen 0
foreign_first 00000000
probed04 0
val04 00000000
551.33 543.24
version rtl819x-gpio 1.1
added 1
add_rc 0
base 0
ngpio 32
cnr FFFFFF8B
dir FF000040
dat 0000007C
boot_cnr FFFFFFDF
boot_dir FF000000
boot_dat 0000003C
cnr_as_spec 0
dir_as_spec 0
btn_raw 1
btn_pressed 0
known_mask 00000060
allow_out_mask 00000040
out_locked 00000000
out_effective 00000040
n_get 3
n_req_ok 2
n_req_no 0
n_dirin_ok 1
n_dirin_no 0
n_dirout_ok 1
n_dirout_no 0
n_set_ok 0
n_set_no 0
n_writes 2
state_known 1
state_last 0000007C
n_state_chk 244
n_state_foreign 0
foreign_seen 0
foreign_first 00000000
probed04 0
val04 00000000
551.34 543.24
version rtl819x-gpio 1.1
added 1
add_rc 0
base 0
ngpio 32
cnr FFFFFF8B
dir FF000040
dat 0000007C
boot_cnr FFFFFFDF
boot_dir FF000000
boot_dat 0000003C
cnr_as_spec 0
dir_as_spec 0
btn_raw 1
btn_pressed 0
known_mask 00000060
allow_out_mask 00000040
out_locked 00000000
out_effective 00000040
n_get 3
n_req_ok 2
n_req_no 0
n_dirin_ok 1
n_dirin_no 0
n_dirout_ok 1
n_dirout_no 0
n_set_ok 0
n_set_no 0
n_writes 2
state_known 1
state_last 0000007C
n_state_chk 246
n_state_foreign 0
foreign_seen 0
foreign_first 00000000
probed04 0
val04 00000000
551.35 543.24
version rtl819x-gpio 1.1
added 1
add_rc 0
base 0
ngpio 32
cnr FFFFFF8B
dir FF000040
dat 0000007C
boot_cnr FFFFFFDF
boot_dir FF000000
boot_dat 0000003C
cnr_as_spec 0
dir_as_spec 0
btn_raw 1
btn_pressed 0
known_mask 00000060
allow_out_mask 00000040
out_locked 00000000
out_effective 00000040
n_get 3
n_req_ok 2
n_req_no 0
n_dirin_ok 1
n_dirin_no 0
n_dirout_ok 1
n_dirout_no 0
n_set_ok 0
n_set_no 0
n_writes 2
state_known 1
state_last 0000007C
n_state_chk 248
n_state_foreign 0
foreign_seen 0
foreign_first 00000000
probed04 0
val04 00000000
551.37 543.24
version rtl819x-gpio 1.1
added 1
add_rc 0
base 0
ngpio 32
cnr FFFFFF8B
dir FF000040
dat 0000007C
boot_cnr FFFFFFDF
boot_dir FF000000
boot_dat 0000003C
cnr_as_spec 0
dir_as_spec 0
btn_raw 1
btn_pressed 0
known_mask 00000060
allow_out_mask 00000040
out_locked 00000000
out_effective 00000040
n_get 3
n_req_ok 2
n_req_no 0
n_dirin_ok 1
n_dirin_no 0
n_dirout_ok 1
n_dirout_no 0
n_set_ok 0
n_set_no 0
n_writes 2
state_known 1
state_last 0000007C
n_state_chk 250
n_state_foreign 0
foreign_seen 0
foreign_first 00000000
probed04 0
val04 00000000
551.38 543.24
version rtl819x-gpio 1.1
added 1
add_rc 0
base 0
ngpio 32
cnr FFFFFF8B
dir FF000040
dat 0000007C
boot_cnr FFFFFFDF
boot_dir FF000000
boot_dat 0000003C
cnr_as_spec 0
dir_as_spec 0
btn_raw 1
btn_pressed 0
known_mask 00000060
allow_out_mask 00000040
out_locked 00000000
out_effective 00000040
n_get 3
n_req_ok 2
n_req_no 0
n_dirin_ok 1
n_dirin_no 0
n_dirout_ok 1
n_dirout_no 0
n_set_ok 0
n_set_no 0
n_writes 2
state_known 1
state_last 0000007C
n_state_chk 252
n_state_foreign 0
foreign_seen 0
foreign_first 00000000
probed04 0
val04 00000000
551.39 543.24
version rtl819x-gpio 1.1
added 1
add_rc 0
base 0
ngpio 32
cnr FFFFFF8B
dir FF000040
dat 0000007C
boot_cnr FFFFFFDF
boot_dir FF000000
boot_dat 0000003C
cnr_as_spec 0
dir_as_spec 0
btn_raw 1
btn_pressed 0
known_mask 00000060
allow_out_mask 00000040
out_locked 00000000
out_effective 00000040
n_get 3
n_req_ok 2
n_req_no 0
n_dirin_ok 1
n_dirin_no 0
n_dirout_ok 1
n_dirout_no 0
n_set_ok 0
n_set_no 0
n_writes 2
state_known 1
state_last 0000007C
n_state_chk 254
n_state_foreign 0
foreign_seen 0
foreign_first 00000000
probed04 0
val04 00000000
552.51 544.35
version rtl819x-gpio 1.1
added 1
add_rc 0
base 0
ngpio 32
cnr FFFFFF8B
dir FF000040
dat 0000005C
boot_cnr FFFFFFDF
boot_dir FF000000
boot_dat 0000003C
cnr_as_spec 0
dir_as_spec 0
btn_raw 0
btn_pressed 1
known_mask 00000060
allow_out_mask 00000040
out_locked 00000000
out_effective 00000040
n_get 3
n_req_ok 2
n_req_no 0
n_dirin_ok 1
n_dirin_no 0
n_dirout_ok 1
n_dirout_no 0
n_set_ok 0
n_set_no 0
n_writes 2
state_known 1
state_last 0000007C
n_state_chk 256
n_state_foreign 0
foreign_seen 0
foreign_first 00000000
probed04 0
val04 00000000
552.52 544.35
version rtl819x-gpio 1.1
added 1
add_rc 0
base 0
ngpio 32
cnr FFFFFF8B
dir FF000040
dat 0000005C
boot_cnr FFFFFFDF
boot_dir FF000000
boot_dat 0000003C
cnr_as_spec 0
dir_as_spec 0
btn_raw 0
btn_pressed 1
known_mask 00000060
allow_out_mask 00000040
out_locked 00000000
out_effective 00000040
n_get 3
n_req_ok 2
n_req_no 0
n_dirin_ok 1
n_dirin_no 0
n_dirout_ok 1
n_dirout_no 0
n_set_ok 0
n_set_no 0
n_writes 2
state_known 1
state_last 0000007C
n_state_chk 258
n_state_foreign 0
foreign_seen 0
foreign_first 00000000
probed04 0
val04 00000000
552.53 544.35
version rtl819x-gpio 1.1
added 1
add_rc 0
base 0
ngpio 32
cnr FFFFFF8B
dir FF000040
dat 0000005C
boot_cnr FFFFFFDF
boot_dir FF000000
boot_dat 0000003C
cnr_as_spec 0
dir_as_spec 0
btn_raw 0
btn_pressed 1
known_mask 00000060
allow_out_mask 00000040
out_locked 00000000
out_effective 00000040
n_get 3
n_req_ok 2
n_req_no 0
n_dirin_ok 1
n_dirin_no 0
n_dirout_ok 1
n_dirout_no 0
n_set_ok 0
n_set_no 0
n_writes 2
state_known 1
state_last 0000007C
n_state_chk 260
n_state_foreign 0
foreign_seen 0
foreign_first 00000000
probed04 0
val04 00000000
552.54 544.35
version rtl819x-gpio 1.1
added 1
add_rc 0
base 0
ngpio 32
cnr FFFFFF8B
dir FF000040
dat 0000005C
boot_cnr FFFFFFDF
boot_dir FF000000
boot_dat 0000003C
cnr_as_spec 0
dir_as_spec 0
btn_raw 0
btn_pressed 1
known_mask 00000060
allow_out_mask 00000040
out_locked 00000000
out_effective 00000040
n_get 3
n_req_ok 2
n_req_no 0
n_dirin_ok 1
n_dirin_no 0
n_dirout_ok 1
n_dirout_no 0
n_set_ok 0
n_set_no 0
n_writes 2
state_known 1
state_last 0000007C
n_state_chk 262
n_state_foreign 0
foreign_seen 0
foreign_first 00000000
probed04 0
val04 00000000
552.55 544.35
version rtl819x-gpio 1.1
added 1
add_rc 0
base 0
ngpio 32
cnr FFFFFF8B
dir FF000040
dat 0000005C
boot_cnr FFFFFFDF
boot_dir FF000000
boot_dat 0000003C
cnr_as_spec 0
dir_as_spec 0
btn_raw 0
btn_pressed 1
known_mask 00000060
allow_out_mask 00000040
out_locked 00000000
out_effective 00000040
n_get 3
n_req_ok 2
n_req_no 0
n_dirin_ok 1
n_dirin_no 0
n_dirout_ok 1
n_dirout_no 0
n_set_ok 0
n_set_no 0
n_writes 2
state_known 1
state_last 0000007C
n_state_chk 264
n_state_foreign 0
foreign_seen 0
foreign_first 00000000
probed04 0
val04 00000000
552.56 544.35
version rtl819x-gpio 1.1
added 1
add_rc 0
base 0
ngpio 32
cnr FFFFFF8B
dir FF000040
dat 0000005C
boot_cnr FFFFFFDF
boot_dir FF000000
boot_dat 0000003C
cnr_as_spec 0
dir_as_spec 0
btn_raw 0
btn_pressed 1
known_mask 00000060
allow_out_mask 00000040
out_locked 00000000
out_effective 00000040
n_get 3
n_req_ok 2
n_req_no 0
n_dirin_ok 1
n_dirin_no 0
n_dirout_ok 1
n_dirout_no 0
n_set_ok 0
n_set_no 0
n_writes 2
state_known 1
state_last 0000007C
n_state_chk 266
n_state_foreign 0
foreign_seen 0
foreign_first 00000000
probed04 0
val04 00000000
552.58 544.35
version rtl819x-gpio 1.1
added 1
add_rc 0
base 0
ngpio 32
cnr FFFFFF8B
dir FF000040
dat 0000005C
boot_cnr FFFFFFDF
boot_dir FF000000
boot_dat 0000003C
cnr_as_spec 0
dir_as_spec 0
btn_raw 0
btn_pressed 1
known_mask 00000060
allow_out_mask 00000040
out_locked 00000000
out_effective 00000040
n_get 3
n_req_ok 2
n_req_no 0
n_dirin_ok 1
n_dirin_no 0
n_dirout_ok 1
n_dirout_no 0
n_set_ok 0
n_set_no 0
n_writes 2
state_known 1
state_last 0000007C
n_state_chk 268
n_state_foreign 0
foreign_seen 0
foreign_first 00000000
probed04 0
val04 00000000
553.69 545.45
version rtl819x-gpio 1.1
added 1
add_rc 0
base 0
ngpio 32
cnr FFFFFF8B
dir FF000040
dat 0000001C
boot_cnr FFFFFFDF
boot_dir FF000000
boot_dat 0000003C
cnr_as_spec 0
dir_as_spec 0
btn_raw 0
btn_pressed 1
known_mask 00000060
allow_out_mask 00000040
out_locked 00000000
out_effective 00000040
n_get 3
n_req_ok 2
n_req_no 0
n_dirin_ok 1
n_dirin_no 0
n_dirout_ok 1
n_dirout_no 0
n_set_ok 0
n_set_no 0
n_writes 2
state_known 1
state_last 0000007C
n_state_chk 270
n_state_foreign 2
foreign_seen 1
foreign_first 0000001C
probed04 0
val04 00000000
553.71 545.45
version rtl819x-gpio 1.1
added 1
add_rc 0
base 0
ngpio 32
cnr FFFFFF8B
dir FF000040
dat 0000001C
boot_cnr FFFFFFDF
boot_dir FF000000
boot_dat 0000003C
cnr_as_spec 0
dir_as_spec 0
btn_raw 0
btn_pressed 1
known_mask 00000060
allow_out_mask 00000040
out_locked 00000000
out_effective 00000040
n_get 3
n_req_ok 2
n_req_no 0
n_dirin_ok 1
n_dirin_no 0
n_dirout_ok 1
n_dirout_no 0
n_set_ok 0
n_set_no 0
n_writes 2
state_known 1
state_last 0000007C
n_state_chk 272
n_state_foreign 4
foreign_seen 1
foreign_first 0000001C
probed04 0
val04 00000000
553.72 545.45
version rtl819x-gpio 1.1
added 1
add_rc 0
base 0
ngpio 32
cnr FFFFFF8B
dir FF000040
dat 0000001C
boot_cnr FFFFFFDF
boot_dir FF000000
boot_dat 0000003C
cnr_as_spec 0
dir_as_spec 0
btn_raw 0
btn_pressed 1
known_mask 00000060
allow_out_mask 00000040
out_locked 00000000
out_effective 00000040
n_get 3
n_req_ok 2
n_req_no 0
n_dirin_ok 1
n_dirin_no 0
n_dirout_ok 1
n_dirout_no 0
n_set_ok 0
n_set_no 0
n_writes 2
state_known 1
state_last 0000007C
n_state_chk 274
n_state_foreign 6
foreign_seen 1
foreign_first 0000001C
probed04 0
val04 00000000
553.73 545.45
version rtl819x-gpio 1.1
added 1
add_rc 0
base 0
ngpio 32
cnr FFFFFF8B
dir FF000040
dat 0000001C
boot_cnr FFFFFFDF
boot_dir FF000000
boot_dat 0000003C
cnr_as_spec 0
dir_as_spec 0
btn_raw 0
btn_pressed 1
known_mask 00000060
allow_out_mask 00000040
out_locked 00000000
out_effective 00000040
n_get 3
n_req_ok 2
n_req_no 0
n_dirin_ok 1
n_dirin_no 0
n_dirout_ok 1
n_dirout_no 0
n_set_ok 0
n_set_no 0
n_writes 2
state_known 1
state_last 0000007C
n_state_chk 276
n_state_foreign 8
foreign_seen 1
foreign_first 0000001C
probed04 0
val04 00000000
553.74 545.45
version rtl819x-gpio 1.1
added 1
add_rc 0
base 0
ngpio 32
cnr FFFFFF8B
dir FF000040
dat 0000001C
boot_cnr FFFFFFDF
boot_dir FF000000
boot_dat 0000003C
cnr_as_spec 0
dir_as_spec 0
btn_raw 0
btn_pressed 1
known_mask 00000060
allow_out_mask 00000040
out_locked 00000000
out_effective 00000040
n_get 3
n_req_ok 2
n_req_no 0
n_dirin_ok 1
n_dirin_no 0
n_dirout_ok 1
n_dirout_no 0
n_set_ok 0
n_set_no 0
n_writes 2
state_known 1
state_last 0000007C
n_state_chk 278
n_state_foreign 10
foreign_seen 1
foreign_first 0000001C
probed04 0
val04 00000000
553.75 545.45
version rtl819x-gpio 1.1
added 1
add_rc 0
base 0
ngpio 32
cnr FFFFFF8B
dir FF000040
dat 0000001C
boot_cnr FFFFFFDF
boot_dir FF000000
boot_dat 0000003C
cnr_as_spec 0
dir_as_spec 0
btn_raw 0
btn_pressed 1
known_mask 00000060
allow_out_mask 00000040
out_locked 00000000
out_effective 00000040
n_get 3
n_req_ok 2
n_req_no 0
n_dirin_ok 1
n_dirin_no 0
n_dirout_ok 1
n_dirout_no 0
n_set_ok 0
n_set_no 0
n_writes 2
state_known 1
state_last 0000007C
n_state_chk 280
n_state_foreign 12
foreign_seen 1
foreign_first 0000001C
probed04 0
val04 00000000
553.76 545.45
version rtl819x-gpio 1.1
added 1
add_rc 0
base 0
ngpio 32
cnr FFFFFF8B
dir FF000040
dat 0000001C
boot_cnr FFFFFFDF
boot_dir FF000000
boot_dat 0000003C
cnr_as_spec 0
dir_as_spec 0
btn_raw 0
btn_pressed 1
known_mask 00000060
allow_out_mask 00000040
out_locked 00000000
out_effective 00000040
n_get 3
n_req_ok 2
n_req_no 0
n_dirin_ok 1
n_dirin_no 0
n_dirout_ok 1
n_dirout_no 0
n_set_ok 0
n_set_no 0
n_writes 2
state_known 1
state_last 0000007C
n_state_chk 282
n_state_foreign 14
foreign_seen 1
foreign_first 0000001C
probed04 0
val04 00000000
554.88 546.56
version rtl819x-gpio 1.1
added 1
add_rc 0
base 0
ngpio 32
cnr FFFFFF8B
dir FF000040
dat 0000001C
boot_cnr FFFFFFDF
boot_dir FF000000
boot_dat 0000003C
cnr_as_spec 0
dir_as_spec 0
btn_raw 0
btn_pressed 1
known_mask 00000060
allow_out_mask 00000040
out_locked 00000000
out_effective 00000040
n_get 3
n_req_ok 2
n_req_no 0
n_dirin_ok 1
n_dirin_no 0
n_dirout_ok 1
n_dirout_no 0
n_set_ok 0
n_set_no 0
n_writes 2
state_known 1
state_last 0000007C
n_state_chk 284
n_state_foreign 16
foreign_seen 1
foreign_first 0000001C
probed04 0
val04 00000000
554.89 546.56
version rtl819x-gpio 1.1
added 1
add_rc 0
base 0
ngpio 32
cnr FFFFFF8B
dir FF000040
dat 0000001C
boot_cnr FFFFFFDF
boot_dir FF000000
boot_dat 0000003C
cnr_as_spec 0
dir_as_spec 0
btn_raw 0
btn_pressed 1
known_mask 00000060
allow_out_mask 00000040
out_locked 00000000
out_effective 00000040
n_get 3
n_req_ok 2
n_req_no 0
n_dirin_ok 1
n_dirin_no 0
n_dirout_ok 1
n_dirout_no 0
n_set_ok 0
n_set_no 0
n_writes 2
state_known 1
state_last 0000007C
n_state_chk 286
n_state_foreign 18
foreign_seen 1
foreign_first 0000001C
probed04 0
val04 00000000
554.90 546.56
version rtl819x-gpio 1.1
added 1
add_rc 0
base 0
ngpio 32
cnr FFFFFF8B
dir FF000040
dat 0000001C
boot_cnr FFFFFFDF
boot_dir FF000000
boot_dat 0000003C
cnr_as_spec 0
dir_as_spec 0
btn_raw 0
btn_pressed 1
known_mask 00000060
allow_out_mask 00000040
out_locked 00000000
out_effective 00000040
n_get 3
n_req_ok 2
n_req_no 0
n_dirin_ok 1
n_dirin_no 0
n_dirout_ok 1
n_dirout_no 0
n_set_ok 0
n_set_no 0
n_writes 2
state_known 1
state_last 0000007C
n_state_chk 288
n_state_foreign 20
foreign_seen 1
foreign_first 0000001C
probed04 0
val04 00000000
554.92 546.56
version rtl819x-gpio 1.1
added 1
add_rc 0
base 0
ngpio 32
cnr FFFFFF8B
dir FF000040
dat 0000001C
boot_cnr FFFFFFDF
boot_dir FF000000
boot_dat 0000003C
cnr_as_spec 0
dir_as_spec 0
btn_raw 0
btn_pressed 1
known_mask 00000060
allow_out_mask 00000040
out_locked 00000000
out_effective 00000040
n_get 3
n_req_ok 2
n_req_no 0
n_dirin_ok 1
n_dirin_no 0
n_dirout_ok 1
n_dirout_no 0
n_set_ok 0
n_set_no 0
n_writes 2
state_known 1
state_last 0000007C
n_state_chk 290
n_state_foreign 22
foreign_seen 1
foreign_first 0000001C
probed04 0
val04 00000000
554.93 546.56
version rtl819x-gpio 1.1
added 1
add_rc 0
base 0
ngpio 32
cnr FFFFFF8B
dir FF000040
dat 0000001C
boot_cnr FFFFFFDF
boot_dir FF000000
boot_dat 0000003C
cnr_as_spec 0
dir_as_spec 0
btn_raw 0
btn_pressed 1
known_mask 00000060
allow_out_mask 00000040
out_locked 00000000
out_effective 00000040
n_get 3
n_req_ok 2
n_req_no 0
n_dirin_ok 1
n_dirin_no 0
n_dirout_ok 1
n_dirout_no 0
n_set_ok 0
n_set_no 0
n_writes 2
state_known 1
state_last 0000007C
n_state_chk 292
n_state_foreign 24
foreign_seen 1
foreign_first 0000001C
probed04 0
val04 00000000
554.94 546.56
version rtl819x-gpio 1.1
added 1
add_rc 0
base 0
ngpio 32
cnr FFFFFF8B
dir FF000040
dat 0000001C
boot_cnr FFFFFFDF
boot_dir FF000000
boot_dat 0000003C
cnr_as_spec 0
dir_as_spec 0
btn_raw 0
btn_pressed 1
known_mask 00000060
allow_out_mask 00000040
out_locked 00000000
out_effective 00000040
n_get 3
n_req_ok 2
n_req_no 0
n_dirin_ok 1
n_dirin_no 0
n_dirout_ok 1
n_dirout_no 0
n_set_ok 0
n_set_no 0
n_writes 2
state_known 1
state_last 0000007C
n_state_chk 294
n_state_foreign 26
foreign_seen 1
foreign_first 0000001C
probed04 0
val04 00000000
554.95 546.56
version rtl819x-gpio 1.1
added 1
add_rc 0
base 0
ngpio 32
cnr FFFFFF8B
dir FF000040
dat 0000001C
boot_cnr FFFFFFDF
boot_dir FF000000
boot_dat 0000003C
cnr_as_spec 0
dir_as_spec 0
btn_raw 0
btn_pressed 1
known_mask 00000060
allow_out_mask 00000040
out_locked 00000000
out_effective 00000040
n_get 3
n_req_ok 2
n_req_no 0
n_dirin_ok 1
n_dirin_no 0
n_dirout_ok 1
n_dirout_no 0
n_set_ok 0
n_set_no 0
n_writes 2
state_known 1
state_last 0000007C
n_state_chk 296
n_state_foreign 28
foreign_seen 1
foreign_first 0000001C
probed04 0
val04 00000000
556.07 547.67
version rtl819x-gpio 1.1
added 1
add_rc 0
base 0
ngpio 32
cnr FFFFFF8B
dir FF000040
dat 0000001C
boot_cnr FFFFFFDF
boot_dir FF000000
boot_dat 0000003C
cnr_as_spec 0
dir_as_spec 0
btn_raw 0
btn_pressed 1
known_mask 00000060
allow_out_mask 00000040
out_locked 00000000
out_effective 00000040
n_get 3
n_req_ok 2
n_req_no 0
n_dirin_ok 1
n_dirin_no 0
n_dirout_ok 1
n_dirout_no 0
n_set_ok 0
n_set_no 0
n_writes 2
state_known 1
state_last 0000007C
n_state_chk 298
n_state_foreign 30
foreign_seen 1
foreign_first 0000001C
probed04 0
val04 00000000
556.08 547.67
version rtl819x-gpio 1.1
added 1
add_rc 0
base 0
ngpio 32
cnr FFFFFF8B
dir FF000040
dat 0000001C
boot_cnr FFFFFFDF
boot_dir FF000000
boot_dat 0000003C
cnr_as_spec 0
dir_as_spec 0
btn_raw 0
btn_pressed 1
known_mask 00000060
allow_out_mask 00000040
out_locked 00000000
out_effective 00000040
n_get 3
n_req_ok 2
n_req_no 0
n_dirin_ok 1
n_dirin_no 0
n_dirout_ok 1
n_dirout_no 0
n_set_ok 0
n_set_no 0
n_writes 2
state_known 1
state_last 0000007C
n_state_chk 300
n_state_foreign 32
foreign_seen 1
foreign_first 0000001C
probed04 0
val04 00000000
556.09 547.67
version rtl819x-gpio 1.1
added 1
add_rc 0
base 0
ngpio 32
cnr FFFFFF8B
dir FF000040
dat 0000001C
boot_cnr FFFFFFDF
boot_dir FF000000
boot_dat 0000003C
cnr_as_spec 0
dir_as_spec 0
btn_raw 0
btn_pressed 1
known_mask 00000060
allow_out_mask 00000040
out_locked 00000000
out_effective 00000040
n_get 3
n_req_ok 2
n_req_no 0
n_dirin_ok 1
n_dirin_no 0
n_dirout_ok 1
n_dirout_no 0
n_set_ok 0
n_set_no 0
n_writes 2
state_known 1
state_last 0000007C
n_state_chk 302
n_state_foreign 34
foreign_seen 1
foreign_first 0000001C
probed04 0
val04 00000000
556.10 547.67
version rtl819x-gpio 1.1
added 1
add_rc 0
base 0
ngpio 32
cnr FFFFFF8B
dir FF000040
dat 0000001C
boot_cnr FFFFFFDF
boot_dir FF000000
boot_dat 0000003C
cnr_as_spec 0
dir_as_spec 0
btn_raw 0
btn_pressed 1
known_mask 00000060
allow_out_mask 00000040
out_locked 00000000
out_effective 00000040
n_get 3
n_req_ok 2
n_req_no 0
n_dirin_ok 1
n_dirin_no 0
n_dirout_ok 1
n_dirout_no 0
n_set_ok 0
n_set_no 0
n_writes 2
state_known 1
state_last 0000007C
n_state_chk 304
n_state_foreign 36
foreign_seen 1
foreign_first 0000001C
probed04 0
val04 00000000
556.11 547.67
version rtl819x-gpio 1.1
added 1
add_rc 0
base 0
ngpio 32
cnr FFFFFF8B
dir FF000040
dat 0000001C
boot_cnr FFFFFFDF
boot_dir FF000000
boot_dat 0000003C
cnr_as_spec 0
dir_as_spec 0
btn_raw 0
btn_pressed 1
known_mask 00000060
allow_out_mask 00000040
out_locked 00000000
out_effective 00000040
n_get 3
n_req_ok 2
n_req_no 0
n_dirin_ok 1
n_dirin_no 0
n_dirout_ok 1
n_dirout_no 0
n_set_ok 0
n_set_no 0
n_writes 2
state_known 1
state_last 0000007C
n_state_chk 306
n_state_foreign 38
foreign_seen 1
foreign_first 0000001C
probed04 0
val04 00000000
556.12 547.67
version rtl819x-gpio 1.1
added 1
add_rc 0
base 0
ngpio 32
cnr FFFFFF8B
dir FF000040
dat 0000001C
boot_cnr FFFFFFDF
boot_dir FF000000
boot_dat 0000003C
cnr_as_spec 0
dir_as_spec 0
btn_raw 0
btn_pressed 1
known_mask 00000060
allow_out_mask 00000040
out_locked 00000000
out_effective 00000040
n_get 3
n_req_ok 2
n_req_no 0
n_dirin_ok 1
n_dirin_no 0
n_dirout_ok 1
n_dirout_no 0
n_set_ok 0
n_set_no 0
n_writes 2
state_known 1
state_last 0000007C
n_state_chk 308
n_state_foreign 40
foreign_seen 1
foreign_first 0000001C
probed04 0
val04 00000000
556.14 547.67
version rtl819x-gpio 1.1
added 1
add_rc 0
base 0
ngpio 32
cnr FFFFFF8B
dir FF000040
dat 0000001C
boot_cnr FFFFFFDF
boot_dir FF000000
boot_dat 0000003C
cnr_as_spec 0
dir_as_spec 0
btn_raw 0
btn_pressed 1
known_mask 00000060
allow_out_mask 00000040
out_locked 00000000
out_effective 00000040
n_get 3
n_req_ok 2
n_req_no 0
n_dirin_ok 1
n_dirin_no 0
n_dirout_ok 1
n_dirout_no 0
n_set_ok 0
n_set_no 0
n_writes 2
state_known 1
state_last 0000007C
n_state_chk 310
n_state_foreign 42
foreign_seen 1
foreign_first 0000001C
probed04 0
val04 00000000
557.25 548.77
version rtl819x-gpio 1.1
added 1
add_rc 0
base 0
ngpio 32
cnr FFFFFF8B
dir FF000040
dat 0000001C
boot_cnr FFFFFFDF
boot_dir FF000000
boot_dat 0000003C
cnr_as_spec 0
dir_as_spec 0
btn_raw 0
btn_pressed 1
known_mask 00000060
allow_out_mask 00000040
out_locked 00000000
out_effective 00000040
n_get 3
n_req_ok 2
n_req_no 0
n_dirin_ok 1
n_dirin_no 0
n_dirout_ok 1
n_dirout_no 0
n_set_ok 0
n_set_no 0
n_writes 2
state_known 1
state_last 0000007C
n_state_chk 312
n_state_foreign 44
foreign_seen 1
foreign_first 0000001C
probed04 0
val04 00000000
557.27 548.77
version rtl819x-gpio 1.1
added 1
add_rc 0
base 0
ngpio 32
cnr FFFFFF8B
dir FF000040
dat 0000001C
boot_cnr FFFFFFDF
boot_dir FF000000
boot_dat 0000003C
cnr_as_spec 0
dir_as_spec 0
btn_raw 0
btn_pressed 1
known_mask 00000060
allow_out_mask 00000040
out_locked 00000000
out_effective 00000040
n_get 3
n_req_ok 2
n_req_no 0
n_dirin_ok 1
n_dirin_no 0
n_dirout_ok 1
n_dirout_no 0
n_set_ok 0
n_set_no 0
n_writes 2
state_known 1
state_last 0000007C
n_state_chk 314
n_state_foreign 46
foreign_seen 1
foreign_first 0000001C
probed04 0
val04 00000000
557.28 548.77
version rtl819x-gpio 1.1
added 1
add_rc 0
base 0
ngpio 32
cnr FFFFFF8B
dir FF000040
dat 0000001C
boot_cnr FFFFFFDF
boot_dir FF000000
boot_dat 0000003C
cnr_as_spec 0
dir_as_spec 0
btn_raw 0
btn_pressed 1
known_mask 00000060
allow_out_mask 00000040
out_locked 00000000
out_effective 00000040
n_get 3
n_req_ok 2
n_req_no 0
n_dirin_ok 1
n_dirin_no 0
n_dirout_ok 1
n_dirout_no 0
n_set_ok 0
n_set_no 0
n_writes 2
state_known 1
state_last 0000007C
n_state_chk 316
n_state_foreign 48
foreign_seen 1
foreign_first 0000001C
probed04 0
val04 00000000
557.29 548.77
version rtl819x-gpio 1.1
added 1
add_rc 0
base 0
ngpio 32
cnr FFFFFF8B
dir FF000040
dat 0000001C
boot_cnr FFFFFFDF
boot_dir FF000000
boot_dat 0000003C
cnr_as_spec 0
dir_as_spec 0
btn_raw 0
btn_pressed 1
known_mask 00000060
allow_out_mask 00000040
out_locked 00000000
out_effective 00000040
n_get 3
n_req_ok 2
n_req_no 0
n_dirin_ok 1
n_dirin_no 0
n_dirout_ok 1
n_dirout_no 0
n_set_ok 0
n_set_no 0
n_writes 2
state_known 1
state_last 0000007C
n_state_chk 318
n_state_foreign 50
foreign_seen 1
foreign_first 0000001C
probed04 0
val04 00000000
557.30 548.77
version rtl819x-gpio 1.1
added 1
add_rc 0
base 0
ngpio 32
cnr FFFFFF8B
dir FF000040
dat 0000001C
boot_cnr FFFFFFDF
boot_dir FF000000
boot_dat 0000003C
cnr_as_spec 0
dir_as_spec 0
btn_raw 0
btn_pressed 1
known_mask 00000060
allow_out_mask 00000040
out_locked 00000000
out_effective 00000040
n_get 3
n_req_ok 2
n_req_no 0
n_dirin_ok 1
n_dirin_no 0
n_dirout_ok 1
n_dirout_no 0
n_set_ok 0
n_set_no 0
n_writes 2
state_known 1
state_last 0000007C
n_state_chk 320
n_state_foreign 52
foreign_seen 1
foreign_first 0000001C
probed04 0
val04 00000000
557.31 548.77
version rtl819x-gpio 1.1
added 1
add_rc 0
base 0
ngpio 32
cnr FFFFFF8B
dir FF000040
dat 0000001C
boot_cnr FFFFFFDF
boot_dir FF000000
boot_dat 0000003C
cnr_as_spec 0
dir_as_spec 0
btn_raw 0
btn_pressed 1
known_mask 00000060
allow_out_mask 00000040
out_locked 00000000
out_effective 00000040
n_get 3
n_req_ok 2
n_req_no 0
n_dirin_ok 1
n_dirin_no 0
n_dirout_ok 1
n_dirout_no 0
n_set_ok 0
n_set_no 0
n_writes 2
state_known 1
state_last 0000007C
n_state_chk 322
n_state_foreign 54
foreign_seen 1
foreign_first 0000001C
probed04 0
val04 00000000
557.32 548.77
version rtl819x-gpio 1.1
added 1
add_rc 0
base 0
ngpio 32
cnr FFFFFF8B
dir FF000040
dat 0000001C
boot_cnr FFFFFFDF
boot_dir FF000000
boot_dat 0000003C
cnr_as_spec 0
dir_as_spec 0
btn_raw 0
btn_pressed 1
known_mask 00000060
allow_out_mask 00000040
out_locked 00000000
out_effective 00000040
n_get 3
n_req_ok 2
n_req_no 0
n_dirin_ok 1
n_dirin_no 0
n_dirout_ok 1
n_dirout_no 0
n_set_ok 0
n_set_no 0
n_writes 2
state_known 1
state_last 0000007C
n_state_chk 324
n_state_foreign 56
foreign_seen 1
foreign_first 0000001C
probed04 0
val04 00000000
558.44 549.87
version rtl819x-gpio 1.1
added 1
add_rc 0
base 0
ngpio 32
cnr FFFFFF8B
dir FF000040
dat 0000005C
boot_cnr FFFFFFDF
boot_dir FF000000
boot_dat 0000003C
cnr_as_spec 0
dir_as_spec 0
btn_raw 0
btn_pressed 1
known_mask 00000060
allow_out_mask 00000040
out_locked 00000000
out_effective 00000040
n_get 3
n_req_ok 2
n_req_no 0
n_dirin_ok 1
n_dirin_no 0
n_dirout_ok 1
n_dirout_no 0
n_set_ok 0
n_set_no 0
n_writes 2
state_known 1
state_last 0000007C
n_state_chk 326
n_state_foreign 56
foreign_seen 1
foreign_first 0000001C
probed04 0
val04 00000000
558.45 549.87
version rtl819x-gpio 1.1
added 1
add_rc 0
base 0
ngpio 32
cnr FFFFFF8B
dir FF000040
dat 0000005C
boot_cnr FFFFFFDF
boot_dir FF000000
boot_dat 0000003C
cnr_as_spec 0
dir_as_spec 0
btn_raw 0
btn_pressed 1
known_mask 00000060
allow_out_mask 00000040
out_locked 00000000
out_effective 00000040
n_get 3
n_req_ok 2
n_req_no 0
n_dirin_ok 1
n_dirin_no 0
n_dirout_ok 1
n_dirout_no 0
n_set_ok 0
n_set_no 0
n_writes 2
state_known 1
state_last 0000007C
n_state_chk 328
n_state_foreign 56
foreign_seen 1
foreign_first 0000001C
probed04 0
val04 00000000
558.46 549.87
version rtl819x-gpio 1.1
added 1
add_rc 0
base 0
ngpio 32
cnr FFFFFF8B
dir FF000040
dat 0000005C
boot_cnr FFFFFFDF
boot_dir FF000000
boot_dat 0000003C
cnr_as_spec 0
dir_as_spec 0
btn_raw 0
btn_pressed 1
known_mask 00000060
allow_out_mask 00000040
out_locked 00000000
out_effective 00000040
n_get 3
n_req_ok 2
n_req_no 0
n_dirin_ok 1
n_dirin_no 0
n_dirout_ok 1
n_dirout_no 0
n_set_ok 0
n_set_no 0
n_writes 2
state_known 1
state_last 0000007C
n_state_chk 330
n_state_foreign 56
foreign_seen 1
foreign_first 0000001C
probed04 0
val04 00000000
558.48 549.87
version rtl819x-gpio 1.1
added 1
add_rc 0
base 0
ngpio 32
cnr FFFFFF8B
dir FF000040
dat 0000005C
boot_cnr FFFFFFDF
boot_dir FF000000
boot_dat 0000003C
cnr_as_spec 0
dir_as_spec 0
btn_raw 0
btn_pressed 1
known_mask 00000060
allow_out_mask 00000040
out_locked 00000000
out_effective 00000040
n_get 3
n_req_ok 2
n_req_no 0
n_dirin_ok 1
n_dirin_no 0
n_dirout_ok 1
n_dirout_no 0
n_set_ok 0
n_set_no 0
n_writes 2
state_known 1
state_last 0000007C
n_state_chk 332
n_state_foreign 56
foreign_seen 1
foreign_first 0000001C
probed04 0
val04 00000000
558.49 549.87
version rtl819x-gpio 1.1
added 1
add_rc 0
base 0
ngpio 32
cnr FFFFFF8B
dir FF000040
dat 0000005C
boot_cnr FFFFFFDF
boot_dir FF000000
boot_dat 0000003C
cnr_as_spec 0
dir_as_spec 0
btn_raw 0
btn_pressed 1
known_mask 00000060
allow_out_mask 00000040
out_locked 00000000
out_effective 00000040
n_get 3
n_req_ok 2
n_req_no 0
n_dirin_ok 1
n_dirin_no 0
n_dirout_ok 1
n_dirout_no 0
n_set_ok 0
n_set_no 0
n_writes 2
state_known 1
state_last 0000007C
n_state_chk 334
n_state_foreign 56
foreign_seen 1
foreign_first 0000001C
probed04 0
val04 00000000
558.50 549.87
version rtl819x-gpio 1.1
added 1
add_rc 0
base 0
ngpio 32
cnr FFFFFF8B
dir FF000040
dat 0000005C
boot_cnr FFFFFFDF
boot_dir FF000000
boot_dat 0000003C
cnr_as_spec 0
dir_as_spec 0
btn_raw 0
btn_pressed 1
known_mask 00000060
allow_out_mask 00000040
out_locked 00000000
out_effective 00000040
n_get 3
n_req_ok 2
n_req_no 0
n_dirin_ok 1
n_dirin_no 0
n_dirout_ok 1
n_dirout_no 0
n_set_ok 0
n_set_no 0
n_writes 2
state_known 1
state_last 0000007C
n_state_chk 336
n_state_foreign 56
foreign_seen 1
foreign_first 0000001C
probed04 0
val04 00000000
558.51 549.87
version rtl819x-gpio 1.1
added 1
add_rc 0
base 0
ngpio 32
cnr FFFFFF8B
dir FF000040
dat 0000005C
boot_cnr FFFFFFDF
boot_dir FF000000
boot_dat 0000003C
cnr_as_spec 0
dir_as_spec 0
btn_raw 0
btn_pressed 1
known_mask 00000060
allow_out_mask 00000040
out_locked 00000000
out_effective 00000040
n_get 3
n_req_ok 2
n_req_no 0
n_dirin_ok 1
n_dirin_no 0
n_dirout_ok 1
n_dirout_no 0
n_set_ok 0
n_set_no 0
n_writes 2
state_known 1
state_last 0000007C
n_state_chk 338
n_state_foreign 56
foreign_seen 1
foreign_first 0000001C
probed04 0
val04 00000000
559.63 550.98
version rtl819x-gpio 1.1
added 1
add_rc 0
base 0
ngpio 32
cnr FFFFFF8B
dir FF000040
dat 0000001C
boot_cnr FFFFFFDF
boot_dir FF000000
boot_dat 0000003C
cnr_as_spec 0
dir_as_spec 0
btn_raw 0
btn_pressed 1
known_mask 00000060
allow_out_mask 00000040
out_locked 00000000
out_effective 00000040
n_get 3
n_req_ok 2
n_req_no 0
n_dirin_ok 1
n_dirin_no 0
n_dirout_ok 1
n_dirout_no 0
n_set_ok 0
n_set_no 0
n_writes 2
state_known 1
state_last 0000007C
n_state_chk 340
n_state_foreign 58
foreign_seen 1
foreign_first 0000001C
probed04 0
val04 00000000
559.64 550.98
version rtl819x-gpio 1.1
added 1
add_rc 0
base 0
ngpio 32
cnr FFFFFF8B
dir FF000040
dat 0000001C
boot_cnr FFFFFFDF
boot_dir FF000000
boot_dat 0000003C
cnr_as_spec 0
dir_as_spec 0
btn_raw 0
btn_pressed 1
known_mask 00000060
allow_out_mask 00000040
out_locked 00000000
out_effective 00000040
n_get 3
n_req_ok 2
n_req_no 0
n_dirin_ok 1
n_dirin_no 0
n_dirout_ok 1
n_dirout_no 0
n_set_ok 0
n_set_no 0
n_writes 2
state_known 1
state_last 0000007C
n_state_chk 342
n_state_foreign 60
foreign_seen 1
foreign_first 0000001C
probed04 0
val04 00000000
559.65 550.98
version rtl819x-gpio 1.1
added 1
add_rc 0
base 0
ngpio 32
cnr FFFFFF8B
dir FF000040
dat 0000001C
boot_cnr FFFFFFDF
boot_dir FF000000
boot_dat 0000003C
cnr_as_spec 0
dir_as_spec 0
btn_raw 0
btn_pressed 1
known_mask 00000060
allow_out_mask 00000040
out_locked 00000000
out_effective 00000040
n_get 3
n_req_ok 2
n_req_no 0
n_dirin_ok 1
n_dirin_no 0
n_dirout_ok 1
n_dirout_no 0
n_set_ok 0
n_set_no 0
n_writes 2
state_known 1
state_last 0000007C
n_state_chk 344
n_state_foreign 62
foreign_seen 1
foreign_first 0000001C
probed04 0
val04 00000000
559.66 550.98
version rtl819x-gpio 1.1
added 1
add_rc 0
base 0
ngpio 32
cnr FFFFFF8B
dir FF000040
dat 0000001C
boot_cnr FFFFFFDF
boot_dir FF000000
boot_dat 0000003C
cnr_as_spec 0
dir_as_spec 0
btn_raw 0
btn_pressed 1
known_mask 00000060
allow_out_mask 00000040
out_locked 00000000
out_effective 00000040
n_get 3
n_req_ok 2
n_req_no 0
n_dirin_ok 1
n_dirin_no 0
n_dirout_ok 1
n_dirout_no 0
n_set_ok 0
n_set_no 0
n_writes 2
state_known 1
state_last 0000007C
n_state_chk 346
n_state_foreign 64
foreign_seen 1
foreign_first 0000001C
probed04 0
val04 00000000
559.67 550.98
version rtl819x-gpio 1.1
added 1
add_rc 0
base 0
ngpio 32
cnr FFFFFF8B
dir FF000040
dat 0000001C
boot_cnr FFFFFFDF
boot_dir FF000000
boot_dat 0000003C
cnr_as_spec 0
dir_as_spec 0
btn_raw 0
btn_pressed 1
known_mask 00000060
allow_out_mask 00000040
out_locked 00000000
out_effective 00000040
n_get 3
n_req_ok 2
n_req_no 0
n_dirin_ok 1
n_dirin_no 0
n_dirout_ok 1
n_dirout_no 0
n_set_ok 0
n_set_no 0
n_writes 2
state_known 1
state_last 0000007C
n_state_chk 348
n_state_foreign 66
foreign_seen 1
foreign_first 0000001C
probed04 0
val04 00000000
559.69 550.98
version rtl819x-gpio 1.1
added 1
add_rc 0
base 0
ngpio 32
cnr FFFFFF8B
dir FF000040
dat 0000001C
boot_cnr FFFFFFDF
boot_dir FF000000
boot_dat 0000003C
cnr_as_spec 0
dir_as_spec 0
btn_raw 0
btn_pressed 1
known_mask 00000060
allow_out_mask 00000040
out_locked 00000000
out_effective 00000040
n_get 3
n_req_ok 2
n_req_no 0
n_dirin_ok 1
n_dirin_no 0
n_dirout_ok 1
n_dirout_no 0
n_set_ok 0
n_set_no 0
n_writes 2
state_known 1
state_last 0000007C
n_state_chk 350
n_state_foreign 68
foreign_seen 1
foreign_first 0000001C
probed04 0
val04 00000000
560.80 552.08
version rtl819x-gpio 1.1
added 1
add_rc 0
base 0
ngpio 32
cnr FFFFFF8B
dir FF000040
dat 0000001C
boot_cnr FFFFFFDF
boot_dir FF000000
boot_dat 0000003C
cnr_as_spec 0
dir_as_spec 0
btn_raw 0
btn_pressed 1
known_mask 00000060
allow_out_mask 00000040
out_locked 00000000
out_effective 00000040
n_get 3
n_req_ok 2
n_req_no 0
n_dirin_ok 1
n_dirin_no 0
n_dirout_ok 1
n_dirout_no 0
n_set_ok 0
n_set_no 0
n_writes 2
state_known 1
state_last 0000007C
n_state_chk 352
n_state_foreign 70
foreign_seen 1
foreign_first 0000001C
probed04 0
val04 00000000
560.82 552.08
version rtl819x-gpio 1.1
added 1
add_rc 0
base 0
ngpio 32
cnr FFFFFF8B
dir FF000040
dat 0000001C
boot_cnr FFFFFFDF
boot_dir FF000000
boot_dat 0000003C
cnr_as_spec 0
dir_as_spec 0
btn_raw 0
btn_pressed 1
known_mask 00000060
allow_out_mask 00000040
out_locked 00000000
out_effective 00000040
n_get 3
n_req_ok 2
n_req_no 0
n_dirin_ok 1
n_dirin_no 0
n_dirout_ok 1
n_dirout_no 0
n_set_ok 0
n_set_no 0
n_writes 2
state_known 1
state_last 0000007C
n_state_chk 354
n_state_foreign 72
foreign_seen 1
foreign_first 0000001C
probed04 0
val04 00000000
560.83 552.08
version rtl819x-gpio 1.1
added 1
add_rc 0
base 0
ngpio 32
cnr FFFFFF8B
dir FF000040
dat 0000001C
boot_cnr FFFFFFDF
boot_dir FF000000
boot_dat 0000003C
cnr_as_spec 0
dir_as_spec 0
btn_raw 0
btn_pressed 1
known_mask 00000060
allow_out_mask 00000040
out_locked 00000000
out_effective 00000040
n_get 3
n_req_ok 2
n_req_no 0
n_dirin_ok 1
n_dirin_no 0
n_dirout_ok 1
n_dirout_no 0
n_set_ok 0
n_set_no 0
n_writes 2
state_known 1
state_last 0000007C
n_state_chk 356
n_state_foreign 74
foreign_seen 1
foreign_first 0000001C
probed04 0
val04 00000000
560.84 552.08
version rtl819x-gpio 1.1
added 1
add_rc 0
base 0
ngpio 32
cnr FFFFFF8B
dir FF000040
dat 0000001C
boot_cnr FFFFFFDF
boot_dir FF000000
boot_dat 0000003C
cnr_as_spec 0
dir_as_spec 0
btn_raw 0
btn_pressed 1
known_mask 00000060
allow_out_mask 00000040
out_locked 00000000
out_effective 00000040
n_get 3
n_req_ok 2
n_req_no 0
n_dirin_ok 1
n_dirin_no 0
n_dirout_ok 1
n_dirout_no 0
n_set_ok 0
n_set_no 0
n_writes 2
state_known 1
state_last 0000007C
n_state_chk 358
n_state_foreign 76
foreign_seen 1
foreign_first 0000001C
probed04 0
val04 00000000
560.85 552.08
version rtl819x-gpio 1.1
added 1
add_rc 0
base 0
ngpio 32
cnr FFFFFF8B
dir FF000040
dat 0000001C
boot_cnr FFFFFFDF
boot_dir FF000000
boot_dat 0000003C
cnr_as_spec 0
dir_as_spec 0
btn_raw 0
btn_pressed 1
known_mask 00000060
allow_out_mask 00000040
out_locked 00000000
out_effective 00000040
n_get 3
n_req_ok 2
n_req_no 0
n_dirin_ok 1
n_dirin_no 0
n_dirout_ok 1
n_dirout_no 0
n_set_ok 0
n_set_no 0
n_writes 2
state_known 1
state_last 0000007C
n_state_chk 360
n_state_foreign 78
foreign_seen 1
foreign_first 0000001C
probed04 0
val04 00000000
560.86 552.08
version rtl819x-gpio 1.1
added 1
add_rc 0
base 0
ngpio 32
cnr FFFFFF8B
dir FF000040
dat 0000001C
boot_cnr FFFFFFDF
boot_dir FF000000
boot_dat 0000003C
cnr_as_spec 0
dir_as_spec 0
btn_raw 0
btn_pressed 1
known_mask 00000060
allow_out_mask 00000040
out_locked 00000000
out_effective 00000040
n_get 3
n_req_ok 2
n_req_no 0
n_dirin_ok 1
n_dirin_no 0
n_dirout_ok 1
n_dirout_no 0
n_set_ok 0
n_set_no 0
n_writes 2
state_known 1
state_last 0000007C
n_state_chk 362
n_state_foreign 80
foreign_seen 1
foreign_first 0000001C
probed04 0
val04 00000000
560.87 552.08
version rtl819x-gpio 1.1
added 1
add_rc 0
base 0
ngpio 32
cnr FFFFFF8B
dir FF000040
dat 0000001C
boot_cnr FFFFFFDF
boot_dir FF000000
boot_dat 0000003C
cnr_as_spec 0
dir_as_spec 0
btn_raw 0
btn_pressed 1
known_mask 00000060
allow_out_mask 00000040
out_locked 00000000
out_effective 00000040
n_get 3
n_req_ok 2
n_req_no 0
n_dirin_ok 1
n_dirin_no 0
n_dirout_ok 1
n_dirout_no 0
n_set_ok 0
n_set_no 0
n_writes 2
state_known 1
state_last 0000007C
n_state_chk 364
n_state_foreign 82
foreign_seen 1
foreign_first 0000001C
probed04 0
val04 00000000
561.99 553.19
version rtl819x-gpio 1.1
added 1
add_rc 0
base 0
ngpio 32
cnr FFFFFF8B
dir FF000040
dat 0000005C
boot_cnr FFFFFFDF
boot_dir FF000000
boot_dat 0000003C
cnr_as_spec 0
dir_as_spec 0
btn_raw 0
btn_pressed 1
known_mask 00000060
allow_out_mask 00000040
out_locked 00000000
out_effective 00000040
n_get 3
n_req_ok 2
n_req_no 0
n_dirin_ok 1
n_dirin_no 0
n_dirout_ok 1
n_dirout_no 0
n_set_ok 0
n_set_no 0
n_writes 2
state_known 1
state_last 0000007C
n_state_chk 366
n_state_foreign 82
foreign_seen 1
foreign_first 0000001C
probed04 0
val04 00000000
562.00 553.19
version rtl819x-gpio 1.1
added 1
add_rc 0
base 0
ngpio 32
cnr FFFFFF8B
dir FF000040
dat 0000005C
boot_cnr FFFFFFDF
boot_dir FF000000
boot_dat 0000003C
cnr_as_spec 0
dir_as_spec 0
btn_raw 0
btn_pressed 1
known_mask 00000060
allow_out_mask 00000040
out_locked 00000000
out_effective 00000040
n_get 3
n_req_ok 2
n_req_no 0
n_dirin_ok 1
n_dirin_no 0
n_dirout_ok 1
n_dirout_no 0
n_set_ok 0
n_set_no 0
n_writes 2
state_known 1
state_last 0000007C
n_state_chk 368
n_state_foreign 82
foreign_seen 1
foreign_first 0000001C
probed04 0
val04 00000000
562.01 553.19
version rtl819x-gpio 1.1
added 1
add_rc 0
base 0
ngpio 32
cnr FFFFFF8B
dir FF000040
dat 0000005C
boot_cnr FFFFFFDF
boot_dir FF000000
boot_dat 0000003C
cnr_as_spec 0
dir_as_spec 0
btn_raw 0
btn_pressed 1
known_mask 00000060
allow_out_mask 00000040
out_locked 00000000
out_effective 00000040
n_get 3
n_req_ok 2
n_req_no 0
n_dirin_ok 1
n_dirin_no 0
n_dirout_ok 1
n_dirout_no 0
n_set_ok 0
n_set_no 0
n_writes 2
state_known 1
state_last 0000007C
n_state_chk 370
n_state_foreign 82
foreign_seen 1
foreign_first 0000001C
probed04 0
val04 00000000
562.03 553.19
version rtl819x-gpio 1.1
added 1
add_rc 0
base 0
ngpio 32
cnr FFFFFF8B
dir FF000040
dat 0000005C
boot_cnr FFFFFFDF
boot_dir FF000000
boot_dat 0000003C
cnr_as_spec 0
dir_as_spec 0
btn_raw 0
btn_pressed 1
known_mask 00000060
allow_out_mask 00000040
out_locked 00000000
out_effective 00000040
n_get 3
n_req_ok 2
n_req_no 0
n_dirin_ok 1
n_dirin_no 0
n_dirout_ok 1
n_dirout_no 0
n_set_ok 0
n_set_no 0
n_writes 2
state_known 1
state_last 0000007C
n_state_chk 372
n_state_foreign 82
foreign_seen 1
foreign_first 0000001C
probed04 0
val04 00000000
562.04 553.19
version rtl819x-gpio 1.1
added 1
add_rc 0
base 0
ngpio 32
cnr FFFFFF8B
dir FF000040
dat 0000005C
boot_cnr FFFFFFDF
boot_dir FF000000
boot_dat 0000003C
cnr_as_spec 0
dir_as_spec 0
btn_raw 0
btn_pressed 1
known_mask 00000060
allow_out_mask 00000040
out_locked 00000000
out_effective 00000040
n_get 3
n_req_ok 2
n_req_no 0
n_dirin_ok 1
n_dirin_no 0
n_dirout_ok 1
n_dirout_no 0
n_set_ok 0
n_set_no 0
n_writes 2
state_known 1
state_last 0000007C
n_state_chk 374
n_state_foreign 82
foreign_seen 1
foreign_first 0000001C
probed04 0
val04 00000000
562.05 553.19
version rtl819x-gpio 1.1
added 1
add_rc 0
base 0
ngpio 32
cnr FFFFFF8B
dir FF000040
dat 0000005C
boot_cnr FFFFFFDF
boot_dir FF000000
boot_dat 0000003C
cnr_as_spec 0
dir_as_spec 0
btn_raw 0
btn_pressed 1
known_mask 00000060
allow_out_mask 00000040
out_locked 00000000
out_effective 00000040
n_get 3
n_req_ok 2
n_req_no 0
n_dirin_ok 1
n_dirin_no 0
n_dirout_ok 1
n_dirout_no 0
n_set_ok 0
n_set_no 0
n_writes 2
state_known 1
state_last 0000007C
n_state_chk 376
n_state_foreign 82
foreign_seen 1
foreign_first 0000001C
probed04 0
val04 00000000
562.06 553.19
version rtl819x-gpio 1.1
added 1
add_rc 0
base 0
ngpio 32
cnr FFFFFF8B
dir FF000040
dat 0000005C
boot_cnr FFFFFFDF
boot_dir FF000000
boot_dat 0000003C
cnr_as_spec 0
dir_as_spec 0
btn_raw 0
btn_pressed 1
known_mask 00000060
allow_out_mask 00000040
out_locked 00000000
out_effective 00000040
n_get 3
n_req_ok 2
n_req_no 0
n_dirin_ok 1
n_dirin_no 0
n_dirout_ok 1
n_dirout_no 0
n_set_ok 0
n_set_no 0
n_writes 2
state_known 1
state_last 0000007C
n_state_chk 378
n_state_foreign 82
foreign_seen 1
foreign_first 0000001C
probed04 0
val04 00000000
563.18 554.30
version rtl819x-gpio 1.1
added 1
add_rc 0
base 0
ngpio 32
cnr FFFFFF8B
dir FF000040
dat 0000001C
boot_cnr FFFFFFDF
boot_dir FF000000
boot_dat 0000003C
cnr_as_spec 0
dir_as_spec 0
btn_raw 0
btn_pressed 1
known_mask 00000060
allow_out_mask 00000040
out_locked 00000000
out_effective 00000040
n_get 3
n_req_ok 2
n_req_no 0
n_dirin_ok 1
n_dirin_no 0
n_dirout_ok 1
n_dirout_no 0
n_set_ok 0
n_set_no 0
n_writes 2
state_known 1
state_last 0000007C
n_state_chk 380
n_state_foreign 84
foreign_seen 1
foreign_first 0000001C
probed04 0
val04 00000000
563.19 554.30
version rtl819x-gpio 1.1
added 1
add_rc 0
base 0
ngpio 32
cnr FFFFFF8B
dir FF000040
dat 0000001C
boot_cnr FFFFFFDF
boot_dir FF000000
boot_dat 0000003C
cnr_as_spec 0
dir_as_spec 0
btn_raw 0
btn_pressed 1
known_mask 00000060
allow_out_mask 00000040
out_locked 00000000
out_effective 00000040
n_get 3
n_req_ok 2
n_req_no 0
n_dirin_ok 1
n_dirin_no 0
n_dirout_ok 1
n_dirout_no 0
n_set_ok 0
n_set_no 0
n_writes 2
state_known 1
state_last 0000007C
n_state_chk 382
n_state_foreign 86
foreign_seen 1
foreign_first 0000001C
probed04 0
val04 00000000
563.20 554.30
version rtl819x-gpio 1.1
added 1
add_rc 0
base 0
ngpio 32
cnr FFFFFF8B
dir FF000040
dat 0000001C
boot_cnr FFFFFFDF
boot_dir FF000000
boot_dat 0000003C
cnr_as_spec 0
dir_as_spec 0
btn_raw 0
btn_pressed 1
known_mask 00000060
allow_out_mask 00000040
out_locked 00000000
out_effective 00000040
n_get 3
n_req_ok 2
n_req_no 0
n_dirin_ok 1
n_dirin_no 0
n_dirout_ok 1
n_dirout_no 0
n_set_ok 0
n_set_no 0
n_writes 2
state_known 1
state_last 0000007C
n_state_chk 384
n_state_foreign 88
foreign_seen 1
foreign_first 0000001C
probed04 0
val04 00000000
563.21 554.30
version rtl819x-gpio 1.1
added 1
add_rc 0
base 0
ngpio 32
cnr FFFFFF8B
dir FF000040
dat 0000001C
boot_cnr FFFFFFDF
boot_dir FF000000
boot_dat 0000003C
cnr_as_spec 0
dir_as_spec 0
btn_raw 0
btn_pressed 1
known_mask 00000060
allow_out_mask 00000040
out_locked 00000000
out_effective 00000040
n_get 3
n_req_ok 2
n_req_no 0
n_dirin_ok 1
n_dirin_no 0
n_dirout_ok 1
n_dirout_no 0
n_set_ok 0
n_set_no 0
n_writes 2
state_known 1
state_last 0000007C
n_state_chk 386
n_state_foreign 90
foreign_seen 1
foreign_first 0000001C
probed04 0
val04 00000000
563.22 554.30
version rtl819x-gpio 1.1
added 1
add_rc 0
base 0
ngpio 32
cnr FFFFFF8B
dir FF000040
dat 0000001C
boot_cnr FFFFFFDF
boot_dir FF000000
boot_dat 0000003C
cnr_as_spec 0
dir_as_spec 0
btn_raw 0
btn_pressed 1
known_mask 00000060
allow_out_mask 00000040
out_locked 00000000
out_effective 00000040
n_get 3
n_req_ok 2
n_req_no 0
n_dirin_ok 1
n_dirin_no 0
n_dirout_ok 1
n_dirout_no 0
n_set_ok 0
n_set_no 0
n_writes 2
state_known 1
state_last 0000007C
n_state_chk 388
n_state_foreign 92
foreign_seen 1
foreign_first 0000001C
probed04 0
val04 00000000
563.24 554.30
version rtl819x-gpio 1.1
added 1
add_rc 0
base 0
ngpio 32
cnr FFFFFF8B
dir FF000040
dat 0000001C
boot_cnr FFFFFFDF
boot_dir FF000000
boot_dat 0000003C
cnr_as_spec 0
dir_as_spec 0
btn_raw 0
btn_pressed 1
known_mask 00000060
allow_out_mask 00000040
out_locked 00000000
out_effective 00000040
n_get 3
n_req_ok 2
n_req_no 0
n_dirin_ok 1
n_dirin_no 0
n_dirout_ok 1
n_dirout_no 0
n_set_ok 0
n_set_no 0
n_writes 2
state_known 1
state_last 0000007C
n_state_chk 390
n_state_foreign 94
foreign_seen 1
foreign_first 0000001C
probed04 0
val04 00000000
563.25 554.30
version rtl819x-gpio 1.1
added 1
add_rc 0
base 0
ngpio 32
cnr FFFFFF8B
dir FF000040
dat 0000001C
boot_cnr FFFFFFDF
boot_dir FF000000
boot_dat 0000003C
cnr_as_spec 0
dir_as_spec 0
btn_raw 0
btn_pressed 1
known_mask 00000060
allow_out_mask 00000040
out_locked 00000000
out_effective 00000040
n_get 3
n_req_ok 2
n_req_no 0
n_dirin_ok 1
n_dirin_no 0
n_dirout_ok 1
n_dirout_no 0
n_set_ok 0
n_set_no 0
n_writes 2
state_known 1
state_last 0000007C
n_state_chk 392
n_state_foreign 96
foreign_seen 1
foreign_first 0000001C
probed04 0
val04 00000000
564.36 555.40
version rtl819x-gpio 1.1
added 1
add_rc 0
base 0
ngpio 32
cnr FFFFFF8B
dir FF000040
dat 0000005C
boot_cnr FFFFFFDF
boot_dir FF000000
boot_dat 0000003C
cnr_as_spec 0
dir_as_spec 0
btn_raw 0
btn_pressed 1
known_mask 00000060
allow_out_mask 00000040
out_locked 00000000
out_effective 00000040
n_get 3
n_req_ok 2
n_req_no 0
n_dirin_ok 1
n_dirin_no 0
n_dirout_ok 1
n_dirout_no 0
n_set_ok 0
n_set_no 0
n_writes 2
state_known 1
state_last 0000007C
n_state_chk 394
n_state_foreign 96
foreign_seen 1
foreign_first 0000001C
probed04 0
val04 00000000
564.38 555.40
version rtl819x-gpio 1.1
added 1
add_rc 0
base 0
ngpio 32
cnr FFFFFF8B
dir FF000040
dat 0000005C
boot_cnr FFFFFFDF
boot_dir FF000000
boot_dat 0000003C
cnr_as_spec 0
dir_as_spec 0
btn_raw 0
btn_pressed 1
known_mask 00000060
allow_out_mask 00000040
out_locked 00000000
out_effective 00000040
n_get 3
n_req_ok 2
n_req_no 0
n_dirin_ok 1
n_dirin_no 0
n_dirout_ok 1
n_dirout_no 0
n_set_ok 0
n_set_no 0
n_writes 2
state_known 1
state_last 0000007C
n_state_chk 396
n_state_foreign 96
foreign_seen 1
foreign_first 0000001C
probed04 0
val04 00000000
564.39 555.40
version rtl819x-gpio 1.1
added 1
add_rc 0
base 0
ngpio 32
cnr FFFFFF8B
dir FF000040
dat 0000005C
boot_cnr FFFFFFDF
boot_dir FF000000
boot_dat 0000003C
cnr_as_spec 0
dir_as_spec 0
btn_raw 0
btn_pressed 1
known_mask 00000060
allow_out_mask 00000040
out_locked 00000000
out_effective 00000040
n_get 3
n_req_ok 2
n_req_no 0
n_dirin_ok 1
n_dirin_no 0
n_dirout_ok 1
n_dirout_no 0
n_set_ok 0
n_set_no 0
n_writes 2
state_known 1
state_last 0000007C
n_state_chk 398
n_state_foreign 96
foreign_seen 1
foreign_first 0000001C
probed04 0
val04 00000000
564.40 555.40
version rtl819x-gpio 1.1
added 1
add_rc 0
base 0
ngpio 32
cnr FFFFFF8B
dir FF000040
dat 0000005C
boot_cnr FFFFFFDF
boot_dir FF000000
boot_dat 0000003C
cnr_as_spec 0
dir_as_spec 0
btn_raw 0
btn_pressed 1
known_mask 00000060
allow_out_mask 00000040
out_locked 00000000
out_effective 00000040
n_get 3
n_req_ok 2
n_req_no 0
n_dirin_ok 1
n_dirin_no 0
n_dirout_ok 1
n_dirout_no 0
n_set_ok 0
n_set_no 0
n_writes 2
state_known 1
state_last 0000007C
n_state_chk 400
n_state_foreign 96
foreign_seen 1
foreign_first 0000001C
probed04 0
val04 00000000
564.41 555.40
version rtl819x-gpio 1.1
added 1
add_rc 0
base 0
ngpio 32
cnr FFFFFF8B
dir FF000040
dat 0000005C
boot_cnr FFFFFFDF
boot_dir FF000000
boot_dat 0000003C
cnr_as_spec 0
dir_as_spec 0
btn_raw 0
btn_pressed 1
known_mask 00000060
allow_out_mask 00000040
out_locked 00000000
out_effective 00000040
n_get 3
n_req_ok 2
n_req_no 0
n_dirin_ok 1
n_dirin_no 0
n_dirout_ok 1
n_dirout_no 0
n_set_ok 0
n_set_no 0
n_writes 2
state_known 1
state_last 0000007C
n_state_chk 402
n_state_foreign 96
foreign_seen 1
foreign_first 0000001C
probed04 0
val04 00000000
564.42 555.40
version rtl819x-gpio 1.1
added 1
add_rc 0
base 0
ngpio 32
cnr FFFFFF8B
dir FF000040
dat 0000005C
boot_cnr FFFFFFDF
boot_dir FF000000
boot_dat 0000003C
cnr_as_spec 0
dir_as_spec 0
btn_raw 0
btn_pressed 1
known_mask 00000060
allow_out_mask 00000040
out_locked 00000000
out_effective 00000040
n_get 3
n_req_ok 2
n_req_no 0
n_dirin_ok 1
n_dirin_no 0
n_dirout_ok 1
n_dirout_no 0
n_set_ok 0
n_set_no 0
n_writes 2
state_known 1
state_last 0000007C
n_state_chk 404
n_state_foreign 96
foreign_seen 1
foreign_first 0000001C
probed04 0
val04 00000000
564.43 555.40
version rtl819x-gpio 1.1
added 1
add_rc 0
base 0
ngpio 32
cnr FFFFFF8B
dir FF000040
dat 0000005C
boot_cnr FFFFFFDF
boot_dir FF000000
boot_dat 0000003C
cnr_as_spec 0
dir_as_spec 0
btn_raw 0
btn_pressed 1
known_mask 00000060
allow_out_mask 00000040
out_locked 00000000
out_effective 00000040
n_get 3
n_req_ok 2
n_req_no 0
n_dirin_ok 1
n_dirin_no 0
n_dirout_ok 1
n_dirout_no 0
n_set_ok 0
n_set_no 0
n_writes 2
state_known 1
state_last 0000007C
n_state_chk 406
n_state_foreign 96
foreign_seen 1
foreign_first 0000001C
probed04 0
val04 00000000
565.55 556.50
version rtl819x-gpio 1.1
added 1
add_rc 0
base 0
ngpio 32
cnr FFFFFF8B
dir FF000040
dat 0000001C
boot_cnr FFFFFFDF
boot_dir FF000000
boot_dat 0000003C
cnr_as_spec 0
dir_as_spec 0
btn_raw 0
btn_pressed 1
known_mask 00000060
allow_out_mask 00000040
out_locked 00000000
out_effective 00000040
n_get 3
n_req_ok 2
n_req_no 0
n_dirin_ok 1
n_dirin_no 0
n_dirout_ok 1
n_dirout_no 0
n_set_ok 0
n_set_no 0
n_writes 2
state_known 1
state_last 0000007C
n_state_chk 408
n_state_foreign 98
foreign_seen 1
foreign_first 0000001C
probed04 0
val04 00000000
565.56 556.50
version rtl819x-gpio 1.1
added 1
add_rc 0
base 0
ngpio 32
cnr FFFFFF8B
dir FF000040
dat 0000001C
boot_cnr FFFFFFDF
boot_dir FF000000
boot_dat 0000003C
cnr_as_spec 0
dir_as_spec 0
btn_raw 0
btn_pressed 1
known_mask 00000060
allow_out_mask 00000040
out_locked 00000000
out_effective 00000040
n_get 3
n_req_ok 2
n_req_no 0
n_dirin_ok 1
n_dirin_no 0
n_dirout_ok 1
n_dirout_no 0
n_set_ok 0
n_set_no 0
n_writes 2
state_known 1
state_last 0000007C
n_state_chk 410
n_state_foreign 100
foreign_seen 1
foreign_first 0000001C
probed04 0
val04 00000000
565.57 556.50
version rtl819x-gpio 1.1
added 1
add_rc 0
base 0
ngpio 32
cnr FFFFFF8B
dir FF000040
dat 0000001C
boot_cnr FFFFFFDF
boot_dir FF000000
boot_dat 0000003C
cnr_as_spec 0
dir_as_spec 0
btn_raw 0
btn_pressed 1
known_mask 00000060
allow_out_mask 00000040
out_locked 00000000
out_effective 00000040
n_get 3
n_req_ok 2
n_req_no 0
n_dirin_ok 1
n_dirin_no 0
n_dirout_ok 1
n_dirout_no 0
n_set_ok 0
n_set_no 0
n_writes 2
state_known 1
state_last 0000007C
n_state_chk 412
n_state_foreign 102
foreign_seen 1
foreign_first 0000001C
probed04 0
val04 00000000
565.59 556.50
version rtl819x-gpio 1.1
added 1
add_rc 0
base 0
ngpio 32
cnr FFFFFF8B
dir FF000040
dat 0000001C
boot_cnr FFFFFFDF
boot_dir FF000000
boot_dat 0000003C
cnr_as_spec 0
dir_as_spec 0
btn_raw 0
btn_pressed 1
known_mask 00000060
allow_out_mask 00000040
out_locked 00000000
out_effective 00000040
n_get 3
n_req_ok 2
n_req_no 0
n_dirin_ok 1
n_dirin_no 0
n_dirout_ok 1
n_dirout_no 0
n_set_ok 0
n_set_no 0
n_writes 2
state_known 1
state_last 0000007C
n_state_chk 414
n_state_foreign 104
foreign_seen 1
foreign_first 0000001C
probed04 0
val04 00000000
565.60 556.50
version rtl819x-gpio 1.1
added 1
add_rc 0
base 0
ngpio 32
cnr FFFFFF8B
dir FF000040
dat 0000001C
boot_cnr FFFFFFDF
boot_dir FF000000
boot_dat 0000003C
cnr_as_spec 0
dir_as_spec 0
btn_raw 0
btn_pressed 1
known_mask 00000060
allow_out_mask 00000040
out_locked 00000000
out_effective 00000040
n_get 3
n_req_ok 2
n_req_no 0
n_dirin_ok 1
n_dirin_no 0
n_dirout_ok 1
n_dirout_no 0
n_set_ok 0
n_set_no 0
n_writes 2
state_known 1
state_last 0000007C
n_state_chk 416
n_state_foreign 106
foreign_seen 1
foreign_first 0000001C
probed04 0
val04 00000000
565.61 556.50
version rtl819x-gpio 1.1
added 1
add_rc 0
base 0
ngpio 32
cnr FFFFFF8B
dir FF000040
dat 0000001C
boot_cnr FFFFFFDF
boot_dir FF000000
boot_dat 0000003C
cnr_as_spec 0
dir_as_spec 0
btn_raw 0
btn_pressed 1
known_mask 00000060
allow_out_mask 00000040
out_locked 00000000
out_effective 00000040
n_get 3
n_req_ok 2
n_req_no 0
n_dirin_ok 1
n_dirin_no 0
n_dirout_ok 1
n_dirout_no 0
n_set_ok 0
n_set_no 0
n_writes 2
state_known 1
state_last 0000007C
n_state_chk 418
n_state_foreign 108
foreign_seen 1
foreign_first 0000001C
probed04 0
val04 00000000
565.62 556.50
version rtl819x-gpio 1.1
added 1
add_rc 0
base 0
ngpio 32
cnr FFFFFF8B
dir FF000040
dat 0000001C
boot_cnr FFFFFFDF
boot_dir FF000000
boot_dat 0000003C
cnr_as_spec 0
dir_as_spec 0
btn_raw 0
btn_pressed 1
known_mask 00000060
allow_out_mask 00000040
out_locked 00000000
out_effective 00000040
n_get 3
n_req_ok 2
n_req_no 0
n_dirin_ok 1
n_dirin_no 0
n_dirout_ok 1
n_dirout_no 0
n_set_ok 0
n_set_no 0
n_writes 2
state_known 1
state_last 0000007C
n_state_chk 420
n_state_foreign 110
foreign_seen 1
foreign_first 0000001C
probed04 0
val04 00000000
566.74 557.61
version rtl819x-gpio 1.1
added 1
add_rc 0
base 0
ngpio 32
cnr FFFFFF8B
dir FF000040
dat 0000001C
boot_cnr FFFFFFDF
boot_dir FF000000
boot_dat 0000003C
cnr_as_spec 0
dir_as_spec 0
btn_raw 0
btn_pressed 1
known_mask 00000060
allow_out_mask 00000040
out_locked 00000000
out_effective 00000040
n_get 3
n_req_ok 2
n_req_no 0
n_dirin_ok 1
n_dirin_no 0
n_dirout_ok 1
n_dirout_no 0
n_set_ok 0
n_set_no 0
n_writes 2
state_known 1
state_last 0000007C
n_state_chk 422
n_state_foreign 112
foreign_seen 1
foreign_first 0000001C
probed04 0
val04 00000000
566.75 557.61
version rtl819x-gpio 1.1
added 1
add_rc 0
base 0
ngpio 32
cnr FFFFFF8B
dir FF000040
dat 0000001C
boot_cnr FFFFFFDF
boot_dir FF000000
boot_dat 0000003C
cnr_as_spec 0
dir_as_spec 0
btn_raw 0
btn_pressed 1
known_mask 00000060
allow_out_mask 00000040
out_locked 00000000
out_effective 00000040
n_get 3
n_req_ok 2
n_req_no 0
n_dirin_ok 1
n_dirin_no 0
n_dirout_ok 1
n_dirout_no 0
n_set_ok 0
n_set_no 0
n_writes 2
state_known 1
state_last 0000007C
n_state_chk 424
n_state_foreign 114
foreign_seen 1
foreign_first 0000001C
probed04 0
val04 00000000
566.76 557.61
version rtl819x-gpio 1.1
added 1
add_rc 0
base 0
ngpio 32
cnr FFFFFF8B
dir FF000040
dat 0000001C
boot_cnr FFFFFFDF
boot_dir FF000000
boot_dat 0000003C
cnr_as_spec 0
dir_as_spec 0
btn_raw 0
btn_pressed 1
known_mask 00000060
allow_out_mask 00000040
out_locked 00000000
out_effective 00000040
n_get 3
n_req_ok 2
n_req_no 0
n_dirin_ok 1
n_dirin_no 0
n_dirout_ok 1
n_dirout_no 0
n_set_ok 0
n_set_no 0
n_writes 2
state_known 1
state_last 0000007C
n_state_chk 426
n_state_foreign 116
foreign_seen 1
foreign_first 0000001C
probed04 0
val04 00000000
566.77 557.61
version rtl819x-gpio 1.1
added 1
add_rc 0
base 0
ngpio 32
cnr FFFFFF8B
dir FF000040
dat 0000001C
boot_cnr FFFFFFDF
boot_dir FF000000
boot_dat 0000003C
cnr_as_spec 0
dir_as_spec 0
btn_raw 0
btn_pressed 1
known_mask 00000060
allow_out_mask 00000040
out_locked 00000000
out_effective 00000040
n_get 3
n_req_ok 2
n_req_no 0
n_dirin_ok 1
n_dirin_no 0
n_dirout_ok 1
n_dirout_no 0
n_set_ok 0
n_set_no 0
n_writes 2
state_known 1
state_last 0000007C
n_state_chk 428
n_state_foreign 118
foreign_seen 1
foreign_first 0000001C
probed04 0
val04 00000000
566.79 557.61
version rtl819x-gpio 1.1
added 1
add_rc 0
base 0
ngpio 32
cnr FFFFFF8B
dir FF000040
dat 0000001C
boot_cnr FFFFFFDF
boot_dir FF000000
boot_dat 0000003C
cnr_as_spec 0
dir_as_spec 0
btn_raw 0
btn_pressed 1
known_mask 00000060
allow_out_mask 00000040
out_locked 00000000
out_effective 00000040
n_get 3
n_req_ok 2
n_req_no 0
n_dirin_ok 1
n_dirin_no 0
n_dirout_ok 1
n_dirout_no 0
n_set_ok 0
n_set_no 0
n_writes 2
state_known 1
state_last 0000007C
n_state_chk 430
n_state_foreign 120
foreign_seen 1
foreign_first 0000001C
probed04 0
val04 00000000
566.80 557.61
version rtl819x-gpio 1.1
added 1
add_rc 0
base 0
ngpio 32
cnr FFFFFF8B
dir FF000040
dat 0000001C
boot_cnr FFFFFFDF
boot_dir FF000000
boot_dat 0000003C
cnr_as_spec 0
dir_as_spec 0
btn_raw 0
btn_pressed 1
known_mask 00000060
allow_out_mask 00000040
out_locked 00000000
out_effective 00000040
n_get 3
n_req_ok 2
n_req_no 0
n_dirin_ok 1
n_dirin_no 0
n_dirout_ok 1
n_dirout_no 0
n_set_ok 0
n_set_no 0
n_writes 2
state_known 1
state_last 0000007C
n_state_chk 432
n_state_foreign 122
foreign_seen 1
foreign_first 0000001C
probed04 0
val04 00000000
566.81 557.61
version rtl819x-gpio 1.1
added 1
add_rc 0
base 0
ngpio 32
cnr FFFFFF8B
dir FF000040
dat 0000001C
boot_cnr FFFFFFDF
boot_dir FF000000
boot_dat 0000003C
cnr_as_spec 0
dir_as_spec 0
btn_raw 0
btn_pressed 1
known_mask 00000060
allow_out_mask 00000040
out_locked 00000000
out_effective 00000040
n_get 3
n_req_ok 2
n_req_no 0
n_dirin_ok 1
n_dirin_no 0
n_dirout_ok 1
n_dirout_no 0
n_set_ok 0
n_set_no 0
n_writes 2
state_known 1
state_last 0000007C
n_state_chk 434
n_state_foreign 124
foreign_seen 1
foreign_first 0000001C
probed04 0
val04 00000000
567.93 558.71
version rtl819x-gpio 1.1
added 1
add_rc 0
base 0
ngpio 32
cnr FFFFFF8B
dir FF000040
dat 0000005C
boot_cnr FFFFFFDF
boot_dir FF000000
boot_dat 0000003C
cnr_as_spec 0
dir_as_spec 0
btn_raw 0
btn_pressed 1
known_mask 00000060
allow_out_mask 00000040
out_locked 00000000
out_effective 00000040
n_get 3
n_req_ok 2
n_req_no 0
n_dirin_ok 1
n_dirin_no 0
n_dirout_ok 1
n_dirout_no 0
n_set_ok 0
n_set_no 0
n_writes 2
state_known 1
state_last 0000007C
n_state_chk 436
n_state_foreign 124
foreign_seen 1
foreign_first 0000001C
probed04 0
val04 00000000
567.94 558.71
version rtl819x-gpio 1.1
added 1
add_rc 0
base 0
ngpio 32
cnr FFFFFF8B
dir FF000040
dat 0000005C
boot_cnr FFFFFFDF
boot_dir FF000000
boot_dat 0000003C
cnr_as_spec 0
dir_as_spec 0
btn_raw 0
btn_pressed 1
known_mask 00000060
allow_out_mask 00000040
out_locked 00000000
out_effective 00000040
n_get 3
n_req_ok 2
n_req_no 0
n_dirin_ok 1
n_dirin_no 0
n_dirout_ok 1
n_dirout_no 0
n_set_ok 0
n_set_no 0
n_writes 2
state_known 1
state_last 0000007C
n_state_chk 438
n_state_foreign 124
foreign_seen 1
foreign_first 0000001C
probed04 0
val04 00000000
567.95 558.71
version rtl819x-gpio 1.1
added 1
add_rc 0
base 0
ngpio 32
cnr FFFFFF8B
dir FF000040
dat 0000005C
boot_cnr FFFFFFDF
boot_dir FF000000
boot_dat 0000003C
cnr_as_spec 0
dir_as_spec 0
btn_raw 0
btn_pressed 1
known_mask 00000060
allow_out_mask 00000040
out_locked 00000000
out_effective 00000040
n_get 3
n_req_ok 2
n_req_no 0
n_dirin_ok 1
n_dirin_no 0
n_dirout_ok 1
n_dirout_no 0
n_set_ok 0
n_set_no 0
n_writes 2
state_known 1
state_last 0000007C
n_state_chk 440
n_state_foreign 124
foreign_seen 1
foreign_first 0000001C
probed04 0
val04 00000000
567.96 558.71
version rtl819x-gpio 1.1
added 1
add_rc 0
base 0
ngpio 32
cnr FFFFFF8B
dir FF000040
dat 0000005C
boot_cnr FFFFFFDF
boot_dir FF000000
boot_dat 0000003C
cnr_as_spec 0
dir_as_spec 0
btn_raw 0
btn_pressed 1
known_mask 00000060
allow_out_mask 00000040
out_locked 00000000
out_effective 00000040
n_get 3
n_req_ok 2
n_req_no 0
n_dirin_ok 1
n_dirin_no 0
n_dirout_ok 1
n_dirout_no 0
n_set_ok 0
n_set_no 0
n_writes 2
state_known 1
state_last 0000007C
n_state_chk 442
n_state_foreign 124
foreign_seen 1
foreign_first 0000001C
probed04 0
val04 00000000
567.97 558.71
version rtl819x-gpio 1.1
added 1
add_rc 0
base 0
ngpio 32
cnr FFFFFF8B
dir FF000040
dat 0000005C
boot_cnr FFFFFFDF
boot_dir FF000000
boot_dat 0000003C
cnr_as_spec 0
dir_as_spec 0
btn_raw 0
btn_pressed 1
known_mask 00000060
allow_out_mask 00000040
out_locked 00000000
out_effective 00000040
n_get 3
n_req_ok 2
n_req_no 0
n_dirin_ok 1
n_dirin_no 0
n_dirout_ok 1
n_dirout_no 0
n_set_ok 0
n_set_no 0
n_writes 2
state_known 1
state_last 0000007C
n_state_chk 444
n_state_foreign 124
foreign_seen 1
foreign_first 0000001C
probed04 0
val04 00000000
567.98 558.71
version rtl819x-gpio 1.1
added 1
add_rc 0
base 0
ngpio 32
cnr FFFFFF8B
dir FF000040
dat 0000005C
boot_cnr FFFFFFDF
boot_dir FF000000
boot_dat 0000003C
cnr_as_spec 0
dir_as_spec 0
btn_raw 0
btn_pressed 1
known_mask 00000060
allow_out_mask 00000040
out_locked 00000000
out_effective 00000040
n_get 3
n_req_ok 2
n_req_no 0
n_dirin_ok 1
n_dirin_no 0
n_dirout_ok 1
n_dirout_no 0
n_set_ok 0
n_set_no 0
n_writes 2
state_known 1
state_last 0000007C
n_state_chk 446
n_state_foreign 124
foreign_seen 1
foreign_first 0000001C
probed04 0
val04 00000000
568.00 558.71
version rtl819x-gpio 1.1
added 1
add_rc 0
base 0
ngpio 32
cnr FFFFFF8B
dir FF000040
dat 0000005C
boot_cnr FFFFFFDF
boot_dir FF000000
boot_dat 0000003C
cnr_as_spec 0
dir_as_spec 0
btn_raw 0
btn_pressed 1
known_mask 00000060
allow_out_mask 00000040
out_locked 00000000
out_effective 00000040
n_get 3
n_req_ok 2
n_req_no 0
n_dirin_ok 1
n_dirin_no 0
n_dirout_ok 1
n_dirout_no 0
n_set_ok 0
n_set_no 0
n_writes 2
state_known 1
state_last 0000007C
n_state_chk 448
n_state_foreign 124
foreign_seen 1
foreign_first 0000001C
probed04 0
val04 00000000
569.11 559.81
version rtl819x-gpio 1.1
added 1
add_rc 0
base 0
ngpio 32
cnr FFFFFF8B
dir FF000040
dat 0000001C
boot_cnr FFFFFFDF
boot_dir FF000000
boot_dat 0000003C
cnr_as_spec 0
dir_as_spec 0
btn_raw 0
btn_pressed 1
known_mask 00000060
allow_out_mask 00000040
out_locked 00000000
out_effective 00000040
n_get 3
n_req_ok 2
n_req_no 0
n_dirin_ok 1
n_dirin_no 0
n_dirout_ok 1
n_dirout_no 0
n_set_ok 0
n_set_no 0
n_writes 2
state_known 1
state_last 0000007C
n_state_chk 450
n_state_foreign 126
foreign_seen 1
foreign_first 0000001C
probed04 0
val04 00000000
569.12 559.81
version rtl819x-gpio 1.1
added 1
add_rc 0
base 0
ngpio 32
cnr FFFFFF8B
dir FF000040
dat 0000001C
boot_cnr FFFFFFDF
boot_dir FF000000
boot_dat 0000003C
cnr_as_spec 0
dir_as_spec 0
btn_raw 0
btn_pressed 1
known_mask 00000060
allow_out_mask 00000040
out_locked 00000000
out_effective 00000040
n_get 3
n_req_ok 2
n_req_no 0
n_dirin_ok 1
n_dirin_no 0
n_dirout_ok 1
n_dirout_no 0
n_set_ok 0
n_set_no 0
n_writes 2
state_known 1
state_last 0000007C
n_state_chk 452
n_state_foreign 128
foreign_seen 1
foreign_first 0000001C
probed04 0
val04 00000000
569.14 559.81
version rtl819x-gpio 1.1
added 1
add_rc 0
base 0
ngpio 32
cnr FFFFFF8B
dir FF000040
dat 0000001C
boot_cnr FFFFFFDF
boot_dir FF000000
boot_dat 0000003C
cnr_as_spec 0
dir_as_spec 0
btn_raw 0
btn_pressed 1
known_mask 00000060
allow_out_mask 00000040
out_locked 00000000
out_effective 00000040
n_get 3
n_req_ok 2
n_req_no 0
n_dirin_ok 1
n_dirin_no 0
n_dirout_ok 1
n_dirout_no 0
n_set_ok 0
n_set_no 0
n_writes 2
state_known 1
state_last 0000007C
n_state_chk 454
n_state_foreign 130
foreign_seen 1
foreign_first 0000001C
probed04 0
val04 00000000
# 