for a in 1 2 3 4 5;do for b in 1 2 3 4 5;do cat /proc/uptime /proc/rtl819x-gpi
o;done;done
28.06 21.94
version rtl819x-gpio 1.1
added 1
add_rc 0
base 0
ngpio 32
cnr FFFFFF8B
dir FF000040
dat 0000007C
boot_cnr FFFFFFDF
boot_dir FF000000
boot_dat 0000003C
cnr_as_spec 0
dir_as_spec 0
btn_raw 1
btn_pressed 0
known_mask 00000060
allow_out_mask 00000040
out_locked 00000000
out_effective 00000040
n_get 3
n_req_ok 2
n_req_no 0
n_dirin_ok 1
n_dirin_no 0
n_dirout_ok 1
n_dirout_no 0
n_set_ok 0
n_set_no 0
n_writes 2
state_known 1
state_last 0000007C
n_state_chk 5
n_state_foreign 0
foreign_seen 0
foreign_first 00000000
probed04 0
val04 00000000
28.07 21.94
version rtl819x-gpio 1.1
added 1
add_rc 0
base 0
ngpio 32
cnr FFFFFF8B
dir FF000040
dat 0000007C
boot_cnr FFFFFFDF
boot_dir FF000000
boot_dat 0000003C
cnr_as_spec 0
dir_as_spec 0
btn_raw 1
btn_pressed 0
known_mask 00000060
allow_out_mask 00000040
out_locked 00000000
out_effective 00000040
n_get 3
n_req_ok 2
n_req_no 0
n_dirin_ok 1
n_dirin_no 0
n_dirout_ok 1
n_dirout_no 0
n_set_ok 0
n_set_no 0
n_writes 2
state_known 1
state_last 0000007C
n_state_chk 7
n_state_foreign 0
foreign_seen 0
foreign_first 00000000
probed04 0
val04 00000000
28.08 21.94
version rtl819x-gpio 1.1
added 1
add_rc 0
base 0
ngpio 32
cnr FFFFFF8B
dir FF000040
dat 0000007C
boot_cnr FFFFFFDF
boot_dir FF000000
boot_dat 0000003C
cnr_as_spec 0
dir_as_spec 0
btn_raw 1
btn_pressed 0
known_mask 00000060
allow_out_mask 00000040
out_locked 00000000
out_effective 00000040
n_get 3
n_req_ok 2
n_req_no 0
n_dirin_ok 1
n_dirin_no 0
n_dirout_ok 1
n_dirout_no 0
n_set_ok 0
n_set_no 0
n_writes 2
state_known 1
state_last 0000007C
n_state_chk 9
n_state_foreign 0
foreign_seen 0
foreign_first 00000000
probed04 0
val04 00000000

28.09 21.94
version rtl819x-gpio 1.1
added 1
add_rc 0
base 0
ngpio 32
cnr FFFFFF8B
dir FF000040
dat 0000007C
boot_cnr FFFFFFDF
boot_dir FF000000
boot_dat 0000003C
cnr_as_spec 0
dir_as_spec 0
btn_raw 1
btn_pressed 0
known_mask 00000060
allow_out_mask 00000040
out_locked 00000000
out_effective 00000040
n_get 3
n_req_ok 2
n_req_no 0
n_dirin_ok 1
n_dirin_no 0
n_dirout_ok 1
n_dirout_no 0
n_set_ok 0
n_set_no 0
n_writes 2
state_known 1
state_last 0000007C
n_state_chk 12
n_state_foreign 0
foreign_seen 0
foreign_first 00000000
probed04 0
val04 00000000
28.10 21.94
version rtl819x-gpio 1.1
added 1
add_rc 0
base 0
ngpio 32
cnr FFFFFF8B
dir FF000040
dat 0000007C
boot_cnr FFFFFFDF
boot_dir FF000000
boot_dat 0000003C
cnr_as_spec 0
dir_as_spec 0
btn_raw 1
btn_pressed 0
known_mask 00000060
allow_out_mask 00000040
out_locked 00000000
out_effective 00000040
n_get 3
n_req_ok 2
n_req_no 0
n_dirin_ok 1
n_dirin_no 0
n_dirout_ok 1
n_dirout_no 0
n_set_ok 0
n_set_no 0
n_writes 2
state_known 1
state_last 0000007C
n_state_chk 14
n_state_foreign 0
foreign_seen 0
foreign_first 00000000
probed04 0
val04 00000000
28.12 21.94
version rtl819x-gpio 1.1
added 1
add_rc 0
base 0
ngpio 32
cnr FFFFFF8B
dir FF000040
dat 0000007C
boot_cnr FFFFFFDF
boot_dir FF000000
boot_dat 0000003C
cnr_as_spec 0
dir_as_spec 0
btn_raw 1
btn_pressed 0
known_mask 00000060
allow_out_mask 00000040
out_locked 00000000
out_effective 00000040
n_get 3
n_req_ok 2
n_req_no 0
n_dirin_ok 1
n_dirin_no 0
n_dirout_ok 1
n_dirout_no 0
n_set_ok 0
n_set_no 0
n_writes 2
state_known 1
state_last 0000007C
n_state_chk 16
n_state_foreign 0
foreign_seen 0
foreign_first 00000000
probed04 0
val04 00000000
28.13 21.94
version rtl819x-gpio 1.1
added 1
add_rc 0
base 0
ngpio 32
cnr FFFFFF8B
dir FF000040
dat 0000007C
boot_cnr FFFFFFDF
boot_dir FF000000
boot_dat 0000003C
cnr_as_spec 0
dir_as_spec 0
btn_raw 1
btn_pressed 0
known_mask 00000060
allow_out_mask 00000040
out_locked 00000000
out_effective 00000040
n_get 3
n_req_ok 2
n_req_no 0
n_dirin_ok 1
n_dirin_no 0
n_dirout_ok 1
n_dirout_no 0
n_set_ok 0
n_set_no 0
n_writes 2
state_known 1
state_last 0000007C
n_state_chk 18
n_state_foreign 0
foreign_seen 0
foreign_first 00000000
probed04 0
val04 00000000
28.14 21.94
version rtl819x-gpio 1.1
added 1
add_rc 0
base 0
ngpio 32
cnr FFFFFF8B
dir FF000040
dat 0000007C
boot_cnr FFFFFFDF
boot_dir FF000000
boot_dat 0000003C
cnr_as_spec 0
dir_as_spec 0
btn_raw 1
btn_pressed 0
known_mask 00000060
allow_out_mask 00000040
out_locked 00000000
out_effective 00000040
n_get 3
n_req_ok 2
n_req_no 0
n_dirin_ok 1
n_dirin_no 0
n_dirout_ok 1
n_dirout_no 0
n_set_ok 0
n_set_no 0
n_writes 2
state_known 1
state_last 0000007C
n_state_chk 20
n_state_foreign 0
foreign_seen 0
foreign_first 00000000
probed04 0
val04 00000000
29.26 23.05
version rtl819x-gpio 1.1
added 1
add_rc 0
base 0
ngpio 32
cnr FFFFFF8B
dir FF000040
dat 0000007C
boot_cnr FFFFFFDF
boot_dir FF000000
boot_dat 0000003C
cnr_as_spec 0
dir_as_spec 0
btn_raw 1
btn_pressed 0
known_mask 00000060
allow_out_mask 00000040
out_locked 00000000
out_effective 00000040
n_get 3
n_req_ok 2
n_req_no 0
n_dirin_ok 1
n_dirin_no 0
n_dirout_ok 1
n_dirout_no 0
n_set_ok 0
n_set_no 0
n_writes 2
state_known 1
state_last 0000007C
n_state_chk 22
n_state_foreign 0
foreign_seen 0
foreign_first 00000000
probed04 0
val04 00000000
29.27 23.05
version rtl819x-gpio 1.1
added 1
add_rc 0
base 0
ngpio 32
cnr FFFFFF8B
dir FF000040
dat 0000007C
boot_cnr FFFFFFDF
boot_dir FF000000
boot_dat 0000003C
cnr_as_spec 0
dir_as_spec 0
btn_raw 1
btn_pressed 0
known_mask 00000060
allow_out_mask 00000040
out_locked 00000000
out_effective 00000040
n_get 3
n_req_ok 2
n_req_no 0
n_dirin_ok 1
n_dirin_no 0
n_dirout_ok 1
n_dirout_no 0
n_set_ok 0
n_set_no 0
n_writes 2
state_known 1
state_last 0000007C
n_state_chk 24
n_state_foreign 0
foreign_seen 0
foreign_first 00000000
probed04 0
val04 00000000
29.28 23.05
version rtl819x-gpio 1.1
added 1
add_rc 0
base 0
ngpio 32
cnr FFFFFF8B
dir FF000040
dat 0000007C
boot_cnr FFFFFFDF
boot_dir FF000000
boot_dat 0000003C
cnr_as_spec 0
dir_as_spec 0
btn_raw 1
btn_pressed 0
known_mask 00000060
allow_out_mask 00000040
out_locked 00000000
out_effective 00000040
n_get 3
n_req_ok 2
n_req_no 0
n_dirin_ok 1
n_dirin_no 0
n_dirout_ok 1
n_dirout_no 0
n_set_ok 0
n_set_no 0
n_writes 2
state_known 1
state_last 0000007C
n_state_chk 26
n_state_foreign 0
foreign_seen 0
foreign_first 00000000
probed04 0
val04 00000000
29.29 23.05
version rtl819x-gpio 1.1
added 1
add_rc 0
base 0
ngpio 32
cnr FFFFFF8B
dir FF000040
dat 0000007C
boot_cnr FFFFFFDF
boot_dir FF000000
boot_dat 0000003C
cnr_as_spec 0
dir_as_spec 0
btn_raw 1
btn_pressed 0
known_mask 00000060
allow_out_mask 00000040
out_locked 00000000
out_effective 00000040
n_get 3
n_req_ok 2
n_req_no 0
n_dirin_ok 1
n_dirin_no 0
n_dirout_ok 1
n_dirout_no 0
n_set_ok 0
n_set_no 0
n_writes 2
state_known 1
state_last 0000007C
n_state_chk 28
n_state_foreign 0
foreign_seen 0
foreign_first 00000000
probed04 0
val04 00000000
29.30 23.05
version rtl819x-gpio 1.1
added 1
add_rc 0
base 0
ngpio 32
cnr FFFFFF8B
dir FF000040
dat 0000007C
boot_cnr FFFFFFDF
boot_dir FF000000
boot_dat 0000003C
cnr_as_spec 0
dir_as_spec 0
btn_raw 1
btn_pressed 0
known_mask 00000060
allow_out_mask 00000040
out_locked 00000000
out_effective 00000040
n_get 3
n_req_ok 2
n_req_no 0
n_dirin_ok 1
n_dirin_no 0
n_dirout_ok 1
n_dirout_no 0
n_set_ok 0
n_set_no 0
n_writes 2
state_known 1
state_last 0000007C
n_state_chk 30
n_state_foreign 0
foreign_seen 0
foreign_first 00000000
probed04 0
val04 00000000
29.32 23.05
version rtl819x-gpio 1.1
added 1
add_rc 0
base 0
ngpio 32
cnr FFFFFF8B
dir FF000040
dat 0000007C
boot_cnr FFFFFFDF
boot_dir FF000000
boot_dat 0000003C
cnr_as_spec 0
dir_as_spec 0
btn_raw 1
btn_pressed 0
known_mask 00000060
allow_out_mask 00000040
out_locked 00000000
out_effective 00000040
n_get 3
n_req_ok 2
n_req_no 0
n_dirin_ok 1
n_dirin_no 0
n_dirout_ok 1
n_dirout_no 0
n_set_ok 0
n_set_no 0
n_writes 2
state_known 1
state_last 0000007C
n_state_chk 32
n_state_foreign 0
foreign_seen 0
foreign_first 00000000
probed04 0
val04 00000000
29.33 23.05
version rtl819x-gpio 1.1
added 1
add_rc 0
base 0
ngpio 32
cnr FFFFFF8B
dir FF000040
dat 0000007C
boot_cnr FFFFFFDF
boot_dir FF000000
boot_dat 0000003C
cnr_as_spec 0
dir_as_spec 0
btn_raw 1
btn_pressed 0
known_mask 00000060
allow_out_mask 00000040
out_locked 00000000
out_effective 00000040
n_get 3
n_req_ok 2
n_req_no 0
n_dirin_ok 1
n_dirin_no 0
n_dirout_ok 1
n_dirout_no 0
n_set_ok 0
n_set_no 0
n_writes 2
state_known 1
state_last 0000007C
n_state_chk 34
n_state_foreign 0
foreign_seen 0
foreign_first 00000000
probed04 0
val04 00000000
30.44 24.15
version rtl819x-gpio 1.1
added 1
add_rc 0
base 0
ngpio 32
cnr FFFFFF8B
dir FF000040
dat 0000007C
boot_cnr FFFFFFDF
boot_dir FF000000
boot_dat 0000003C
cnr_as_spec 0
dir_as_spec 0
btn_raw 1
btn_pressed 0
known_mask 00000060
allow_out_mask 00000040
out_locked 00000000
out_effective 00000040
n_get 3
n_req_ok 2
n_req_no 0
n_dirin_ok 1
n_dirin_no 0
n_dirout_ok 1
n_dirout_no 0
n_set_ok 0
n_set_no 0
n_writes 2
state_known 1
state_last 0000007C
n_state_chk 36
n_state_foreign 0
foreign_seen 0
foreign_first 00000000
probed04 0
val04 00000000
30.46 24.15
version rtl819x-gpio 1.1
added 1
add_rc 0
base 0
ngpio 32
cnr FFFFFF8B
dir FF000040
dat 0000007C
boot_cnr FFFFFFDF
boot_dir FF000000
boot_dat 0000003C
cnr_as_spec 0
dir_as_spec 0
btn_raw 1
btn_pressed 0
known_mask 00000060
allow_out_mask 00000040
out_locked 00000000
out_effective 00000040
n_get 3
n_req_ok 2
n_req_no 0
n_dirin_ok 1
n_dirin_no 0
n_dirout_ok 1
n_dirout_no 0
n_set_ok 0
n_set_no 0
n_writes 2
state_known 1
state_last 0000007C
n_state_chk 38
n_state_foreign 0
foreign_seen 0
foreign_first 00000000
probed04 0
val04 00000000
30.47 24.15
version rtl819x-gpio 1.1
added 1
add_rc 0
base 0
ngpio 32
cnr FFFFFF8B
dir FF000040
dat 0000007C
boot_cnr FFFFFFDF
boot_dir FF000000
boot_dat 0000003C
cnr_as_spec 0
dir_as_spec 0
btn_raw 1
btn_pressed 0
known_mask 00000060
allow_out_mask 00000040
out_locked 00000000
out_effective 00000040
n_get 3
n_req_ok 2
n_req_no 0
n_dirin_ok 1
n_dirin_no 0
n_dirout_ok 1
n_dirout_no 0
n_set_ok 0
n_set_no 0
n_writes 2
state_known 1
state_last 0000007C
n_state_chk 40
n_state_foreign 0
foreign_seen 0
foreign_first 00000000
probed04 0
val04 00000000
30.48 24.15
version rtl819x-gpio 1.1
added 1
add_rc 0
base 0
ngpio 32
cnr FFFFFF8B
dir FF000040
dat 0000007C
boot_cnr FFFFFFDF
boot_dir FF000000
boot_dat 0000003C
cnr_as_spec 0
dir_as_spec 0
btn_raw 1
btn_pressed 0
known_mask 00000060
allow_out_mask 00000040
out_locked 00000000
out_effective 00000040
n_get 3
n_req_ok 2
n_req_no 0
n_dirin_ok 1
n_dirin_no 0
n_dirout_ok 1
n_dirout_no 0
n_set_ok 0
n_set_no 0
n_writes 2
state_known 1
state_last 0000007C
n_state_chk 42
n_state_foreign 0
foreign_seen 0
foreign_first 00000000
probed04 0
val04 00000000
30.49 24.15
version rtl819x-gpio 1.1
added 1
add_rc 0
base 0
ngpio 32
cnr FFFFFF8B
dir FF000040
dat 0000007C
boot_cnr FFFFFFDF
boot_dir FF000000
boot_dat 0000003C
cnr_as_spec 0
dir_as_spec 0
btn_raw 1
btn_pressed 0
known_mask 00000060
allow_out_mask 00000040
out_locked 00000000
out_effective 00000040
n_get 3
n_req_ok 2
n_req_no 0
n_dirin_ok 1
n_dirin_no 0
n_dirout_ok 1
n_dirout_no 0
n_set_ok 0
n_set_no 0
n_writes 2
state_known 1
state_last 0000007C
n_state_chk 44
n_state_foreign 0
foreign_seen 0
foreign_first 00000000
probed04 0
val04 00000000
30.50 24.15
version rtl819x-gpio 1.1
added 1
add_rc 0
base 0
ngpio 32
cnr FFFFFF8B
dir FF000040
dat 0000007C
boot_cnr FFFFFFDF
boot_dir FF000000
boot_dat 0000003C
cnr_as_spec 0
dir_as_spec 0
btn_raw 1
btn_pressed 0
known_mask 00000060
allow_out_mask 00000040
out_locked 00000000
out_effective 00000040
n_get 3
n_req_ok 2
n_req_no 0
n_dirin_ok 1
n_dirin_no 0
n_dirout_ok 1
n_dirout_no 0
n_set_ok 0
n_set_no 0
n_writes 2
state_known 1
state_last 0000007C
n_state_chk 46
n_state_foreign 0
foreign_seen 0
foreign_first 00000000
probed04 0
val04 00000000
30.51 24.15
version rtl819x-gpio 1.1
added 1
add_rc 0
base 0
ngpio 32
cnr FFFFFF8B
dir FF000040
dat 0000007C
boot_cnr FFFFFFDF
boot_dir FF000000
boot_dat 0000003C
cnr_as_spec 0
dir_as_spec 0
btn_raw 1
btn_pressed 0
known_mask 00000060
allow_out_mask 00000040
out_locked 00000000
out_effective 00000040
n_get 3
n_req_ok 2
n_req_no 0
n_dirin_ok 1
n_dirin_no 0
n_dirout_ok 1
n_dirout_no 0
n_set_ok 0
n_set_no 0
n_writes 2
state_known 1
state_last 0000007C
n_state_chk 48
n_state_foreign 0
foreign_seen 0
foreign_first 00000000
probed04 0
val04 00000000
31.63 25.25
version rtl819x-gpio 1.1
added 1
add_rc 0
base 0
ngpio 32
cnr FFFFFF8B
dir FF000040
dat 0000007C
boot_cnr FFFFFFDF
boot_dir FF000000
boot_dat 0000003C
cnr_as_spec 0
dir_as_spec 0
btn_raw 1
btn_pressed 0
known_mask 00000060
allow_out_mask 00000040
out_locked 00000000
out_effective 00000040
n_get 3
n_req_ok 2
n_req_no 0
n_dirin_ok 1
n_dirin_no 0
n_dirout_ok 1
n_dirout_no 0
n_set_ok 0
n_set_no 0
n_writes 2
state_known 1
state_last 0000007C
n_state_chk 50
n_state_foreign 0
foreign_seen 0
foreign_first 00000000
probed04 0
val04 00000000
31.64 25.25
version rtl819x-gpio 1.1
added 1
add_rc 0
base 0
ngpio 32
cnr FFFFFF8B
dir FF000040
dat 0000007C
boot_cnr FFFFFFDF
boot_dir FF000000
boot_dat 0000003C
cnr_as_spec 0
dir_as_spec 0
btn_raw 1
btn_pressed 0
known_mask 00000060
allow_out_mask 00000040
out_locked 00000000
out_effective 00000040
n_get 3
n_req_ok 2
n_req_no 0
n_dirin_ok 1
n_dirin_no 0
n_dirout_ok 1
n_dirout_no 0
n_set_ok 0
n_set_no 0
n_writes 2
state_known 1
state_last 0000007C
n_state_chk 52
n_state_foreign 0
foreign_seen 0
foreign_first 00000000
probed04 0
val04 00000000
31.65 25.25
version rtl819x-gpio 1.1
added 1
add_rc 0
base 0
ngpio 32
cnr FFFFFF8B
dir FF000040
dat 0000007C
boot_cnr FFFFFFDF
boot_dir FF000000
boot_dat 0000003C
cnr_as_spec 0
dir_as_spec 0
btn_raw 1
btn_pressed 0
known_mask 00000060
allow_out_mask 00000040
out_locked 00000000
out_effective 00000040
n_get 3
n_req_ok 2
n_req_no 0
n_dirin_ok 1
n_dirin_no 0
n_dirout_ok 1
n_dirout_no 0
n_set_ok 0
n_set_no 0
n_writes 2
state_known 1
state_last 0000007C
n_state_chk 54
n_state_foreign 0
foreign_seen 0
foreign_first 00000000
probed04 0
val04 00000000
# 