for a in 1 2 3 4 5 6 7 8 9 0 a b c d e;do for b in 1 2 3 4 5 6 7 8 9 0;do cat 
/proc/uptime /proc/rtl819x-gpio;done;done
199.50 193.10
version rtl819x-gpio 1.1
added 1
add_rc 0
base 0
ngpio 32
cnr FFFFFF8B
dir FF000040
dat 0000007C
boot_cnr FFFFFFDF
boot_dir FF000000
boot_dat 0000007C
cnr_as_spec 0
dir_as_spec 0
btn_raw 1
btn_pressed 0
known_mask 00000060
allow_out_mask 00000040
out_locked 00000000
out_effective 00000040
n_get 3
n_req_ok 2
n_req_no 0
n_dirin_ok 1
n_dirin_no 0
n_dirout_ok 1
n_dirout_no 0
n_set_ok 0
n_set_no 0
n_writes 2
state_known 1
state_last 0000007C
n_state_chk 56
n_state_foreign 0
foreign_seen 0
foreign_first 00000000
probed04 0
val04 00000000
199.51 193.10
version rtl819x-gpio 1.1
added 1
add_rc 0
base 0
ngpio 32
cnr FFFFFF8B
dir FF000040
dat 0000007C
boot_cnr FFFFFFDF
boot_dir FF000000
boot_dat 0000007C
cnr_as_spec 0
dir_as_spec 0
btn_raw 1
btn_pressed 0
known_mask 00000060
allow_out_mask 00000040
out_locked 00000000
out_effective 00000040
n_get 3
n_req_ok 2
n_req_no 0
n_dirin_ok 1
n_dirin_no 0
n_dirout_ok 1
n_dirout_no 0
n_set_ok 0
n_set_no 0
n_writes 2
state_known 1
state_last 0000007C
n_state_chk 58
n_state_foreign 0
foreign_seen 0
foreign_first 00000000
probed04 0
val04 00000000
199.52 193.10
version rtl819x-gpio 1.1
added 1
add_rc 0
base 0
ngpio 32
cnr FFFFFF8B
dir FF000040
dat 0000007C
boot_cnr FFFFFFDF
boot_dir FF000000
boot_dat 0000007C
cnr_as_spec 0
dir_as_spec 0
btn_raw 1
btn_pressed 0
known_mask 00000060
allow_out_mask 00000040
out_locked 00000000
out_effective 00000040
n_get 3
n_req_ok 2
n_req_no 0
n_dirin_ok 1
n_dirin_no 0
n_dirout_ok 1
n_dirout_no 0
n_set_ok 0
n_set_no 0
n_writes 2
state_known 1
state_last 0000007C
n_state_chk 60
n_state_foreign 0
foreign_seen 0
foreign_first 00000000
probed04 0
val04 00000000
199.53 193.10
version rtl819x-gpio 1.1
added 1
add_rc 0
base 0
ngpio 32
cnr FFFFFF8B
dir FF000040
dat 0000007C
boot_cnr FFFFFFDF
boot_dir FF000000
boot_dat 0000007C
cnr_as_spec 0
dir_as_spec 0
btn_raw 1
btn_pressed 0
known_mask 00000060
allow_out_mask 00000040
out_locked 00000000
out_effective 00000040
n_get 3
n_req_ok 2
n_req_no 0
n_dirin_ok 1
n_dirin_no 0
n_dirout_ok 1
n_dirout_no 0
n_set_ok 0
n_set_no 0
n_writes 2
state_known 1
state_last 0000007C
n_state_chk 62
n_state_foreign 0
foreign_seen 0
foreign_first 00000000
probed04 0
val04 00000000
199.54 193.10
version rtl819x-gpio 1.1
added 1
add_rc 0
base 0
ngpio 32
cnr FFFFFF8B
dir FF000040
dat 0000007C
boot_cnr FFFFFFDF
boot_dir FF000000
boot_dat 0000007C
cnr_as_spec 0
dir_as_spec 0
btn_raw 1
btn_pressed 0
known_mask 00000060
allow_out_mask 00000040
out_locked 00000000
out_effective 00000040
n_get 3
n_req_ok 2
n_req_no 0
n_dirin_ok 1
n_dirin_no 0
n_dirout_ok 1
n_dirout_no 0
n_set_ok 0
n_set_no 0
n_writes 2
state_known 1
state_last 0000007C
n_state_chk 64
n_state_foreign 0
foreign_seen 0
foreign_first 00000000
probed04 0
val04 00000000
199.56 193.10
version rtl819x-gpio 1.1
added 1
add_rc 0
base 0
ngpio 32
cnr FFFFFF8B
dir FF000040
dat 0000007C
boot_cnr FFFFFFDF
boot_dir FF000000
boot_dat 0000007C
cnr_as_spec 0
dir_as_spec 0
btn_raw 1
btn_pressed 0
known_mask 00000060
allow_out_mask 00000040
out_locked 00000000
out_effective 00000040
n_get 3
n_req_ok 2
n_req_no 0
n_dirin_ok 1
n_dirin_no 0
n_dirout_ok 1
n_dirout_no 0
n_set_ok 0
n_set_no 0
n_writes 2
state_known 1
state_last 0000007C
n_state_chk 66
n_state_foreign 0
foreign_seen 0
foreign_first 00000000
probed04 0
val04 00000000
199.57 193.10
version rtl819x-gpio 1.1
added 1
add_rc 0
base 0
ngpio 32
cnr FFFFFF8B
dir FF000040
dat 0000007C
boot_cnr FFFFFFDF
boot_dir FF000000
boot_dat 0000007C
cnr_as_spec 0
dir_as_spec 0
btn_raw 1
btn_pressed 0
known_mask 00000060
allow_out_mask 00000040
out_locked 00000000
out_effective 00000040
n_get 3
n_req_ok 2
n_req_no 0
n_dirin_ok 1
n_dirin_no 0
n_dirout_ok 1
n_dirout_no 0
n_set_ok 0
n_set_no 0
n_writes 2
state_known 1
state_last 0000007C
n_state_chk 68
n_state_foreign 0
foreign_seen 0
foreign_first 00000000
probed04 0
val04 00000000
199.58 193.10
version rtl819x-gpio 1.1
added 1
add_rc 0
base 0
ngpio 32
cnr FFFFFF8B
dir FF000040
dat 0000007C
boot_cnr FFFFFFDF
boot_dir FF000000
boot_dat 0000007C
cnr_as_spec 0
dir_as_spec 0
btn_raw 1
btn_pressed 0
known_mask 00000060
allow_out_mask 00000040
out_locked 00000000
out_effective 00000040
n_get 3
n_req_ok 2
n_req_no 0
n_dirin_ok 1
n_dirin_no 0
n_dirout_ok 1
n_dirout_no 0
n_set_ok 0
n_set_no 0
n_writes 2
state_known 1
state_last 0000007C
n_state_chk 70
n_state_foreign 0
foreign_seen 0
foreign_first 00000000
probed04 0
val04 00000000
200.69 194.20
version rtl819x-gpio 1.1
added 1
add_rc 0
base 0
ngpio 32
cnr FFFFFF8B
dir FF000040
dat 0000007C
boot_cnr FFFFFFDF
boot_dir FF000000
boot_dat 0000007C
cnr_as_spec 0
dir_as_spec 0
btn_raw 1
btn_pressed 0
known_mask 00000060
allow_out_mask 00000040
out_locked 00000000
out_effective 00000040
n_get 3
n_req_ok 2
n_req_no 0
n_dirin_ok 1
n_dirin_no 0
n_dirout_ok 1
n_dirout_no 0
n_set_ok 0
n_set_no 0
n_writes 2
state_known 1
state_last 0000007C
n_state_chk 72
n_state_foreign 0
foreign_seen 0
foreign_first 00000000
probed04 0
val04 00000000
200.71 194.20
version rtl819x-gpio 1.1
added 1
add_rc 0
base 0
ngpio 32
cnr FFFFFF8B
dir FF000040
dat 0000007C
boot_cnr FFFFFFDF
boot_dir FF000000
boot_dat 0000007C
cnr_as_spec 0
dir_as_spec 0
btn_raw 1
btn_pressed 0
known_mask 00000060
allow_out_mask 00000040
out_locked 00000000
out_effective 00000040
n_get 3
n_req_ok 2
n_req_no 0
n_dirin_ok 1
n_dirin_no 0
n_dirout_ok 1
n_dirout_no 0
n_set_ok 0
n_set_no 0
n_writes 2
state_known 1
state_last 0000007C
n_state_chk 74
n_state_foreign 0
foreign_seen 0
foreign_first 00000000
probed04 0
val04 00000000
200.72 194.20
version rtl819x-gpio 1.1
added 1
add_rc 0
base 0
ngpio 32
cnr FFFFFF8B
dir FF000040
dat 0000007C
boot_cnr FFFFFFDF
boot_dir FF000000
boot_dat 0000007C
cnr_as_spec 0
dir_as_spec 0
btn_raw 1
btn_pressed 0
known_mask 00000060
allow_out_mask 00000040
out_locked 00000000
out_effective 00000040
n_get 3
n_req_ok 2
n_req_no 0
n_dirin_ok 1
n_dirin_no 0
n_dirout_ok 1
n_dirout_no 0
n_set_ok 0
n_set_no 0
n_writes 2
state_known 1
state_last 0000007C
n_state_chk 76
n_state_foreign 0
foreign_seen 0
foreign_first 00000000
probed04 0
val04 00000000
200.73 194.20
version rtl819x-gpio 1.1
added 1
add_rc 0
base 0
ngpio 32
cnr FFFFFF8B
dir FF000040
dat 0000007C
boot_cnr FFFFFFDF
boot_dir FF000000
boot_dat 0000007C
cnr_as_spec 0
dir_as_spec 0
btn_raw 1
btn_pressed 0
known_mask 00000060
allow_out_mask 00000040
out_locked 00000000
out_effective 00000040
n_get 3
n_req_ok 2
n_req_no 0
n_dirin_ok 1
n_dirin_no 0
n_dirout_ok 1
n_dirout_no 0
n_set_ok 0
n_set_no 0
n_writes 2
state_known 1
state_last 0000007C
n_state_chk 78
n_state_foreign 0
foreign_seen 0
foreign_first 00000000
probed04 0
val04 00000000
200.74 194.20
version rtl819x-gpio 1.1
added 1
add_rc 0
base 0
ngpio 32
cnr FFFFFF8B
dir FF000040
dat 0000007C
boot_cnr FFFFFFDF
boot_dir FF000000
boot_dat 0000007C
cnr_as_spec 0
dir_as_spec 0
btn_raw 1
btn_pressed 0
known_mask 00000060
allow_out_mask 00000040
out_locked 00000000
out_effective 00000040
n_get 3
n_req_ok 2
n_req_no 0
n_dirin_ok 1
n_dirin_no 0
n_dirout_ok 1
n_dirout_no 0
n_set_ok 0
n_set_no 0
n_writes 2
state_known 1
state_last 0000007C
n_state_chk 80
n_state_foreign 0
foreign_seen 0
foreign_first 00000000
probed04 0
val04 00000000
200.75 194.20
version rtl819x-gpio 1.1
added 1
add_rc 0
base 0
ngpio 32
cnr FFFFFF8B
dir FF000040
dat 0000007C
boot_cnr FFFFFFDF
boot_dir FF000000
boot_dat 0000007C
cnr_as_spec 0
dir_as_spec 0
btn_raw 1
btn_pressed 0
known_mask 00000060
allow_out_mask 00000040
out_locked 00000000
out_effective 00000040
n_get 3
n_req_ok 2
n_req_no 0
n_dirin_ok 1
n_dirin_no 0
n_dirout_ok 1
n_dirout_no 0
n_set_ok 0
n_set_no 0
n_writes 2
state_known 1
state_last 0000007C
n_state_chk 82
n_state_foreign 0
foreign_seen 0
foreign_first 00000000
probed04 0
val04 00000000
200.77 194.20
version rtl819x-gpio 1.1
added 1
add_rc 0
base 0
ngpio 32
cnr FFFFFF8B
dir FF000040
dat 0000007C
boot_cnr FFFFFFDF
boot_dir FF000000
boot_dat 0000007C
cnr_as_spec 0
dir_as_spec 0
btn_raw 1
btn_pressed 0
known_mask 00000060
allow_out_mask 00000040
out_locked 00000000
out_effective 00000040
n_get 3
n_req_ok 2
n_req_no 0
n_dirin_ok 1
n_dirin_no 0
n_dirout_ok 1
n_dirout_no 0
n_set_ok 0
n_set_no 0
n_writes 2
state_known 1
state_last 0000007C
n_state_chk 84
n_state_foreign 0
foreign_seen 0
foreign_first 00000000
probed04 0
val04 00000000
201.88 195.30
version rtl819x-gpio 1.1
added 1
add_rc 0
base 0
ngpio 32
cnr FFFFFF8B
dir FF000040
dat 0000007C
boot_cnr FFFFFFDF
boot_dir FF000000
boot_dat 0000007C
cnr_as_spec 0
dir_as_spec 0
btn_raw 1
btn_pressed 0
known_mask 00000060
allow_out_mask 00000040
out_locked 00000000
out_effective 00000040
n_get 3
n_req_ok 2
n_req_no 0
n_dirin_ok 1
n_dirin_no 0
n_dirout_ok 1
n_dirout_no 0
n_set_ok 0
n_set_no 0
n_writes 2
state_known 1
state_last 0000007C
n_state_chk 86
n_state_foreign 0
foreign_seen 0
foreign_first 00000000
probed04 0
val04 00000000
201.89 195.30
version rtl819x-gpio 1.1
added 1
add_rc 0
base 0
ngpio 32
cnr FFFFFF8B
dir FF000040
dat 0000007C
boot_cnr FFFFFFDF
boot_dir FF000000
boot_dat 0000007C
cnr_as_spec 0
dir_as_spec 0
btn_raw 1
btn_pressed 0
known_mask 00000060
allow_out_mask 00000040
out_locked 00000000
out_effective 00000040
n_get 3
n_req_ok 2
n_req_no 0
n_dirin_ok 1
n_dirin_no 0
n_dirout_ok 1
n_dirout_no 0
n_set_ok 0
n_set_no 0
n_writes 2
state_known 1
state_last 0000007C
n_state_chk 88
n_state_foreign 0
foreign_seen 0
foreign_first 00000000
probed04 0
val04 00000000
201.91 195.30
version rtl819x-gpio 1.1
added 1
add_rc 0
base 0
ngpio 32
cnr FFFFFF8B
dir FF000040
dat 0000007C
boot_cnr FFFFFFDF
boot_dir FF000000
boot_dat 0000007C
cnr_as_spec 0
dir_as_spec 0
btn_raw 1
btn_pressed 0
known_mask 00000060
allow_out_mask 00000040
out_locked 00000000
out_effective 00000040
n_get 3
n_req_ok 2
n_req_no 0
n_dirin_ok 1
n_dirin_no 0
n_dirout_ok 1
n_dirout_no 0
n_set_ok 0
n_set_no 0
n_writes 2
state_known 1
state_last 0000007C
n_state_chk 90
n_state_foreign 0
foreign_seen 0
foreign_first 00000000
probed04 0
val04 00000000
201.92 195.30
version rtl819x-gpio 1.1
added 1
add_rc 0
base 0
ngpio 32
cnr FFFFFF8B
dir FF000040
dat 0000007C
boot_cnr FFFFFFDF
boot_dir FF000000
boot_dat 0000007C
cnr_as_spec 0
dir_as_spec 0
btn_raw 1
btn_pressed 0
known_mask 00000060
allow_out_mask 00000040
out_locked 00000000
out_effective 00000040
n_get 3
n_req_ok 2
n_req_no 0
n_dirin_ok 1
n_dirin_no 0
n_dirout_ok 1
n_dirout_no 0
n_set_ok 0
n_set_no 0
n_writes 2
state_known 1
state_last 0000007C
n_state_chk 92
n_state_foreign 0
foreign_seen 0
foreign_first 00000000
probed04 0
val04 00000000
201.93 195.30
version rtl819x-gpio 1.1
added 1
add_rc 0
base 0
ngpio 32
cnr FFFFFF8B
dir FF000040
dat 0000007C
boot_cnr FFFFFFDF
boot_dir FF000000
boot_dat 0000007C
cnr_as_spec 0
dir_as_spec 0
btn_raw 1
btn_pressed 0
known_mask 00000060
allow_out_mask 00000040
out_locked 00000000
out_effective 00000040
n_get 3
n_req_ok 2
n_req_no 0
n_dirin_ok 1
n_dirin_no 0
n_dirout_ok 1
n_dirout_no 0
n_set_ok 0
n_set_no 0
n_writes 2
state_known 1
state_last 0000007C
n_state_chk 94
n_state_foreign 0
foreign_seen 0
foreign_first 00000000
probed04 0
val04 00000000
201.94 195.30
version rtl819x-gpio 1.1
added 1
add_rc 0
base 0
ngpio 32
cnr FFFFFF8B
dir FF000040
dat 0000007C
boot_cnr FFFFFFDF
boot_dir FF000000
boot_dat 0000007C
cnr_as_spec 0
dir_as_spec 0
btn_raw 1
btn_pressed 0
known_mask 00000060
allow_out_mask 00000040
out_locked 00000000
out_effective 00000040
n_get 3
n_req_ok 2
n_req_no 0
n_dirin_ok 1
n_dirin_no 0
n_dirout_ok 1
n_dirout_no 0
n_set_ok 0
n_set_no 0
n_writes 2
state_known 1
state_last 0000007C
n_state_chk 96
n_state_foreign 0
foreign_seen 0
foreign_first 00000000
probed04 0
val04 00000000
201.95 195.30
version rtl819x-gpio 1.1
added 1
add_rc 0
base 0
ngpio 32
cnr FFFFFF8B
dir FF000040
dat 0000007C
boot_cnr FFFFFFDF
boot_dir FF000000
boot_dat 0000007C
cnr_as_spec 0
dir_as_spec 0
btn_raw 1
btn_pressed 0
known_mask 00000060
allow_out_mask 00000040
out_locked 00000000
out_effective 00000040
n_get 3
n_req_ok 2
n_req_no 0
n_dirin_ok 1
n_dirin_no 0
n_dirout_ok 1
n_dirout_no 0
n_set_ok 0
n_set_no 0
n_writes 2
state_known 1
state_last 0000007C
n_state_chk 98
n_state_foreign 0
foreign_seen 0
foreign_first 00000000
probed04 0
val04 00000000
203.07 196.41
version rtl819x-gpio 1.1
added 1
add_rc 0
base 0
ngpio 32
cnr FFFFFF8B
dir FF000040
dat 0000007C
boot_cnr FFFFFFDF
boot_dir FF000000
boot_dat 0000007C
cnr_as_spec 0
dir_as_spec 0
btn_raw 1
btn_pressed 0
known_mask 00000060
allow_out_mask 00000040
out_locked 00000000
out_effective 00000040
n_get 3
n_req_ok 2
n_req_no 0
n_dirin_ok 1
n_dirin_no 0
n_dirout_ok 1
n_dirout_no 0
n_set_ok 0
n_set_no 0
n_writes 2
state_known 1
state_last 0000007C
n_state_chk 100
n_state_foreign 0
foreign_seen 0
foreign_first 00000000
probed04 0
val04 00000000
203.08 196.41
version rtl819x-gpio 1.1
added 1
add_rc 0
base 0
ngpio 32
cnr FFFFFF8B
dir FF000040
dat 0000007C
boot_cnr FFFFFFDF
boot_dir FF000000
boot_dat 0000007C
cnr_as_spec 0
dir_as_spec 0
btn_raw 1
btn_pressed 0
known_mask 00000060
allow_out_mask 00000040
out_locked 00000000
out_effective 00000040
n_get 3
n_req_ok 2
n_req_no 0
n_dirin_ok 1
n_dirin_no 0
n_dirout_ok 1
n_dirout_no 0
n_set_ok 0
n_set_no 0
n_writes 2
state_known 1
state_last 0000007C
n_state_chk 102
n_state_foreign 0
foreign_seen 0
foreign_first 00000000
probed04 0
val04 00000000
203.09 196.41
version rtl819x-gpio 1.1
added 1
add_rc 0
base 0
ngpio 32
cnr FFFFFF8B
dir FF000040
dat 0000007C
boot_cnr FFFFFFDF
boot_dir FF000000
boot_dat 0000007C
cnr_as_spec 0
dir_as_spec 0
btn_raw 1
btn_pressed 0
known_mask 00000060
allow_out_mask 00000040
out_locked 00000000
out_effective 00000040
n_get 3
n_req_ok 2
n_req_no 0
n_dirin_ok 1
n_dirin_no 0
n_dirout_ok 1
n_dirout_no 0
n_set_ok 0
n_set_no 0
n_writes 2
state_known 1
state_last 0000007C
n_state_chk 104
n_state_foreign 0
foreign_seen 0
foreign_first 00000000
probed04 0
val04 00000000
203.10 196.41
version rtl819x-gpio 1.1
added 1
add_rc 0
base 0
ngpio 32
cnr FFFFFF8B
dir FF000040
dat 0000007C
boot_cnr FFFFFFDF
boot_dir FF000000
boot_dat 0000007C
cnr_as_spec 0
dir_as_spec 0
btn_raw 1
btn_pressed 0
known_mask 00000060
allow_out_mask 00000040
out_locked 00000000
out_effective 00000040
n_get 3
n_req_ok 2
n_req_no 0
n_dirin_ok 1
n_dirin_no 0
n_dirout_ok 1
n_dirout_no 0
n_set_ok 0
n_set_no 0
n_writes 2
state_known 1
state_last 0000007C
n_state_chk 106
n_state_foreign 0
foreign_seen 0
foreign_first 00000000
probed04 0
val04 00000000
203.11 196.41
version rtl819x-gpio 1.1
added 1
add_rc 0
base 0
ngpio 32
cnr FFFFFF8B
dir FF000040
dat 0000007C
boot_cnr FFFFFFDF
boot_dir FF000000
boot_dat 0000007C
cnr_as_spec 0
dir_as_spec 0
btn_raw 1
btn_pressed 0
known_mask 00000060
allow_out_mask 00000040
out_locked 00000000
out_effective 00000040
n_get 3
n_req_ok 2
n_req_no 0
n_dirin_ok 1
n_dirin_no 0
n_dirout_ok 1
n_dirout_no 0
n_set_ok 0
n_set_no 0
n_writes 2
state_known 1
state_last 0000007C
n_state_chk 108
n_state_foreign 0
foreign_seen 0
foreign_first 00000000
probed04 0
val04 00000000
203.13 196.41
version rtl819x-gpio 1.1
added 1
add_rc 0
base 0
ngpio 32
cnr FFFFFF8B
dir FF000040
dat 0000007C
boot_cnr FFFFFFDF
boot_dir FF000000
boot_dat 0000007C
cnr_as_spec 0
dir_as_spec 0
btn_raw 1
btn_pressed 0
known_mask 00000060
allow_out_mask 00000040
out_locked 00000000
out_effective 00000040
n_get 3
n_req_ok 2
n_req_no 0
n_dirin_ok 1
n_dirin_no 0
n_dirout_ok 1
n_dirout_no 0
n_set_ok 0
n_set_no 0
n_writes 2
state_known 1
state_last 0000007C
n_state_chk 110
n_state_foreign 0
foreign_seen 0
foreign_first 00000000
probed04 0
val04 00000000
203.14 196.41
version rtl819x-gpio 1.1
added 1
add_rc 0
base 0
ngpio 32
cnr FFFFFF8B
dir FF000040
dat 0000007C
boot_cnr FFFFFFDF
boot_dir FF000000
boot_dat 0000007C
cnr_as_spec 0
dir_as_spec 0
btn_raw 1
btn_pressed 0
known_mask 00000060
allow_out_mask 00000040
out_locked 00000000
out_effective 00000040
n_get 3
n_req_ok 2
n_req_no 0
n_dirin_ok 1
n_dirin_no 0
n_dirout_ok 1
n_dirout_no 0
n_set_ok 0
n_set_no 0
n_writes 2
state_known 1
state_last 0000007C
n_state_chk 112
n_state_foreign 0
foreign_seen 0
foreign_first 00000000
probed04 0
val04 00000000
204.25 197.51
version rtl819x-gpio 1.1
added 1
add_rc 0
base 0
ngpio 32
cnr FFFFFF8B
dir FF000040
dat 0000005C
boot_cnr FFFFFFDF
boot_dir FF000000
boot_dat 0000007C
cnr_as_spec 0
dir_as_spec 0
btn_raw 0
btn_pressed 1
known_mask 00000060
allow_out_mask 00000040
out_locked 00000000
out_effective 00000040
n_get 3
n_req_ok 2
n_req_no 0
n_dirin_ok 1
n_dirin_no 0
n_dirout_ok 1
n_dirout_no 0
n_set_ok 0
n_set_no 0
n_writes 2
state_known 1
state_last 0000007C
n_state_chk 114
n_state_foreign 0
foreign_seen 0
foreign_first 00000000
probed04 0
val04 00000000
204.27 197.51
version rtl819x-gpio 1.1
added 1
add_rc 0
base 0
ngpio 32
cnr FFFFFF8B
dir FF000040
dat 0000005C
boot_cnr FFFFFFDF
boot_dir FF000000
boot_dat 0000007C
cnr_as_spec 0
dir_as_spec 0
btn_raw 0
btn_pressed 1
known_mask 00000060
allow_out_mask 00000040
out_locked 00000000
out_effective 00000040
n_get 3
n_req_ok 2
n_req_no 0
n_dirin_ok 1
n_dirin_no 0
n_dirout_ok 1
n_dirout_no 0
n_set_ok 0
n_set_no 0
n_writes 2
state_known 1
state_last 0000007C
n_state_chk 116
n_state_foreign 0
foreign_seen 0
foreign_first 00000000
probed04 0
val04 00000000
204.28 197.51
version rtl819x-gpio 1.1
added 1
add_rc 0
base 0
ngpio 32
cnr FFFFFF8B
dir FF000040
dat 0000005C
boot_cnr FFFFFFDF
boot_dir FF000000
boot_dat 0000007C
cnr_as_spec 0
dir_as_spec 0
btn_raw 0
btn_pressed 1
known_mask 00000060
allow_out_mask 00000040
out_locked 00000000
out_effective 00000040
n_get 3
n_req_ok 2
n_req_no 0
n_dirin_ok 1
n_dirin_no 0
n_dirout_ok 1
n_dirout_no 0
n_set_ok 0
n_set_no 0
n_writes 2
state_known 1
state_last 0000007C
n_state_chk 118
n_state_foreign 0
foreign_seen 0
foreign_first 00000000
probed04 0
val04 00000000
204.29 197.51
version rtl819x-gpio 1.1
added 1
add_rc 0
base 0
ngpio 32
cnr FFFFFF8B
dir FF000040
dat 0000005C
boot_cnr FFFFFFDF
boot_dir FF000000
boot_dat 0000007C
cnr_as_spec 0
dir_as_spec 0
btn_raw 0
btn_pressed 1
known_mask 00000060
allow_out_mask 00000040
out_locked 00000000
out_effective 00000040
n_get 3
n_req_ok 2
n_req_no 0
n_dirin_ok 1
n_dirin_no 0
n_dirout_ok 1
n_dirout_no 0
n_set_ok 0
n_set_no 0
n_writes 2
state_known 1
state_last 0000007C
n_state_chk 120
n_state_foreign 0
foreign_seen 0
foreign_first 00000000
probed04 0
val04 00000000
204.30 197.51
version rtl819x-gpio 1.1
added 1
add_rc 0
base 0
ngpio 32
cnr FFFFFF8B
dir FF000040
dat 0000005C
boot_cnr FFFFFFDF
boot_dir FF000000
boot_dat 0000007C
cnr_as_spec 0
dir_as_spec 0
btn_raw 0
btn_pressed 1
known_mask 00000060
allow_out_mask 00000040
out_locked 00000000
out_effective 00000040
n_get 3
n_req_ok 2
n_req_no 0
n_dirin_ok 1
n_dirin_no 0
n_dirout_ok 1
n_dirout_no 0
n_set_ok 0
n_set_no 0
n_writes 2
state_known 1
state_last 0000007C
n_state_chk 122
n_state_foreign 0
foreign_seen 0
foreign_first 00000000
probed04 0
val04 00000000
204.31 197.51
version rtl819x-gpio 1.1
added 1
add_rc 0
base 0
ngpio 32
cnr FFFFFF8B
dir FF000040
dat 0000005C
boot_cnr FFFFFFDF
boot_dir FF000000
boot_dat 0000007C
cnr_as_spec 0
dir_as_spec 0
btn_raw 0
btn_pressed 1
known_mask 00000060
allow_out_mask 00000040
out_locked 00000000
out_effective 00000040
n_get 3
n_req_ok 2
n_req_no 0
n_dirin_ok 1
n_dirin_no 0
n_dirout_ok 1
n_dirout_no 0
n_set_ok 0
n_set_no 0
n_writes 2
state_known 1
state_last 0000007C
n_state_chk 124
n_state_foreign 0
foreign_seen 0
foreign_first 00000000
probed04 0
val04 00000000
204.32 197.51
version rtl819x-gpio 1.1
added 1
add_rc 0
base 0
ngpio 32
cnr FFFFFF8B
dir FF000040
dat 0000005C
boot_cnr FFFFFFDF
boot_dir FF000000
boot_dat 0000007C
cnr_as_spec 0
dir_as_spec 0
btn_raw 0
btn_pressed 1
known_mask 00000060
allow_out_mask 00000040
out_locked 00000000
out_effective 00000040
n_get 3
n_req_ok 2
n_req_no 0
n_dirin_ok 1
n_dirin_no 0
n_dirout_ok 1
n_dirout_no 0
n_set_ok 0
n_set_no 0
n_writes 2
state_known 1
state_last 0000007C
n_state_chk 126
n_state_foreign 0
foreign_seen 0
foreign_first 00000000
probed04 0
val04 00000000
205.44 198.61
version rtl819x-gpio 1.1
added 1
add_rc 0
base 0
ngpio 32
cnr FFFFFF8B
dir FF000040
dat 0000001C
boot_cnr FFFFFFDF
boot_dir FF000000
boot_dat 0000007C
cnr_as_spec 0
dir_as_spec 0
btn_raw 0
btn_pressed 1
known_mask 00000060
allow_out_mask 00000040
out_locked 00000000
out_effective 00000040
n_get 3
n_req_ok 2
n_req_no 0
n_dirin_ok 1
n_dirin_no 0
n_dirout_ok 1
n_dirout_no 0
n_set_ok 0
n_set_no 0
n_writes 2
state_known 1
state_last 0000007C
n_state_chk 128
n_state_foreign 2
foreign_seen 1
foreign_first 0000001C
probed04 0
val04 00000000
205.45 198.61
version rtl819x-gpio 1.1
added 1
add_rc 0
base 0
ngpio 32
cnr FFFFFF8B
dir FF000040
dat 0000001C
boot_cnr FFFFFFDF
boot_dir FF000000
boot_dat 0000007C
cnr_as_spec 0
dir_as_spec 0
btn_raw 0
btn_pressed 1
known_mask 00000060
allow_out_mask 00000040
out_locked 00000000
out_effective 00000040
n_get 3
n_req_ok 2
n_req_no 0
n_dirin_ok 1
n_dirin_no 0
n_dirout_ok 1
n_dirout_no 0
n_set_ok 0
n_set_no 0
n_writes 2
state_known 1
state_last 0000007C
n_state_chk 130
n_state_foreign 4
foreign_seen 1
foreign_first 0000001C
probed04 0
val04 00000000
205.46 198.61
version rtl819x-gpio 1.1
added 1
add_rc 0
base 0
ngpio 32
cnr FFFFFF8B
dir FF000040
dat 0000001C
boot_cnr FFFFFFDF
boot_dir FF000000
boot_dat 0000007C
cnr_as_spec 0
dir_as_spec 0
btn_raw 0
btn_pressed 1
known_mask 00000060
allow_out_mask 00000040
out_locked 00000000
out_effective 00000040
n_get 3
n_req_ok 2
n_req_no 0
n_dirin_ok 1
n_dirin_no 0
n_dirout_ok 1
n_dirout_no 0
n_set_ok 0
n_set_no 0
n_writes 2
state_known 1
state_last 0000007C
n_state_chk 132
n_state_foreign 6
foreign_seen 1
foreign_first 0000001C
probed04 0
val04 00000000
205.48 198.61
version rtl819x-gpio 1.1
added 1
add_rc 0
base 0
ngpio 32
cnr FFFFFF8B
dir FF000040
dat 0000001C
boot_cnr FFFFFFDF
boot_dir FF000000
boot_dat 0000007C
cnr_as_spec 0
dir_as_spec 0
btn_raw 0
btn_pressed 1
known_mask 00000060
allow_out_mask 00000040
out_locked 00000000
out_effective 00000040
n_get 3
n_req_ok 2
n_req_no 0
n_dirin_ok 1
n_dirin_no 0
n_dirout_ok 1
n_dirout_no 0
n_set_ok 0
n_set_no 0
n_writes 2
state_known 1
state_last 0000007C
n_state_chk 134
n_state_foreign 8
foreign_seen 1
foreign_first 0000001C
probed04 0
val04 00000000
205.49 198.61
version rtl819x-gpio 1.1
added 1
add_rc 0
base 0
ngpio 32
cnr FFFFFF8B
dir FF000040
dat 0000001C
boot_cnr FFFFFFDF
boot_dir FF000000
boot_dat 0000007C
cnr_as_spec 0
dir_as_spec 0
btn_raw 0
btn_pressed 1
known_mask 00000060
allow_out_mask 00000040
out_locked 00000000
out_effective 00000040
n_get 3
n_req_ok 2
n_req_no 0
n_dirin_ok 1
n_dirin_no 0
n_dirout_ok 1
n_dirout_no 0
n_set_ok 0
n_set_no 0
n_writes 2
state_known 1
state_last 0000007C
n_state_chk 136
n_state_foreign 10
foreign_seen 1
foreign_first 0000001C
probed04 0
val04 00000000
205.50 198.61
version rtl819x-gpio 1.1
added 1
add_rc 0
base 0
ngpio 32
cnr FFFFFF8B
dir FF000040
dat 0000001C
boot_cnr FFFFFFDF
boot_dir FF000000
boot_dat 0000007C
cnr_as_spec 0
dir_as_spec 0
btn_raw 0
btn_pressed 1
known_mask 00000060
allow_out_mask 00000040
out_locked 00000000
out_effective 00000040
n_get 3
n_req_ok 2
n_req_no 0
n_dirin_ok 1
n_dirin_no 0
n_dirout_ok 1
n_dirout_no 0
n_set_ok 0
n_set_no 0
n_writes 2
state_known 1
state_last 0000007C
n_state_chk 138
n_state_foreign 12
foreign_seen 1
foreign_first 0000001C
probed04 0
val04 00000000
205.51 198.61
version rtl819x-gpio 1.1
added 1
add_rc 0
base 0
ngpio 32
cnr FFFFFF8B
dir FF000040
dat 0000001C
boot_cnr FFFFFFDF
boot_dir FF000000
boot_dat 0000007C
cnr_as_spec 0
dir_as_spec 0
btn_raw 0
btn_pressed 1
known_mask 00000060
allow_out_mask 00000040
out_locked 00000000
out_effective 00000040
n_get 3
n_req_ok 2
n_req_no 0
n_dirin_ok 1
n_dirin_no 0
n_dirout_ok 1
n_dirout_no 0
n_set_ok 0
n_set_no 0
n_writes 2
state_known 1
state_last 0000007C
n_state_chk 140
n_state_foreign 14
foreign_seen 1
foreign_first 0000001C
probed04 0
val04 00000000
206.63 199.72
version rtl819x-gpio 1.1
added 1
add_rc 0
base 0
ngpio 32
cnr FFFFFF8B
dir FF000040
dat 0000001C
boot_cnr FFFFFFDF
boot_dir FF000000
boot_dat 0000007C
cnr_as_spec 0
dir_as_spec 0
btn_raw 0
btn_pressed 1
known_mask 00000060
allow_out_mask 00000040
out_locked 00000000
out_effective 00000040
n_get 3
n_req_ok 2
n_req_no 0
n_dirin_ok 1
n_dirin_no 0
n_dirout_ok 1
n_dirout_no 0
n_set_ok 0
n_set_no 0
n_writes 2
state_known 1
state_last 0000007C
n_state_chk 142
n_state_foreign 16
foreign_seen 1
foreign_first 0000001C
probed04 0
val04 00000000
206.64 199.72
version rtl819x-gpio 1.1
added 1
add_rc 0
base 0
ngpio 32
cnr FFFFFF8B
dir FF000040
dat 0000001C
boot_cnr FFFFFFDF
boot_dir FF000000
boot_dat 0000007C
cnr_as_spec 0
dir_as_spec 0
btn_raw 0
btn_pressed 1
known_mask 00000060
allow_out_mask 00000040
out_locked 00000000
out_effective 00000040
n_get 3
n_req_ok 2
n_req_no 0
n_dirin_ok 1
n_dirin_no 0
n_dirout_ok 1
n_dirout_no 0
n_set_ok 0
n_set_no 0
n_writes 2
state_known 1
state_last 0000007C
n_state_chk 144
n_state_foreign 18
foreign_seen 1
foreign_first 0000001C
probed04 0
val04 00000000
206.65 199.72
version rtl819x-gpio 1.1
added 1
add_rc 0
base 0
ngpio 32
cnr FFFFFF8B
dir FF000040
dat 0000001C
boot_cnr FFFFFFDF
boot_dir FF000000
boot_dat 0000007C
cnr_as_spec 0
dir_as_spec 0
btn_raw 0
btn_pressed 1
known_mask 00000060
allow_out_mask 00000040
out_locked 00000000
out_effective 00000040
n_get 3
n_req_ok 2
n_req_no 0
n_dirin_ok 1
n_dirin_no 0
n_dirout_ok 1
n_dirout_no 0
n_set_ok 0
n_set_no 0
n_writes 2
state_known 1
state_last 0000007C
n_state_chk 146
n_state_foreign 20
foreign_seen 1
foreign_first 0000001C
probed04 0
val04 00000000
206.66 199.72
version rtl819x-gpio 1.1
added 1
add_rc 0
base 0
ngpio 32
cnr FFFFFF8B
dir FF000040
dat 0000001C
boot_cnr FFFFFFDF
boot_dir FF000000
boot_dat 0000007C
cnr_as_spec 0
dir_as_spec 0
btn_raw 0
btn_pressed 1
known_mask 00000060
allow_out_mask 00000040
out_locked 00000000
out_effective 00000040
n_get 3
n_req_ok 2
n_req_no 0
n_dirin_ok 1
n_dirin_no 0
n_dirout_ok 1
n_dirout_no 0
n_set_ok 0
n_set_no 0
n_writes 2
state_known 1
state_last 0000007C
n_state_chk 148
n_state_foreign 22
foreign_seen 1
foreign_first 0000001C
probed04 0
val04 00000000
206.67 199.72
version rtl819x-gpio 1.1
added 1
add_rc 0
base 0
ngpio 32
cnr FFFFFF8B
dir FF000040
dat 0000001C
boot_cnr FFFFFFDF
boot_dir FF000000
boot_dat 0000007C
cnr_as_spec 0
dir_as_spec 0
btn_raw 0
btn_pressed 1
known_mask 00000060
allow_out_mask 00000040
out_locked 00000000
out_effective 00000040
n_get 3
n_req_ok 2
n_req_no 0
n_dirin_ok 1
n_dirin_no 0
n_dirout_ok 1
n_dirout_no 0
n_set_ok 0
n_set_no 0
n_writes 2
state_known 1
state_last 0000007C
n_state_chk 150
n_state_foreign 24
foreign_seen 1
foreign_first 0000001C
probed04 0
val04 00000000
206.69 199.72
version rtl819x-gpio 1.1
added 1
add_rc 0
base 0
ngpio 32
cnr FFFFFF8B
dir FF000040
dat 0000001C
boot_cnr FFFFFFDF
boot_dir FF000000
boot_dat 0000007C
cnr_as_spec 0
dir_as_spec 0
btn_raw 0
btn_pressed 1
known_mask 00000060
allow_out_mask 00000040
out_locked 00000000
out_effective 00000040
n_get 3
n_req_ok 2
n_req_no 0
n_dirin_ok 1
n_dirin_no 0
n_dirout_ok 1
n_dirout_no 0
n_set_ok 0
n_set_no 0
n_writes 2
state_known 1
state_last 0000007C
n_state_chk 152
n_state_foreign 26
foreign_seen 1
foreign_first 0000001C
probed04 0
val04 00000000
206.70 199.72
version rtl819x-gpio 1.1
added 1
add_rc 0
base 0
ngpio 32
cnr FFFFFF8B
dir FF000040
dat 0000001C
boot_cnr FFFFFFDF
boot_dir FF000000
boot_dat 0000007C
cnr_as_spec 0
dir_as_spec 0
btn_raw 0
btn_pressed 1
known_mask 00000060
allow_out_mask 00000040
out_locked 00000000
out_effective 00000040
n_get 3
n_req_ok 2
n_req_no 0
n_dirin_ok 1
n_dirin_no 0
n_dirout_ok 1
n_dirout_no 0
n_set_ok 0
n_set_no 0
n_writes 2
state_known 1
state_last 0000007C
n_state_chk 154
n_state_foreign 28
foreign_seen 1
foreign_first 0000001C
probed04 0
val04 00000000
207.81 200.82
version rtl819x-gpio 1.1
added 1
add_rc 0
base 0
ngpio 32
cnr FFFFFF8B
dir FF000040
dat 0000001C
boot_cnr FFFFFFDF
boot_dir FF000000
boot_dat 0000007C
cnr_as_spec 0
dir_as_spec 0
btn_raw 0
btn_pressed 1
known_mask 00000060
allow_out_mask 00000040
out_locked 00000000
out_effective 00000040
n_get 3
n_req_ok 2
n_req_no 0
n_dirin_ok 1
n_dirin_no 0
n_dirout_ok 1
n_dirout_no 0
n_set_ok 0
n_set_no 0
n_writes 2
state_known 1
state_last 0000007C
n_state_chk 156
n_state_foreign 30
foreign_seen 1
foreign_first 0000001C
probed04 0
val04 00000000
207.83 200.82
version rtl819x-gpio 1.1
added 1
add_rc 0
base 0
ngpio 32
cnr FFFFFF8B
dir FF000040
dat 0000001C
boot_cnr FFFFFFDF
boot_dir FF000000
boot_dat 0000007C
cnr_as_spec 0
dir_as_spec 0
btn_raw 0
btn_pressed 1
known_mask 00000060
allow_out_mask 00000040
out_locked 00000000
out_effective 00000040
n_get 3
n_req_ok 2
n_req_no 0
n_dirin_ok 1
n_dirin_no 0
n_dirout_ok 1
n_dirout_no 0
n_set_ok 0
n_set_no 0
n_writes 2
state_known 1
state_last 0000007C
n_state_chk 158
n_state_foreign 32
foreign_seen 1
foreign_first 0000001C
probed04 0
val04 00000000
207.84 200.82
version rtl819x-gpio 1.1
added 1
add_rc 0
base 0
ngpio 32
cnr FFFFFF8B
dir FF000040
dat 0000001C
boot_cnr FFFFFFDF
boot_dir FF000000
boot_dat 0000007C
cnr_as_spec 0
dir_as_spec 0
btn_raw 0
btn_pressed 1
known_mask 00000060
allow_out_mask 00000040
out_locked 00000000
out_effective 00000040
n_get 3
n_req_ok 2
n_req_no 0
n_dirin_ok 1
n_dirin_no 0
n_dirout_ok 1
n_dirout_no 0
n_set_ok 0
n_set_no 0
n_writes 2
state_known 1
state_last 0000007C
n_state_chk 160
n_state_foreign 34
foreign_seen 1
foreign_first 0000001C
probed04 0
val04 00000000
207.85 200.82
version rtl819x-gpio 1.1
added 1
add_rc 0
base 0
ngpio 32
cnr FFFFFF8B
dir FF000040
dat 0000001C
boot_cnr FFFFFFDF
boot_dir FF000000
boot_dat 0000007C
cnr_as_spec 0
dir_as_spec 0
btn_raw 0
btn_pressed 1
known_mask 00000060
allow_out_mask 00000040
out_locked 00000000
out_effective 00000040
n_get 3
n_req_ok 2
n_req_no 0
n_dirin_ok 1
n_dirin_no 0
n_dirout_ok 1
n_dirout_no 0
n_set_ok 0
n_set_no 0
n_writes 2
state_known 1
state_last 0000007C
n_state_chk 162
n_state_foreign 36
foreign_seen 1
foreign_first 0000001C
probed04 0
val04 00000000
207.86 200.82
version rtl819x-gpio 1.1
added 1
add_rc 0
base 0
ngpio 32
cnr FFFFFF8B
dir FF000040
dat 0000001C
boot_cnr FFFFFFDF
boot_dir FF000000
boot_dat 0000007C
cnr_as_spec 0
dir_as_spec 0
btn_raw 0
btn_pressed 1
known_mask 00000060
allow_out_mask 00000040
out_locked 00000000
out_effective 00000040
n_get 3
n_req_ok 2
n_req_no 0
n_dirin_ok 1
n_dirin_no 0
n_dirout_ok 1
n_dirout_no 0
n_set_ok 0
n_set_no 0
n_writes 2
state_known 1
state_last 0000007C
n_state_chk 164
n_state_foreign 38
foreign_seen 1
foreign_first 0000001C
probed04 0
val04 00000000
207.87 200.82
version rtl819x-gpio 1.1
added 1
add_rc 0
base 0
ngpio 32
cnr FFFFFF8B
dir FF000040
dat 0000001C
boot_cnr FFFFFFDF
boot_dir FF000000
boot_dat 0000007C
cnr_as_spec 0
dir_as_spec 0
btn_raw 0
btn_pressed 1
known_mask 00000060
allow_out_mask 00000040
out_locked 00000000
out_effective 00000040
n_get 3
n_req_ok 2
n_req_no 0
n_dirin_ok 1
n_dirin_no 0
n_dirout_ok 1
n_dirout_no 0
n_set_ok 0
n_set_no 0
n_writes 2
state_known 1
state_last 0000007C
n_state_chk 166
n_state_foreign 40
foreign_seen 1
foreign_first 0000001C
probed04 0
val04 00000000
207.88 200.82
version rtl819x-gpio 1.1
added 1
add_rc 0
base 0
ngpio 32
cnr FFFFFF8B
dir FF000040
dat 0000001C
boot_cnr FFFFFFDF
boot_dir FF000000
boot_dat 0000007C
cnr_as_spec 0
dir_as_spec 0
btn_raw 0
btn_pressed 1
known_mask 00000060
allow_out_mask 00000040
out_locked 00000000
out_effective 00000040
n_get 3
n_req_ok 2
n_req_no 0
n_dirin_ok 1
n_dirin_no 0
n_dirout_ok 1
n_dirout_no 0
n_set_ok 0
n_set_no 0
n_writes 2
state_known 1
state_last 0000007C
n_state_chk 168
n_state_foreign 42
foreign_seen 1
foreign_first 0000001C
probed04 0
val04 00000000
209.00 201.92
version rtl819x-gpio 1.1
added 1
add_rc 0
base 0
ngpio 32
cnr FFFFFF8B
dir FF000040
dat 0000001C
boot_cnr FFFFFFDF
boot_dir FF000000
boot_dat 0000007C
cnr_as_spec 0
dir_as_spec 0
btn_raw 0
btn_pressed 1
known_mask 00000060
allow_out_mask 00000040
out_locked 00000000
out_effective 00000040
n_get 3
n_req_ok 2
n_req_no 0
n_dirin_ok 1
n_dirin_no 0
n_dirout_ok 1
n_dirout_no 0
n_set_ok 0
n_set_no 0
n_writes 2
state_known 1
state_last 0000007C
n_state_chk 170
n_state_foreign 44
foreign_seen 1
foreign_first 0000001C
probed04 0
val04 00000000
209.01 201.92
version rtl819x-gpio 1.1
added 1
add_rc 0
base 0
ngpio 32
cnr FFFFFF8B
dir FF000040
dat 0000001C
boot_cnr FFFFFFDF
boot_dir FF000000
boot_dat 0000007C
cnr_as_spec 0
dir_as_spec 0
btn_raw 0
btn_pressed 1
known_mask 00000060
allow_out_mask 00000040
out_locked 00000000
out_effective 00000040
n_get 3
n_req_ok 2
n_req_no 0
n_dirin_ok 1
n_dirin_no 0
n_dirout_ok 1
n_dirout_no 0
n_set_ok 0
n_set_no 0
n_writes 2
state_known 1
state_last 0000007C
n_state_chk 172
n_state_foreign 46
foreign_seen 1
foreign_first 0000001C
probed04 0
val04 00000000
209.02 201.92
version rtl819x-gpio 1.1
added 1
add_rc 0
base 0
ngpio 32
cnr FFFFFF8B
dir FF000040
dat 0000001C
boot_cnr FFFFFFDF
boot_dir FF000000
boot_dat 0000007C
cnr_as_spec 0
dir_as_spec 0
btn_raw 0
btn_pressed 1
known_mask 00000060
allow_out_mask 00000040
out_locked 00000000
out_effective 00000040
n_get 3
n_req_ok 2
n_req_no 0
n_dirin_ok 1
n_dirin_no 0
n_dirout_ok 1
n_dirout_no 0
n_set_ok 0
n_set_no 0
n_writes 2
state_known 1
state_last 0000007C
n_state_chk 174
n_state_foreign 48
foreign_seen 1
foreign_first 0000001C
probed04 0
val04 00000000
209.04 201.92
version rtl819x-gpio 1.1
added 1
add_rc 0
base 0
ngpio 32
cnr FFFFFF8B
dir FF000040
dat 0000001C
boot_cnr FFFFFFDF
boot_dir FF000000
boot_dat 0000007C
cnr_as_spec 0
dir_as_spec 0
btn_raw 0
btn_pressed 1
known_mask 00000060
allow_out_mask 00000040
out_locked 00000000
out_effective 00000040
n_get 3
n_req_ok 2
n_req_no 0
n_dirin_ok 1
n_dirin_no 0
n_dirout_ok 1
n_dirout_no 0
n_set_ok 0
n_set_no 0
n_writes 2
state_known 1
state_last 0000007C
n_state_chk 176
n_state_foreign 50
foreign_seen 1
foreign_first 0000001C
probed04 0
val04 00000000
209.05 201.92
version rtl819x-gpio 1.1
added 1
add_rc 0
base 0
ngpio 32
cnr FFFFFF8B
dir FF000040
dat 0000001C
boot_cnr FFFFFFDF
boot_dir FF000000
boot_dat 0000007C
cnr_as_spec 0
dir_as_spec 0
btn_raw 0
btn_pressed 1
known_mask 00000060
allow_out_mask 00000040
out_locked 00000000
out_effective 00000040
n_get 3
n_req_ok 2
n_req_no 0
n_dirin_ok 1
n_dirin_no 0
n_dirout_ok 1
n_dirout_no 0
n_set_ok 0
n_set_no 0
n_writes 2
state_known 1
state_last 0000007C
n_state_chk 178
n_state_foreign 52
foreign_seen 1
foreign_first 0000001C
probed04 0
val04 00000000
209.06 201.92
version rtl819x-gpio 1.1
added 1
add_rc 0
base 0
ngpio 32
cnr FFFFFF8B
dir FF000040
dat 0000001C
boot_cnr FFFFFFDF
boot_dir FF000000
boot_dat 0000007C
cnr_as_spec 0
dir_as_spec 0
btn_raw 0
btn_pressed 1
known_mask 00000060
allow_out_mask 00000040
out_locked 00000000
out_effective 00000040
n_get 3
n_req_ok 2
n_req_no 0
n_dirin_ok 1
n_dirin_no 0
n_dirout_ok 1
n_dirout_no 0
n_set_ok 0
n_set_no 0
n_writes 2
state_known 1
state_last 0000007C
n_state_chk 180
n_state_foreign 54
foreign_seen 1
foreign_first 0000001C
probed04 0
val04 00000000
209.07 201.92
version rtl819x-gpio 1.1
added 1
add_rc 0
base 0
ngpio 32
cnr FFFFFF8B
dir FF000040
dat 0000001C
boot_cnr FFFFFFDF
boot_dir FF000000
boot_dat 0000007C
cnr_as_spec 0
dir_as_spec 0
btn_raw 0
btn_pressed 1
known_mask 00000060
allow_out_mask 00000040
out_locked 00000000
out_effective 00000040
n_get 3
n_req_ok 2
n_req_no 0
n_dirin_ok 1
n_dirin_no 0
n_dirout_ok 1
n_dirout_no 0
n_set_ok 0
n_set_no 0
n_writes 2
state_known 1
state_last 0000007C
n_state_chk 182
n_state_foreign 56
foreign_seen 1
foreign_first 0000001C
probed04 0
val04 00000000
210.19 203.03
version rtl819x-gpio 1.1
added 1
add_rc 0
base 0
ngpio 32
cnr FFFFFF8B
dir FF000040
dat 0000005C
boot_cnr FFFFFFDF
boot_dir FF000000
boot_dat 0000007C
cnr_as_spec 0
dir_as_spec 0
btn_raw 0
btn_pressed 1
known_mask 00000060
allow_out_mask 00000040
out_locked 00000000
out_effective 00000040
n_get 3
n_req_ok 2
n_req_no 0
n_dirin_ok 1
n_dirin_no 0
n_dirout_ok 1
n_dirout_no 0
n_set_ok 0
n_set_no 0
n_writes 2
state_known 1
state_last 0000007C
n_state_chk 184
n_state_foreign 56
foreign_seen 1
foreign_first 0000001C
probed04 0
val04 00000000
210.20 203.03
version rtl819x-gpio 1.1
added 1
add_rc 0
base 0
ngpio 32
cnr FFFFFF8B
dir FF000040
dat 0000005C
boot_cnr FFFFFFDF
boot_dir FF000000
boot_dat 0000007C
cnr_as_spec 0
dir_as_spec 0
btn_raw 0
btn_pressed 1
known_mask 00000060
allow_out_mask 00000040
out_locked 00000000
out_effective 00000040
n_get 3
n_req_ok 2
n_req_no 0
n_dirin_ok 1
n_dirin_no 0
n_dirout_ok 1
n_dirout_no 0
n_set_ok 0
n_set_no 0
n_writes 2
state_known 1
state_last 0000007C
n_state_chk 186
n_state_foreign 56
foreign_seen 1
foreign_first 0000001C
probed04 0
val04 00000000
210.21 203.03
version rtl819x-gpio 1.1
added 1
add_rc 0
base 0
ngpio 32
cnr FFFFFF8B
dir FF000040
dat 0000005C
boot_cnr FFFFFFDF
boot_dir FF000000
boot_dat 0000007C
cnr_as_spec 0
dir_as_spec 0
btn_raw 0
btn_pressed 1
known_mask 00000060
allow_out_mask 00000040
out_locked 00000000
out_effective 00000040
n_get 3
n_req_ok 2
n_req_no 0
n_dirin_ok 1
n_dirin_no 0
n_dirout_ok 1
n_dirout_no 0
n_set_ok 0
n_set_no 0
n_writes 2
state_known 1
state_last 0000007C
n_state_chk 188
n_state_foreign 56
foreign_seen 1
foreign_first 0000001C
probed04 0
val04 00000000
210.22 203.03
version rtl819x-gpio 1.1
added 1
add_rc 0
base 0
ngpio 32
cnr FFFFFF8B
dir FF000040
dat 0000005C
boot_cnr FFFFFFDF
boot_dir FF000000
boot_dat 0000007C
cnr_as_spec 0
dir_as_spec 0
btn_raw 0
btn_pressed 1
known_mask 00000060
allow_out_mask 00000040
out_locked 00000000
out_effective 00000040
n_get 3
n_req_ok 2
n_req_no 0
n_dirin_ok 1
n_dirin_no 0
n_dirout_ok 1
n_dirout_no 0
n_set_ok 0
n_set_no 0
n_writes 2
state_known 1
state_last 0000007C
n_state_chk 190
n_state_foreign 56
foreign_seen 1
foreign_first 0000001C
probed04 0
val04 00000000
210.23 203.03
version rtl819x-gpio 1.1
added 1
add_rc 0
base 0
ngpio 32
cnr FFFFFF8B
dir FF000040
dat 0000005C
boot_cnr FFFFFFDF
boot_dir FF000000
boot_dat 0000007C
cnr_as_spec 0
dir_as_spec 0
btn_raw 0
btn_pressed 1
known_mask 00000060
allow_out_mask 00000040
out_locked 00000000
out_effective 00000040
n_get 3
n_req_ok 2
n_req_no 0
n_dirin_ok 1
n_dirin_no 0
n_dirout_ok 1
n_dirout_no 0
n_set_ok 0
n_set_no 0
n_writes 2
state_known 1
state_last 0000007C
n_state_chk 192
n_state_foreign 56
foreign_seen 1
foreign_first 0000001C
probed04 0
val04 00000000
210.25 203.03
version rtl819x-gpio 1.1
added 1
add_rc 0
base 0
ngpio 32
cnr FFFFFF8B
dir FF000040
dat 0000005C
boot_cnr FFFFFFDF
boot_dir FF000000
boot_dat 0000007C
cnr_as_spec 0
dir_as_spec 0
btn_raw 0
btn_pressed 1
known_mask 00000060
allow_out_mask 00000040
out_locked 00000000
out_effective 00000040
n_get 3
n_req_ok 2
n_req_no 0
n_dirin_ok 1
n_dirin_no 0
n_dirout_ok 1
n_dirout_no 0
n_set_ok 0
n_set_no 0
n_writes 2
state_known 1
state_last 0000007C
n_state_chk 194
n_state_foreign 56
foreign_seen 1
foreign_first 0000001C
probed04 0
val04 00000000
210.26 203.03
version rtl819x-gpio 1.1
added 1
add_rc 0
base 0
ngpio 32
cnr FFFFFF8B
dir FF000040
dat 0000005C
boot_cnr FFFFFFDF
boot_dir FF000000
boot_dat 0000007C
cnr_as_spec 0
dir_as_spec 0
btn_raw 0
btn_pressed 1
known_mask 00000060
allow_out_mask 00000040
out_locked 00000000
out_effective 00000040
n_get 3
n_req_ok 2
n_req_no 0
n_dirin_ok 1
n_dirin_no 0
n_dirout_ok 1
n_dirout_no 0
n_set_ok 0
n_set_no 0
n_writes 2
state_known 1
state_last 0000007C
n_state_chk 196
n_state_foreign 56
foreign_seen 1
foreign_first 0000001C
probed04 0
val04 00000000
211.38 204.13
version rtl819x-gpio 1.1
added 1
add_rc 0
base 0
ngpio 32
cnr FFFFFF8B
dir FF000040
dat 0000001C
boot_cnr FFFFFFDF
boot_dir FF000000
boot_dat 0000007C
cnr_as_spec 0
dir_as_spec 0
btn_raw 0
btn_pressed 1
known_mask 00000060
allow_out_mask 00000040
out_locked 00000000
out_effective 00000040
n_get 3
n_req_ok 2
n_req_no 0
n_dirin_ok 1
n_dirin_no 0
n_dirout_ok 1
n_dirout_no 0
n_set_ok 0
n_set_no 0
n_writes 2
state_known 1
state_last 0000007C
n_state_chk 198
n_state_foreign 58
foreign_seen 1
foreign_first 0000001C
probed04 0
val04 00000000
211.39 204.13
version rtl819x-gpio 1.1
added 1
add_rc 0
base 0
ngpio 32
cnr FFFFFF8B
dir FF000040
dat 0000001C
boot_cnr FFFFFFDF
boot_dir FF000000
boot_dat 0000007C
cnr_as_spec 0
dir_as_spec 0
btn_raw 0
btn_pressed 1
known_mask 00000060
allow_out_mask 00000040
out_locked 00000000
out_effective 00000040
n_get 3
n_req_ok 2
n_req_no 0
n_dirin_ok 1
n_dirin_no 0
n_dirout_ok 1
n_dirout_no 0
n_set_ok 0
n_set_no 0
n_writes 2
state_known 1
state_last 0000007C
n_state_chk 200
n_state_foreign 60
foreign_seen 1
foreign_first 0000001C
probed04 0
val04 00000000
211.40 204.13
version rtl819x-gpio 1.1
added 1
add_rc 0
base 0
ngpio 32
cnr FFFFFF8B
dir FF000040
dat 0000001C
boot_cnr FFFFFFDF
boot_dir FF000000
boot_dat 0000007C
cnr_as_spec 0
dir_as_spec 0
btn_raw 0
btn_pressed 1
known_mask 00000060
allow_out_mask 00000040
out_locked 00000000
out_effective 00000040
n_get 3
n_req_ok 2
n_req_no 0
n_dirin_ok 1
n_dirin_no 0
n_dirout_ok 1
n_dirout_no 0
n_set_ok 0
n_set_no 0
n_writes 2
state_known 1
state_last 0000007C
n_state_chk 202
n_state_foreign 62
foreign_seen 1
foreign_first 0000001C
probed04 0
val04 00000000
211.41 204.13
version rtl819x-gpio 1.1
added 1
add_rc 0
base 0
ngpio 32
cnr FFFFFF8B
dir FF000040
dat 0000001C
boot_cnr FFFFFFDF
boot_dir FF000000
boot_dat 0000007C
cnr_as_spec 0
dir_as_spec 0
btn_raw 0
btn_pressed 1
known_mask 00000060
allow_out_mask 00000040
out_locked 00000000
out_effective 00000040
n_get 3
n_req_ok 2
n_req_no 0
n_dirin_ok 1
n_dirin_no 0
n_dirout_ok 1
n_dirout_no 0
n_set_ok 0
n_set_no 0
n_writes 2
state_known 1
state_last 0000007C
n_state_chk 204
n_state_foreign 64
foreign_seen 1
foreign_first 0000001C
probed04 0
val04 00000000
211.42 204.13
version rtl819x-gpio 1.1
added 1
add_rc 0
base 0
ngpio 32
cnr FFFFFF8B
dir FF000040
dat 0000001C
boot_cnr FFFFFFDF
boot_dir FF000000
boot_dat 0000007C
cnr_as_spec 0
dir_as_spec 0
btn_raw 0
btn_pressed 1
known_mask 00000060
allow_out_mask 00000040
out_locked 00000000
out_effective 00000040
n_get 3
n_req_ok 2
n_req_no 0
n_dirin_ok 1
n_dirin_no 0
n_dirout_ok 1
n_dirout_no 0
n_set_ok 0
n_set_no 0
n_writes 2
state_known 1
state_last 0000007C
n_state_chk 206
n_state_foreign 66
foreign_seen 1
foreign_first 0000001C
probed04 0
val04 00000000
211.43 204.13
version rtl819x-gpio 1.1
added 1
add_rc 0
base 0
ngpio 32
cnr FFFFFF8B
dir FF000040
dat 0000001C
boot_cnr FFFFFFDF
boot_dir FF000000
boot_dat 0000007C
cnr_as_spec 0
dir_as_spec 0
btn_raw 0
btn_pressed 1
known_mask 00000060
allow_out_mask 00000040
out_locked 00000000
out_effective 00000040
n_get 3
n_req_ok 2
n_req_no 0
n_dirin_ok 1
n_dirin_no 0
n_dirout_ok 1
n_dirout_no 0
n_set_ok 0
n_set_no 0
n_writes 2
state_known 1
state_last 0000007C
n_state_chk 208
n_state_foreign 68
foreign_seen 1
foreign_first 0000001C
probed04 0
val04 00000000
211.44 204.13
version rtl819x-gpio 1.1
added 1
add_rc 0
base 0
ngpio 32
cnr FFFFFF8B
dir FF000040
dat 0000001C
boot_cnr FFFFFFDF
boot_dir FF000000
boot_dat 0000007C
cnr_as_spec 0
dir_as_spec 0
btn_raw 0
btn_pressed 1
known_mask 00000060
allow_out_mask 00000040
out_locked 00000000
out_effective 00000040
n_get 3
n_req_ok 2
n_req_no 0
n_dirin_ok 1
n_dirin_no 0
n_dirout_ok 1
n_dirout_no 0
n_set_ok 0
n_set_no 0
n_writes 2
state_known 1
state_last 0000007C
n_state_chk 210
n_state_foreign 70
foreign_seen 1
foreign_first 0000001C
probed04 0
val04 00000000
212.56 205.23
version rtl819x-gpio 1.1
added 1
add_rc 0
base 0
ngpio 32
cnr FFFFFF8B
dir FF000040
dat 0000005C
boot_cnr FFFFFFDF
boot_dir FF000000
boot_dat 0000007C
cnr_as_spec 0
dir_as_spec 0
btn_raw 0
btn_pressed 1
known_mask 00000060
allow_out_mask 00000040
out_locked 00000000
out_effective 00000040
n_get 3
n_req_ok 2
n_req_no 0
n_dirin_ok 1
n_dirin_no 0
n_dirout_ok 1
n_dirout_no 0
n_set_ok 0
n_set_no 0
n_writes 2
state_known 1
state_last 0000007C
n_state_chk 212
n_state_foreign 70
foreign_seen 1
foreign_first 0000001C
probed04 0
val04 00000000
212.57 205.23
version rtl819x-gpio 1.1
added 1
add_rc 0
base 0
ngpio 32
cnr FFFFFF8B
dir FF000040
dat 0000005C
boot_cnr FFFFFFDF
boot_dir FF000000
boot_dat 0000007C
cnr_as_spec 0
dir_as_spec 0
btn_raw 0
btn_pressed 1
known_mask 00000060
allow_out_mask 00000040
out_locked 00000000
out_effective 00000040
n_get 3
n_req_ok 2
n_req_no 0
n_dirin_ok 1
n_dirin_no 0
n_dirout_ok 1
n_dirout_no 0
n_set_ok 0
n_set_no 0
n_writes 2
state_known 1
state_last 0000007C
n_state_chk 214
n_state_foreign 70
foreign_seen 1
foreign_first 0000001C
probed04 0
val04 00000000
212.58 205.23
version rtl819x-gpio 1.1
added 1
add_rc 0
base 0
ngpio 32
cnr FFFFFF8B
dir FF000040
dat 0000005C
boot_cnr FFFFFFDF
boot_dir FF000000
boot_dat 0000007C
cnr_as_spec 0
dir_as_spec 0
btn_raw 0
btn_pressed 1
known_mask 00000060
allow_out_mask 00000040
out_locked 00000000
out_effective 00000040
n_get 3
n_req_ok 2
n_req_no 0
n_dirin_ok 1
n_dirin_no 0
n_dirout_ok 1
n_dirout_no 0
n_set_ok 0
n_set_no 0
n_writes 2
state_known 1
state_last 0000007C
n_state_chk 216
n_state_foreign 70
foreign_seen 1
foreign_first 0000001C
probed04 0
val04 00000000
212.60 205.23
version rtl819x-gpio 1.1
added 1
add_rc 0
base 0
ngpio 32
cnr FFFFFF8B
dir FF000040
dat 0000005C
boot_cnr FFFFFFDF
boot_dir FF000000
boot_dat 0000007C
cnr_as_spec 0
dir_as_spec 0
btn_raw 0
btn_pressed 1
known_mask 00000060
allow_out_mask 00000040
out_locked 00000000
out_effective 00000040
n_get 3
n_req_ok 2
n_req_no 0
n_dirin_ok 1
n_dirin_no 0
n_dirout_ok 1
n_dirout_no 0
n_set_ok 0
n_set_no 0
n_writes 2
state_known 1
state_last 0000007C
n_state_chk 218
n_state_foreign 70
foreign_seen 1
foreign_first 0000001C
probed04 0
val04 00000000
212.61 205.23
version rtl819x-gpio 1.1
added 1
add_rc 0
base 0
ngpio 32
cnr FFFFFF8B
dir FF000040
dat 0000005C
boot_cnr FFFFFFDF
boot_dir FF000000
boot_dat 0000007C
cnr_as_spec 0
dir_as_spec 0
btn_raw 0
btn_pressed 1
known_mask 00000060
allow_out_mask 00000040
out_locked 00000000
out_effective 00000040
n_get 3
n_req_ok 2
n_req_no 0
n_dirin_ok 1
n_dirin_no 0
n_dirout_ok 1
n_dirout_no 0
n_set_ok 0
n_set_no 0
n_writes 2
state_known 1
state_last 0000007C
n_state_chk 220
n_state_foreign 70
foreign_seen 1
foreign_first 0000001C
probed04 0
val04 00000000
212.62 205.23
version rtl819x-gpio 1.1
added 1
add_rc 0
base 0
ngpio 32
cnr FFFFFF8B
dir FF000040
dat 0000005C
boot_cnr FFFFFFDF
boot_dir FF000000
boot_dat 0000007C
cnr_as_spec 0
dir_as_spec 0
btn_raw 0
btn_pressed 1
known_mask 00000060
allow_out_mask 00000040
out_locked 00000000
out_effective 00000040
n_get 3
n_req_ok 2
n_req_no 0
n_dirin_ok 1
n_dirin_no 0
n_dirout_ok 1
n_dirout_no 0
n_set_ok 0
n_set_no 0
n_writes 2
state_known 1
state_last 0000007C
n_state_chk 222
n_state_foreign 70
foreign_seen 1
foreign_first 0000001C
probed04 0
val04 00000000
212.63 205.23
version rtl819x-gpio 1.1
added 1
add_rc 0
base 0
ngpio 32
cnr FFFFFF8B
dir FF000040
dat 0000005C
boot_cnr FFFFFFDF
boot_dir FF000000
boot_dat 0000007C
cnr_as_spec 0
dir_as_spec 0
btn_raw 0
btn_pressed 1
known_mask 00000060
allow_out_mask 00000040
out_locked 00000000
out_effective 00000040
n_get 3
n_req_ok 2
n_req_no 0
n_dirin_ok 1
n_dirin_no 0
n_dirout_ok 1
n_dirout_no 0
n_set_ok 0
n_set_no 0
n_writes 2
state_known 1
state_last 0000007C
n_state_chk 224
n_state_foreign 70
foreign_seen 1
foreign_first 0000001C
probed04 0
val04 00000000
213.75 206.34
version rtl819x-gpio 1.1
added 1
add_rc 0
base 0
ngpio 32
cnr FFFFFF8B
dir FF000040
dat 0000005C
boot_cnr FFFFFFDF
boot_dir FF000000
boot_dat 0000007C
cnr_as_spec 0
dir_as_spec 0
btn_raw 0
btn_pressed 1
known_mask 00000060
allow_out_mask 00000040
out_locked 00000000
out_effective 00000040
n_get 3
n_req_ok 2
n_req_no 0
n_dirin_ok 1
n_dirin_no 0
n_dirout_ok 1
n_dirout_no 0
n_set_ok 0
n_set_no 0
n_writes 2
state_known 1
state_last 0000007C
n_state_chk 226
n_state_foreign 70
foreign_seen 1
foreign_first 0000001C
probed04 0
val04 00000000
213.76 206.34
version rtl819x-gpio 1.1
added 1
add_rc 0
base 0
ngpio 32
cnr FFFFFF8B
dir FF000040
dat 0000005C
boot_cnr FFFFFFDF
boot_dir FF000000
boot_dat 0000007C
cnr_as_spec 0
dir_as_spec 0
btn_raw 0
btn_pressed 1
known_mask 00000060
allow_out_mask 00000040
out_locked 00000000
out_effective 00000040
n_get 3
n_req_ok 2
n_req_no 0
n_dirin_ok 1
n_dirin_no 0
n_dirout_ok 1
n_dirout_no 0
n_set_ok 0
n_set_no 0
n_writes 2
state_known 1
state_last 0000007C
n_state_chk 228
n_state_foreign 70
foreign_seen 1
foreign_first 0000001C
probed04 0
val04 00000000
213.77 206.34
version rtl819x-gpio 1.1
added 1
add_rc 0
base 0
ngpio 32
cnr FFFFFF8B
dir FF000040
dat 0000005C
boot_cnr FFFFFFDF
boot_dir FF000000
boot_dat 0000007C
cnr_as_spec 0
dir_as_spec 0
btn_raw 0
btn_pressed 1
known_mask 00000060
allow_out_mask 00000040
out_locked 00000000
out_effective 00000040
n_get 3
n_req_ok 2
n_req_no 0
n_dirin_ok 1
n_dirin_no 0
n_dirout_ok 1
n_dirout_no 0
n_set_ok 0
n_set_no 0
n_writes 2
state_known 1
state_last 0000007C
n_state_chk 230
n_state_foreign 70
foreign_seen 1
foreign_first 0000001C
probed04 0
val04 00000000
213.78 206.34
version rtl819x-gpio 1.1
added 1
add_rc 0
base 0
ngpio 32
cnr FFFFFF8B
dir FF000040
dat 0000005C
boot_cnr FFFFFFDF
boot_dir FF000000
boot_dat 0000007C
cnr_as_spec 0
dir_as_spec 0
btn_raw 0
btn_pressed 1
known_mask 00000060
allow_out_mask 00000040
out_locked 00000000
out_effective 00000040
n_get 3
n_req_ok 2
n_req_no 0
n_dirin_ok 1
n_dirin_no 0
n_dirout_ok 1
n_dirout_no 0
n_set_ok 0
n_set_no 0
n_writes 2
state_known 1
state_last 0000007C
n_state_chk 232
n_state_foreign 70
foreign_seen 1
foreign_first 0000001C
probed04 0
val04 00000000
213.79 206.34
version rtl819x-gpio 1.1
added 1
add_rc 0
base 0
ngpio 32
cnr FFFFFF8B
dir FF000040
dat 0000005C
boot_cnr FFFFFFDF
boot_dir FF000000
boot_dat 0000007C
cnr_as_spec 0
dir_as_spec 0
btn_raw 0
btn_pressed 1
known_mask 00000060
allow_out_mask 00000040
out_locked 00000000
out_effective 00000040
n_get 3
n_req_ok 2
n_req_no 0
n_dirin_ok 1
n_dirin_no 0
n_dirout_ok 1
n_dirout_no 0
n_set_ok 0
n_set_no 0
n_writes 2
state_known 1
state_last 0000007C
n_state_chk 234
n_state_foreign 70
foreign_seen 1
foreign_first 0000001C
probed04 0
val04 00000000
213.81 206.34
version rtl819x-gpio 1.1
added 1
add_rc 0
base 0
ngpio 32
cnr FFFFFF8B
dir FF000040
dat 0000005C
boot_cnr FFFFFFDF
boot_dir FF000000
boot_dat 0000007C
cnr_as_spec 0
dir_as_spec 0
btn_raw 0
btn_pressed 1
known_mask 00000060
allow_out_mask 00000040
out_locked 00000000
out_effective 00000040
n_get 3
n_req_ok 2
n_req_no 0
n_dirin_ok 1
n_dirin_no 0
n_dirout_ok 1
n_dirout_no 0
n_set_ok 0
n_set_no 0
n_writes 2
state_known 1
state_last 0000007C
n_state_chk 236
n_state_foreign 70
foreign_seen 1
foreign_first 0000001C
probed04 0
val04 00000000
213.82 206.34
version rtl819x-gpio 1.1
added 1
add_rc 0
base 0
ngpio 32
cnr FFFFFF8B
dir FF000040
dat 0000005C
boot_cnr FFFFFFDF
boot_dir FF000000
boot_dat 0000007C
cnr_as_spec 0
dir_as_spec 0
btn_raw 0
btn_pressed 1
known_mask 00000060
allow_out_mask 00000040
out_locked 00000000
out_effective 00000040
n_get 3
n_req_ok 2
n_req_no 0
n_dirin_ok 1
n_dirin_no 0
n_dirout_ok 1
n_dirout_no 0
n_set_ok 0
n_set_no 0
n_writes 2
state_known 1
state_last 0000007C
n_state_chk 238
n_state_foreign 70
foreign_seen 1
foreign_first 0000001C
probed04 0
val04 00000000
214.94 207.44
version rtl819x-gpio 1.1
added 1
add_rc 0
base 0
ngpio 32
cnr FFFFFF8B
dir FF000040
dat 0000001C
boot_cnr FFFFFFDF
boot_dir FF000000
boot_dat 0000007C
cnr_as_spec 0
dir_as_spec 0
btn_raw 0
btn_pressed 1
known_mask 00000060
allow_out_mask 00000040
out_locked 00000000
out_effective 00000040
n_get 3
n_req_ok 2
n_req_no 0
n_dirin_ok 1
n_dirin_no 0
n_dirout_ok 1
n_dirout_no 0
n_set_ok 0
n_set_no 0
n_writes 2
state_known 1
state_last 0000007C
n_state_chk 240
n_state_foreign 72
foreign_seen 1
foreign_first 0000001C
probed04 0
val04 00000000
214.95 207.44
version rtl819x-gpio 1.1
added 1
add_rc 0
base 0
ngpio 32
cnr FFFFFF8B
dir FF000040
dat 0000001C
boot_cnr FFFFFFDF
boot_dir FF000000
boot_dat 0000007C
cnr_as_spec 0
dir_as_spec 0
btn_raw 0
btn_pressed 1
known_mask 00000060
allow_out_mask 00000040
out_locked 00000000
out_effective 00000040
n_get 3
n_req_ok 2
n_req_no 0
n_dirin_ok 1
n_dirin_no 0
n_dirout_ok 1
n_dirout_no 0
n_set_ok 0
n_set_no 0
n_writes 2
state_known 1
state_last 0000007C
n_state_chk 242
n_state_foreign 74
foreign_seen 1
foreign_first 0000001C
probed04 0
val04 00000000
214.96 207.44
version rtl819x-gpio 1.1
added 1
add_rc 0
base 0
ngpio 32
cnr FFFFFF8B
dir FF000040
dat 0000001C
boot_cnr FFFFFFDF
boot_dir FF000000
boot_dat 0000007C
cnr_as_spec 0
dir_as_spec 0
btn_raw 0
btn_pressed 1
known_mask 00000060
allow_out_mask 00000040
out_locked 00000000
out_effective 00000040
n_get 3
n_req_ok 2
n_req_no 0
n_dirin_ok 1
n_dirin_no 0
n_dirout_ok 1
n_dirout_no 0
n_set_ok 0
n_set_no 0
n_writes 2
state_known 1
state_last 0000007C
n_state_chk 244
n_state_foreign 76
foreign_seen 1
foreign_first 0000001C
probed04 0
val04 00000000
214.97 207.44
version rtl819x-gpio 1.1
added 1
add_rc 0
base 0
ngpio 32
cnr FFFFFF8B
dir FF000040
dat 0000001C
boot_cnr FFFFFFDF
boot_dir FF000000
boot_dat 0000007C
cnr_as_spec 0
dir_as_spec 0
btn_raw 0
btn_pressed 1
known_mask 00000060
allow_out_mask 00000040
out_locked 00000000
out_effective 00000040
n_get 3
n_req_ok 2
n_req_no 0
n_dirin_ok 1
n_dirin_no 0
n_dirout_ok 1
n_dirout_no 0
n_set_ok 0
n_set_no 0
n_writes 2
state_known 1
state_last 0000007C
n_state_chk 246
n_state_foreign 78
foreign_seen 1
foreign_first 0000001C
probed04 0
val04 00000000
214.98 207.44
version rtl819x-gpio 1.1
added 1
add_rc 0
base 0
ngpio 32
cnr FFFFFF8B
dir FF000040
dat 0000001C
boot_cnr FFFFFFDF
boot_dir FF000000
boot_dat 0000007C
cnr_as_spec 0
dir_as_spec 0
btn_raw 0
btn_pressed 1
known_mask 00000060
allow_out_mask 00000040
out_locked 00000000
out_effective 00000040
n_get 3
n_req_ok 2
n_req_no 0
n_dirin_ok 1
n_dirin_no 0
n_dirout_ok 1
n_dirout_no 0
n_set_ok 0
n_set_no 0
n_writes 2
state_known 1
state_last 0000007C
n_state_chk 248
n_state_foreign 80
foreign_seen 1
foreign_first 0000001C
probed04 0
val04 00000000
214.99 207.44
version rtl819x-gpio 1.1
added 1
add_rc 0
base 0
ngpio 32
cnr FFFFFF8B
dir FF000040
dat 0000001C
boot_cnr FFFFFFDF
boot_dir FF000000
boot_dat 0000007C
cnr_as_spec 0
dir_as_spec 0
btn_raw 0
btn_pressed 1
known_mask 00000060
allow_out_mask 00000040
out_locked 00000000
out_effective 00000040
n_get 3
n_req_ok 2
n_req_no 0
n_dirin_ok 1
n_dirin_no 0
n_dirout_ok 1
n_dirout_no 0
n_set_ok 0
n_set_no 0
n_writes 2
state_known 1
state_last 0000007C
n_state_chk 250
n_state_foreign 82
foreign_seen 1
foreign_first 0000001C
probed04 0
val04 00000000
216.11 208.55
version rtl819x-gpio 1.1
added 1
add_rc 0
base 0
ngpio 32
cnr FFFFFF8B
dir FF000040
dat 0000005C
boot_cnr FFFFFFDF
boot_dir FF000000
boot_dat 0000007C
cnr_as_spec 0
dir_as_spec 0
btn_raw 0
btn_pressed 1
known_mask 00000060
allow_out_mask 00000040
out_locked 00000000
out_effective 00000040
n_get 3
n_req_ok 2
n_req_no 0
n_dirin_ok 1
n_dirin_no 0
n_dirout_ok 1
n_dirout_no 0
n_set_ok 0
n_set_no 0
n_writes 2
state_known 1
state_last 0000007C
n_state_chk 252
n_state_foreign 82
foreign_seen 1
foreign_first 0000001C
probed04 0
val04 00000000
216.12 208.55
version rtl819x-gpio 1.1
added 1
add_rc 0
base 0
ngpio 32
cnr FFFFFF8B
dir FF000040
dat 0000005C
boot_cnr FFFFFFDF
boot_dir FF000000
boot_dat 0000007C
cnr_as_spec 0
dir_as_spec 0
btn_raw 0
btn_pressed 1
known_mask 00000060
allow_out_mask 00000040
out_locked 00000000
out_effective 00000040
n_get 3
n_req_ok 2
n_req_no 0
n_dirin_ok 1
n_dirin_no 0
n_dirout_ok 1
n_dirout_no 0
n_set_ok 0
n_set_no 0
n_writes 2
state_known 1
state_last 0000007C
n_state_chk 254
n_state_foreign 82
foreign_seen 1
foreign_first 0000001C
probed04 0
val04 00000000
216.13 208.55
version rtl819x-gpio 1.1
added 1
add_rc 0
base 0
ngpio 32
cnr FFFFFF8B
dir FF000040
dat 0000005C
boot_cnr FFFFFFDF
boot_dir FF000000
boot_dat 0000007C
cnr_as_spec 0
dir_as_spec 0
btn_raw 0
btn_pressed 1
known_mask 00000060
allow_out_mask 00000040
out_locked 00000000
out_effective 00000040
n_get 3
n_req_ok 2
n_req_no 0
n_dirin_ok 1
n_dirin_no 0
n_dirout_ok 1
n_dirout_no 0
n_set_ok 0
n_set_no 0
n_writes 2
state_known 1
state_last 0000007C
n_state_chk 256
n_state_foreign 82
foreign_seen 1
foreign_first 0000001C
probed04 0
val04 00000000
216.14 208.55
version rtl819x-gpio 1.1
added 1
add_rc 0
base 0
ngpio 32
cnr FFFFFF8B
dir FF000040
dat 0000005C
boot_cnr FFFFFFDF
boot_dir FF000000
boot_dat 0000007C
cnr_as_spec 0
dir_as_spec 0
btn_raw 0
btn_pressed 1
known_mask 00000060
allow_out_mask 00000040
out_locked 00000000
out_effective 00000040
n_get 3
n_req_ok 2
n_req_no 0
n_dirin_ok 1
n_dirin_no 0
n_dirout_ok 1
n_dirout_no 0
n_set_ok 0
n_set_no 0
n_writes 2
state_known 1
state_last 0000007C
n_state_chk 258
n_state_foreign 82
foreign_seen 1
foreign_first 0000001C
probed04 0
val04 00000000
216.16 208.55
version rtl819x-gpio 1.1
added 1
add_rc 0
base 0
ngpio 32
cnr FFFFFF8B
dir FF000040
dat 0000005C
boot_cnr FFFFFFDF
boot_dir FF000000
boot_dat 0000007C
cnr_as_spec 0
dir_as_spec 0
btn_raw 0
btn_pressed 1
known_mask 00000060
allow_out_mask 00000040
out_locked 00000000
out_effective 00000040
n_get 3
n_req_ok 2
n_req_no 0
n_dirin_ok 1
n_dirin_no 0
n_dirout_ok 1
n_dirout_no 0
n_set_ok 0
n_set_no 0
n_writes 2
state_known 1
state_last 0000007C
n_state_chk 260
n_state_foreign 82
foreign_seen 1
foreign_first 0000001C
probed04 0
val04 00000000
216.17 208.55
version rtl819x-gpio 1.1
added 1
add_rc 0
base 0
ngpio 32
cnr FFFFFF8B
dir FF000040
dat 0000005C
boot_cnr FFFFFFDF
boot_dir FF000000
boot_dat 0000007C
cnr_as_spec 0
dir_as_spec 0
btn_raw 0
btn_pressed 1
known_mask 00000060
allow_out_mask 00000040
out_locked 00000000
out_effective 00000040
n_get 3
n_req_ok 2
n_req_no 0
n_dirin_ok 1
n_dirin_no 0
n_dirout_ok 1
n_dirout_no 0
n_set_ok 0
n_set_no 0
n_writes 2
state_known 1
state_last 0000007C
n_state_chk 262
n_state_foreign 82
foreign_seen 1
foreign_first 0000001C
probed04 0
val04 00000000
216.18 208.55
version rtl819x-gpio 1.1
added 1
add_rc 0
base 0
ngpio 32
cnr FFFFFF8B
dir FF000040
dat 0000005C
boot_cnr FFFFFFDF
boot_dir FF000000
boot_dat 0000007C
cnr_as_spec 0
dir_as_spec 0
btn_raw 0
btn_pressed 1
known_mask 00000060
allow_out_mask 00000040
out_locked 00000000
out_effective 00000040
n_get 3
n_req_ok 2
n_req_no 0
n_dirin_ok 1
n_dirin_no 0
n_dirout_ok 1
n_dirout_no 0
n_set_ok 0
n_set_no 0
n_writes 2
state_known 1
state_last 0000007C
n_state_chk 264
n_state_foreign 82
foreign_seen 1
foreign_first 0000001C
probed04 0
val04 00000000
217.30 209.66
version rtl819x-gpio 1.1
added 1
add_rc 0
base 0
ngpio 32
cnr FFFFFF8B
dir FF000040
dat 0000001C
boot_cnr FFFFFFDF
boot_dir FF000000
boot_dat 0000007C
cnr_as_spec 0
dir_as_spec 0
btn_raw 0
btn_pressed 1
known_mask 00000060
allow_out_mask 00000040
out_locked 00000000
out_effective 00000040
n_get 3
n_req_ok 2
n_req_no 0
n_dirin_ok 1
n_dirin_no 0
n_dirout_ok 1
n_dirout_no 0
n_set_ok 0
n_set_no 0
n_writes 2
state_known 1
state_last 0000007C
n_state_chk 266
n_state_foreign 84
foreign_seen 1
foreign_first 0000001C
probed04 0
val04 00000000
217.31 209.66
version rtl819x-gpio 1.1
added 1
add_rc 0
base 0
ngpio 32
cnr FFFFFF8B
dir FF000040
dat 0000001C
boot_cnr FFFFFFDF
boot_dir FF000000
boot_dat 0000007C
cnr_as_spec 0
dir_as_spec 0
btn_raw 0
btn_pressed 1
known_mask 00000060
allow_out_mask 00000040
out_locked 00000000
out_effective 00000040
n_get 3
n_req_ok 2
n_req_no 0
n_dirin_ok 1
n_dirin_no 0
n_dirout_ok 1
n_dirout_no 0
n_set_ok 0
n_set_no 0
n_writes 2
state_known 1
state_last 0000007C
n_state_chk 268
n_state_foreign 86
foreign_seen 1
foreign_first 0000001C
probed04 0
val04 00000000
217.32 209.66
version rtl819x-gpio 1.1
added 1
add_rc 0
base 0
ngpio 32
cnr FFFFFF8B
dir FF000040
dat 0000001C
boot_cnr FFFFFFDF
boot_dir FF000000
boot_dat 0000007C
cnr_as_spec 0
dir_as_spec 0
btn_raw 0
btn_pressed 1
known_mask 00000060
allow_out_mask 00000040
out_locked 00000000
out_effective 00000040
n_get 3
n_req_ok 2
n_req_no 0
n_dirin_ok 1
n_dirin_no 0
n_dirout_ok 1
n_dirout_no 0
n_set_ok 0
n_set_no 0
n_writes 2
state_known 1
state_last 0000007C
n_state_chk 270
n_state_foreign 88
foreign_seen 1
foreign_first 0000001C
probed04 0
val04 00000000
217.33 209.66
version rtl819x-gpio 1.1
added 1
add_rc 0
base 0
ngpio 32
cnr FFFFFF8B
dir FF000040
dat 0000001C
boot_cnr FFFFFFDF
boot_dir FF000000
boot_dat 0000007C
cnr_as_spec 0
dir_as_spec 0
btn_raw 0
btn_pressed 1
known_mask 00000060
allow_out_mask 00000040
out_locked 00000000
out_effective 00000040
n_get 3
n_req_ok 2
n_req_no 0
n_dirin_ok 1
n_dirin_no 0
n_dirout_ok 1
n_dirout_no 0
n_set_ok 0
n_set_no 0
n_writes 2
state_known 1
state_last 0000007C
n_state_chk 272
n_state_foreign 90
foreign_seen 1
foreign_first 0000001C
probed04 0
val04 00000000
217.34 209.66
version rtl819x-gpio 1.1
added 1
add_rc 0
base 0
ngpio 32
cnr FFFFFF8B
dir FF000040
dat 0000001C
boot_cnr FFFFFFDF
boot_dir FF000000
boot_dat 0000007C
cnr_as_spec 0
dir_as_spec 0
btn_raw 0
btn_pressed 1
known_mask 00000060
allow_out_mask 00000040
out_locked 00000000
out_effective 00000040
n_get 3
n_req_ok 2
n_req_no 0
n_dirin_ok 1
n_dirin_no 0
n_dirout_ok 1
n_dirout_no 0
n_set_ok 0
n_set_no 0
n_writes 2
state_known 1
state_last 0000007C
n_state_chk 274
n_state_foreign 92
foreign_seen 1
foreign_first 0000001C
probed04 0
val04 00000000
217.35 209.66
version rtl819x-gpio 1.1
added 1
add_rc 0
base 0
ngpio 32
cnr FFFFFF8B
dir FF000040
dat 0000001C
boot_cnr FFFFFFDF
boot_dir FF000000
boot_dat 0000007C
cnr_as_spec 0
dir_as_spec 0
btn_raw 0
btn_pressed 1
known_mask 00000060
allow_out_mask 00000040
out_locked 00000000
out_effective 00000040
n_get 3
n_req_ok 2
n_req_no 0
n_dirin_ok 1
n_dirin_no 0
n_dirout_ok 1
n_dirout_no 0
n_set_ok 0
n_set_no 0
n_writes 2
state_known 1
state_last 0000007C
n_state_chk 276
n_state_foreign 94
foreign_seen 1
foreign_first 0000001C
probed04 0
val04 00000000
217.37 209.66
version rtl819x-gpio 1.1
added 1
add_rc 0
base 0
ngpio 32
cnr FFFFFF8B
dir FF000040
dat 0000001C
boot_cnr FFFFFFDF
boot_dir FF000000
boot_dat 0000007C
cnr_as_spec 0
dir_as_spec 0
btn_raw 0
btn_pressed 1
known_mask 00000060
allow_out_mask 00000040
out_locked 00000000
out_effective 00000040
n_get 3
n_req_ok 2
n_req_no 0
n_dirin_ok 1
n_dirin_no 0
n_dirout_ok 1
n_dirout_no 0
n_set_ok 0
n_set_no 0
n_writes 2
state_known 1
state_last 0000007C
n_state_chk 278
n_state_foreign 96
foreign_seen 1
foreign_first 0000001C
probed04 0
val04 00000000
218.48 210.76
version rtl819x-gpio 1.1
added 1
add_rc 0
base 0
ngpio 32
cnr FFFFFF8B
dir FF000040
dat 0000005C
boot_cnr FFFFFFDF
boot_dir FF000000
boot_dat 0000007C
cnr_as_spec 0
dir_as_spec 0
btn_raw 0
btn_pressed 1
known_mask 00000060
allow_out_mask 00000040
out_locked 00000000
out_effective 00000040
n_get 3
n_req_ok 2
n_req_no 0
n_dirin_ok 1
n_dirin_no 0
n_dirout_ok 1
n_dirout_no 0
n_set_ok 0
n_set_no 0
n_writes 2
state_known 1
state_last 0000007C
n_state_chk 280
n_state_foreign 96
foreign_seen 1
foreign_first 0000001C
probed04 0
val04 00000000
218.49 210.76
version rtl819x-gpio 1.1
added 1
add_rc 0
base 0
ngpio 32
cnr FFFFFF8B
dir FF000040
dat 0000005C
boot_cnr FFFFFFDF
boot_dir FF000000
boot_dat 0000007C
cnr_as_spec 0
dir_as_spec 0
btn_raw 0
btn_pressed 1
known_mask 00000060
allow_out_mask 00000040
out_locked 00000000
out_effective 00000040
n_get 3
n_req_ok 2
n_req_no 0
n_dirin_ok 1
n_dirin_no 0
n_dirout_ok 1
n_dirout_no 0
n_set_ok 0
n_set_no 0
n_writes 2
state_known 1
state_last 0000007C
n_state_chk 282
n_state_foreign 96
foreign_seen 1
foreign_first 0000001C
probed04 0
val04 00000000
218.51 210.76
version rtl819x-gpio 1.1
added 1
add_rc 0
base 0
ngpio 32
cnr FFFFFF8B
dir FF000040
dat 0000005C
boot_cnr FFFFFFDF
boot_dir FF000000
boot_dat 0000007C
cnr_as_spec 0
dir_as_spec 0
btn_raw 0
btn_pressed 1
known_mask 00000060
allow_out_mask 00000040
out_locked 00000000
out_effective 00000040
n_get 3
n_req_ok 2
n_req_no 0
n_dirin_ok 1
n_dirin_no 0
n_dirout_ok 1
n_dirout_no 0
n_set_ok 0
n_set_no 0
n_writes 2
state_known 1
state_last 0000007C
n_state_chk 284
n_state_foreign 96
foreign_seen 1
foreign_first 0000001C
probed04 0
val04 00000000
218.52 210.76
version rtl819x-gpio 1.1
added 1
add_rc 0
base 0
ngpio 32
cnr FFFFFF8B
dir FF000040
dat 0000005C
boot_cnr FFFFFFDF
boot_dir FF000000
boot_dat 0000007C
cnr_as_spec 0
dir_as_spec 0
btn_raw 0
btn_pressed 1
known_mask 00000060
allow_out_mask 00000040
out_locked 00000000
out_effective 00000040
n_get 3
n_req_ok 2
n_req_no 0
n_dirin_ok 1
n_dirin_no 0
n_dirout_ok 1
n_dirout_no 0
n_set_ok 0
n_set_no 0
n_writes 2
state_known 1
state_last 0000007C
n_state_chk 286
n_state_foreign 96
foreign_seen 1
foreign_first 0000001C
probed04 0
val04 00000000
218.53 210.76
version rtl819x-gpio 1.1
added 1
add_rc 0
base 0
ngpio 32
cnr FFFFFF8B
dir FF000040
dat 0000005C
boot_cnr FFFFFFDF
boot_dir FF000000
boot_dat 0000007C
cnr_as_spec 0
dir_as_spec 0
btn_raw 0
btn_pressed 1
known_mask 00000060
allow_out_mask 00000040
out_locked 00000000
out_effective 00000040
n_get 3
n_req_ok 2
n_req_no 0
n_dirin_ok 1
n_dirin_no 0
n_dirout_ok 1
n_dirout_no 0
n_set_ok 0
n_set_no 0
n_writes 2
state_known 1
state_last 0000007C
n_state_chk 288
n_state_foreign 96
foreign_seen 1
foreign_first 0000001C
probed04 0
val04 00000000
218.54 210.76
version rtl819x-gpio 1.1
added 1
add_rc 0
base 0
ngpio 32
cnr FFFFFF8B
dir FF000040
dat 0000005C
boot_cnr FFFFFFDF
boot_dir FF000000
boot_dat 0000007C
cnr_as_spec 0
dir_as_spec 0
btn_raw 0
btn_pressed 1
known_mask 00000060
allow_out_mask 00000040
out_locked 00000000
out_effective 00000040
n_get 3
n_req_ok 2
n_req_no 0
n_dirin_ok 1
n_dirin_no 0
n_dirout_ok 1
n_dirout_no 0
n_set_ok 0
n_set_no 0
n_writes 2
state_known 1
state_last 0000007C
n_state_chk 290
n_state_foreign 96
foreign_seen 1
foreign_first 0000001C
probed04 0
val04 00000000
218.55 210.76
version rtl819x-gpio 1.1
added 1
add_rc 0
base 0
ngpio 32
cnr FFFFFF8B
dir FF000040
dat 0000005C
boot_cnr FFFFFFDF
boot_dir FF000000
boot_dat 0000007C
cnr_as_spec 0
dir_as_spec 0
btn_raw 0
btn_pressed 1
known_mask 00000060
allow_out_mask 00000040
out_locked 00000000
out_effective 00000040
n_get 3
n_req_ok 2
n_req_no 0
n_dirin_ok 1
n_dirin_no 0
n_dirout_ok 1
n_dirout_no 0
n_set_ok 0
n_set_no 0
n_writes 2
state_known 1
state_last 0000007C
n_state_chk 292
n_state_foreign 96
foreign_seen 1
foreign_first 0000001C
probed04 0
val04 00000000
219.67 211.87
version rtl819x-gpio 1.1
added 1
add_rc 0
base 0
ngpio 32
cnr FFFFFF8B
dir FF000040
dat 0000001C
boot_cnr FFFFFFDF
boot_dir FF000000
boot_dat 0000007C
cnr_as_spec 0
dir_as_spec 0
btn_raw 0
btn_pressed 1
known_mask 00000060
allow_out_mask 00000040
out_locked 00000000
out_effective 00000040
n_get 3
n_req_ok 2
n_req_no 0
n_dirin_ok 1
n_dirin_no 0
n_dirout_ok 1
n_dirout_no 0
n_set_ok 0
n_set_no 0
n_writes 2
state_known 1
state_last 0000007C
n_state_chk 294
n_state_foreign 98
foreign_seen 1
foreign_first 0000001C
probed04 0
val04 00000000
219.68 211.87
version rtl819x-gpio 1.1
added 1
add_rc 0
base 0
ngpio 32
cnr FFFFFF8B
dir FF000040
dat 0000001C
boot_cnr FFFFFFDF
boot_dir FF000000
boot_dat 0000007C
cnr_as_spec 0
dir_as_spec 0
btn_raw 0
btn_pressed 1
known_mask 00000060
allow_out_mask 00000040
out_locked 00000000
out_effective 00000040
n_get 3
n_req_ok 2
n_req_no 0
n_dirin_ok 1
n_dirin_no 0
n_dirout_ok 1
n_dirout_no 0
n_set_ok 0
n_set_no 0
n_writes 2
state_known 1
state_last 0000007C
n_state_chk 296
n_state_foreign 100
foreign_seen 1
foreign_first 0000001C
probed04 0
val04 00000000
219.69 211.87
version rtl819x-gpio 1.1
added 1
add_rc 0
base 0
ngpio 32
cnr FFFFFF8B
dir FF000040
dat 0000001C
boot_cnr FFFFFFDF
boot_dir FF000000
boot_dat 0000007C
cnr_as_spec 0
dir_as_spec 0
btn_raw 0
btn_pressed 1
known_mask 00000060
allow_out_mask 00000040
out_locked 00000000
out_effective 00000040
n_get 3
n_req_ok 2
n_req_no 0
n_dirin_ok 1
n_dirin_no 0
n_dirout_ok 1
n_dirout_no 0
n_set_ok 0
n_set_no 0
n_writes 2
state_known 1
state_last 0000007C
n_state_chk 298
n_state_foreign 102
foreign_seen 1
foreign_first 0000001C
probed04 0
val04 00000000
219.70 211.87
version rtl819x-gpio 1.1
added 1
add_rc 0
base 0
ngpio 32
cnr FFFFFF8B
dir FF000040
dat 0000005C
boot_cnr FFFFFFDF
boot_dir FF000000
boot_dat 0000007C
cnr_as_spec 0
dir_as_spec 0
btn_raw 0
btn_pressed 1
known_mask 00000060
allow_out_mask 00000040
out_locked 00000000
out_effective 00000040
n_get 3
n_req_ok 2
n_req_no 0
n_dirin_ok 1
n_dirin_no 0
n_dirout_ok 1
n_dirout_no 0
n_set_ok 0
n_set_no 0
n_writes 2
state_known 1
state_last 0000007C
n_state_chk 300
n_state_foreign 103
foreign_seen 1
foreign_first 0000001C
probed04 0
val04 00000000
219.72 211.87
version rtl819x-gpio 1.1
added 1
add_rc 0
base 0
ngpio 32
cnr FFFFFF8B
dir FF000040
dat 0000005C
boot_cnr FFFFFFDF
boot_dir FF000000
boot_dat 0000007C
cnr_as_spec 0
dir_as_spec 0
btn_raw 0
btn_pressed 1
known_mask 00000060
allow_out_mask 00000040
out_locked 00000000
out_effective 00000040
n_get 3
n_req_ok 2
n_req_no 0
n_dirin_ok 1
n_dirin_no 0
n_dirout_ok 1
n_dirout_no 0
n_set_ok 0
n_set_no 0
n_writes 2
state_known 1
state_last 0000007C
n_state_chk 302
n_state_foreign 103
foreign_seen 1
foreign_first 0000001C
probed04 0
val04 00000000
219.73 211.87
version rtl819x-gpio 1.1
added 1
add_rc 0
base 0
ngpio 32
cnr FFFFFF8B
dir FF000040
dat 0000005C
boot_cnr FFFFFFDF
boot_dir FF000000
boot_dat 0000007C
cnr_as_spec 0
dir_as_spec 0
btn_raw 0
btn_pressed 1
known_mask 00000060
allow_out_mask 00000040
out_locked 00000000
out_effective 00000040
n_get 3
n_req_ok 2
n_req_no 0
n_dirin_ok 1
n_dirin_no 0
n_dirout_ok 1
n_dirout_no 0
n_set_ok 0
n_set_no 0
n_writes 2
state_known 1
state_last 0000007C
n_state_chk 304
n_state_foreign 103
foreign_seen 1
foreign_first 0000001C
probed04 0
val04 00000000
219.74 211.87
version rtl819x-gpio 1.1
added 1
add_rc 0
base 0
ngpio 32
cnr FFFFFF8B
dir FF000040
dat 0000005C
boot_cnr FFFFFFDF
boot_dir FF000000
boot_dat 0000007C
cnr_as_spec 0
dir_as_spec 0
btn_raw 0
btn_pressed 1
known_mask 00000060
allow_out_mask 00000040
out_locked 00000000
out_effective 00000040
n_get 3
n_req_ok 2
n_req_no 0
n_dirin_ok 1
n_dirin_no 0
n_dirout_ok 1
n_dirout_no 0
n_set_ok 0
n_set_no 0
n_writes 2
state_known 1
state_last 0000007C
n_state_chk 306
n_state_foreign 103
foreign_seen 1
foreign_first 0000001C
probed04 0
val04 00000000
220.86 212.98
version rtl819x-gpio 1.1
added 1
add_rc 0
base 0
ngpio 32
cnr FFFFFF8B
dir FF000040
dat 0000001C
boot_cnr FFFFFFDF
boot_dir FF000000
boot_dat 0000007C
cnr_as_spec 0
dir_as_spec 0
btn_raw 0
btn_pressed 1
known_mask 00000060
allow_out_mask 00000040
out_locked 00000000
out_effective 00000040
n_get 3
n_req_ok 2
n_req_no 0
n_dirin_ok 1
n_dirin_no 0
n_dirout_ok 1
n_dirout_no 0
n_set_ok 0
n_set_no 0
n_writes 2
state_known 1
state_last 0000007C
n_state_chk 308
n_state_foreign 105
foreign_seen 1
foreign_first 0000001C
probed04 0
val04 00000000
220.87 212.98
version rtl819x-gpio 1.1
added 1
add_rc 0
base 0
ngpio 32
cnr FFFFFF8B
dir FF000040
dat 0000001C
boot_cnr FFFFFFDF
boot_dir FF000000
boot_dat 0000007C
cnr_as_spec 0
dir_as_spec 0
btn_raw 0
btn_pressed 1
known_mask 00000060
allow_out_mask 00000040
out_locked 00000000
out_effective 00000040
n_get 3
n_req_ok 2
n_req_no 0
n_dirin_ok 1
n_dirin_no 0
n_dirout_ok 1
n_dirout_no 0
n_set_ok 0
n_set_no 0
n_writes 2
state_known 1
state_last 0000007C
n_state_chk 310
n_state_foreign 107
foreign_seen 1
foreign_first 0000001C
probed04 0
val04 00000000
220.88 212.98
version rtl819x-gpio 1.1
added 1
add_rc 0
base 0
ngpio 32
cnr FFFFFF8B
dir FF000040
dat 0000001C
boot_cnr FFFFFFDF
boot_dir FF000000
boot_dat 0000007C
cnr_as_spec 0
dir_as_spec 0
btn_raw 0
btn_pressed 1
known_mask 00000060
allow_out_mask 00000040
out_locked 00000000
out_effective 00000040
n_get 3
n_req_ok 2
n_req_no 0
n_dirin_ok 1
n_dirin_no 0
n_dirout_ok 1
n_dirout_no 0
n_set_ok 0
n_set_no 0
n_writes 2
state_known 1
state_last 0000007C
n_state_chk 312
n_state_foreign 109
foreign_seen 1
foreign_first 0000001C
probed04 0
val04 00000000
220.89 212.98
version rtl819x-gpio 1.1
added 1
add_rc 0
base 0
ngpio 32
cnr FFFFFF8B
dir FF000040
dat 0000001C
boot_cnr FFFFFFDF
boot_dir FF000000
boot_dat 0000007C
cnr_as_spec 0
dir_as_spec 0
btn_raw 0
btn_pressed 1
known_mask 00000060
allow_out_mask 00000040
out_locked 00000000
out_effective 00000040
n_get 3
n_req_ok 2
n_req_no 0
n_dirin_ok 1
n_dirin_no 0
n_dirout_ok 1
n_dirout_no 0
n_set_ok 0
n_set_no 0
n_writes 2
state_known 1
state_last 0000007C
n_state_chk 314
n_state_foreign 111
foreign_seen 1
foreign_first 0000001C
probed04 0
val04 00000000
220.90 212.98
version rtl819x-gpio 1.1
added 1
add_rc 0
base 0
ngpio 32
cnr FFFFFF8B
dir FF000040
dat 0000001C
boot_cnr FFFFFFDF
boot_dir FF000000
boot_dat 0000007C
cnr_as_spec 0
dir_as_spec 0
btn_raw 0
btn_pressed 1
known_mask 00000060
allow_out_mask 00000040
out_locked 00000000
out_effective 00000040
n_get 3
n_req_ok 2
n_req_no 0
n_dirin_ok 1
n_dirin_no 0
n_dirout_ok 1
n_dirout_no 0
n_set_ok 0
n_set_no 0
n_writes 2
state_known 1
state_last 0000007C
n_state_chk 316
n_state_foreign 113
foreign_seen 1
foreign_first 0000001C
probed04 0
val04 00000000
220.91 212.98
version rtl819x-gpio 1.1
added 1
add_rc 0
base 0
ngpio 32
cnr FFFFFF8B
dir FF000040
dat 0000001C
boot_cnr FFFFFFDF
boot_dir FF000000
boot_dat 0000007C
cnr_as_spec 0
dir_as_spec 0
btn_raw 0
btn_pressed 1
known_mask 00000060
allow_out_mask 00000040
out_locked 00000000
out_effective 00000040
n_get 3
n_req_ok 2
n_req_no 0
n_dirin_ok 1
n_dirin_no 0
n_dirout_ok 1
n_dirout_no 0
n_set_ok 0
n_set_no 0
n_writes 2
state_known 1
state_last 0000007C
n_state_chk 318
n_state_foreign 115
foreign_seen 1
foreign_first 0000001C
probed04 0
val04 00000000
220.93 212.98
version rtl819x-gpio 1.1
added 1
add_rc 0
base 0
ngpio 32
cnr FFFFFF8B
dir FF000040
dat 0000001C
boot_cnr FFFFFFDF
boot_dir FF000000
boot_dat 0000007C
cnr_as_spec 0
dir_as_spec 0
btn_raw 0
btn_pressed 1
known_mask 00000060
allow_out_mask 00000040
out_locked 00000000
out_effective 00000040
n_get 3
n_req_ok 2
n_req_no 0
n_dirin_ok 1
n_dirin_no 0
n_dirout_ok 1
n_dirout_no 0
n_set_ok 0
n_set_no 0
n_writes 2
state_known 1
state_last 0000007C
n_state_chk 320
n_state_foreign 117
foreign_seen 1
foreign_first 0000001C
probed04 0
val04 00000000
222.04 214.08
version rtl819x-gpio 1.1
added 1
add_rc 0
base 0
ngpio 32
cnr FFFFFF8B
dir FF000040
dat 0000003C
boot_cnr FFFFFFDF
boot_dir FF000000
boot_dat 0000007C
cnr_as_spec 0
dir_as_spec 0
btn_raw 1
btn_pressed 0
known_mask 00000060
allow_out_mask 00000040
out_locked 00000000
out_effective 00000040
n_get 3
n_req_ok 2
n_req_no 0
n_dirin_ok 1
n_dirin_no 0
n_dirout_ok 1
n_dirout_no 0
n_set_ok 0
n_set_no 0
n_writes 2
state_known 1
state_last 0000007C
n_state_chk 322
n_state_foreign 119
foreign_seen 1
foreign_first 0000001C
probed04 0
val04 00000000
222.05 214.08
version rtl819x-gpio 1.1
added 1
add_rc 0
base 0
ngpio 32
cnr FFFFFF8B
dir FF000040
dat 0000003C
boot_cnr FFFFFFDF
boot_dir FF000000
boot_dat 0000007C
cnr_as_spec 0
dir_as_spec 0
btn_raw 1
btn_pressed 0
known_mask 00000060
allow_out_mask 00000040
out_locked 00000000
out_effective 00000040
n_get 3
n_req_ok 2
n_req_no 0
n_dirin_ok 1
n_dirin_no 0
n_dirout_ok 1
n_dirout_no 0
n_set_ok 0
n_set_no 0
n_writes 2
state_known 1
state_last 0000007C
n_state_chk 324
n_state_foreign 121
foreign_seen 1
foreign_first 0000001C
probed04 0
val04 00000000
222.07 214.08
version rtl819x-gpio 1.1
added 1
add_rc 0
base 0
ngpio 32
cnr FFFFFF8B
dir FF000040
dat 0000003C
boot_cnr FFFFFFDF
boot_dir FF000000
boot_dat 0000007C
cnr_as_spec 0
dir_as_spec 0
btn_raw 1
btn_pressed 0
known_mask 00000060
allow_out_mask 00000040
out_locked 00000000
out_effective 00000040
n_get 3
n_req_ok 2
n_req_no 0
n_dirin_ok 1
n_dirin_no 0
n_dirout_ok 1
n_dirout_no 0
n_set_ok 0
n_set_no 0
n_writes 2
state_known 1
state_last 0000007C
n_state_chk 326
n_state_foreign 123
foreign_seen 1
foreign_first 0000001C
probed04 0
val04 00000000
222.08 214.08
version rtl819x-gpio 1.1
added 1
add_rc 0
base 0
ngpio 32
cnr FFFFFF8B
dir FF000040
dat 0000003C
boot_cnr FFFFFFDF
boot_dir FF000000
boot_dat 0000007C
cnr_as_spec 0
dir_as_spec 0
btn_raw 1
btn_pressed 0
known_mask 00000060
allow_out_mask 00000040
out_locked 00000000
out_effective 00000040
n_get 3
n_req_ok 2
n_req_no 0
n_dirin_ok 1
n_dirin_no 0
n_dirout_ok 1
n_dirout_no 0
n_set_ok 0
n_set_no 0
n_writes 2
state_known 1
state_last 0000007C
n_state_chk 328
n_state_foreign 125
foreign_seen 1
foreign_first 0000001C
probed04 0
val04 00000000
222.09 214.08
version rtl819x-gpio 1.1
added 1
add_rc 0
base 0
ngpio 32
cnr FFFFFF8B
dir FF000040
dat 0000003C
boot_cnr FFFFFFDF
boot_dir FF000000
boot_dat 0000007C
cnr_as_spec 0
dir_as_spec 0
btn_raw 1
btn_pressed 0
known_mask 00000060
allow_out_mask 00000040
out_locked 00000000
out_effective 00000040
n_get 3
n_req_ok 2
n_req_no 0
n_dirin_ok 1
n_dirin_no 0
n_dirout_ok 1
n_dirout_no 0
n_set_ok 0
n_set_no 0
n_writes 2
state_known 1
state_last 0000007C
n_state_chk 330
n_state_foreign 127
foreign_seen 1
foreign_first 0000001C
probed04 0
val04 00000000
222.10 214.08
version rtl819x-gpio 1.1
added 1
add_rc 0
base 0
ngpio 32
cnr FFFFFF8B
dir FF000040
dat 0000003C
boot_cnr FFFFFFDF
boot_dir FF000000
boot_dat 0000007C
cnr_as_spec 0
dir_as_spec 0
btn_raw 1
btn_pressed 0
known_mask 00000060
allow_out_mask 00000040
out_locked 00000000
out_effective 00000040
n_get 3
n_req_ok 2
n_req_no 0
n_dirin_ok 1
n_dirin_no 0
n_dirout_ok 1
n_dirout_no 0
n_set_ok 0
n_set_no 0
n_writes 2
state_known 1
state_last 0000007C
n_state_chk 332
n_state_foreign 129
foreign_seen 1
foreign_first 0000001C
probed04 0
val04 00000000
222.11 214.08
version rtl819x-gpio 1.1
added 1
add_rc 0
base 0
ngpio 32
cnr FFFFFF8B
dir FF000040
dat 0000003C
boot_cnr FFFFFFDF
boot_dir FF000000
boot_dat 0000007C
cnr_as_spec 0
dir_as_spec 0
btn_raw 1
btn_pressed 0
known_mask 00000060
allow_out_mask 00000040
out_locked 00000000
out_effective 00000040
n_get 3
n_req_ok 2
n_req_no 0
n_dirin_ok 1
n_dirin_no 0
n_dirout_ok 1
n_dirout_no 0
n_set_ok 0
n_set_no 0
n_writes 2
state_known 1
state_last 0000007C
n_state_chk 334
n_state_foreign 131
foreign_seen 1
foreign_first 0000001C
probed04 0
val04 00000000
223.23 215.19
version rtl819x-gpio 1.1
added 1
add_rc 0
base 0
ngpio 32
cnr FFFFFF8B
dir FF000040
dat 0000003C
boot_cnr FFFFFFDF
boot_dir FF000000
boot_dat 0000007C
cnr_as_spec 0
dir_as_spec 0
btn_raw 1
btn_pressed 0
known_mask 00000060
allow_out_mask 00000040
out_locked 00000000
out_effective 00000040
n_get 3
n_req_ok 2
n_req_no 0
n_dirin_ok 1
n_dirin_no 0
n_dirout_ok 1
n_dirout_no 0
n_set_ok 0
n_set_no 0
n_writes 2
state_known 1
state_last 0000007C
n_state_chk 336
n_state_foreign 133
foreign_seen 1
foreign_first 0000001C
probed04 0
val04 00000000
223.24 215.19
version rtl819x-gpio 1.1
added 1
add_rc 0
base 0
ngpio 32
cnr FFFFFF8B
dir FF000040
dat 0000003C
boot_cnr FFFFFFDF
boot_dir FF000000
boot_dat 0000007C
cnr_as_spec 0
dir_as_spec 0
btn_raw 1
btn_pressed 0
known_mask 00000060
allow_out_mask 00000040
out_locked 00000000
out_effective 00000040
n_get 3
n_req_ok 2
n_req_no 0
n_dirin_ok 1
n_dirin_no 0
n_dirout_ok 1
n_dirout_no 0
n_set_ok 0
n_set_no 0
n_writes 2
state_known 1
state_last 0000007C
n_state_chk 338
n_state_foreign 135
foreign_seen 1
foreign_first 0000001C
probed04 0
val04 00000000
223.25 215.19
version rtl819x-gpio 1.1
added 1
add_rc 0
base 0
ngpio 32
cnr FFFFFF8B
dir FF000040
dat 0000003C
boot_cnr FFFFFFDF
boot_dir FF000000
boot_dat 0000007C
cnr_as_spec 0
dir_as_spec 0
btn_raw 1
btn_pressed 0
known_mask 00000060
allow_out_mask 00000040
out_locked 00000000
out_effective 00000040
n_get 3
n_req_ok 2
n_req_no 0
n_dirin_ok 1
n_dirin_no 0
n_dirout_ok 1
n_dirout_no 0
n_set_ok 0
n_set_no 0
n_writes 2
state_known 1
state_last 0000007C
n_state_chk 340
n_state_foreign 137
foreign_seen 1
foreign_first 0000001C
probed04 0
val04 00000000
223.26 215.19
version rtl819x-gpio 1.1
added 1
add_rc 0
base 0
ngpio 32
cnr FFFFFF8B
dir FF000040
dat 0000003C
boot_cnr FFFFFFDF
boot_dir FF000000
boot_dat 0000007C
cnr_as_spec 0
dir_as_spec 0
btn_raw 1
btn_pressed 0
known_mask 00000060
allow_out_mask 00000040
out_locked 00000000
out_effective 00000040
n_get 3
n_req_ok 2
n_req_no 0
n_dirin_ok 1
n_dirin_no 0
n_dirout_ok 1
n_dirout_no 0
n_set_ok 0
n_set_no 0
n_writes 2
state_known 1
state_last 0000007C
n_state_chk 342
n_state_foreign 139
foreign_seen 1
foreign_first 0000001C
probed04 0
val04 00000000
223.28 215.19
version rtl819x-gpio 1.1
added 1
add_rc 0
base 0
ngpio 32
cnr FFFFFF8B
dir FF000040
dat 0000003C
boot_cnr FFFFFFDF
boot_dir FF000000
boot_dat 0000007C
cnr_as_spec 0
dir_as_spec 0
btn_raw 1
btn_pressed 0
known_mask 00000060
allow_out_mask 00000040
out_locked 00000000
out_effective 00000040
n_get 3
n_req_ok 2
n_req_no 0
n_dirin_ok 1
n_dirin_no 0
n_dirout_ok 1
n_dirout_no 0
n_set_ok 0
n_set_no 0
n_writes 2
state_known 1
state_last 0000007C
n_state_chk 344
n_state_foreign 141
foreign_seen 1
foreign_first 0000001C
probed04 0
val04 00000000
223.29 215.19
version rtl819x-gpio 1.1
added 1
add_rc 0
base 0
ngpio 32
cnr FFFFFF8B
dir FF000040
dat 0000003C
boot_cnr FFFFFFDF
boot_dir FF000000
boot_dat 0000007C
cnr_as_spec 0
dir_as_spec 0
btn_raw 1
btn_pressed 0
known_mask 00000060
allow_out_mask 00000040
out_locked 00000000
out_effective 00000040
n_get 3
n_req_ok 2
n_req_no 0
n_dirin_ok 1
n_dirin_no 0
n_dirout_ok 1
n_dirout_no 0
n_set_ok 0
n_set_no 0
n_writes 2
state_known 1
state_last 0000007C
n_state_chk 346
n_state_foreign 143
foreign_seen 1
foreign_first 0000001C
probed04 0
val04 00000000
223.30 215.19
version rtl819x-gpio 1.1
added 1
add_rc 0
base 0
ngpio 32
cnr FFFFFF8B
dir FF000040
dat 0000003C
boot_cnr FFFFFFDF
boot_dir FF000000
boot_dat 0000007C
cnr_as_spec 0
dir_as_spec 0
btn_raw 1
btn_pressed 0
known_mask 00000060
allow_out_mask 00000040
out_locked 00000000
out_effective 00000040
n_get 3
n_req_ok 2
n_req_no 0
n_dirin_ok 1
n_dirin_no 0
n_dirout_ok 1
n_dirout_no 0
n_set_ok 0
n_set_no 0
n_writes 2
state_known 1
state_last 0000007C
n_state_chk 348
n_state_foreign 145
foreign_seen 1
foreign_first 0000001C
probed04 0
val04 00000000
224.42 216.30
version rtl819x-gpio 1.1
added 1
add_rc 0
base 0
ngpio 32
cnr FFFFFF8B
dir FF000040
dat 0000003C
boot_cnr FFFFFFDF
boot_dir FF000000
boot_dat 0000007C
cnr_as_spec 0
dir_as_spec 0
btn_raw 1
btn_pressed 0
known_mask 00000060
allow_out_mask 00000040
out_locked 00000000
out_effective 00000040
n_get 3
n_req_ok 2
n_req_no 0
n_dirin_ok 1
n_dirin_no 0
n_dirout_ok 1
n_dirout_no 0
n_set_ok 0
n_set_no 0
n_writes 2
state_known 1
state_last 0000007C
n_state_chk 350
n_state_foreign 147
foreign_seen 1
foreign_first 0000001C
probed04 0
val04 00000000
224.43 216.30
version rtl819x-gpio 1.1
added 1
add_rc 0
base 0
ngpio 32
cnr FFFFFF8B
dir FF000040
dat 0000003C
boot_cnr FFFFFFDF
boot_dir FF000000
boot_dat 0000007C
cnr_as_spec 0
dir_as_spec 0
btn_raw 1
btn_pressed 0
known_mask 00000060
allow_out_mask 00000040
out_locked 00000000
out_effective 00000040
n_get 3
n_req_ok 2
n_req_no 0
n_dirin_ok 1
n_dirin_no 0
n_dirout_ok 1
n_dirout_no 0
n_set_ok 0
n_set_no 0
n_writes 2
state_known 1
state_last 0000007C
n_state_chk 352
n_state_foreign 149
foreign_seen 1
foreign_first 0000001C
probed04 0
val04 00000000
224.44 216.30
version rtl819x-gpio 1.1
added 1
add_rc 0
base 0
ngpio 32
cnr FFFFFF8B
dir FF000040
dat 0000003C
boot_cnr FFFFFFDF
boot_dir FF000000
boot_dat 0000007C
cnr_as_spec 0
dir_as_spec 0
btn_raw 1
btn_pressed 0
known_mask 00000060
allow_out_mask 00000040
out_locked 00000000
out_effective 00000040
n_get 3
n_req_ok 2
n_req_no 0
n_dirin_ok 1
n_dirin_no 0
n_dirout_ok 1
n_dirout_no 0
n_set_ok 0
n_set_no 0
n_writes 2
state_known 1
state_last 0000007C
n_state_chk 354
n_state_foreign 151
foreign_seen 1
foreign_first 0000001C
probed04 0
val04 00000000
# 