for a in 1 2 3 4 5;do for b in 1 2 3 4 5;do cat /proc/uptime /proc/rtl819x-gpi
o;done;done
18.00 11.89
version rtl819x-gpio 1.1
added 1
add_rc 0
base 0
ngpio 32
cnr FFFFFF8B
dir FF000040
dat 0000007C
boot_cnr FFFFFFDF
boot_dir FF000000
boot_dat 0000007C
cnr_as_spec 0
dir_as_spec 0
btn_raw 1
btn_pressed 0
known_mask 00000060
allow_out_mask 00000040
out_locked 00000000
out_effective 00000040
n_get 3
n_req_ok 2
n_req_no 0
n_dirin_ok 1
n_dirin_no 0
n_dirout_ok 1
n_dirout_no 0
n_set_ok 0
n_set_no 0
n_writes 2
state_known 1
state_last 0000007C
n_state_chk 5
n_state_foreign 0
foreign_seen 0
foreign_first 00000000
probed04 0
val04 00000000
18.01 11.89
version rtl819x-gpio 1.1
added 1
add_rc 0
base 0
ngpio 32
cnr FFFFFF8B
dir FF000040
dat 0000007C
boot_cnr FFFFFFDF
boot_dir FF000000
boot_dat 0000007C
cnr_as_spec 0
dir_as_spec 0
btn_raw 1
btn_pressed 0
known_mask 00000060
allow_out_mask 00000040
out_locked 00000000
out_effective 00000040
n_get 3
n_req_ok 2
n_req_no 0
n_dirin_ok 1
n_dirin_no 0
n_dirout_ok 1
n_dirout_no 0
n_set_ok 0
n_set_no 0
n_writes 2
state_known 1
state_last 0000007C
n_state_chk 7
n_state_foreign 0
foreign_seen 0
foreign_first 00000000
probed04 0
val04 00000000
18.02 11.89
version rtl819x-gpio 1.1
added 1
add_rc 0
base 0
ngpio 32
cnr FFFFFF8B
dir FF000040
dat 0000007C
boot_cnr FFFFFFDF
boot_dir FF000000
boot_dat 0000007C
cnr_as_spec 0
dir_as_spec 0
btn_raw 1
btn_pressed 0
known_mask 00000060
allow_out_mask 00000040
out_locked 00000000
out_effective 00000040
n_get 3
n_req_ok 2
n_req_no 0
n_dirin_ok 1
n_dirin_no 0
n_dirout_ok 1
n_dirout_no 0
n_set_ok 0
n_set_no 0
n_writes 2
state_known 1
state_last 0000007C
n_state_chk 9
n_state_foreign 0
foreign_seen 0
foreign_first 00000000
probed04 0
val04 00000000

18.03 11.89
version rtl819x-gpio 1.1
added 1
add_rc 0
base 0
ngpio 32
cnr FFFFFF8B
dir FF000040
dat 0000007C
boot_cnr FFFFFFDF
boot_dir FF000000
boot_dat 0000007C
cnr_as_spec 0
dir_as_spec 0
btn_raw 1
btn_pressed 0
known_mask 00000060
allow_out_mask 00000040
out_locked 00000000
out_effective 00000040
n_get 3
n_req_ok 2
n_req_no 0
n_dirin_ok 1
n_dirin_no 0
n_dirout_ok 1
n_dirout_no 0
n_set_ok 0
n_set_no 0
n_writes 2
state_known 1
state_last 0000007C
n_state_chk 12
n_state_foreign 0
foreign_seen 0
foreign_first 00000000
probed04 0
val04 00000000
18.04 11.89
version rtl819x-gpio 1.1
added 1
add_rc 0
base 0
ngpio 32
cnr FFFFFF8B
dir FF000040
dat 0000007C
boot_cnr FFFFFFDF
boot_dir FF000000
boot_dat 0000007C
cnr_as_spec 0
dir_as_spec 0
btn_raw 1
btn_pressed 0
known_mask 00000060
allow_out_mask 00000040
out_locked 00000000
out_effective 00000040
n_get 3
n_req_ok 2
n_req_no 0
n_dirin_ok 1
n_dirin_no 0
n_dirout_ok 1
n_dirout_no 0
n_set_ok 0
n_set_no 0
n_writes 2
state_known 1
state_last 0000007C
n_state_chk 14
n_state_foreign 0
foreign_seen 0
foreign_first 00000000
probed04 0
val04 00000000
18.06 11.89
version rtl819x-gpio 1.1
added 1
add_rc 0
base 0
ngpio 32
cnr FFFFFF8B
dir FF000040
dat 0000007C
boot_cnr FFFFFFDF
boot_dir FF000000
boot_dat 0000007C
cnr_as_spec 0
dir_as_spec 0
btn_raw 1
btn_pressed 0
known_mask 00000060
allow_out_mask 00000040
out_locked 00000000
out_effective 00000040
n_get 3
n_req_ok 2
n_req_no 0
n_dirin_ok 1
n_dirin_no 0
n_dirout_ok 1
n_dirout_no 0
n_set_ok 0
n_set_no 0
n_writes 2
state_known 1
state_last 0000007C
n_state_chk 16
n_state_foreign 0
foreign_seen 0
foreign_first 00000000
probed04 0
val04 00000000
18.07 11.89
version rtl819x-gpio 1.1
added 1
add_rc 0
base 0
ngpio 32
cnr FFFFFF8B
dir FF000040
dat 0000007C
boot_cnr FFFFFFDF
boot_dir FF000000
boot_dat 0000007C
cnr_as_spec 0
dir_as_spec 0
btn_raw 1
btn_pressed 0
known_mask 00000060
allow_out_mask 00000040
out_locked 00000000
out_effective 00000040
n_get 3
n_req_ok 2
n_req_no 0
n_dirin_ok 1
n_dirin_no 0
n_dirout_ok 1
n_dirout_no 0
n_set_ok 0
n_set_no 0
n_writes 2
state_known 1
state_last 0000007C
n_state_chk 18
n_state_foreign 0
foreign_seen 0
foreign_first 00000000
probed04 0
val04 00000000
18.08 11.89
version rtl819x-gpio 1.1
added 1
add_rc 0
base 0
ngpio 32
cnr FFFFFF8B
dir FF000040
dat 0000007C
boot_cnr FFFFFFDF
boot_dir FF000000
boot_dat 0000007C
cnr_as_spec 0
dir_as_spec 0
btn_raw 1
btn_pressed 0
known_mask 00000060
allow_out_mask 00000040
out_locked 00000000
out_effective 00000040
n_get 3
n_req_ok 2
n_req_no 0
n_dirin_ok 1
n_dirin_no 0
n_dirout_ok 1
n_dirout_no 0
n_set_ok 0
n_set_no 0
n_writes 2
state_known 1
state_last 0000007C
n_state_chk 20
n_state_foreign 0
foreign_seen 0
foreign_first 00000000
probed04 0
val04 00000000
19.20 13.00
version rtl819x-gpio 1.1
added 1
add_rc 0
base 0
ngpio 32
cnr FFFFFF8B
dir FF000040
dat 0000007C
boot_cnr FFFFFFDF
boot_dir FF000000
boot_dat 0000007C
cnr_as_spec 0
dir_as_spec 0
btn_raw 1
btn_pressed 0
known_mask 00000060
allow_out_mask 00000040
out_locked 00000000
out_effective 00000040
n_get 3
n_req_ok 2
n_req_no 0
n_dirin_ok 1
n_dirin_no 0
n_dirout_ok 1
n_dirout_no 0
n_set_ok 0
n_set_no 0
n_writes 2
state_known 1
state_last 0000007C
n_state_chk 22
n_state_foreign 0
foreign_seen 0
foreign_first 00000000
probed04 0
val04 00000000
19.21 13.00
version rtl819x-gpio 1.1
added 1
add_rc 0
base 0
ngpio 32
cnr FFFFFF8B
dir FF000040
dat 0000007C
boot_cnr FFFFFFDF
boot_dir FF000000
boot_dat 0000007C
cnr_as_spec 0
dir_as_spec 0
btn_raw 1
btn_pressed 0
known_mask 00000060
allow_out_mask 00000040
out_locked 00000000
out_effective 00000040
n_get 3
n_req_ok 2
n_req_no 0
n_dirin_ok 1
n_dirin_no 0
n_dirout_ok 1
n_dirout_no 0
n_set_ok 0
n_set_no 0
n_writes 2
state_known 1
state_last 0000007C
n_state_chk 24
n_state_foreign 0
foreign_seen 0
foreign_first 00000000
probed04 0
val04 00000000
19.22 13.00
version rtl819x-gpio 1.1
added 1
add_rc 0
base 0
ngpio 32
cnr FFFFFF8B
dir FF000040
dat 0000007C
boot_cnr FFFFFFDF
boot_dir FF000000
boot_dat 0000007C
cnr_as_spec 0
dir_as_spec 0
btn_raw 1
btn_pressed 0
known_mask 00000060
allow_out_mask 00000040
out_locked 00000000
out_effective 00000040
n_get 3
n_req_ok 2
n_req_no 0
n_dirin_ok 1
n_dirin_no 0
n_dirout_ok 1
n_dirout_no 0
n_set_ok 0
n_set_no 0
n_writes 2
state_known 1
state_last 0000007C
n_state_chk 26
n_state_foreign 0
foreign_seen 0
foreign_first 00000000
probed04 0
val04 00000000
19.23 13.00
version rtl819x-gpio 1.1
added 1
add_rc 0
base 0
ngpio 32
cnr FFFFFF8B
dir FF000040
dat 0000007C
boot_cnr FFFFFFDF
boot_dir FF000000
boot_dat 0000007C
cnr_as_spec 0
dir_as_spec 0
btn_raw 1
btn_pressed 0
known_mask 00000060
allow_out_mask 00000040
out_locked 00000000
out_effective 00000040
n_get 3
n_req_ok 2
n_req_no 0
n_dirin_ok 1
n_dirin_no 0
n_dirout_ok 1
n_dirout_no 0
n_set_ok 0
n_set_no 0
n_writes 2
state_known 1
state_last 0000007C
n_state_chk 28
n_state_foreign 0
foreign_seen 0
foreign_first 00000000
probed04 0
val04 00000000
19.24 13.00
version rtl819x-gpio 1.1
added 1
add_rc 0
base 0
ngpio 32
cnr FFFFFF8B
dir FF000040
dat 0000007C
boot_cnr FFFFFFDF
boot_dir FF000000
boot_dat 0000007C
cnr_as_spec 0
dir_as_spec 0
btn_raw 1
btn_pressed 0
known_mask 00000060
allow_out_mask 00000040
out_locked 00000000
out_effective 00000040
n_get 3
n_req_ok 2
n_req_no 0
n_dirin_ok 1
n_dirin_no 0
n_dirout_ok 1
n_dirout_no 0
n_set_ok 0
n_set_no 0
n_writes 2
state_known 1
state_last 0000007C
n_state_chk 30
n_state_foreign 0
foreign_seen 0
foreign_first 00000000
probed04 0
val04 00000000
19.25 13.00
version rtl819x-gpio 1.1
added 1
add_rc 0
base 0
ngpio 32
cnr FFFFFF8B
dir FF000040
dat 0000007C
boot_cnr FFFFFFDF
boot_dir FF000000
boot_dat 0000007C
cnr_as_spec 0
dir_as_spec 0
btn_raw 1
btn_pressed 0
known_mask 00000060
allow_out_mask 00000040
out_locked 00000000
out_effective 00000040
n_get 3
n_req_ok 2
n_req_no 0
n_dirin_ok 1
n_dirin_no 0
n_dirout_ok 1
n_dirout_no 0
n_set_ok 0
n_set_no 0
n_writes 2
state_known 1
state_last 0000007C
n_state_chk 32
n_state_foreign 0
foreign_seen 0
foreign_first 00000000
probed04 0
val04 00000000
19.27 13.00
version rtl819x-gpio 1.1
added 1
add_rc 0
base 0
ngpio 32
cnr FFFFFF8B
dir FF000040
dat 0000007C
boot_cnr FFFFFFDF
boot_dir FF000000
boot_dat 0000007C
cnr_as_spec 0
dir_as_spec 0
btn_raw 1
btn_pressed 0
known_mask 00000060
allow_out_mask 00000040
out_locked 00000000
out_effective 00000040
n_get 3
n_req_ok 2
n_req_no 0
n_dirin_ok 1
n_dirin_no 0
n_dirout_ok 1
n_dirout_no 0
n_set_ok 0
n_set_no 0
n_writes 2
state_known 1
state_last 0000007C
n_state_chk 34
n_state_foreign 0
foreign_seen 0
foreign_first 00000000
probed04 0
val04 00000000
20.38 14.10
version rtl819x-gpio 1.1
added 1
add_rc 0
base 0
ngpio 32
cnr FFFFFF8B
dir FF000040
dat 0000007C
boot_cnr FFFFFFDF
boot_dir FF000000
boot_dat 0000007C
cnr_as_spec 0
dir_as_spec 0
btn_raw 1
btn_pressed 0
known_mask 00000060
allow_out_mask 00000040
out_locked 00000000
out_effective 00000040
n_get 3
n_req_ok 2
n_req_no 0
n_dirin_ok 1
n_dirin_no 0
n_dirout_ok 1
n_dirout_no 0
n_set_ok 0
n_set_no 0
n_writes 2
state_known 1
state_last 0000007C
n_state_chk 36
n_state_foreign 0
foreign_seen 0
foreign_first 00000000
probed04 0
val04 00000000
20.39 14.10
version rtl819x-gpio 1.1
added 1
add_rc 0
base 0
ngpio 32
cnr FFFFFF8B
dir FF000040
dat 0000007C
boot_cnr FFFFFFDF
boot_dir FF000000
boot_dat 0000007C
cnr_as_spec 0
dir_as_spec 0
btn_raw 1
btn_pressed 0
known_mask 00000060
allow_out_mask 00000040
out_locked 00000000
out_effective 00000040
n_get 3
n_req_ok 2
n_req_no 0
n_dirin_ok 1
n_dirin_no 0
n_dirout_ok 1
n_dirout_no 0
n_set_ok 0
n_set_no 0
n_writes 2
state_known 1
state_last 0000007C
n_state_chk 38
n_state_foreign 0
foreign_seen 0
foreign_first 00000000
probed04 0
val04 00000000
20.41 14.10
version rtl819x-gpio 1.1
added 1
add_rc 0
base 0
ngpio 32
cnr FFFFFF8B
dir FF000040
dat 0000007C
boot_cnr FFFFFFDF
boot_dir FF000000
boot_dat 0000007C
cnr_as_spec 0
dir_as_spec 0
btn_raw 1
btn_pressed 0
known_mask 00000060
allow_out_mask 00000040
out_locked 00000000
out_effective 00000040
n_get 3
n_req_ok 2
n_req_no 0
n_dirin_ok 1
n_dirin_no 0
n_dirout_ok 1
n_dirout_no 0
n_set_ok 0
n_set_no 0
n_writes 2
state_known 1
state_last 0000007C
n_state_chk 40
n_state_foreign 0
foreign_seen 0
foreign_first 00000000
probed04 0
val04 00000000
20.42 14.10
version rtl819x-gpio 1.1
added 1
add_rc 0
base 0
ngpio 32
cnr FFFFFF8B
dir FF000040
dat 0000007C
boot_cnr FFFFFFDF
boot_dir FF000000
boot_dat 0000007C
cnr_as_spec 0
dir_as_spec 0
btn_raw 1
btn_pressed 0
known_mask 00000060
allow_out_mask 00000040
out_locked 00000000
out_effective 00000040
n_get 3
n_req_ok 2
n_req_no 0
n_dirin_ok 1
n_dirin_no 0
n_dirout_ok 1
n_dirout_no 0
n_set_ok 0
n_set_no 0
n_writes 2
state_known 1
state_last 0000007C
n_state_chk 42
n_state_foreign 0
foreign_seen 0
foreign_first 00000000
probed04 0
val04 00000000
20.43 14.10
version rtl819x-gpio 1.1
added 1
add_rc 0
base 0
ngpio 32
cnr FFFFFF8B
dir FF000040
dat 0000007C
boot_cnr FFFFFFDF
boot_dir FF000000
boot_dat 0000007C
cnr_as_spec 0
dir_as_spec 0
btn_raw 1
btn_pressed 0
known_mask 00000060
allow_out_mask 00000040
out_locked 00000000
out_effective 00000040
n_get 3
n_req_ok 2
n_req_no 0
n_dirin_ok 1
n_dirin_no 0
n_dirout_ok 1
n_dirout_no 0
n_set_ok 0
n_set_no 0
n_writes 2
state_known 1
state_last 0000007C
n_state_chk 44
n_state_foreign 0
foreign_seen 0
foreign_first 00000000
probed04 0
val04 00000000
20.44 14.10
version rtl819x-gpio 1.1
added 1
add_rc 0
base 0
ngpio 32
cnr FFFFFF8B
dir FF000040
dat 0000007C
boot_cnr FFFFFFDF
boot_dir FF000000
boot_dat 0000007C
cnr_as_spec 0
dir_as_spec 0
btn_raw 1
btn_pressed 0
known_mask 00000060
allow_out_mask 00000040
out_locked 00000000
out_effective 00000040
n_get 3
n_req_ok 2
n_req_no 0
n_dirin_ok 1
n_dirin_no 0
n_dirout_ok 1
n_dirout_no 0
n_set_ok 0
n_set_no 0
n_writes 2
state_known 1
state_last 0000007C
n_state_chk 46
n_state_foreign 0
foreign_seen 0
foreign_first 00000000
probed04 0
val04 00000000
20.45 14.10
version rtl819x-gpio 1.1
added 1
add_rc 0
base 0
ngpio 32
cnr FFFFFF8B
dir FF000040
dat 0000007C
boot_cnr FFFFFFDF
boot_dir FF000000
boot_dat 0000007C
cnr_as_spec 0
dir_as_spec 0
btn_raw 1
btn_pressed 0
known_mask 00000060
allow_out_mask 00000040
out_locked 00000000
out_effective 00000040
n_get 3
n_req_ok 2
n_req_no 0
n_dirin_ok 1
n_dirin_no 0
n_dirout_ok 1
n_dirout_no 0
n_set_ok 0
n_set_no 0
n_writes 2
state_known 1
state_last 0000007C
n_state_chk 48
n_state_foreign 0
foreign_seen 0
foreign_first 00000000
probed04 0
val04 00000000
21.57 15.21
version rtl819x-gpio 1.1
added 1
add_rc 0
base 0
ngpio 32
cnr FFFFFF8B
dir FF000040
dat 0000007C
boot_cnr FFFFFFDF
boot_dir FF000000
boot_dat 0000007C
cnr_as_spec 0
dir_as_spec 0
btn_raw 1
btn_pressed 0
known_mask 00000060
allow_out_mask 00000040
out_locked 00000000
out_effective 00000040
n_get 3
n_req_ok 2
n_req_no 0
n_dirin_ok 1
n_dirin_no 0
n_dirout_ok 1
n_dirout_no 0
n_set_ok 0
n_set_no 0
n_writes 2
state_known 1
state_last 0000007C
n_state_chk 50
n_state_foreign 0
foreign_seen 0
foreign_first 00000000
probed04 0
val04 00000000
21.58 15.21
version rtl819x-gpio 1.1
added 1
add_rc 0
base 0
ngpio 32
cnr FFFFFF8B
dir FF000040
dat 0000007C
boot_cnr FFFFFFDF
boot_dir FF000000
boot_dat 0000007C
cnr_as_spec 0
dir_as_spec 0
btn_raw 1
btn_pressed 0
known_mask 00000060
allow_out_mask 00000040
out_locked 00000000
out_effective 00000040
n_get 3
n_req_ok 2
n_req_no 0
n_dirin_ok 1
n_dirin_no 0
n_dirout_ok 1
n_dirout_no 0
n_set_ok 0
n_set_no 0
n_writes 2
state_known 1
state_last 0000007C
n_state_chk 52
n_state_foreign 0
foreign_seen 0
foreign_first 00000000
probed04 0
val04 00000000
21.59 15.21
version rtl819x-gpio 1.1
added 1
add_rc 0
base 0
ngpio 32
cnr FFFFFF8B
dir FF000040
dat 0000007C
boot_cnr FFFFFFDF
boot_dir FF000000
boot_dat 0000007C
cnr_as_spec 0
dir_as_spec 0
btn_raw 1
btn_pressed 0
known_mask 00000060
allow_out_mask 00000040
out_locked 00000000
out_effective 00000040
n_get 3
n_req_ok 2
n_req_no 0
n_dirin_ok 1
n_dirin_no 0
n_dirout_ok 1
n_dirout_no 0
n_set_ok 0
n_set_no 0
n_writes 2
state_known 1
state_last 0000007C
n_state_chk 54
n_state_foreign 0
foreign_seen 0
foreign_first 00000000
probed04 0
val04 00000000
# 