for a in 1 2 3 4 5 6 7 8 9 0;do for b in 1 2 3 4 5 6 7 8 9 0;do cat /proc/upti
me /proc/rtl819x-gpio;done;done
941.69 935.39
version rtl819x-gpio 1.1
added 1
add_rc 0
base 0
ngpio 32
cnr FFFFFF8B
dir FF000040
dat 0000003C
boot_cnr FFFFFFDF
boot_dir FF000000
boot_dat 0000007C
cnr_as_spec 0
dir_as_spec 0
btn_raw 1
btn_pressed 0
known_mask 00000060
allow_out_mask 00000040
out_locked 00000000
out_effective 00000040
n_get 3
n_req_ok 2
n_req_no 0
n_dirin_ok 1
n_dirin_no 0
n_dirout_ok 1
n_dirout_no 0
n_set_ok 0
n_set_no 0
n_writes 2
state_known 1
state_last 0000007C
n_state_chk 26
n_state_foreign 10
foreign_seen 1
foreign_first 0000003C
probed04 0
val04 00000000
941.70 935.39
version rtl819x-gpio 1.1
added 1
add_rc 0
base 0
ngpio 32
cnr FFFFFF8B
dir FF000040
dat 0000007C
boot_cnr FFFFFFDF
boot_dir FF000000
boot_dat 0000007C
cnr_as_spec 0
dir_as_spec 0
btn_raw 1
btn_pressed 0
known_mask 00000060
allow_out_mask 00000040
out_locked 00000000
out_effective 00000040
n_get 3
n_req_ok 2
n_req_no 0
n_dirin_ok 1
n_dirin_no 0
n_dirout_ok 1
n_dirout_no 0
n_set_ok 0
n_set_no 0
n_writes 2
state_known 1
state_last 0000007C
n_state_chk 28
n_state_foreign 11
foreign_seen 1
foreign_first 0000003C
probed04 0
val04 00000000
941.71 935.39
version rtl819x-gpio 1.1
added 1
add_rc 0
base 0
ngpio 32
cnr FFFFFF8B
dir FF000040
dat 0000007C
boot_cnr FFFFFFDF
boot_dir FF000000
boot_dat 0000007C
cnr_as_spec 0
dir_as_spec 0
btn_raw 1
btn_pressed 0
known_mask 00000060
allow_out_mask 00000040
out_locked 00000000
out_effective 00000040
n_get 3
n_req_ok 2
n_req_no 0
n_dirin_ok 1
n_dirin_no 0
n_dirout_ok 1
n_dirout_no 0
n_set_ok 0
n_set_no 0
n_writes 2
state_known 1
state_last 0000007C
n_state_chk 30
n_state_foreign 11
foreign_seen 1
foreign_first 0000003C
probed04 0
val04 00000000
941.72 935.39
version rtl819x-gpio 1.1
added 1
add_rc 0
base 0
ngpio 32
cnr FFFFFF8B
dir FF000040
dat 0000007C
boot_cnr FFFFFFDF
boot_dir FF000000
boot_dat 0000007C
cnr_as_spec 0
dir_as_spec 0
btn_raw 1
btn_pressed 0
known_mask 00000060
allow_out_mask 00000040
out_locked 00000000
out_effective 00000040
n_get 3
n_req_ok 2
n_req_no 0
n_dirin_ok 1
n_dirin_no 0
n_dirout_ok 1
n_dirout_no 0
n_set_ok 0
n_set_no 0
n_writes 2
state_known 1
state_last 0000007C
n_state_chk 32
n_state_foreign 11
foreign_seen 1
foreign_first 0000003C
probed04 0
val04 00000000
941.73 935.39
version rtl819x-gpio 1.1
added 1
add_rc 0
base 0
ngpio 32
cnr FFFFFF8B
dir FF000040
dat 0000007C
boot_cnr FFFFFFDF
boot_dir FF000000
boot_dat 0000007C
cnr_as_spec 0
dir_as_spec 0
btn_raw 1
btn_pressed 0
known_mask 00000060
allow_out_mask 00000040
out_locked 00000000
out_effective 00000040
n_get 3
n_req_ok 2
n_req_no 0
n_dirin_ok 1
n_dirin_no 0
n_dirout_ok 1
n_dirout_no 0
n_set_ok 0
n_set_no 0
n_writes 2
state_known 1
state_last 0000007C
n_state_chk 34
n_state_foreign 11
foreign_seen 1
foreign_first 0000003C
probed04 0
val04 00000000
941.75 935.39
version rtl819x-gpio 1.1
added 1
add_rc 0
base 0
ngpio 32
cnr FFFFFF8B
dir FF000040
dat 0000007C
boot_cnr FFFFFFDF
boot_dir FF000000
boot_dat 0000007C
cnr_as_spec 0
dir_as_spec 0
btn_raw 1
btn_pressed 0
known_mask 00000060
allow_out_mask 00000040
out_locked 00000000
out_effective 00000040
n_get 3
n_req_ok 2
n_req_no 0
n_dirin_ok 1
n_dirin_no 0
n_dirout_ok 1
n_dirout_no 0
n_set_ok 0
n_set_no 0
n_writes 2
state_known 1
state_last 0000007C
n_state_chk 36
n_state_foreign 11
foreign_seen 1
foreign_first 0000003C
probed04 0
val04 00000000
941.76 935.39
version rtl819x-gpio 1.1
added 1
add_rc 0
base 0
ngpio 32
cnr FFFFFF8B
dir FF000040
dat 0000007C
boot_cnr FFFFFFDF
boot_dir FF000000
boot_dat 0000007C
cnr_as_spec 0
dir_as_spec 0
btn_raw 1
btn_pressed 0
known_mask 00000060
allow_out_mask 00000040
out_locked 00000000
out_effective 00000040
n_get 3
n_req_ok 2
n_req_no 0
n_dirin_ok 1
n_dirin_no 0
n_dirout_ok 1
n_dirout_no 0
n_set_ok 0
n_set_no 0
n_writes 2
state_known 1
state_last 0000007C
n_state_chk 38
n_state_foreign 11
foreign_seen 1
foreign_first 0000003C
probed04 0
val04 00000000
941.77 935.39
version rtl819x-gpio 1.1
added 1
add_rc 0
base 0
ngpio 32
cnr FFFFFF8B
dir FF000040
dat 0000007C
boot_cnr FFFFFFDF
boot_dir FF000000
boot_dat 0000007C
cnr_as_spec 0
dir_as_spec 0
btn_raw 1
btn_pressed 0
known_mask 00000060
allow_out_mask 00000040
out_locked 00000000
out_effective 00000040
n_get 3
n_req_ok 2
n_req_no 0
n_dirin_ok 1
n_dirin_no 0
n_dirout_ok 1
n_dirout_no 0
n_set_ok 0
n_set_no 0
n_writes 2
state_known 1
state_last 0000007C
n_state_chk 40
n_state_foreign 11
foreign_seen 1
foreign_first 0000003C
probed04 0
val04 00000000
942.89 936.50
version rtl819x-gpio 1.1
added 1
add_rc 0
base 0
ngpio 32
cnr FFFFFF8B
dir FF000040
dat 0000003C
boot_cnr FFFFFFDF
boot_dir FF000000
boot_dat 0000007C
cnr_as_spec 0
dir_as_spec 0
btn_raw 1
btn_pressed 0
known_mask 00000060
allow_out_mask 00000040
out_locked 00000000
out_effective 00000040
n_get 3
n_req_ok 2
n_req_no 0
n_dirin_ok 1
n_dirin_no 0
n_dirout_ok 1
n_dirout_no 0
n_set_ok 0
n_set_no 0
n_writes 2
state_known 1
state_last 0000007C
n_state_chk 42
n_state_foreign 13
foreign_seen 1
foreign_first 0000003C
probed04 0
val04 00000000
942.90 936.50
version rtl819x-gpio 1.1
added 1
add_rc 0
base 0
ngpio 32
cnr FFFFFF8B
dir FF000040
dat 0000003C
boot_cnr FFFFFFDF
boot_dir FF000000
boot_dat 0000007C
cnr_as_spec 0
dir_as_spec 0
btn_raw 1
btn_pressed 0
known_mask 00000060
allow_out_mask 00000040
out_locked 00000000
out_effective 00000040
n_get 3
n_req_ok 2
n_req_no 0
n_dirin_ok 1
n_dirin_no 0
n_dirout_ok 1
n_dirout_no 0
n_set_ok 0
n_set_no 0
n_writes 2
state_known 1
state_last 0000007C
n_state_chk 44
n_state_foreign 15
foreign_seen 1
foreign_first 0000003C
probed04 0
val04 00000000
942.91 936.50
version rtl819x-gpio 1.1
added 1
add_rc 0
base 0
ngpio 32
cnr FFFFFF8B
dir FF000040
dat 0000003C
boot_cnr FFFFFFDF
boot_dir FF000000
boot_dat 0000007C
cnr_as_spec 0
dir_as_spec 0
btn_raw 1
btn_pressed 0
known_mask 00000060
allow_out_mask 00000040
out_locked 00000000
out_effective 00000040
n_get 3
n_req_ok 2
n_req_no 0
n_dirin_ok 1
n_dirin_no 0
n_dirout_ok 1
n_dirout_no 0
n_set_ok 0
n_set_no 0
n_writes 2
state_known 1
state_last 0000007C
n_state_chk 46
n_state_foreign 17
foreign_seen 1
foreign_first 0000003C
probed04 0
val04 00000000
942.92 936.50
version rtl819x-gpio 1.1
added 1
add_rc 0
base 0
ngpio 32
cnr FFFFFF8B
dir FF000040
dat 0000003C
boot_cnr FFFFFFDF
boot_dir FF000000
boot_dat 0000007C
cnr_as_spec 0
dir_as_spec 0
btn_raw 1
btn_pressed 0
known_mask 00000060
allow_out_mask 00000040
out_locked 00000000
out_effective 00000040
n_get 3
n_req_ok 2
n_req_no 0
n_dirin_ok 1
n_dirin_no 0
n_dirout_ok 1
n_dirout_no 0
n_set_ok 0
n_set_no 0
n_writes 2
state_known 1
state_last 0000007C
n_state_chk 48
n_state_foreign 19
foreign_seen 1
foreign_first 0000003C
probed04 0
val04 00000000
942.93 936.50
version rtl819x-gpio 1.1
added 1
add_rc 0
base 0
ngpio 32
cnr FFFFFF8B
dir FF000040
dat 0000003C
boot_cnr FFFFFFDF
boot_dir FF000000
boot_dat 0000007C
cnr_as_spec 0
dir_as_spec 0
btn_raw 1
btn_pressed 0
known_mask 00000060
allow_out_mask 00000040
out_locked 00000000
out_effective 00000040
n_get 3
n_req_ok 2
n_req_no 0
n_dirin_ok 1
n_dirin_no 0
n_dirout_ok 1
n_dirout_no 0
n_set_ok 0
n_set_no 0
n_writes 2
state_known 1
state_last 0000007C
n_state_chk 50
n_state_foreign 21
foreign_seen 1
foreign_first 0000003C
probed04 0
val04 00000000
942.94 936.50
version rtl819x-gpio 1.1
added 1
add_rc 0
base 0
ngpio 32
cnr FFFFFF8B
dir FF000040
dat 0000003C
boot_cnr FFFFFFDF
boot_dir FF000000
boot_dat 0000007C
cnr_as_spec 0
dir_as_spec 0
btn_raw 1
btn_pressed 0
known_mask 00000060
allow_out_mask 00000040
out_locked 00000000
out_effective 00000040
n_get 3
n_req_ok 2
n_req_no 0
n_dirin_ok 1
n_dirin_no 0
n_dirout_ok 1
n_dirout_no 0
n_set_ok 0
n_set_no 0
n_writes 2
state_known 1
state_last 0000007C
n_state_chk 52
n_state_foreign 23
foreign_seen 1
foreign_first 0000003C
probed04 0
val04 00000000
942.96 936.50
version rtl819x-gpio 1.1
added 1
add_rc 0
base 0
ngpio 32
cnr FFFFFF8B
dir FF000040
dat 0000003C
boot_cnr FFFFFFDF
boot_dir FF000000
boot_dat 0000007C
cnr_as_spec 0
dir_as_spec 0
btn_raw 1
btn_pressed 0
known_mask 00000060
allow_out_mask 00000040
out_locked 00000000
out_effective 00000040
n_get 3
n_req_ok 2
n_req_no 0
n_dirin_ok 1
n_dirin_no 0
n_dirout_ok 1
n_dirout_no 0
n_set_ok 0
n_set_no 0
n_writes 2
state_known 1
state_last 0000007C
n_state_chk 54
n_state_foreign 25
foreign_seen 1
foreign_first 0000003C
probed04 0
val04 00000000
944.07 937.60
version rtl819x-gpio 1.1
added 1
add_rc 0
base 0
ngpio 32
cnr FFFFFF8B
dir FF000040
dat 0000007C
boot_cnr FFFFFFDF
boot_dir FF000000
boot_dat 0000007C
cnr_as_spec 0
dir_as_spec 0
btn_raw 1
btn_pressed 0
known_mask 00000060
allow_out_mask 00000040
out_locked 00000000
out_effective 00000040
n_get 3
n_req_ok 2
n_req_no 0
n_dirin_ok 1
n_dirin_no 0
n_dirout_ok 1
n_dirout_no 0
n_set_ok 0
n_set_no 0
n_writes 2
state_known 1
state_last 0000007C
n_state_chk 56
n_state_foreign 25
foreign_seen 1
foreign_first 0000003C
probed04 0
val04 00000000
944.08 937.60
version rtl819x-gpio 1.1
added 1
add_rc 0
base 0
ngpio 32
cnr FFFFFF8B
dir FF000040
dat 0000007C
boot_cnr FFFFFFDF
boot_dir FF000000
boot_dat 0000007C
cnr_as_spec 0
dir_as_spec 0
btn_raw 1
btn_pressed 0
known_mask 00000060
allow_out_mask 00000040
out_locked 00000000
out_effective 00000040
n_get 3
n_req_ok 2
n_req_no 0
n_dirin_ok 1
n_dirin_no 0
n_dirout_ok 1
n_dirout_no 0
n_set_ok 0
n_set_no 0
n_writes 2
state_known 1
state_last 0000007C
n_state_chk 58
n_state_foreign 25
foreign_seen 1
foreign_first 0000003C
probed04 0
val04 00000000
944.10 937.60
version rtl819x-gpio 1.1
added 1
add_rc 0
base 0
ngpio 32
cnr FFFFFF8B
dir FF000040
dat 0000007C
boot_cnr FFFFFFDF
boot_dir FF000000
boot_dat 0000007C
cnr_as_spec 0
dir_as_spec 0
btn_raw 1
btn_pressed 0
known_mask 00000060
allow_out_mask 00000040
out_locked 00000000
out_effective 00000040
n_get 3
n_req_ok 2
n_req_no 0
n_dirin_ok 1
n_dirin_no 0
n_dirout_ok 1
n_dirout_no 0
n_set_ok 0
n_set_no 0
n_writes 2
state_known 1
state_last 0000007C
n_state_chk 60
n_state_foreign 25
foreign_seen 1
foreign_first 0000003C
probed04 0
val04 00000000
944.11 937.60
version rtl819x-gpio 1.1
added 1
add_rc 0
base 0
ngpio 32
cnr FFFFFF8B
dir FF000040
dat 0000007C
boot_cnr FFFFFFDF
boot_dir FF000000
boot_dat 0000007C
cnr_as_spec 0
dir_as_spec 0
btn_raw 1
btn_pressed 0
known_mask 00000060
allow_out_mask 00000040
out_locked 00000000
out_effective 00000040
n_get 3
n_req_ok 2
n_req_no 0
n_dirin_ok 1
n_dirin_no 0
n_dirout_ok 1
n_dirout_no 0
n_set_ok 0
n_set_no 0
n_writes 2
state_known 1
state_last 0000007C
n_state_chk 62
n_state_foreign 25
foreign_seen 1
foreign_first 0000003C
probed04 0
val04 00000000
944.12 937.60
version rtl819x-gpio 1.1
added 1
add_rc 0
base 0
ngpio 32
cnr FFFFFF8B
dir FF000040
dat 0000007C
boot_cnr FFFFFFDF
boot_dir FF000000
boot_dat 0000007C
cnr_as_spec 0
dir_as_spec 0
btn_raw 1
btn_pressed 0
known_mask 00000060
allow_out_mask 00000040
out_locked 00000000
out_effective 00000040
n_get 3
n_req_ok 2
n_req_no 0
n_dirin_ok 1
n_dirin_no 0
n_dirout_ok 1
n_dirout_no 0
n_set_ok 0
n_set_no 0
n_writes 2
state_known 1
state_last 0000007C
n_state_chk 64
n_state_foreign 25
foreign_seen 1
foreign_first 0000003C
probed04 0
val04 00000000
944.13 937.60
version rtl819x-gpio 1.1
added 1
add_rc 0
base 0
ngpio 32
cnr FFFFFF8B
dir FF000040
dat 0000007C
boot_cnr FFFFFFDF
boot_dir FF000000
boot_dat 0000007C
cnr_as_spec 0
dir_as_spec 0
btn_raw 1
btn_pressed 0
known_mask 00000060
allow_out_mask 00000040
out_locked 00000000
out_effective 00000040
n_get 3
n_req_ok 2
n_req_no 0
n_dirin_ok 1
n_dirin_no 0
n_dirout_ok 1
n_dirout_no 0
n_set_ok 0
n_set_no 0
n_writes 2
state_known 1
state_last 0000007C
n_state_chk 66
n_state_foreign 25
foreign_seen 1
foreign_first 0000003C
probed04 0
val04 00000000
944.14 937.60
version rtl819x-gpio 1.1
added 1
add_rc 0
base 0
ngpio 32
cnr FFFFFF8B
dir FF000040
dat 0000007C
boot_cnr FFFFFFDF
boot_dir FF000000
boot_dat 0000007C
cnr_as_spec 0
dir_as_spec 0
btn_raw 1
btn_pressed 0
known_mask 00000060
allow_out_mask 00000040
out_locked 00000000
out_effective 00000040
n_get 3
n_req_ok 2
n_req_no 0
n_dirin_ok 1
n_dirin_no 0
n_dirout_ok 1
n_dirout_no 0
n_set_ok 0
n_set_no 0
n_writes 2
state_known 1
state_last 0000007C
n_state_chk 68
n_state_foreign 25
foreign_seen 1
foreign_first 0000003C
probed04 0
val04 00000000
945.26 938.71
version rtl819x-gpio 1.1
added 1
add_rc 0
base 0
ngpio 32
cnr FFFFFF8B
dir FF000040
dat 0000003C
boot_cnr FFFFFFDF
boot_dir FF000000
boot_dat 0000007C
cnr_as_spec 0
dir_as_spec 0
btn_raw 1
btn_pressed 0
known_mask 00000060
allow_out_mask 00000040
out_locked 00000000
out_effective 00000040
n_get 3
n_req_ok 2
n_req_no 0
n_dirin_ok 1
n_dirin_no 0
n_dirout_ok 1
n_dirout_no 0
n_set_ok 0
n_set_no 0
n_writes 2
state_known 1
state_last 0000007C
n_state_chk 70
n_state_foreign 27
foreign_seen 1
foreign_first 0000003C
probed04 0
val04 00000000
945.27 938.71
version rtl819x-gpio 1.1
added 1
add_rc 0
base 0
ngpio 32
cnr FFFFFF8B
dir FF000040
dat 0000003C
boot_cnr FFFFFFDF
boot_dir FF000000
boot_dat 0000007C
cnr_as_spec 0
dir_as_spec 0
btn_raw 1
btn_pressed 0
known_mask 00000060
allow_out_mask 00000040
out_locked 00000000
out_effective 00000040
n_get 3
n_req_ok 2
n_req_no 0
n_dirin_ok 1
n_dirin_no 0
n_dirout_ok 1
n_dirout_no 0
n_set_ok 0
n_set_no 0
n_writes 2
state_known 1
state_last 0000007C
n_state_chk 72
n_state_foreign 29
foreign_seen 1
foreign_first 0000003C
probed04 0
val04 00000000
945.28 938.71
version rtl819x-gpio 1.1
added 1
add_rc 0
base 0
ngpio 32
cnr FFFFFF8B
dir FF000040
dat 0000003C
boot_cnr FFFFFFDF
boot_dir FF000000
boot_dat 0000007C
cnr_as_spec 0
dir_as_spec 0
btn_raw 1
btn_pressed 0
known_mask 00000060
allow_out_mask 00000040
out_locked 00000000
out_effective 00000040
n_get 3
n_req_ok 2
n_req_no 0
n_dirin_ok 1
n_dirin_no 0
n_dirout_ok 1
n_dirout_no 0
n_set_ok 0
n_set_no 0
n_writes 2
state_known 1
state_last 0000007C
n_state_chk 74
n_state_foreign 31
foreign_seen 1
foreign_first 0000003C
probed04 0
val04 00000000
945.29 938.71
version rtl819x-gpio 1.1
added 1
add_rc 0
base 0
ngpio 32
cnr FFFFFF8B
dir FF000040
dat 0000003C
boot_cnr FFFFFFDF
boot_dir FF000000
boot_dat 0000007C
cnr_as_spec 0
dir_as_spec 0
btn_raw 1
btn_pressed 0
known_mask 00000060
allow_out_mask 00000040
out_locked 00000000
out_effective 00000040
n_get 3
n_req_ok 2
n_req_no 0
n_dirin_ok 1
n_dirin_no 0
n_dirout_ok 1
n_dirout_no 0
n_set_ok 0
n_set_no 0
n_writes 2
state_known 1
state_last 0000007C
n_state_chk 76
n_state_foreign 33
foreign_seen 1
foreign_first 0000003C
probed04 0
val04 00000000
945.31 938.71
version rtl819x-gpio 1.1
added 1
add_rc 0
base 0
ngpio 32
cnr FFFFFF8B
dir FF000040
dat 0000003C
boot_cnr FFFFFFDF
boot_dir FF000000
boot_dat 0000007C
cnr_as_spec 0
dir_as_spec 0
btn_raw 1
btn_pressed 0
known_mask 00000060
allow_out_mask 00000040
out_locked 00000000
out_effective 00000040
n_get 3
n_req_ok 2
n_req_no 0
n_dirin_ok 1
n_dirin_no 0
n_dirout_ok 1
n_dirout_no 0
n_set_ok 0
n_set_no 0
n_writes 2
state_known 1
state_last 0000007C
n_state_chk 78
n_state_foreign 35
foreign_seen 1
foreign_first 0000003C
probed04 0
val04 00000000
945.32 938.71
version rtl819x-gpio 1.1
added 1
add_rc 0
base 0
ngpio 32
cnr FFFFFF8B
dir FF000040
dat 0000003C
boot_cnr FFFFFFDF
boot_dir FF000000
boot_dat 0000007C
cnr_as_spec 0
dir_as_spec 0
btn_raw 1
btn_pressed 0
known_mask 00000060
allow_out_mask 00000040
out_locked 00000000
out_effective 00000040
n_get 3
n_req_ok 2
n_req_no 0
n_dirin_ok 1
n_dirin_no 0
n_dirout_ok 1
n_dirout_no 0
n_set_ok 0
n_set_no 0
n_writes 2
state_known 1
state_last 0000007C
n_state_chk 80
n_state_foreign 37
foreign_seen 1
foreign_first 0000003C
probed04 0
val04 00000000
945.33 938.71
version rtl819x-gpio 1.1
added 1
add_rc 0
base 0
ngpio 32
cnr FFFFFF8B
dir FF000040
dat 0000003C
boot_cnr FFFFFFDF
boot_dir FF000000
boot_dat 0000007C
cnr_as_spec 0
dir_as_spec 0
btn_raw 1
btn_pressed 0
known_mask 00000060
allow_out_mask 00000040
out_locked 00000000
out_effective 00000040
n_get 3
n_req_ok 2
n_req_no 0
n_dirin_ok 1
n_dirin_no 0
n_dirout_ok 1
n_dirout_no 0
n_set_ok 0
n_set_no 0
n_writes 2
state_known 1
state_last 0000007C
n_state_chk 82
n_state_foreign 39
foreign_seen 1
foreign_first 0000003C
probed04 0
val04 00000000
946.45 939.82
version rtl819x-gpio 1.1
added 1
add_rc 0
base 0
ngpio 32
cnr FFFFFF8B
dir FF000040
dat 0000007C
boot_cnr FFFFFFDF
boot_dir FF000000
boot_dat 0000007C
cnr_as_spec 0
dir_as_spec 0
btn_raw 1
btn_pressed 0
known_mask 00000060
allow_out_mask 00000040
out_locked 00000000
out_effective 00000040
n_get 3
n_req_ok 2
n_req_no 0
n_dirin_ok 1
n_dirin_no 0
n_dirout_ok 1
n_dirout_no 0
n_set_ok 0
n_set_no 0
n_writes 2
state_known 1
state_last 0000007C
n_state_chk 84
n_state_foreign 39
foreign_seen 1
foreign_first 0000003C
probed04 0
val04 00000000
946.46 939.82
version rtl819x-gpio 1.1
added 1
add_rc 0
base 0
ngpio 32
cnr FFFFFF8B
dir FF000040
dat 0000007C
boot_cnr FFFFFFDF
boot_dir FF000000
boot_dat 0000007C
cnr_as_spec 0
dir_as_spec 0
btn_raw 1
btn_pressed 0
known_mask 00000060
allow_out_mask 00000040
out_locked 00000000
out_effective 00000040
n_get 3
n_req_ok 2
n_req_no 0
n_dirin_ok 1
n_dirin_no 0
n_dirout_ok 1
n_dirout_no 0
n_set_ok 0
n_set_no 0
n_writes 2
state_known 1
state_last 0000007C
n_state_chk 86
n_state_foreign 39
foreign_seen 1
foreign_first 0000003C
probed04 0
val04 00000000
946.47 939.82
version rtl819x-gpio 1.1
added 1
add_rc 0
base 0
ngpio 32
cnr FFFFFF8B
dir FF000040
dat 0000007C
boot_cnr FFFFFFDF
boot_dir FF000000
boot_dat 0000007C
cnr_as_spec 0
dir_as_spec 0
btn_raw 1
btn_pressed 0
known_mask 00000060
allow_out_mask 00000040
out_locked 00000000
out_effective 00000040
n_get 3
n_req_ok 2
n_req_no 0
n_dirin_ok 1
n_dirin_no 0
n_dirout_ok 1
n_dirout_no 0
n_set_ok 0
n_set_no 0
n_writes 2
state_known 1
state_last 0000007C
n_state_chk 88
n_state_foreign 39
foreign_seen 1
foreign_first 0000003C
probed04 0
val04 00000000
946.48 939.82
version rtl819x-gpio 1.1
added 1
add_rc 0
base 0
ngpio 32
cnr FFFFFF8B
dir FF000040
dat 0000007C
boot_cnr FFFFFFDF
boot_dir FF000000
boot_dat 0000007C
cnr_as_spec 0
dir_as_spec 0
btn_raw 1
btn_pressed 0
known_mask 00000060
allow_out_mask 00000040
out_locked 00000000
out_effective 00000040
n_get 3
n_req_ok 2
n_req_no 0
n_dirin_ok 1
n_dirin_no 0
n_dirout_ok 1
n_dirout_no 0
n_set_ok 0
n_set_no 0
n_writes 2
state_known 1
state_last 0000007C
n_state_chk 90
n_state_foreign 39
foreign_seen 1
foreign_first 0000003C
probed04 0
val04 00000000
946.49 939.82
version rtl819x-gpio 1.1
added 1
add_rc 0
base 0
ngpio 32
cnr FFFFFF8B
dir FF000040
dat 0000007C
boot_cnr FFFFFFDF
boot_dir FF000000
boot_dat 0000007C
cnr_as_spec 0
dir_as_spec 0
btn_raw 1
btn_pressed 0
known_mask 00000060
allow_out_mask 00000040
out_locked 00000000
out_effective 00000040
n_get 3
n_req_ok 2
n_req_no 0
n_dirin_ok 1
n_dirin_no 0
n_dirout_ok 1
n_dirout_no 0
n_set_ok 0
n_set_no 0
n_writes 2
state_known 1
state_last 0000007C
n_state_chk 92
n_state_foreign 39
foreign_seen 1
foreign_first 0000003C
probed04 0
val04 00000000
946.50 939.82
version rtl819x-gpio 1.1
added 1
add_rc 0
base 0
ngpio 32
cnr FFFFFF8B
dir FF000040
dat 0000007C
boot_cnr FFFFFFDF
boot_dir FF000000
boot_dat 0000007C
cnr_as_spec 0
dir_as_spec 0
btn_raw 1
btn_pressed 0
known_mask 00000060
allow_out_mask 00000040
out_locked 00000000
out_effective 00000040
n_get 3
n_req_ok 2
n_req_no 0
n_dirin_ok 1
n_dirin_no 0
n_dirout_ok 1
n_dirout_no 0
n_set_ok 0
n_set_no 0
n_writes 2
state_known 1
state_last 0000007C
n_state_chk 94
n_state_foreign 39
foreign_seen 1
foreign_first 0000003C
probed04 0
val04 00000000
946.52 939.82
version rtl819x-gpio 1.1
added 1
add_rc 0
base 0
ngpio 32
cnr FFFFFF8B
dir FF000040
dat 0000007C
boot_cnr FFFFFFDF
boot_dir FF000000
boot_dat 0000007C
cnr_as_spec 0
dir_as_spec 0
btn_raw 1
btn_pressed 0
known_mask 00000060
allow_out_mask 00000040
out_locked 00000000
out_effective 00000040
n_get 3
n_req_ok 2
n_req_no 0
n_dirin_ok 1
n_dirin_no 0
n_dirout_ok 1
n_dirout_no 0
n_set_ok 0
n_set_no 0
n_writes 2
state_known 1
state_last 0000007C
n_state_chk 96
n_state_foreign 39
foreign_seen 1
foreign_first 0000003C
probed04 0
val04 00000000
947.63 940.92
version rtl819x-gpio 1.1
added 1
add_rc 0
base 0
ngpio 32
cnr FFFFFF8B
dir FF000040
dat 0000003C
boot_cnr FFFFFFDF
boot_dir FF000000
boot_dat 0000007C
cnr_as_spec 0
dir_as_spec 0
btn_raw 1
btn_pressed 0
known_mask 00000060
allow_out_mask 00000040
out_locked 00000000
out_effective 00000040
n_get 3
n_req_ok 2
n_req_no 0
n_dirin_ok 1
n_dirin_no 0
n_dirout_ok 1
n_dirout_no 0
n_set_ok 0
n_set_no 0
n_writes 2
state_known 1
state_last 0000007C
n_state_chk 98
n_state_foreign 41
foreign_seen 1
foreign_first 0000003C
probed04 0
val04 00000000
947.64 940.92
version rtl819x-gpio 1.1
added 1
add_rc 0
base 0
ngpio 32
cnr FFFFFF8B
dir FF000040
dat 0000003C
boot_cnr FFFFFFDF
boot_dir FF000000
boot_dat 0000007C
cnr_as_spec 0
dir_as_spec 0
btn_raw 1
btn_pressed 0
known_mask 00000060
allow_out_mask 00000040
out_locked 00000000
out_effective 00000040
n_get 3
n_req_ok 2
n_req_no 0
n_dirin_ok 1
n_dirin_no 0
n_dirout_ok 1
n_dirout_no 0
n_set_ok 0
n_set_no 0
n_writes 2
state_known 1
state_last 0000007C
n_state_chk 100
n_state_foreign 43
foreign_seen 1
foreign_first 0000003C
probed04 0
val04 00000000
947.66 940.92
version rtl819x-gpio 1.1
added 1
add_rc 0
base 0
ngpio 32
cnr FFFFFF8B
dir FF000040
dat 0000003C
boot_cnr FFFFFFDF
boot_dir FF000000
boot_dat 0000007C
cnr_as_spec 0
dir_as_spec 0
btn_raw 1
btn_pressed 0
known_mask 00000060
allow_out_mask 00000040
out_locked 00000000
out_effective 00000040
n_get 3
n_req_ok 2
n_req_no 0
n_dirin_ok 1
n_dirin_no 0
n_dirout_ok 1
n_dirout_no 0
n_set_ok 0
n_set_no 0
n_writes 2
state_known 1
state_last 0000007C
n_state_chk 102
n_state_foreign 45
foreign_seen 1
foreign_first 0000003C
probed04 0
val04 00000000
947.67 940.92
version rtl819x-gpio 1.1
added 1
add_rc 0
base 0
ngpio 32
cnr FFFFFF8B
dir FF000040
dat 0000003C
boot_cnr FFFFFFDF
boot_dir FF000000
boot_dat 0000007C
cnr_as_spec 0
dir_as_spec 0
btn_raw 1
btn_pressed 0
known_mask 00000060
allow_out_mask 00000040
out_locked 00000000
out_effective 00000040
n_get 3
n_req_ok 2
n_req_no 0
n_dirin_ok 1
n_dirin_no 0
n_dirout_ok 1
n_dirout_no 0
n_set_ok 0
n_set_no 0
n_writes 2
state_known 1
state_last 0000007C
n_state_chk 104
n_state_foreign 47
foreign_seen 1
foreign_first 0000003C
probed04 0
val04 00000000
947.68 940.92
version rtl819x-gpio 1.1
added 1
add_rc 0
base 0
ngpio 32
cnr FFFFFF8B
dir FF000040
dat 0000003C
boot_cnr FFFFFFDF
boot_dir FF000000
boot_dat 0000007C
cnr_as_spec 0
dir_as_spec 0
btn_raw 1
btn_pressed 0
known_mask 00000060
allow_out_mask 00000040
out_locked 00000000
out_effective 00000040
n_get 3
n_req_ok 2
n_req_no 0
n_dirin_ok 1
n_dirin_no 0
n_dirout_ok 1
n_dirout_no 0
n_set_ok 0
n_set_no 0
n_writes 2
state_known 1
state_last 0000007C
n_state_chk 106
n_state_foreign 49
foreign_seen 1
foreign_first 0000003C
probed04 0
val04 00000000
947.69 940.92
version rtl819x-gpio 1.1
added 1
add_rc 0
base 0
ngpio 32
cnr FFFFFF8B
dir FF000040
dat 0000003C
boot_cnr FFFFFFDF
boot_dir FF000000
boot_dat 0000007C
cnr_as_spec 0
dir_as_spec 0
btn_raw 1
btn_pressed 0
known_mask 00000060
allow_out_mask 00000040
out_locked 00000000
out_effective 00000040
n_get 3
n_req_ok 2
n_req_no 0
n_dirin_ok 1
n_dirin_no 0
n_dirout_ok 1
n_dirout_no 0
n_set_ok 0
n_set_no 0
n_writes 2
state_known 1
state_last 0000007C
n_state_chk 108
n_state_foreign 51
foreign_seen 1
foreign_first 0000003C
probed04 0
val04 00000000
947.70 940.92
version rtl819x-gpio 1.1
added 1
add_rc 0
base 0
ngpio 32
cnr FFFFFF8B
dir FF000040
dat 0000007C
boot_cnr FFFFFFDF
boot_dir FF000000
boot_dat 0000007C
cnr_as_spec 0
dir_as_spec 0
btn_raw 1
btn_pressed 0
known_mask 00000060
allow_out_mask 00000040
out_locked 00000000
out_effective 00000040
n_get 3
n_req_ok 2
n_req_no 0
n_dirin_ok 1
n_dirin_no 0
n_dirout_ok 1
n_dirout_no 0
n_set_ok 0
n_set_no 0
n_writes 2
state_known 1
state_last 0000007C
n_state_chk 110
n_state_foreign 52
foreign_seen 1
foreign_first 0000003C
probed04 0
val04 00000000
948.82 942.03
version rtl819x-gpio 1.1
added 1
add_rc 0
base 0
ngpio 32
cnr FFFFFF8B
dir FF000040
dat 0000003C
boot_cnr FFFFFFDF
boot_dir FF000000
boot_dat 0000007C
cnr_as_spec 0
dir_as_spec 0
btn_raw 1
btn_pressed 0
known_mask 00000060
allow_out_mask 00000040
out_locked 00000000
out_effective 00000040
n_get 3
n_req_ok 2
n_req_no 0
n_dirin_ok 1
n_dirin_no 0
n_dirout_ok 1
n_dirout_no 0
n_set_ok 0
n_set_no 0
n_writes 2
state_known 1
state_last 0000007C
n_state_chk 112
n_state_foreign 54
foreign_seen 1
foreign_first 0000003C
probed04 0
val04 00000000
948.83 942.03
version rtl819x-gpio 1.1
added 1
add_rc 0
base 0
ngpio 32
cnr FFFFFF8B
dir FF000040
dat 0000003C
boot_cnr FFFFFFDF
boot_dir FF000000
boot_dat 0000007C
cnr_as_spec 0
dir_as_spec 0
btn_raw 1
btn_pressed 0
known_mask 00000060
allow_out_mask 00000040
out_locked 00000000
out_effective 00000040
n_get 3
n_req_ok 2
n_req_no 0
n_dirin_ok 1
n_dirin_no 0
n_dirout_ok 1
n_dirout_no 0
n_set_ok 0
n_set_no 0
n_writes 2
state_known 1
state_last 0000007C
n_state_chk 114
n_state_foreign 56
foreign_seen 1
foreign_first 0000003C
probed04 0
val04 00000000
948.84 942.03
version rtl819x-gpio 1.1
added 1
add_rc 0
base 0
ngpio 32
cnr FFFFFF8B
dir FF000040
dat 0000003C
boot_cnr FFFFFFDF
boot_dir FF000000
boot_dat 0000007C
cnr_as_spec 0
dir_as_spec 0
btn_raw 1
btn_pressed 0
known_mask 00000060
allow_out_mask 00000040
out_locked 00000000
out_effective 00000040
n_get 3
n_req_ok 2
n_req_no 0
n_dirin_ok 1
n_dirin_no 0
n_dirout_ok 1
n_dirout_no 0
n_set_ok 0
n_set_no 0
n_writes 2
state_known 1
state_last 0000007C
n_state_chk 116
n_state_foreign 58
foreign_seen 1
foreign_first 0000003C
probed04 0
val04 00000000
948.85 942.03
version rtl819x-gpio 1.1
added 1
add_rc 0
base 0
ngpio 32
cnr FFFFFF8B
dir FF000040
dat 0000003C
boot_cnr FFFFFFDF
boot_dir FF000000
boot_dat 0000007C
cnr_as_spec 0
dir_as_spec 0
btn_raw 1
btn_pressed 0
known_mask 00000060
allow_out_mask 00000040
out_locked 00000000
out_effective 00000040
n_get 3
n_req_ok 2
n_req_no 0
n_dirin_ok 1
n_dirin_no 0
n_dirout_ok 1
n_dirout_no 0
n_set_ok 0
n_set_no 0
n_writes 2
state_known 1
state_last 0000007C
n_state_chk 118
n_state_foreign 60
foreign_seen 1
foreign_first 0000003C
probed04 0
val04 00000000
948.87 942.03
version rtl819x-gpio 1.1
added 1
add_rc 0
base 0
ngpio 32
cnr FFFFFF8B
dir FF000040
dat 0000003C
boot_cnr FFFFFFDF
boot_dir FF000000
boot_dat 0000007C
cnr_as_spec 0
dir_as_spec 0
btn_raw 1
btn_pressed 0
known_mask 00000060
allow_out_mask 00000040
out_locked 00000000
out_effective 00000040
n_get 3
n_req_ok 2
n_req_no 0
n_dirin_ok 1
n_dirin_no 0
n_dirout_ok 1
n_dirout_no 0
n_set_ok 0
n_set_no 0
n_writes 2
state_known 1
state_last 0000007C
n_state_chk 120
n_state_foreign 62
foreign_seen 1
foreign_first 0000003C
probed04 0
val04 00000000
948.88 942.03
version rtl819x-gpio 1.1
added 1
add_rc 0
base 0
ngpio 32
cnr FFFFFF8B
dir FF000040
dat 0000003C
boot_cnr FFFFFFDF
boot_dir FF000000
boot_dat 0000007C
cnr_as_spec 0
dir_as_spec 0
btn_raw 1
btn_pressed 0
known_mask 00000060
allow_out_mask 00000040
out_locked 00000000
out_effective 00000040
n_get 3
n_req_ok 2
n_req_no 0
n_dirin_ok 1
n_dirin_no 0
n_dirout_ok 1
n_dirout_no 0
n_set_ok 0
n_set_no 0
n_writes 2
state_known 1
state_last 0000007C
n_state_chk 122
n_state_foreign 64
foreign_seen 1
foreign_first 0000003C
probed04 0
val04 00000000
948.89 942.03
version rtl819x-gpio 1.1
added 1
add_rc 0
base 0
ngpio 32
cnr FFFFFF8B
dir FF000040
dat 0000003C
boot_cnr FFFFFFDF
boot_dir FF000000
boot_dat 0000007C
cnr_as_spec 0
dir_as_spec 0
btn_raw 1
btn_pressed 0
known_mask 00000060
allow_out_mask 00000040
out_locked 00000000
out_effective 00000040
n_get 3
n_req_ok 2
n_req_no 0
n_dirin_ok 1
n_dirin_no 0
n_dirout_ok 1
n_dirout_no 0
n_set_ok 0
n_set_no 0
n_writes 2
state_known 1
state_last 0000007C
n_state_chk 124
n_state_foreign 66
foreign_seen 1
foreign_first 0000003C
probed04 0
val04 00000000
950.01 943.14
version rtl819x-gpio 1.1
added 1
add_rc 0
base 0
ngpio 32
cnr FFFFFF8B
dir FF000040
dat 0000007C
boot_cnr FFFFFFDF
boot_dir FF000000
boot_dat 0000007C
cnr_as_spec 0
dir_as_spec 0
btn_raw 1
btn_pressed 0
known_mask 00000060
allow_out_mask 00000040
out_locked 00000000
out_effective 00000040
n_get 3
n_req_ok 2
n_req_no 0
n_dirin_ok 1
n_dirin_no 0
n_dirout_ok 1
n_dirout_no 0
n_set_ok 0
n_set_no 0
n_writes 2
state_known 1
state_last 0000007C
n_state_chk 126
n_state_foreign 66
foreign_seen 1
foreign_first 0000003C
probed04 0
val04 00000000
950.02 943.14
version rtl819x-gpio 1.1
added 1
add_rc 0
base 0
ngpio 32
cnr FFFFFF8B
dir FF000040
dat 0000007C
boot_cnr FFFFFFDF
boot_dir FF000000
boot_dat 0000007C
cnr_as_spec 0
dir_as_spec 0
btn_raw 1
btn_pressed 0
known_mask 00000060
allow_out_mask 00000040
out_locked 00000000
out_effective 00000040
n_get 3
n_req_ok 2
n_req_no 0
n_dirin_ok 1
n_dirin_no 0
n_dirout_ok 1
n_dirout_no 0
n_set_ok 0
n_set_no 0
n_writes 2
state_known 1
state_last 0000007C
n_state_chk 128
n_state_foreign 66
foreign_seen 1
foreign_first 0000003C
probed04 0
val04 00000000
950.03 943.14
version rtl819x-gpio 1.1
added 1
add_rc 0
base 0
ngpio 32
cnr FFFFFF8B
dir FF000040
dat 0000007C
boot_cnr FFFFFFDF
boot_dir FF000000
boot_dat 0000007C
cnr_as_spec 0
dir_as_spec 0
btn_raw 1
btn_pressed 0
known_mask 00000060
allow_out_mask 00000040
out_locked 00000000
out_effective 00000040
n_get 3
n_req_ok 2
n_req_no 0
n_dirin_ok 1
n_dirin_no 0
n_dirout_ok 1
n_dirout_no 0
n_set_ok 0
n_set_no 0
n_writes 2
state_known 1
state_last 0000007C
n_state_chk 130
n_state_foreign 66
foreign_seen 1
foreign_first 0000003C
probed04 0
val04 00000000
950.04 943.14
version rtl819x-gpio 1.1
added 1
add_rc 0
base 0
ngpio 32
cnr FFFFFF8B
dir FF000040
dat 0000007C
boot_cnr FFFFFFDF
boot_dir FF000000
boot_dat 0000007C
cnr_as_spec 0
dir_as_spec 0
btn_raw 1
btn_pressed 0
known_mask 00000060
allow_out_mask 00000040
out_locked 00000000
out_effective 00000040
n_get 3
n_req_ok 2
n_req_no 0
n_dirin_ok 1
n_dirin_no 0
n_dirout_ok 1
n_dirout_no 0
n_set_ok 0
n_set_no 0
n_writes 2
state_known 1
state_last 0000007C
n_state_chk 132
n_state_foreign 66
foreign_seen 1
foreign_first 0000003C
probed04 0
val04 00000000
950.05 943.14
version rtl819x-gpio 1.1
added 1
add_rc 0
base 0
ngpio 32
cnr FFFFFF8B
dir FF000040
dat 0000007C
boot_cnr FFFFFFDF
boot_dir FF000000
boot_dat 0000007C
cnr_as_spec 0
dir_as_spec 0
btn_raw 1
btn_pressed 0
known_mask 00000060
allow_out_mask 00000040
out_locked 00000000
out_effective 00000040
n_get 3
n_req_ok 2
n_req_no 0
n_dirin_ok 1
n_dirin_no 0
n_dirout_ok 1
n_dirout_no 0
n_set_ok 0
n_set_no 0
n_writes 2
state_known 1
state_last 0000007C
n_state_chk 134
n_state_foreign 66
foreign_seen 1
foreign_first 0000003C
probed04 0
val04 00000000
950.06 943.14
version rtl819x-gpio 1.1
added 1
add_rc 0
base 0
ngpio 32
cnr FFFFFF8B
dir FF000040
dat 0000007C
boot_cnr FFFFFFDF
boot_dir FF000000
boot_dat 0000007C
cnr_as_spec 0
dir_as_spec 0
btn_raw 1
btn_pressed 0
known_mask 00000060
allow_out_mask 00000040
out_locked 00000000
out_effective 00000040
n_get 3
n_req_ok 2
n_req_no 0
n_dirin_ok 1
n_dirin_no 0
n_dirout_ok 1
n_dirout_no 0
n_set_ok 0
n_set_no 0
n_writes 2
state_known 1
state_last 0000007C
n_state_chk 136
n_state_foreign 66
foreign_seen 1
foreign_first 0000003C
probed04 0
val04 00000000
950.08 943.14
version rtl819x-gpio 1.1
added 1
add_rc 0
base 0
ngpio 32
cnr FFFFFF8B
dir FF000040
dat 0000007C
boot_cnr FFFFFFDF
boot_dir FF000000
boot_dat 0000007C
cnr_as_spec 0
dir_as_spec 0
btn_raw 1
btn_pressed 0
known_mask 00000060
allow_out_mask 00000040
out_locked 00000000
out_effective 00000040
n_get 3
n_req_ok 2
n_req_no 0
n_dirin_ok 1
n_dirin_no 0
n_dirout_ok 1
n_dirout_no 0
n_set_ok 0
n_set_no 0
n_writes 2
state_known 1
state_last 0000007C
n_state_chk 138
n_state_foreign 66
foreign_seen 1
foreign_first 0000003C
probed04 0
val04 00000000
951.19 944.24
version rtl819x-gpio 1.1
added 1
add_rc 0
base 0
ngpio 32
cnr FFFFFF8B
dir FF000040
dat 0000003C
boot_cnr FFFFFFDF
boot_dir FF000000
boot_dat 0000007C
cnr_as_spec 0
dir_as_spec 0
btn_raw 1
btn_pressed 0
known_mask 00000060
allow_out_mask 00000040
out_locked 00000000
out_effective 00000040
n_get 3
n_req_ok 2
n_req_no 0
n_dirin_ok 1
n_dirin_no 0
n_dirout_ok 1
n_dirout_no 0
n_set_ok 0
n_set_no 0
n_writes 2
state_known 1
state_last 0000007C
n_state_chk 140
n_state_foreign 68
foreign_seen 1
foreign_first 0000003C
probed04 0
val04 00000000
951.20 944.24
version rtl819x-gpio 1.1
added 1
add_rc 0
base 0
ngpio 32
cnr FFFFFF8B
dir FF000040
dat 0000003C
boot_cnr FFFFFFDF
boot_dir FF000000
boot_dat 0000007C
cnr_as_spec 0
dir_as_spec 0
btn_raw 1
btn_pressed 0
known_mask 00000060
allow_out_mask 00000040
out_locked 00000000
out_effective 00000040
n_get 3
n_req_ok 2
n_req_no 0
n_dirin_ok 1
n_dirin_no 0
n_dirout_ok 1
n_dirout_no 0
n_set_ok 0
n_set_no 0
n_writes 2
state_known 1
state_last 0000007C
n_state_chk 142
n_state_foreign 70
foreign_seen 1
foreign_first 0000003C
probed04 0
val04 00000000
951.22 944.24
version rtl819x-gpio 1.1
added 1
add_rc 0
base 0
ngpio 32
cnr FFFFFF8B
dir FF000040
dat 0000003C
boot_cnr FFFFFFDF
boot_dir FF000000
boot_dat 0000007C
cnr_as_spec 0
dir_as_spec 0
btn_raw 1
btn_pressed 0
known_mask 00000060
allow_out_mask 00000040
out_locked 00000000
out_effective 00000040
n_get 3
n_req_ok 2
n_req_no 0
n_dirin_ok 1
n_dirin_no 0
n_dirout_ok 1
n_dirout_no 0
n_set_ok 0
n_set_no 0
n_writes 2
state_known 1
state_last 0000007C
n_state_chk 144
n_state_foreign 72
foreign_seen 1
foreign_first 0000003C
probed04 0
val04 00000000
951.23 944.24
version rtl819x-gpio 1.1
added 1
add_rc 0
base 0
ngpio 32
cnr FFFFFF8B
dir FF000040
dat 0000003C
boot_cnr FFFFFFDF
boot_dir FF000000
boot_dat 0000007C
cnr_as_spec 0
dir_as_spec 0
btn_raw 1
btn_pressed 0
known_mask 00000060
allow_out_mask 00000040
out_locked 00000000
out_effective 00000040
n_get 3
n_req_ok 2
n_req_no 0
n_dirin_ok 1
n_dirin_no 0
n_dirout_ok 1
n_dirout_no 0
n_set_ok 0
n_set_no 0
n_writes 2
state_known 1
state_last 0000007C
n_state_chk 146
n_state_foreign 74
foreign_seen 1
foreign_first 0000003C
probed04 0
val04 00000000
951.24 944.24
version rtl819x-gpio 1.1
added 1
add_rc 0
base 0
ngpio 32
cnr FFFFFF8B
dir FF000040
dat 0000003C
boot_cnr FFFFFFDF
boot_dir FF000000
boot_dat 0000007C
cnr_as_spec 0
dir_as_spec 0
btn_raw 1
btn_pressed 0
known_mask 00000060
allow_out_mask 00000040
out_locked 00000000
out_effective 00000040
n_get 3
n_req_ok 2
n_req_no 0
n_dirin_ok 1
n_dirin_no 0
n_dirout_ok 1
n_dirout_no 0
n_set_ok 0
n_set_no 0
n_writes 2
state_known 1
state_last 0000007C
n_state_chk 148
n_state_foreign 76
foreign_seen 1
foreign_first 0000003C
probed04 0
val04 00000000
951.25 944.24
version rtl819x-gpio 1.1
added 1
add_rc 0
base 0
ngpio 32
cnr FFFFFF8B
dir FF000040
dat 0000003C
boot_cnr FFFFFFDF
boot_dir FF000000
boot_dat 0000007C
cnr_as_spec 0
dir_as_spec 0
btn_raw 1
btn_pressed 0
known_mask 00000060
allow_out_mask 00000040
out_locked 00000000
out_effective 00000040
n_get 3
n_req_ok 2
n_req_no 0
n_dirin_ok 1
n_dirin_no 0
n_dirout_ok 1
n_dirout_no 0
n_set_ok 0
n_set_no 0
n_writes 2
state_known 1
state_last 0000007C
n_state_chk 150
n_state_foreign 78
foreign_seen 1
foreign_first 0000003C
probed04 0
val04 00000000
951.26 944.24
version rtl819x-gpio 1.1
added 1
add_rc 0
base 0
ngpio 32
cnr FFFFFF8B
dir FF000040
dat 0000003C
boot_cnr FFFFFFDF
boot_dir FF000000
boot_dat 0000007C
cnr_as_spec 0
dir_as_spec 0
btn_raw 1
btn_pressed 0
known_mask 00000060
allow_out_mask 00000040
out_locked 00000000
out_effective 00000040
n_get 3
n_req_ok 2
n_req_no 0
n_dirin_ok 1
n_dirin_no 0
n_dirout_ok 1
n_dirout_no 0
n_set_ok 0
n_set_no 0
n_writes 2
state_known 1
state_last 0000007C
n_state_chk 152
n_state_foreign 80
foreign_seen 1
foreign_first 0000003C
probed04 0
val04 00000000
952.38 945.35
version rtl819x-gpio 1.1
added 1
add_rc 0
base 0
ngpio 32
cnr FFFFFF8B
dir FF000040
dat 0000007C
boot_cnr FFFFFFDF
boot_dir FF000000
boot_dat 0000007C
cnr_as_spec 0
dir_as_spec 0
btn_raw 1
btn_pressed 0
known_mask 00000060
allow_out_mask 00000040
out_locked 00000000
out_effective 00000040
n_get 3
n_req_ok 2
n_req_no 0
n_dirin_ok 1
n_dirin_no 0
n_dirout_ok 1
n_dirout_no 0
n_set_ok 0
n_set_no 0
n_writes 2
state_known 1
state_last 0000007C
n_state_chk 154
n_state_foreign 80
foreign_seen 1
foreign_first 0000003C
probed04 0
val04 00000000
952.39 945.35
version rtl819x-gpio 1.1
added 1
add_rc 0
base 0
ngpio 32
cnr FFFFFF8B
dir FF000040
dat 0000007C
boot_cnr FFFFFFDF
boot_dir FF000000
boot_dat 0000007C
cnr_as_spec 0
dir_as_spec 0
btn_raw 1
btn_pressed 0
known_mask 00000060
allow_out_mask 00000040
out_locked 00000000
out_effective 00000040
n_get 3
n_req_ok 2
n_req_no 0
n_dirin_ok 1
n_dirin_no 0
n_dirout_ok 1
n_dirout_no 0
n_set_ok 0
n_set_no 0
n_writes 2
state_known 1
state_last 0000007C
n_state_chk 156
n_state_foreign 80
foreign_seen 1
foreign_first 0000003C
probed04 0
val04 00000000
952.40 945.35
version rtl819x-gpio 1.1
added 1
add_rc 0
base 0
ngpio 32
cnr FFFFFF8B
dir FF000040
dat 0000007C
boot_cnr FFFFFFDF
boot_dir FF000000
boot_dat 0000007C
cnr_as_spec 0
dir_as_spec 0
btn_raw 1
btn_pressed 0
known_mask 00000060
allow_out_mask 00000040
out_locked 00000000
out_effective 00000040
n_get 3
n_req_ok 2
n_req_no 0
n_dirin_ok 1
n_dirin_no 0
n_dirout_ok 1
n_dirout_no 0
n_set_ok 0
n_set_no 0
n_writes 2
state_known 1
state_last 0000007C
n_state_chk 158
n_state_foreign 80
foreign_seen 1
foreign_first 0000003C
probed04 0
val04 00000000
952.41 945.35
version rtl819x-gpio 1.1
added 1
add_rc 0
base 0
ngpio 32
cnr FFFFFF8B
dir FF000040
dat 0000007C
boot_cnr FFFFFFDF
boot_dir FF000000
boot_dat 0000007C
cnr_as_spec 0
dir_as_spec 0
btn_raw 1
btn_pressed 0
known_mask 00000060
allow_out_mask 00000040
out_locked 00000000
out_effective 00000040
n_get 3
n_req_ok 2
n_req_no 0
n_dirin_ok 1
n_dirin_no 0
n_dirout_ok 1
n_dirout_no 0
n_set_ok 0
n_set_no 0
n_writes 2
state_known 1
state_last 0000007C
n_state_chk 160
n_state_foreign 80
foreign_seen 1
foreign_first 0000003C
probed04 0
val04 00000000
952.43 945.35
version rtl819x-gpio 1.1
added 1
add_rc 0
base 0
ngpio 32
cnr FFFFFF8B
dir FF000040
dat 0000007C
boot_cnr FFFFFFDF
boot_dir FF000000
boot_dat 0000007C
cnr_as_spec 0
dir_as_spec 0
btn_raw 1
btn_pressed 0
known_mask 00000060
allow_out_mask 00000040
out_locked 00000000
out_effective 00000040
n_get 3
n_req_ok 2
n_req_no 0
n_dirin_ok 1
n_dirin_no 0
n_dirout_ok 1
n_dirout_no 0
n_set_ok 0
n_set_no 0
n_writes 2
state_known 1
state_last 0000007C
n_state_chk 162
n_state_foreign 80
foreign_seen 1
foreign_first 0000003C
probed04 0
val04 00000000
952.44 945.35
version rtl819x-gpio 1.1
added 1
add_rc 0
base 0
ngpio 32
cnr FFFFFF8B
dir FF000040
dat 0000007C
boot_cnr FFFFFFDF
boot_dir FF000000
boot_dat 0000007C
cnr_as_spec 0
dir_as_spec 0
btn_raw 1
btn_pressed 0
known_mask 00000060
allow_out_mask 00000040
out_locked 00000000
out_effective 00000040
n_get 3
n_req_ok 2
n_req_no 0
n_dirin_ok 1
n_dirin_no 0
n_dirout_ok 1
n_dirout_no 0
n_set_ok 0
n_set_no 0
n_writes 2
state_known 1
state_last 0000007C
n_state_chk 164
n_state_foreign 80
foreign_seen 1
foreign_first 0000003C
probed04 0
val04 00000000
952.45 945.35
version rtl819x-gpio 1.1
added 1
add_rc 0
base 0
ngpio 32
cnr FFFFFF8B
dir FF000040
dat 0000007C
boot_cnr FFFFFFDF
boot_dir FF000000
boot_dat 0000007C
cnr_as_spec 0
dir_as_spec 0
btn_raw 1
btn_pressed 0
known_mask 00000060
allow_out_mask 00000040
out_locked 00000000
out_effective 00000040
n_get 3
n_req_ok 2
n_req_no 0
n_dirin_ok 1
n_dirin_no 0
n_dirout_ok 1
n_dirout_no 0
n_set_ok 0
n_set_no 0
n_writes 2
state_known 1
state_last 0000007C
n_state_chk 166
n_state_foreign 80
foreign_seen 1
foreign_first 0000003C
probed04 0
val04 00000000
953.57 946.46
version rtl819x-gpio 1.1
added 1
add_rc 0
base 0
ngpio 32
cnr FFFFFF8B
dir FF000040
dat 0000003C
boot_cnr FFFFFFDF
boot_dir FF000000
boot_dat 0000007C
cnr_as_spec 0
dir_as_spec 0
btn_raw 1
btn_pressed 0
known_mask 00000060
allow_out_mask 00000040
out_locked 00000000
out_effective 00000040
n_get 3
n_req_ok 2
n_req_no 0
n_dirin_ok 1
n_dirin_no 0
n_dirout_ok 1
n_dirout_no 0
n_set_ok 0
n_set_no 0
n_writes 2
state_known 1
state_last 0000007C
n_state_chk 168
n_state_foreign 82
foreign_seen 1
foreign_first 0000003C
probed04 0
val04 00000000
953.58 946.46
version rtl819x-gpio 1.1
added 1
add_rc 0
base 0
ngpio 32
cnr FFFFFF8B
dir FF000040
dat 0000003C
boot_cnr FFFFFFDF
boot_dir FF000000
boot_dat 0000007C
cnr_as_spec 0
dir_as_spec 0
btn_raw 1
btn_pressed 0
known_mask 00000060
allow_out_mask 00000040
out_locked 00000000
out_effective 00000040
n_get 3
n_req_ok 2
n_req_no 0
n_dirin_ok 1
n_dirin_no 0
n_dirout_ok 1
n_dirout_no 0
n_set_ok 0
n_set_no 0
n_writes 2
state_known 1
state_last 0000007C
n_state_chk 170
n_state_foreign 84
foreign_seen 1
foreign_first 0000003C
probed04 0
val04 00000000
953.59 946.46
version rtl819x-gpio 1.1
added 1
add_rc 0
base 0
ngpio 32
cnr FFFFFF8B
dir FF000040
dat 0000003C
boot_cnr FFFFFFDF
boot_dir FF000000
boot_dat 0000007C
cnr_as_spec 0
dir_as_spec 0
btn_raw 1
btn_pressed 0
known_mask 00000060
allow_out_mask 00000040
out_locked 00000000
out_effective 00000040
n_get 3
n_req_ok 2
n_req_no 0
n_dirin_ok 1
n_dirin_no 0
n_dirout_ok 1
n_dirout_no 0
n_set_ok 0
n_set_no 0
n_writes 2
state_known 1
state_last 0000007C
n_state_chk 172
n_state_foreign 86
foreign_seen 1
foreign_first 0000003C
probed04 0
val04 00000000
953.60 946.46
version rtl819x-gpio 1.1
added 1
add_rc 0
base 0
ngpio 32
cnr FFFFFF8B
dir FF000040
dat 0000003C
boot_cnr FFFFFFDF
boot_dir FF000000
boot_dat 0000007C
cnr_as_spec 0
dir_as_spec 0
btn_raw 1
btn_pressed 0
known_mask 00000060
allow_out_mask 00000040
out_locked 00000000
out_effective 00000040
n_get 3
n_req_ok 2
n_req_no 0
n_dirin_ok 1
n_dirin_no 0
n_dirout_ok 1
n_dirout_no 0
n_set_ok 0
n_set_no 0
n_writes 2
state_known 1
state_last 0000007C
n_state_chk 174
n_state_foreign 88
foreign_seen 1
foreign_first 0000003C
probed04 0
val04 00000000
953.61 946.46
version rtl819x-gpio 1.1
added 1
add_rc 0
base 0
ngpio 32
cnr FFFFFF8B
dir FF000040
dat 0000003C
boot_cnr FFFFFFDF
boot_dir FF000000
boot_dat 0000007C
cnr_as_spec 0
dir_as_spec 0
btn_raw 1
btn_pressed 0
known_mask 00000060
allow_out_mask 00000040
out_locked 00000000
out_effective 00000040
n_get 3
n_req_ok 2
n_req_no 0
n_dirin_ok 1
n_dirin_no 0
n_dirout_ok 1
n_dirout_no 0
n_set_ok 0
n_set_no 0
n_writes 2
state_known 1
state_last 0000007C
n_state_chk 176
n_state_foreign 90
foreign_seen 1
foreign_first 0000003C
probed04 0
val04 00000000
953.62 946.46
version rtl819x-gpio 1.1
added 1
add_rc 0
base 0
ngpio 32
cnr FFFFFF8B
dir FF000040
dat 0000003C
boot_cnr FFFFFFDF
boot_dir FF000000
boot_dat 0000007C
cnr_as_spec 0
dir_as_spec 0
btn_raw 1
btn_pressed 0
known_mask 00000060
allow_out_mask 00000040
out_locked 00000000
out_effective 00000040
n_get 3
n_req_ok 2
n_req_no 0
n_dirin_ok 1
n_dirin_no 0
n_dirout_ok 1
n_dirout_no 0
n_set_ok 0
n_set_no 0
n_writes 2
state_known 1
state_last 0000007C
n_state_chk 178
n_state_foreign 92
foreign_seen 1
foreign_first 0000003C
probed04 0
val04 00000000
953.64 946.46
version rtl819x-gpio 1.1
added 1
add_rc 0
base 0
ngpio 32
cnr FFFFFF8B
dir FF000040
dat 0000003C
boot_cnr FFFFFFDF
boot_dir FF000000
boot_dat 0000007C
cnr_as_spec 0
dir_as_spec 0
btn_raw 1
btn_pressed 0
known_mask 00000060
allow_out_mask 00000040
out_locked 00000000
out_effective 00000040
n_get 3
n_req_ok 2
n_req_no 0
n_dirin_ok 1
n_dirin_no 0
n_dirout_ok 1
n_dirout_no 0
n_set_ok 0
n_set_no 0
n_writes 2
state_known 1
state_last 0000007C
n_state_chk 180
n_state_foreign 94
foreign_seen 1
foreign_first 0000003C
probed04 0
val04 00000000
954.75 947.56
version rtl819x-gpio 1.1
added 1
add_rc 0
base 0
ngpio 32
cnr FFFFFF8B
dir FF000040
dat 0000003C
boot_cnr FFFFFFDF
boot_dir FF000000
boot_dat 0000007C
cnr_as_spec 0
dir_as_spec 0
btn_raw 1
btn_pressed 0
known_mask 00000060
allow_out_mask 00000040
out_locked 00000000
out_effective 00000040
n_get 3
n_req_ok 2
n_req_no 0
n_dirin_ok 1
n_dirin_no 0
n_dirout_ok 1
n_dirout_no 0
n_set_ok 0
n_set_no 0
n_writes 2
state_known 1
state_last 0000007C
n_state_chk 182
n_state_foreign 96
foreign_seen 1
foreign_first 0000003C
probed04 0
val04 00000000
954.76 947.56
version rtl819x-gpio 1.1
added 1
add_rc 0
base 0
ngpio 32
cnr FFFFFF8B
dir FF000040
dat 0000003C
boot_cnr FFFFFFDF
boot_dir FF000000
boot_dat 0000007C
cnr_as_spec 0
dir_as_spec 0
btn_raw 1
btn_pressed 0
known_mask 00000060
allow_out_mask 00000040
out_locked 00000000
out_effective 00000040
n_get 3
n_req_ok 2
n_req_no 0
n_dirin_ok 1
n_dirin_no 0
n_dirout_ok 1
n_dirout_no 0
n_set_ok 0
n_set_no 0
n_writes 2
state_known 1
state_last 0000007C
n_state_chk 184
n_state_foreign 98
foreign_seen 1
foreign_first 0000003C
probed04 0
val04 00000000
954.78 947.56
version rtl819x-gpio 1.1
added 1
add_rc 0
base 0
ngpio 32
cnr FFFFFF8B
dir FF000040
dat 0000003C
boot_cnr FFFFFFDF
boot_dir FF000000
boot_dat 0000007C
cnr_as_spec 0
dir_as_spec 0
btn_raw 1
btn_pressed 0
known_mask 00000060
allow_out_mask 00000040
out_locked 00000000
out_effective 00000040
n_get 3
n_req_ok 2
n_req_no 0
n_dirin_ok 1
n_dirin_no 0
n_dirout_ok 1
n_dirout_no 0
n_set_ok 0
n_set_no 0
n_writes 2
state_known 1
state_last 0000007C
n_state_chk 186
n_state_foreign 100
foreign_seen 1
foreign_first 0000003C
probed04 0
val04 00000000
954.79 947.56
version rtl819x-gpio 1.1
added 1
add_rc 0
base 0
ngpio 32
cnr FFFFFF8B
dir FF000040
dat 0000003C
boot_cnr FFFFFFDF
boot_dir FF000000
boot_dat 0000007C
cnr_as_spec 0
dir_as_spec 0
btn_raw 1
btn_pressed 0
known_mask 00000060
allow_out_mask 00000040
out_locked 00000000
out_effective 00000040
n_get 3
n_req_ok 2
n_req_no 0
n_dirin_ok 1
n_dirin_no 0
n_dirout_ok 1
n_dirout_no 0
n_set_ok 0
n_set_no 0
n_writes 2
state_known 1
state_last 0000007C
n_state_chk 188
n_state_foreign 102
foreign_seen 1
foreign_first 0000003C
probed04 0
val04 00000000
954.80 947.56
version rtl819x-gpio 1.1
added 1
add_rc 0
base 0
ngpio 32
cnr FFFFFF8B
dir FF000040
dat 0000003C
boot_cnr FFFFFFDF
boot_dir FF000000
boot_dat 0000007C
cnr_as_spec 0
dir_as_spec 0
btn_raw 1
btn_pressed 0
known_mask 00000060
allow_out_mask 00000040
out_locked 00000000
out_effective 00000040
n_get 3
n_req_ok 2
n_req_no 0
n_dirin_ok 1
n_dirin_no 0
n_dirout_ok 1
n_dirout_no 0
n_set_ok 0
n_set_no 0
n_writes 2
state_known 1
state_last 0000007C
n_state_chk 190
n_state_foreign 104
foreign_seen 1
foreign_first 0000003C
probed04 0
val04 00000000
954.81 947.56
version rtl819x-gpio 1.1
added 1
add_rc 0
base 0
ngpio 32
cnr FFFFFF8B
dir FF000040
dat 0000003C
boot_cnr FFFFFFDF
boot_dir FF000000
boot_dat 0000007C
cnr_as_spec 0
dir_as_spec 0
btn_raw 1
btn_pressed 0
known_mask 00000060
allow_out_mask 00000040
out_locked 00000000
out_effective 00000040
n_get 3
n_req_ok 2
n_req_no 0
n_dirin_ok 1
n_dirin_no 0
n_dirout_ok 1
n_dirout_no 0
n_set_ok 0
n_set_no 0
n_writes 2
state_known 1
state_last 0000007C
n_state_chk 192
n_state_foreign 106
foreign_seen 1
foreign_first 0000003C
probed04 0
val04 00000000
954.82 947.56
version rtl819x-gpio 1.1
added 1
add_rc 0
base 0
ngpio 32
cnr FFFFFF8B
dir FF000040
dat 0000003C
boot_cnr FFFFFFDF
boot_dir FF000000
boot_dat 0000007C
cnr_as_spec 0
dir_as_spec 0
btn_raw 1
btn_pressed 0
known_mask 00000060
allow_out_mask 00000040
out_locked 00000000
out_effective 00000040
n_get 3
n_req_ok 2
n_req_no 0
n_dirin_ok 1
n_dirin_no 0
n_dirout_ok 1
n_dirout_no 0
n_set_ok 0
n_set_no 0
n_writes 2
state_known 1
state_last 0000007C
n_state_chk 194
n_state_foreign 108
foreign_seen 1
foreign_first 0000003C
probed04 0
val04 00000000
955.94 948.67
version rtl819x-gpio 1.1
added 1
add_rc 0
base 0
ngpio 32
cnr FFFFFF8B
dir FF000040
dat 0000007C
boot_cnr FFFFFFDF
boot_dir FF000000
boot_dat 0000007C
cnr_as_spec 0
dir_as_spec 0
btn_raw 1
btn_pressed 0
known_mask 00000060
allow_out_mask 00000040
out_locked 00000000
out_effective 00000040
n_get 3
n_req_ok 2
n_req_no 0
n_dirin_ok 1
n_dirin_no 0
n_dirout_ok 1
n_dirout_no 0
n_set_ok 0
n_set_no 0
n_writes 2
state_known 1
state_last 0000007C
n_state_chk 196
n_state_foreign 108
foreign_seen 1
foreign_first 0000003C
probed04 0
val04 00000000
955.95 948.67
version rtl819x-gpio 1.1
added 1
add_rc 0
base 0
ngpio 32
cnr FFFFFF8B
dir FF000040
dat 0000007C
boot_cnr FFFFFFDF
boot_dir FF000000
boot_dat 0000007C
cnr_as_spec 0
dir_as_spec 0
btn_raw 1
btn_pressed 0
known_mask 00000060
allow_out_mask 00000040
out_locked 00000000
out_effective 00000040
n_get 3
n_req_ok 2
n_req_no 0
n_dirin_ok 1
n_dirin_no 0
n_dirout_ok 1
n_dirout_no 0
n_set_ok 0
n_set_no 0
n_writes 2
state_known 1
state_last 0000007C
n_state_chk 198
n_state_foreign 108
foreign_seen 1
foreign_first 0000003C
probed04 0
val04 00000000
955.96 948.67
version rtl819x-gpio 1.1
added 1
add_rc 0
base 0
ngpio 32
cnr FFFFFF8B
dir FF000040
dat 0000007C
boot_cnr FFFFFFDF
boot_dir FF000000
boot_dat 0000007C
cnr_as_spec 0
dir_as_spec 0
btn_raw 1
btn_pressed 0
known_mask 00000060
allow_out_mask 00000040
out_locked 00000000
out_effective 00000040
n_get 3
n_req_ok 2
n_req_no 0
n_dirin_ok 1
n_dirin_no 0
n_dirout_ok 1
n_dirout_no 0
n_set_ok 0
n_set_no 0
n_writes 2
state_known 1
state_last 0000007C
n_state_chk 200
n_state_foreign 108
foreign_seen 1
foreign_first 0000003C
probed04 0
val04 00000000
955.97 948.67
version rtl819x-gpio 1.1
added 1
add_rc 0
base 0
ngpio 32
cnr FFFFFF8B
dir FF000040
dat 0000007C
boot_cnr FFFFFFDF
boot_dir FF000000
boot_dat 0000007C
cnr_as_spec 0
dir_as_spec 0
btn_raw 1
btn_pressed 0
known_mask 00000060
allow_out_mask 00000040
out_locked 00000000
out_effective 00000040
n_get 3
n_req_ok 2
n_req_no 0
n_dirin_ok 1
n_dirin_no 0
n_dirout_ok 1
n_dirout_no 0
n_set_ok 0
n_set_no 0
n_writes 2
state_known 1
state_last 0000007C
n_state_chk 202
n_state_foreign 108
foreign_seen 1
foreign_first 0000003C
probed04 0
val04 00000000
955.98 948.67
version rtl819x-gpio 1.1
added 1
add_rc 0
base 0
ngpio 32
cnr FFFFFF8B
dir FF000040
dat 0000007C
boot_cnr FFFFFFDF
boot_dir FF000000
boot_dat 0000007C
cnr_as_spec 0
dir_as_spec 0
btn_raw 1
btn_pressed 0
known_mask 00000060
allow_out_mask 00000040
out_locked 00000000
out_effective 00000040
n_get 3
n_req_ok 2
n_req_no 0
n_dirin_ok 1
n_dirin_no 0
n_dirout_ok 1
n_dirout_no 0
n_set_ok 0
n_set_no 0
n_writes 2
state_known 1
state_last 0000007C
n_state_chk 204
n_state_foreign 108
foreign_seen 1
foreign_first 0000003C
probed04 0
val04 00000000
956.00 948.67
version rtl819x-gpio 1.1
added 1
add_rc 0
base 0
ngpio 32
cnr FFFFFF8B
dir FF000040
dat 0000007C
boot_cnr FFFFFFDF
boot_dir FF000000
boot_dat 0000007C
cnr_as_spec 0
dir_as_spec 0
btn_raw 1
btn_pressed 0
known_mask 00000060
allow_out_mask 00000040
out_locked 00000000
out_effective 00000040
n_get 3
n_req_ok 2
n_req_no 0
n_dirin_ok 1
n_dirin_no 0
n_dirout_ok 1
n_dirout_no 0
n_set_ok 0
n_set_no 0
n_writes 2
state_known 1
state_last 0000007C
n_state_chk 206
n_state_foreign 108
foreign_seen 1
foreign_first 0000003C
probed04 0
val04 00000000
957.11 949.77
version rtl819x-gpio 1.1
added 1
add_rc 0
base 0
ngpio 32
cnr FFFFFF8B
dir FF000040
dat 0000003C
boot_cnr FFFFFFDF
boot_dir FF000000
boot_dat 0000007C
cnr_as_spec 0
dir_as_spec 0
btn_raw 1
btn_pressed 0
known_mask 00000060
allow_out_mask 00000040
out_locked 00000000
out_effective 00000040
n_get 3
n_req_ok 2
n_req_no 0
n_dirin_ok 1
n_dirin_no 0
n_dirout_ok 1
n_dirout_no 0
n_set_ok 0
n_set_no 0
n_writes 2
state_known 1
state_last 0000007C
n_state_chk 208
n_state_foreign 110
foreign_seen 1
foreign_first 0000003C
probed04 0
val04 00000000
957.13 949.77
version rtl819x-gpio 1.1
added 1
add_rc 0
base 0
ngpio 32
cnr FFFFFF8B
dir FF000040
dat 0000003C
boot_cnr FFFFFFDF
boot_dir FF000000
boot_dat 0000007C
cnr_as_spec 0
dir_as_spec 0
btn_raw 1
btn_pressed 0
known_mask 00000060
allow_out_mask 00000040
out_locked 00000000
out_effective 00000040
n_get 3
n_req_ok 2
n_req_no 0
n_dirin_ok 1
n_dirin_no 0
n_dirout_ok 1
n_dirout_no 0
n_set_ok 0
n_set_no 0
n_writes 2
state_known 1
state_last 0000007C
n_state_chk 210
n_state_foreign 112
foreign_seen 1
foreign_first 0000003C
probed04 0
val04 00000000
957.14 949.77
version rtl819x-gpio 1.1
added 1
add_rc 0
base 0
ngpio 32
cnr FFFFFF8B
dir FF000040
dat 0000003C
boot_cnr FFFFFFDF
boot_dir FF000000
boot_dat 0000007C
cnr_as_spec 0
dir_as_spec 0
btn_raw 1
btn_pressed 0
known_mask 00000060
allow_out_mask 00000040
out_locked 00000000
out_effective 00000040
n_get 3
n_req_ok 2
n_req_no 0
n_dirin_ok 1
n_dirin_no 0
n_dirout_ok 1
n_dirout_no 0
n_set_ok 0
n_set_no 0
n_writes 2
state_known 1
state_last 0000007C
n_state_chk 212
n_state_foreign 114
foreign_seen 1
foreign_first 0000003C
probed04 0
val04 00000000
957.15 949.77
version rtl819x-gpio 1.1
added 1
add_rc 0
base 0
ngpio 32
cnr FFFFFF8B
dir FF000040
dat 0000003C
boot_cnr FFFFFFDF
boot_dir FF000000
boot_dat 0000007C
cnr_as_spec 0
dir_as_spec 0
btn_raw 1
btn_pressed 0
known_mask 00000060
allow_out_mask 00000040
out_locked 00000000
out_effective 00000040
n_get 3
n_req_ok 2
n_req_no 0
n_dirin_ok 1
n_dirin_no 0
n_dirout_ok 1
n_dirout_no 0
n_set_ok 0
n_set_no 0
n_writes 2
state_known 1
state_last 0000007C
n_state_chk 214
n_state_foreign 116
foreign_seen 1
foreign_first 0000003C
probed04 0
val04 00000000
957.16 949.77
version rtl819x-gpio 1.1
added 1
add_rc 0
base 0
ngpio 32
cnr FFFFFF8B
dir FF000040
dat 0000003C
boot_cnr FFFFFFDF
boot_dir FF000000
boot_dat 0000007C
cnr_as_spec 0
dir_as_spec 0
btn_raw 1
btn_pressed 0
known_mask 00000060
allow_out_mask 00000040
out_locked 00000000
out_effective 00000040
n_get 3
n_req_ok 2
n_req_no 0
n_dirin_ok 1
n_dirin_no 0
n_dirout_ok 1
n_dirout_no 0
n_set_ok 0
n_set_no 0
n_writes 2
state_known 1
state_last 0000007C
n_state_chk 216
n_state_foreign 118
foreign_seen 1
foreign_first 0000003C
probed04 0
val04 00000000
957.17 949.77
version rtl819x-gpio 1.1
added 1
add_rc 0
base 0
ngpio 32
cnr FFFFFF8B
dir FF000040
dat 0000003C
boot_cnr FFFFFFDF
boot_dir FF000000
boot_dat 0000007C
cnr_as_spec 0
dir_as_spec 0
btn_raw 1
btn_pressed 0
known_mask 00000060
allow_out_mask 00000040
out_locked 00000000
out_effective 00000040
n_get 3
n_req_ok 2
n_req_no 0
n_dirin_ok 1
n_dirin_no 0
n_dirout_ok 1
n_dirout_no 0
n_set_ok 0
n_set_no 0
n_writes 2
state_known 1
state_last 0000007C
n_state_chk 218
n_state_foreign 120
foreign_seen 1
foreign_first 0000003C
probed04 0
val04 00000000
957.18 949.77
version rtl819x-gpio 1.1
added 1
add_rc 0
base 0
ngpio 32
cnr FFFFFF8B
dir FF000040
dat 0000003C
boot_cnr FFFFFFDF
boot_dir FF000000
boot_dat 0000007C
cnr_as_spec 0
dir_as_spec 0
btn_raw 1
btn_pressed 0
known_mask 00000060
allow_out_mask 00000040
out_locked 00000000
out_effective 00000040
n_get 3
n_req_ok 2
n_req_no 0
n_dirin_ok 1
n_dirin_no 0
n_dirout_ok 1
n_dirout_no 0
n_set_ok 0
n_set_no 0
n_writes 2
state_known 1
state_last 0000007C
n_state_chk 220
n_state_foreign 122
foreign_seen 1
foreign_first 0000003C
probed04 0
val04 00000000
958.30 950.87
version rtl819x-gpio 1.1
added 1
add_rc 0
base 0
ngpio 32
cnr FFFFFF8B
dir FF000040
dat 0000007C
boot_cnr FFFFFFDF
boot_dir FF000000
boot_dat 0000007C
cnr_as_spec 0
dir_as_spec 0
btn_raw 1
btn_pressed 0
known_mask 00000060
allow_out_mask 00000040
out_locked 00000000
out_effective 00000040
n_get 3
n_req_ok 2
n_req_no 0
n_dirin_ok 1
n_dirin_no 0
n_dirout_ok 1
n_dirout_no 0
n_set_ok 0
n_set_no 0
n_writes 2
state_known 1
state_last 0000007C
n_state_chk 222
n_state_foreign 122
foreign_seen 1
foreign_first 0000003C
probed04 0
val04 00000000
958.31 950.87
version rtl819x-gpio 1.1
added 1
add_rc 0
base 0
ngpio 32
cnr FFFFFF8B
dir FF000040
dat 0000007C
boot_cnr FFFFFFDF
boot_dir FF000000
boot_dat 0000007C
cnr_as_spec 0
dir_as_spec 0
btn_raw 1
btn_pressed 0
known_mask 00000060
allow_out_mask 00000040
out_locked 00000000
out_effective 00000040
n_get 3
n_req_ok 2
n_req_no 0
n_dirin_ok 1
n_dirin_no 0
n_dirout_ok 1
n_dirout_no 0
n_set_ok 0
n_set_no 0
n_writes 2
state_known 1
state_last 0000007C
n_state_chk 224
n_state_foreign 122
foreign_seen 1
foreign_first 0000003C
probed04 0
val04 00000000
# 