for a in 1 2 3 4 5 6 7 8 9 0;do for b in 1 2 3 4 5 6 7 8 9 0;do cat /proc/upti
me /proc/rtl819x-gpio;done;done
1242.62 1221.22
version rtl819x-gpio 1.1
added 1
add_rc 0
base 0
ngpio 32
cnr FFFFFF8B
dir FF000040
dat 0000003C
boot_cnr FFFFFFDF
boot_dir FF000000
boot_dat 0000007C
cnr_as_spec 0
dir_as_spec 0
btn_raw 1
btn_pressed 0
known_mask 00000060
allow_out_mask 00000040
out_locked 00000000
out_effective 00000040
n_get 406
n_req_ok 2
n_req_no 0
n_dirin_ok 1
n_dirin_no 0
n_dirout_ok 1
n_dirout_no 0
n_set_ok 0
n_set_no 0
n_writes 2
state_known 1
state_last 0000007C
n_state_chk 1835
n_state_foreign 935
foreign_seen 1
foreign_first 0000003C
probed04 0
val04 00000000
1242.63 1221.22
version rtl819x-gpio 1.1
added 1
add_rc 0
base 0
ngpio 32
cnr FFFFFF8B
dir FF000040
dat 0000003C
boot_cnr FFFFFFDF
boot_dir FF000000
boot_dat 0000007C
cnr_as_spec 0
dir_as_spec 0
btn_raw 1
btn_pressed 0
known_mask 00000060
allow_out_mask 00000040
out_locked 00000000
out_effective 00000040
n_get 406
n_req_ok 2
n_req_no 0
n_dirin_ok 1
n_dirin_no 0
n_dirout_ok 1
n_dirout_no 0
n_set_ok 0
n_set_no 0
n_writes 2
state_known 1
state_last 0000007C
n_state_chk 1837
n_state_foreign 937
foreign_seen 1
foreign_first 0000003C
probed04 0
val04 00000000
1242.64 1221.22
version rtl819x-gpio 1.1
added 1
add_rc 0
base 0
ngpio 32
cnr FFFFFF8B
dir FF000040
dat 0000003C
boot_cnr FFFFFFDF
boot_dir FF000000
boot_dat 0000007C
cnr_as_spec 0
dir_as_spec 0
btn_raw 1
btn_pressed 0
known_mask 00000060
allow_out_mask 00000040
out_locked 00000000
out_effective 00000040
n_get 406
n_req_ok 2
n_req_no 0
n_dirin_ok 1
n_dirin_no 0
n_dirout_ok 1
n_dirout_no 0
n_set_ok 0
n_set_no 0
n_writes 2
state_known 1
state_last 0000007C
n_state_chk 1839
n_state_foreign 939
foreign_seen 1
foreign_first 0000003C
probed04 0
val04 00000000
1242.66 1221.22
version rtl819x-gpio 1.1
added 1
add_rc 0
base 0
ngpio 32
cnr FFFFFF8B
dir FF000040
dat 0000003C
boot_cnr FFFFFFDF
boot_dir FF000000
boot_dat 0000007C
cnr_as_spec 0
dir_as_spec 0
btn_raw 1
btn_pressed 0
known_mask 00000060
allow_out_mask 00000040
out_locked 00000000
out_effective 00000040
n_get 406
n_req_ok 2
n_req_no 0
n_dirin_ok 1
n_dirin_no 0
n_dirout_ok 1
n_dirout_no 0
n_set_ok 0
n_set_no 0
n_writes 2
state_known 1
state_last 0000007C
n_state_chk 1841
n_state_foreign 941
foreign_seen 1
foreign_first 0000003C
probed04 0
val04 00000000
1242.67 1221.22
version rtl819x-gpio 1.1
added 1
add_rc 0
base 0
ngpio 32
cnr FFFFFF8B
dir FF000040
dat 0000003C
boot_cnr FFFFFFDF
boot_dir FF000000
boot_dat 0000007C
cnr_as_spec 0
dir_as_spec 0
btn_raw 1
btn_pressed 0
known_mask 00000060
allow_out_mask 00000040
out_locked 00000000
out_effective 00000040
n_get 406
n_req_ok 2
n_req_no 0
n_dirin_ok 1
n_dirin_no 0
n_dirout_ok 1
n_dirout_no 0
n_set_ok 0
n_set_no 0
n_writes 2
state_known 1
state_last 0000007C
n_state_chk 1843
n_state_foreign 943
foreign_seen 1
foreign_first 0000003C
probed04 0
val04 00000000
1242.68 1221.22
version rtl819x-gpio 1.1
added 1
add_rc 0
base 0
ngpio 32
cnr FFFFFF8B
dir FF000040
dat 0000003C
boot_cnr FFFFFFDF
boot_dir FF000000
boot_dat 0000007C
cnr_as_spec 0
dir_as_spec 0
btn_raw 1
btn_pressed 0
known_mask 00000060
allow_out_mask 00000040
out_locked 00000000
out_effective 00000040
n_get 406
n_req_ok 2
n_req_no 0
n_dirin_ok 1
n_dirin_no 0
n_dirout_ok 1
n_dirout_no 0
n_set_ok 0
n_set_no 0
n_writes 2
state_known 1
state_last 0000007C
n_state_chk 1845
n_state_foreign 945
foreign_seen 1
foreign_first 0000003C
probed04 0
val04 00000000
1242.69 1221.22
version rtl819x-gpio 1.1
added 1
add_rc 0
base 0
ngpio 32
cnr FFFFFF8B
dir FF000040
dat 0000003C
boot_cnr FFFFFFDF
boot_dir FF000000
boot_dat 0000007C
cnr_as_spec 0
dir_as_spec 0
btn_raw 1
btn_pressed 0
known_mask 00000060
allow_out_mask 00000040
out_locked 00000000
out_effective 00000040
n_get 406
n_req_ok 2
n_req_no 0
n_dirin_ok 1
n_dirin_no 0
n_dirout_ok 1
n_dirout_no 0
n_set_ok 0
n_set_no 0
n_writes 2
state_known 1
state_last 0000007C
n_state_chk 1847
n_state_foreign 947
foreign_seen 1
foreign_first 0000003C
probed04 0
val04 00000000
1242.70 1221.22
version rtl819x-gpio 1.1
added 1
add_rc 0
base 0
ngpio 32
cnr FFFFFF8B
dir FF000040
dat 0000003C
boot_cnr FFFFFFDF
boot_dir FF000000
boot_dat 0000007C
cnr_as_spec 0
dir_as_spec 0
btn_raw 1
btn_pressed 0
known_mask 00000060
allow_out_mask 00000040
out_locked 00000000
out_effective 00000040
n_get 406
n_req_ok 2
n_req_no 0
n_dirin_ok 1
n_dirin_no 0
n_dirout_ok 1
n_dirout_no 0
n_set_ok 0
n_set_no 0
n_writes 2
state_known 1
state_last 0000007C
n_state_chk 1849
n_state_foreign 949
foreign_seen 1
foreign_first 0000003C
probed04 0
val04 00000000
1243.82 1222.33
version rtl819x-gpio 1.1
added 1
add_rc 0
base 0
ngpio 32
cnr FFFFFF8B
dir FF000040
dat 0000003C
boot_cnr FFFFFFDF
boot_dir FF000000
boot_dat 0000007C
cnr_as_spec 0
dir_as_spec 0
btn_raw 1
btn_pressed 0
known_mask 00000060
allow_out_mask 00000040
out_locked 00000000
out_effective 00000040
n_get 406
n_req_ok 2
n_req_no 0
n_dirin_ok 1
n_dirin_no 0
n_dirout_ok 1
n_dirout_no 0
n_set_ok 0
n_set_no 0
n_writes 2
state_known 1
state_last 0000007C
n_state_chk 1851
n_state_foreign 951
foreign_seen 1
foreign_first 0000003C
probed04 0
val04 00000000
1243.83 1222.33
version rtl819x-gpio 1.1
added 1
add_rc 0
base 0
ngpio 32
cnr FFFFFF8B
dir FF000040
dat 0000003C
boot_cnr FFFFFFDF
boot_dir FF000000
boot_dat 0000007C
cnr_as_spec 0
dir_as_spec 0
btn_raw 1
btn_pressed 0
known_mask 00000060
allow_out_mask 00000040
out_locked 00000000
out_effective 00000040
n_get 406
n_req_ok 2
n_req_no 0
n_dirin_ok 1
n_dirin_no 0
n_dirout_ok 1
n_dirout_no 0
n_set_ok 0
n_set_no 0
n_writes 2
state_known 1
state_last 0000007C
n_state_chk 1853
n_state_foreign 953
foreign_seen 1
foreign_first 0000003C
probed04 0
val04 00000000
1243.84 1222.33
version rtl819x-gpio 1.1
added 1
add_rc 0
base 0
ngpio 32
cnr FFFFFF8B
dir FF000040
dat 0000003C
boot_cnr FFFFFFDF
boot_dir FF000000
boot_dat 0000007C
cnr_as_spec 0
dir_as_spec 0
btn_raw 1
btn_pressed 0
known_mask 00000060
allow_out_mask 00000040
out_locked 00000000
out_effective 00000040
n_get 406
n_req_ok 2
n_req_no 0
n_dirin_ok 1
n_dirin_no 0
n_dirout_ok 1
n_dirout_no 0
n_set_ok 0
n_set_no 0
n_writes 2
state_known 1
state_last 0000007C
n_state_chk 1855
n_state_foreign 955
foreign_seen 1
foreign_first 0000003C
probed04 0
val04 00000000
1243.86 1222.33
version rtl819x-gpio 1.1
added 1
add_rc 0
base 0
ngpio 32
cnr FFFFFF8B
dir FF000040
dat 0000003C
boot_cnr FFFFFFDF
boot_dir FF000000
boot_dat 0000007C
cnr_as_spec 0
dir_as_spec 0
btn_raw 1
btn_pressed 0
known_mask 00000060
allow_out_mask 00000040
out_locked 00000000
out_effective 00000040
n_get 406
n_req_ok 2
n_req_no 0
n_dirin_ok 1
n_dirin_no 0
n_dirout_ok 1
n_dirout_no 0
n_set_ok 0
n_set_no 0
n_writes 2
state_known 1
state_last 0000007C
n_state_chk 1857
n_state_foreign 957
foreign_seen 1
foreign_first 0000003C
probed04 0
val04 00000000
1243.87 1222.33
version rtl819x-gpio 1.1
added 1
add_rc 0
base 0
ngpio 32
cnr FFFFFF8B
dir FF000040
dat 0000003C
boot_cnr FFFFFFDF
boot_dir FF000000
boot_dat 0000007C
cnr_as_spec 0
dir_as_spec 0
btn_raw 1
btn_pressed 0
known_mask 00000060
allow_out_mask 00000040
out_locked 00000000
out_effective 00000040
n_get 406
n_req_ok 2
n_req_no 0
n_dirin_ok 1
n_dirin_no 0
n_dirout_ok 1
n_dirout_no 0
n_set_ok 0
n_set_no 0
n_writes 2
state_known 1
state_last 0000007C
n_state_chk 1859
n_state_foreign 959
foreign_seen 1
foreign_first 0000003C
probed04 0
val04 00000000
1243.88 1222.33
version rtl819x-gpio 1.1
added 1
add_rc 0
base 0
ngpio 32
cnr FFFFFF8B
dir FF000040
dat 0000003C
boot_cnr FFFFFFDF
boot_dir FF000000
boot_dat 0000007C
cnr_as_spec 0
dir_as_spec 0
btn_raw 1
btn_pressed 0
known_mask 00000060
allow_out_mask 00000040
out_locked 00000000
out_effective 00000040
n_get 406
n_req_ok 2
n_req_no 0
n_dirin_ok 1
n_dirin_no 0
n_dirout_ok 1
n_dirout_no 0
n_set_ok 0
n_set_no 0
n_writes 2
state_known 1
state_last 0000007C
n_state_chk 1861
n_state_foreign 961
foreign_seen 1
foreign_first 0000003C
probed04 0
val04 00000000
1243.89 1222.33
version rtl819x-gpio 1.1
added 1
add_rc 0
base 0
ngpio 32
cnr FFFFFF8B
dir FF000040
dat 0000003C
boot_cnr FFFFFFDF
boot_dir FF000000
boot_dat 0000007C
cnr_as_spec 0
dir_as_spec 0
btn_raw 1
btn_pressed 0
known_mask 00000060
allow_out_mask 00000040
out_locked 00000000
out_effective 00000040
n_get 406
n_req_ok 2
n_req_no 0
n_dirin_ok 1
n_dirin_no 0
n_dirout_ok 1
n_dirout_no 0
n_set_ok 0
n_set_no 0
n_writes 2
state_known 1
state_last 0000007C
n_state_chk 1863
n_state_foreign 963
foreign_seen 1
foreign_first 0000003C
probed04 0
val04 00000000
1245.01 1223.44
version rtl819x-gpio 1.1
added 1
add_rc 0
base 0
ngpio 32
cnr FFFFFF8B
dir FF000040
dat 0000003C
boot_cnr FFFFFFDF
boot_dir FF000000
boot_dat 0000007C
cnr_as_spec 0
dir_as_spec 0
btn_raw 1
btn_pressed 0
known_mask 00000060
allow_out_mask 00000040
out_locked 00000000
out_effective 00000040
n_get 406
n_req_ok 2
n_req_no 0
n_dirin_ok 1
n_dirin_no 0
n_dirout_ok 1
n_dirout_no 0
n_set_ok 0
n_set_no 0
n_writes 2
state_known 1
state_last 0000007C
n_state_chk 1865
n_state_foreign 965
foreign_seen 1
foreign_first 0000003C
probed04 0
val04 00000000
1245.02 1223.44
version rtl819x-gpio 1.1
added 1
add_rc 0
base 0
ngpio 32
cnr FFFFFF8B
dir FF000040
dat 0000003C
boot_cnr FFFFFFDF
boot_dir FF000000
boot_dat 0000007C
cnr_as_spec 0
dir_as_spec 0
btn_raw 1
btn_pressed 0
known_mask 00000060
allow_out_mask 00000040
out_locked 00000000
out_effective 00000040
n_get 406
n_req_ok 2
n_req_no 0
n_dirin_ok 1
n_dirin_no 0
n_dirout_ok 1
n_dirout_no 0
n_set_ok 0
n_set_no 0
n_writes 2
state_known 1
state_last 0000007C
n_state_chk 1867
n_state_foreign 967
foreign_seen 1
foreign_first 0000003C
probed04 0
val04 00000000
1245.03 1223.44
version rtl819x-gpio 1.1
added 1
add_rc 0
base 0
ngpio 32
cnr FFFFFF8B
dir FF000040
dat 0000003C
boot_cnr FFFFFFDF
boot_dir FF000000
boot_dat 0000007C
cnr_as_spec 0
dir_as_spec 0
btn_raw 1
btn_pressed 0
known_mask 00000060
allow_out_mask 00000040
out_locked 00000000
out_effective 00000040
n_get 406
n_req_ok 2
n_req_no 0
n_dirin_ok 1
n_dirin_no 0
n_dirout_ok 1
n_dirout_no 0
n_set_ok 0
n_set_no 0
n_writes 2
state_known 1
state_last 0000007C
n_state_chk 1869
n_state_foreign 969
foreign_seen 1
foreign_first 0000003C
probed04 0
val04 00000000
1245.05 1223.44
version rtl819x-gpio 1.1
added 1
add_rc 0
base 0
ngpio 32
cnr FFFFFF8B
dir FF000040
dat 0000003C
boot_cnr FFFFFFDF
boot_dir FF000000
boot_dat 0000007C
cnr_as_spec 0
dir_as_spec 0
btn_raw 1
btn_pressed 0
known_mask 00000060
allow_out_mask 00000040
out_locked 00000000
out_effective 00000040
n_get 406
n_req_ok 2
n_req_no 0
n_dirin_ok 1
n_dirin_no 0
n_dirout_ok 1
n_dirout_no 0
n_set_ok 0
n_set_no 0
n_writes 2
state_known 1
state_last 0000007C
n_state_chk 1871
n_state_foreign 971
foreign_seen 1
foreign_first 0000003C
probed04 0
val04 00000000
1245.06 1223.44
version rtl819x-gpio 1.1
added 1
add_rc 0
base 0
ngpio 32
cnr FFFFFF8B
dir FF000040
dat 0000003C
boot_cnr FFFFFFDF
boot_dir FF000000
boot_dat 0000007C
cnr_as_spec 0
dir_as_spec 0
btn_raw 1
btn_pressed 0
known_mask 00000060
allow_out_mask 00000040
out_locked 00000000
out_effective 00000040
n_get 406
n_req_ok 2
n_req_no 0
n_dirin_ok 1
n_dirin_no 0
n_dirout_ok 1
n_dirout_no 0
n_set_ok 0
n_set_no 0
n_writes 2
state_known 1
state_last 0000007C
n_state_chk 1873
n_state_foreign 973
foreign_seen 1
foreign_first 0000003C
probed04 0
val04 00000000
1245.07 1223.44
version rtl819x-gpio 1.1
added 1
add_rc 0
base 0
ngpio 32
cnr FFFFFF8B
dir FF000040
dat 0000003C
boot_cnr FFFFFFDF
boot_dir FF000000
boot_dat 0000007C
cnr_as_spec 0
dir_as_spec 0
btn_raw 1
btn_pressed 0
known_mask 00000060
allow_out_mask 00000040
out_locked 00000000
out_effective 00000040
n_get 406
n_req_ok 2
n_req_no 0
n_dirin_ok 1
n_dirin_no 0
n_dirout_ok 1
n_dirout_no 0
n_set_ok 0
n_set_no 0
n_writes 2
state_known 1
state_last 0000007C
n_state_chk 1875
n_state_foreign 975
foreign_seen 1
foreign_first 0000003C
probed04 0
val04 00000000
1245.08 1223.44
version rtl819x-gpio 1.1
added 1
add_rc 0
base 0
ngpio 32
cnr FFFFFF8B
dir FF000040
dat 0000003C
boot_cnr FFFFFFDF
boot_dir FF000000
boot_dat 0000007C
cnr_as_spec 0
dir_as_spec 0
btn_raw 1
btn_pressed 0
known_mask 00000060
allow_out_mask 00000040
out_locked 00000000
out_effective 00000040
n_get 406
n_req_ok 2
n_req_no 0
n_dirin_ok 1
n_dirin_no 0
n_dirout_ok 1
n_dirout_no 0
n_set_ok 0
n_set_no 0
n_writes 2
state_known 1
state_last 0000007C
n_state_chk 1877
n_state_foreign 977
foreign_seen 1
foreign_first 0000003C
probed04 0
val04 00000000
1246.20 1224.55
version rtl819x-gpio 1.1
added 1
add_rc 0
base 0
ngpio 32
cnr FFFFFF8B
dir FF000040
dat 0000003C
boot_cnr FFFFFFDF
boot_dir FF000000
boot_dat 0000007C
cnr_as_spec 0
dir_as_spec 0
btn_raw 1
btn_pressed 0
known_mask 00000060
allow_out_mask 00000040
out_locked 00000000
out_effective 00000040
n_get 406
n_req_ok 2
n_req_no 0
n_dirin_ok 1
n_dirin_no 0
n_dirout_ok 1
n_dirout_no 0
n_set_ok 0
n_set_no 0
n_writes 2
state_known 1
state_last 0000007C
n_state_chk 1879
n_state_foreign 979
foreign_seen 1
foreign_first 0000003C
probed04 0
val04 00000000
1246.21 1224.55
version rtl819x-gpio 1.1
added 1
add_rc 0
base 0
ngpio 32
cnr FFFFFF8B
dir FF000040
dat 0000003C
boot_cnr FFFFFFDF
boot_dir FF000000
boot_dat 0000007C
cnr_as_spec 0
dir_as_spec 0
btn_raw 1
btn_pressed 0
known_mask 00000060
allow_out_mask 00000040
out_locked 00000000
out_effective 00000040
n_get 406
n_req_ok 2
n_req_no 0
n_dirin_ok 1
n_dirin_no 0
n_dirout_ok 1
n_dirout_no 0
n_set_ok 0
n_set_no 0
n_writes 2
state_known 1
state_last 0000007C
n_state_chk 1881
n_state_foreign 981
foreign_seen 1
foreign_first 0000003C
probed04 0
val04 00000000
1246.22 1224.55
version rtl819x-gpio 1.1
added 1
add_rc 0
base 0
ngpio 32
cnr FFFFFF8B
dir FF000040
dat 0000003C
boot_cnr FFFFFFDF
boot_dir FF000000
boot_dat 0000007C
cnr_as_spec 0
dir_as_spec 0
btn_raw 1
btn_pressed 0
known_mask 00000060
allow_out_mask 00000040
out_locked 00000000
out_effective 00000040
n_get 406
n_req_ok 2
n_req_no 0
n_dirin_ok 1
n_dirin_no 0
n_dirout_ok 1
n_dirout_no 0
n_set_ok 0
n_set_no 0
n_writes 2
state_known 1
state_last 0000007C
n_state_chk 1883
n_state_foreign 983
foreign_seen 1
foreign_first 0000003C
probed04 0
val04 00000000
1246.24 1224.55
version rtl819x-gpio 1.1
added 1
add_rc 0
base 0
ngpio 32
cnr FFFFFF8B
dir FF000040
dat 0000003C
boot_cnr FFFFFFDF
boot_dir FF000000
boot_dat 0000007C
cnr_as_spec 0
dir_as_spec 0
btn_raw 1
btn_pressed 0
known_mask 00000060
allow_out_mask 00000040
out_locked 00000000
out_effective 00000040
n_get 406
n_req_ok 2
n_req_no 0
n_dirin_ok 1
n_dirin_no 0
n_dirout_ok 1
n_dirout_no 0
n_set_ok 0
n_set_no 0
n_writes 2
state_known 1
state_last 0000007C
n_state_chk 1885
n_state_foreign 985
foreign_seen 1
foreign_first 0000003C
probed04 0
val04 00000000
1246.25 1224.55
version rtl819x-gpio 1.1
added 1
add_rc 0
base 0
ngpio 32
cnr FFFFFF8B
dir FF000040
dat 0000003C
boot_cnr FFFFFFDF
boot_dir FF000000
boot_dat 0000007C
cnr_as_spec 0
dir_as_spec 0
btn_raw 1
btn_pressed 0
known_mask 00000060
allow_out_mask 00000040
out_locked 00000000
out_effective 00000040
n_get 406
n_req_ok 2
n_req_no 0
n_dirin_ok 1
n_dirin_no 0
n_dirout_ok 1
n_dirout_no 0
n_set_ok 0
n_set_no 0
n_writes 2
state_known 1
state_last 0000007C
n_state_chk 1887
n_state_foreign 987
foreign_seen 1
foreign_first 0000003C
probed04 0
val04 00000000
1246.26 1224.55
version rtl819x-gpio 1.1
added 1
add_rc 0
base 0
ngpio 32
cnr FFFFFF8B
dir FF000040
dat 0000003C
boot_cnr FFFFFFDF
boot_dir FF000000
boot_dat 0000007C
cnr_as_spec 0
dir_as_spec 0
btn_raw 1
btn_pressed 0
known_mask 00000060
allow_out_mask 00000040
out_locked 00000000
out_effective 00000040
n_get 406
n_req_ok 2
n_req_no 0
n_dirin_ok 1
n_dirin_no 0
n_dirout_ok 1
n_dirout_no 0
n_set_ok 0
n_set_no 0
n_writes 2
state_known 1
state_last 0000007C
n_state_chk 1889
n_state_foreign 989
foreign_seen 1
foreign_first 0000003C
probed04 0
val04 00000000
1246.27 1224.55
version rtl819x-gpio 1.1
added 1
add_rc 0
base 0
ngpio 32
cnr FFFFFF8B
dir FF000040
dat 0000003C
boot_cnr FFFFFFDF
boot_dir FF000000
boot_dat 0000007C
cnr_as_spec 0
dir_as_spec 0
btn_raw 1
btn_pressed 0
known_mask 00000060
allow_out_mask 00000040
out_locked 00000000
out_effective 00000040
n_get 406
n_req_ok 2
n_req_no 0
n_dirin_ok 1
n_dirin_no 0
n_dirout_ok 1
n_dirout_no 0
n_set_ok 0
n_set_no 0
n_writes 2
state_known 1
state_last 0000007C
n_state_chk 1891
n_state_foreign 991
foreign_seen 1
foreign_first 0000003C
probed04 0
val04 00000000
1247.39 1225.66
version rtl819x-gpio 1.1
added 1
add_rc 0
base 0
ngpio 32
cnr FFFFFF8B
dir FF000040
dat 0000003C
boot_cnr FFFFFFDF
boot_dir FF000000
boot_dat 0000007C
cnr_as_spec 0
dir_as_spec 0
btn_raw 1
btn_pressed 0
known_mask 00000060
allow_out_mask 00000040
out_locked 00000000
out_effective 00000040
n_get 406
n_req_ok 2
n_req_no 0
n_dirin_ok 1
n_dirin_no 0
n_dirout_ok 1
n_dirout_no 0
n_set_ok 0
n_set_no 0
n_writes 2
state_known 1
state_last 0000007C
n_state_chk 1893
n_state_foreign 993
foreign_seen 1
foreign_first 0000003C
probed04 0
val04 00000000
1247.40 1225.66
version rtl819x-gpio 1.1
added 1
add_rc 0
base 0
ngpio 32
cnr FFFFFF8B
dir FF000040
dat 0000003C
boot_cnr FFFFFFDF
boot_dir FF000000
boot_dat 0000007C
cnr_as_spec 0
dir_as_spec 0
btn_raw 1
btn_pressed 0
known_mask 00000060
allow_out_mask 00000040
out_locked 00000000
out_effective 00000040
n_get 406
n_req_ok 2
n_req_no 0
n_dirin_ok 1
n_dirin_no 0
n_dirout_ok 1
n_dirout_no 0
n_set_ok 0
n_set_no 0
n_writes 2
state_known 1
state_last 0000007C
n_state_chk 1895
n_state_foreign 995
foreign_seen 1
foreign_first 0000003C
probed04 0
val04 00000000
1247.41 1225.66
version rtl819x-gpio 1.1
added 1
add_rc 0
base 0
ngpio 32
cnr FFFFFF8B
dir FF000040
dat 0000003C
boot_cnr FFFFFFDF
boot_dir FF000000
boot_dat 0000007C
cnr_as_spec 0
dir_as_spec 0
btn_raw 1
btn_pressed 0
known_mask 00000060
allow_out_mask 00000040
out_locked 00000000
out_effective 00000040
n_get 406
n_req_ok 2
n_req_no 0
n_dirin_ok 1
n_dirin_no 0
n_dirout_ok 1
n_dirout_no 0
n_set_ok 0
n_set_no 0
n_writes 2
state_known 1
state_last 0000007C
n_state_chk 1897
n_state_foreign 997
foreign_seen 1
foreign_first 0000003C
probed04 0
val04 00000000
1247.43 1225.66
version rtl819x-gpio 1.1
added 1
add_rc 0
base 0
ngpio 32
cnr FFFFFF8B
dir FF000040
dat 0000003C
boot_cnr FFFFFFDF
boot_dir FF000000
boot_dat 0000007C
cnr_as_spec 0
dir_as_spec 0
btn_raw 1
btn_pressed 0
known_mask 00000060
allow_out_mask 00000040
out_locked 00000000
out_effective 00000040
n_get 406
n_req_ok 2
n_req_no 0
n_dirin_ok 1
n_dirin_no 0
n_dirout_ok 1
n_dirout_no 0
n_set_ok 0
n_set_no 0
n_writes 2
state_known 1
state_last 0000007C
n_state_chk 1899
n_state_foreign 999
foreign_seen 1
foreign_first 0000003C
probed04 0
val04 00000000

1247.44 1225.66
version rtl819x-gpio 1.1
added 1
add_rc 0
base 0
ngpio 32
cnr FFFFFF8B
dir FF000040
dat 0000003C
boot_cnr FFFFFFDF
boot_dir FF000000
boot_dat 0000007C
cnr_as_spec 0
dir_as_spec 0
btn_raw 1
btn_pressed 0
known_mask 00000060
allow_out_mask 00000040
out_locked 00000000
out_effective 00000040
n_get 406
n_req_ok 2
n_req_no 0
n_dirin_ok 1
n_dirin_no 0
n_dirout_ok 1
n_dirout_no 0
n_set_ok 0
n_set_no 0
n_writes 2
state_known 1
state_last 0000007C
n_state_chk 1902
n_state_foreign 1002
foreign_seen 1
foreign_first 0000003C
probed04 0
val04 00000000
1247.45 1225.66
version rtl819x-gpio 1.1
added 1
add_rc 0
base 0
ngpio 32
cnr FFFFFF8B
dir FF000040
dat 0000003C
boot_cnr FFFFFFDF
boot_dir FF000000
boot_dat 0000007C
cnr_as_spec 0
dir_as_spec 0
btn_raw 1
btn_pressed 0
known_mask 00000060
allow_out_mask 00000040
out_locked 00000000
out_effective 00000040
n_get 406
n_req_ok 2
n_req_no 0
n_dirin_ok 1
n_dirin_no 0
n_dirout_ok 1
n_dirout_no 0
n_set_ok 0
n_set_no 0
n_writes 2
state_known 1
state_last 0000007C
n_state_chk 1904
n_state_foreign 1004
foreign_seen 1
foreign_first 0000003C
probed04 0
val04 00000000
1248.57 1226.77
version rtl819x-gpio 1.1
added 1
add_rc 0
base 0
ngpio 32
cnr FFFFFF8B
dir FF000040
dat 0000003C
boot_cnr FFFFFFDF
boot_dir FF000000
boot_dat 0000007C
cnr_as_spec 0
dir_as_spec 0
btn_raw 1
btn_pressed 0
known_mask 00000060
allow_out_mask 00000040
out_locked 00000000
out_effective 00000040
n_get 406
n_req_ok 2
n_req_no 0
n_dirin_ok 1
n_dirin_no 0
n_dirout_ok 1
n_dirout_no 0
n_set_ok 0
n_set_no 0
n_writes 2
state_known 1
state_last 0000007C
n_state_chk 1906
n_state_foreign 1006
foreign_seen 1
foreign_first 0000003C
probed04 0
val04 00000000
1248.58 1226.77
version rtl819x-gpio 1.1
added 1
add_rc 0
base 0
ngpio 32
cnr FFFFFF8B
dir FF000040
dat 0000003C
boot_cnr FFFFFFDF
boot_dir FF000000
boot_dat 0000007C
cnr_as_spec 0
dir_as_spec 0
btn_raw 1
btn_pressed 0
known_mask 00000060
allow_out_mask 00000040
out_locked 00000000
out_effective 00000040
n_get 406
n_req_ok 2
n_req_no 0
n_dirin_ok 1
n_dirin_no 0
n_dirout_ok 1
n_dirout_no 0
n_set_ok 0
n_set_no 0
n_writes 2
state_known 1
state_last 0000007C
n_state_chk 1908
n_state_foreign 1008
foreign_seen 1
foreign_first 0000003C
probed04 0
val04 00000000
1248.59 1226.77
version rtl819x-gpio 1.1
added 1
add_rc 0
base 0
ngpio 32
cnr FFFFFF8B
dir FF000040
dat 0000003C
boot_cnr FFFFFFDF
boot_dir FF000000
boot_dat 0000007C
cnr_as_spec 0
dir_as_spec 0
btn_raw 1
btn_pressed 0
known_mask 00000060
allow_out_mask 00000040
out_locked 00000000
out_effective 00000040
n_get 406
n_req_ok 2
n_req_no 0
n_dirin_ok 1
n_dirin_no 0
n_dirout_ok 1
n_dirout_no 0
n_set_ok 0
n_set_no 0
n_writes 2
state_known 1
state_last 0000007C
n_state_chk 1910
n_state_foreign 1010
foreign_seen 1
foreign_first 0000003C
probed04 0
val04 00000000
1248.60 1226.77
version rtl819x-gpio 1.1
added 1
add_rc 0
base 0
ngpio 32
cnr FFFFFF8B
dir FF000040
dat 0000003C
boot_cnr FFFFFFDF
boot_dir FF000000
boot_dat 0000007C
cnr_as_spec 0
dir_as_spec 0
btn_raw 1
btn_pressed 0
known_mask 00000060
allow_out_mask 00000040
out_locked 00000000
out_effective 00000040
n_get 406
n_req_ok 2
n_req_no 0
n_dirin_ok 1
n_dirin_no 0
n_dirout_ok 1
n_dirout_no 0
n_set_ok 0
n_set_no 0
n_writes 2
state_known 1
state_last 0000007C
n_state_chk 1912
n_state_foreign 1012
foreign_seen 1
foreign_first 0000003C
probed04 0
val04 00000000
1248.61 1226.77
version rtl819x-gpio 1.1
added 1
add_rc 0
base 0
ngpio 32
cnr FFFFFF8B
dir FF000040
dat 0000003C
boot_cnr FFFFFFDF
boot_dir FF000000
boot_dat 0000007C
cnr_as_spec 0
dir_as_spec 0
btn_raw 1
btn_pressed 0
known_mask 00000060
allow_out_mask 00000040
out_locked 00000000
out_effective 00000040
n_get 406
n_req_ok 2
n_req_no 0
n_dirin_ok 1
n_dirin_no 0
n_dirout_ok 1
n_dirout_no 0
n_set_ok 0
n_set_no 0
n_writes 2
state_known 1
state_last 0000007C
n_state_chk 1914
n_state_foreign 1014
foreign_seen 1
foreign_first 0000003C
probed04 0
val04 00000000
1248.63 1226.77
version rtl819x-gpio 1.1
added 1
add_rc 0
base 0
ngpio 32
cnr FFFFFF8B
dir FF000040
dat 0000003C
boot_cnr FFFFFFDF
boot_dir FF000000
boot_dat 0000007C
cnr_as_spec 0
dir_as_spec 0
btn_raw 1
btn_pressed 0
known_mask 00000060
allow_out_mask 00000040
out_locked 00000000
out_effective 00000040
n_get 406
n_req_ok 2
n_req_no 0
n_dirin_ok 1
n_dirin_no 0
n_dirout_ok 1
n_dirout_no 0
n_set_ok 0
n_set_no 0
n_writes 2
state_known 1
state_last 0000007C
n_state_chk 1916
n_state_foreign 1016
foreign_seen 1
foreign_first 0000003C
probed04 0
val04 00000000
1248.64 1226.77
version rtl819x-gpio 1.1
added 1
add_rc 0
base 0
ngpio 32
cnr FFFFFF8B
dir FF000040
dat 0000003C
boot_cnr FFFFFFDF
boot_dir FF000000
boot_dat 0000007C
cnr_as_spec 0
dir_as_spec 0
btn_raw 1
btn_pressed 0
known_mask 00000060
allow_out_mask 00000040
out_locked 00000000
out_effective 00000040
n_get 406
n_req_ok 2
n_req_no 0
n_dirin_ok 1
n_dirin_no 0
n_dirout_ok 1
n_dirout_no 0
n_set_ok 0
n_set_no 0
n_writes 2
state_known 1
state_last 0000007C
n_state_chk 1918
n_state_foreign 1018
foreign_seen 1
foreign_first 0000003C
probed04 0
val04 00000000
1249.76 1227.88
version rtl819x-gpio 1.1
added 1
add_rc 0
base 0
ngpio 32
cnr FFFFFF8B
dir FF000040
dat 0000003C
boot_cnr FFFFFFDF
boot_dir FF000000
boot_dat 0000007C
cnr_as_spec 0
dir_as_spec 0
btn_raw 1
btn_pressed 0
known_mask 00000060
allow_out_mask 00000040
out_locked 00000000
out_effective 00000040
n_get 406
n_req_ok 2
n_req_no 0
n_dirin_ok 1
n_dirin_no 0
n_dirout_ok 1
n_dirout_no 0
n_set_ok 0
n_set_no 0
n_writes 2
state_known 1
state_last 0000007C
n_state_chk 1920
n_state_foreign 1020
foreign_seen 1
foreign_first 0000003C
probed04 0
val04 00000000
1249.77 1227.88
version rtl819x-gpio 1.1
added 1
add_rc 0
base 0
ngpio 32
cnr FFFFFF8B
dir FF000040
dat 0000003C
boot_cnr FFFFFFDF
boot_dir FF000000
boot_dat 0000007C
cnr_as_spec 0
dir_as_spec 0
btn_raw 1
btn_pressed 0
known_mask 00000060
allow_out_mask 00000040
out_locked 00000000
out_effective 00000040
n_get 406
n_req_ok 2
n_req_no 0
n_dirin_ok 1
n_dirin_no 0
n_dirout_ok 1
n_dirout_no 0
n_set_ok 0
n_set_no 0
n_writes 2
state_known 1
state_last 0000007C
n_state_chk 1922
n_state_foreign 1022
foreign_seen 1
foreign_first 0000003C
probed04 0
val04 00000000
1249.78 1227.88
version rtl819x-gpio 1.1
added 1
add_rc 0
base 0
ngpio 32
cnr FFFFFF8B
dir FF000040
dat 0000003C
boot_cnr FFFFFFDF
boot_dir FF000000
boot_dat 0000007C
cnr_as_spec 0
dir_as_spec 0
btn_raw 1
btn_pressed 0
known_mask 00000060
allow_out_mask 00000040
out_locked 00000000
out_effective 00000040
n_get 406
n_req_ok 2
n_req_no 0
n_dirin_ok 1
n_dirin_no 0
n_dirout_ok 1
n_dirout_no 0
n_set_ok 0
n_set_no 0
n_writes 2
state_known 1
state_last 0000007C
n_state_chk 1924
n_state_foreign 1024
foreign_seen 1
foreign_first 0000003C
probed04 0
val04 00000000
1249.79 1227.88
version rtl819x-gpio 1.1
added 1
add_rc 0
base 0
ngpio 32
cnr FFFFFF8B
dir FF000040
dat 0000003C
boot_cnr FFFFFFDF
boot_dir FF000000
boot_dat 0000007C
cnr_as_spec 0
dir_as_spec 0
btn_raw 1
btn_pressed 0
known_mask 00000060
allow_out_mask 00000040
out_locked 00000000
out_effective 00000040
n_get 406
n_req_ok 2
n_req_no 0
n_dirin_ok 1
n_dirin_no 0
n_dirout_ok 1
n_dirout_no 0
n_set_ok 0
n_set_no 0
n_writes 2
state_known 1
state_last 0000007C
n_state_chk 1926
n_state_foreign 1026
foreign_seen 1
foreign_first 0000003C
probed04 0
val04 00000000
1249.80 1227.88
version rtl819x-gpio 1.1
added 1
add_rc 0
base 0
ngpio 32
cnr FFFFFF8B
dir FF000040
dat 0000003C
boot_cnr FFFFFFDF
boot_dir FF000000
boot_dat 0000007C
cnr_as_spec 0
dir_as_spec 0
btn_raw 1
btn_pressed 0
known_mask 00000060
allow_out_mask 00000040
out_locked 00000000
out_effective 00000040
n_get 406
n_req_ok 2
n_req_no 0
n_dirin_ok 1
n_dirin_no 0
n_dirout_ok 1
n_dirout_no 0
n_set_ok 0
n_set_no 0
n_writes 2
state_known 1
state_last 0000007C
n_state_chk 1928
n_state_foreign 1028
foreign_seen 1
foreign_first 0000003C
probed04 0
val04 00000000
1249.82 1227.88
version rtl819x-gpio 1.1
added 1
add_rc 0
base 0
ngpio 32
cnr FFFFFF8B
dir FF000040
dat 0000003C
boot_cnr FFFFFFDF
boot_dir FF000000
boot_dat 0000007C
cnr_as_spec 0
dir_as_spec 0
btn_raw 1
btn_pressed 0
known_mask 00000060
allow_out_mask 00000040
out_locked 00000000
out_effective 00000040
n_get 406
n_req_ok 2
n_req_no 0
n_dirin_ok 1
n_dirin_no 0
n_dirout_ok 1
n_dirout_no 0
n_set_ok 0
n_set_no 0
n_writes 2
state_known 1
state_last 0000007C
n_state_chk 1930
n_state_foreign 1030
foreign_seen 1
foreign_first 0000003C
probed04 0
val04 00000000
1249.83 1227.88
version rtl819x-gpio 1.1
added 1
add_rc 0
base 0
ngpio 32
cnr FFFFFF8B
dir FF000040
dat 0000003C
boot_cnr FFFFFFDF
boot_dir FF000000
boot_dat 0000007C
cnr_as_spec 0
dir_as_spec 0
btn_raw 1
btn_pressed 0
known_mask 00000060
allow_out_mask 00000040
out_locked 00000000
out_effective 00000040
n_get 406
n_req_ok 2
n_req_no 0
n_dirin_ok 1
n_dirin_no 0
n_dirout_ok 1
n_dirout_no 0
n_set_ok 0
n_set_no 0
n_writes 2
state_known 1
state_last 0000007C
n_state_chk 1932
n_state_foreign 1032
foreign_seen 1
foreign_first 0000003C
probed04 0
val04 00000000
1250.95 1228.98
version rtl819x-gpio 1.1
added 1
add_rc 0
base 0
ngpio 32
cnr FFFFFF8B
dir FF000040
dat 0000003C
boot_cnr FFFFFFDF
boot_dir FF000000
boot_dat 0000007C
cnr_as_spec 0
dir_as_spec 0
btn_raw 1
btn_pressed 0
known_mask 00000060
allow_out_mask 00000040
out_locked 00000000
out_effective 00000040
n_get 406
n_req_ok 2
n_req_no 0
n_dirin_ok 1
n_dirin_no 0
n_dirout_ok 1
n_dirout_no 0
n_set_ok 0
n_set_no 0
n_writes 2
state_known 1
state_last 0000007C
n_state_chk 1934
n_state_foreign 1034
foreign_seen 1
foreign_first 0000003C
probed04 0
val04 00000000
1250.96 1228.98
version rtl819x-gpio 1.1
added 1
add_rc 0
base 0
ngpio 32
cnr FFFFFF8B
dir FF000040
dat 0000003C
boot_cnr FFFFFFDF
boot_dir FF000000
boot_dat 0000007C
cnr_as_spec 0
dir_as_spec 0
btn_raw 1
btn_pressed 0
known_mask 00000060
allow_out_mask 00000040
out_locked 00000000
out_effective 00000040
n_get 406
n_req_ok 2
n_req_no 0
n_dirin_ok 1
n_dirin_no 0
n_dirout_ok 1
n_dirout_no 0
n_set_ok 0
n_set_no 0
n_writes 2
state_known 1
state_last 0000007C
n_state_chk 1936
n_state_foreign 1036
foreign_seen 1
foreign_first 0000003C
probed04 0
val04 00000000
1250.97 1228.98
version rtl819x-gpio 1.1
added 1
add_rc 0
base 0
ngpio 32
cnr FFFFFF8B
dir FF000040
dat 0000003C
boot_cnr FFFFFFDF
boot_dir FF000000
boot_dat 0000007C
cnr_as_spec 0
dir_as_spec 0
btn_raw 1
btn_pressed 0
known_mask 00000060
allow_out_mask 00000040
out_locked 00000000
out_effective 00000040
n_get 406
n_req_ok 2
n_req_no 0
n_dirin_ok 1
n_dirin_no 0
n_dirout_ok 1
n_dirout_no 0
n_set_ok 0
n_set_no 0
n_writes 2
state_known 1
state_last 0000007C
n_state_chk 1938
n_state_foreign 1038
foreign_seen 1
foreign_first 0000003C
probed04 0
val04 00000000
1250.98 1228.98
version rtl819x-gpio 1.1
added 1
add_rc 0
base 0
ngpio 32
cnr FFFFFF8B
dir FF000040
dat 0000003C
boot_cnr FFFFFFDF
boot_dir FF000000
boot_dat 0000007C
cnr_as_spec 0
dir_as_spec 0
btn_raw 1
btn_pressed 0
known_mask 00000060
allow_out_mask 00000040
out_locked 00000000
out_effective 00000040
n_get 406
n_req_ok 2
n_req_no 0
n_dirin_ok 1
n_dirin_no 0
n_dirout_ok 1
n_dirout_no 0
n_set_ok 0
n_set_no 0
n_writes 2
state_known 1
state_last 0000007C
n_state_chk 1940
n_state_foreign 1040
foreign_seen 1
foreign_first 0000003C
probed04 0
val04 00000000
1250.99 1228.98
version rtl819x-gpio 1.1
added 1
add_rc 0
base 0
ngpio 32
cnr FFFFFF8B
dir FF000040
dat 0000003C
boot_cnr FFFFFFDF
boot_dir FF000000
boot_dat 0000007C
cnr_as_spec 0
dir_as_spec 0
btn_raw 1
btn_pressed 0
known_mask 00000060
allow_out_mask 00000040
out_locked 00000000
out_effective 00000040
n_get 406
n_req_ok 2
n_req_no 0
n_dirin_ok 1
n_dirin_no 0
n_dirout_ok 1
n_dirout_no 0
n_set_ok 0
n_set_no 0
n_writes 2
state_known 1
state_last 0000007C
n_state_chk 1942
n_state_foreign 1042
foreign_seen 1
foreign_first 0000003C
probed04 0
val04 00000000
1251.00 1228.98
version rtl819x-gpio 1.1
added 1
add_rc 0
base 0
ngpio 32
cnr FFFFFF8B
dir FF000040
dat 0000003C
boot_cnr FFFFFFDF
boot_dir FF000000
boot_dat 0000007C
cnr_as_spec 0
dir_as_spec 0
btn_raw 1
btn_pressed 0
known_mask 00000060
allow_out_mask 00000040
out_locked 00000000
out_effective 00000040
n_get 406
n_req_ok 2
n_req_no 0
n_dirin_ok 1
n_dirin_no 0
n_dirout_ok 1
n_dirout_no 0
n_set_ok 0
n_set_no 0
n_writes 2
state_known 1
state_last 0000007C
n_state_chk 1944
n_state_foreign 1044
foreign_seen 1
foreign_first 0000003C
probed04 0
val04 00000000
1251.02 1228.98
version rtl819x-gpio 1.1
added 1
add_rc 0
base 0
ngpio 32
cnr FFFFFF8B
dir FF000040
dat 0000003C
boot_cnr FFFFFFDF
boot_dir FF000000
boot_dat 0000007C
cnr_as_spec 0
dir_as_spec 0
btn_raw 1
btn_pressed 0
known_mask 00000060
allow_out_mask 00000040
out_locked 00000000
out_effective 00000040
n_get 406
n_req_ok 2
n_req_no 0
n_dirin_ok 1
n_dirin_no 0
n_dirout_ok 1
n_dirout_no 0
n_set_ok 0
n_set_no 0
n_writes 2
state_known 1
state_last 0000007C
n_state_chk 1946
n_state_foreign 1046
foreign_seen 1
foreign_first 0000003C
probed04 0
val04 00000000
1252.13 1230.08
version rtl819x-gpio 1.1
added 1
add_rc 0
base 0
ngpio 32
cnr FFFFFF8B
dir FF000040
dat 0000003C
boot_cnr FFFFFFDF
boot_dir FF000000
boot_dat 0000007C
cnr_as_spec 0
dir_as_spec 0
btn_raw 1
btn_pressed 0
known_mask 00000060
allow_out_mask 00000040
out_locked 00000000
out_effective 00000040
n_get 406
n_req_ok 2
n_req_no 0
n_dirin_ok 1
n_dirin_no 0
n_dirout_ok 1
n_dirout_no 0
n_set_ok 0
n_set_no 0
n_writes 2
state_known 1
state_last 0000007C
n_state_chk 1948
n_state_foreign 1048
foreign_seen 1
foreign_first 0000003C
probed04 0
val04 00000000
1252.15 1230.08
version rtl819x-gpio 1.1
added 1
add_rc 0
base 0
ngpio 32
cnr FFFFFF8B
dir FF000040
dat 0000003C
boot_cnr FFFFFFDF
boot_dir FF000000
boot_dat 0000007C
cnr_as_spec 0
dir_as_spec 0
btn_raw 1
btn_pressed 0
known_mask 00000060
allow_out_mask 00000040
out_locked 00000000
out_effective 00000040
n_get 406
n_req_ok 2
n_req_no 0
n_dirin_ok 1
n_dirin_no 0
n_dirout_ok 1
n_dirout_no 0
n_set_ok 0
n_set_no 0
n_writes 2
state_known 1
state_last 0000007C
n_state_chk 1950
n_state_foreign 1050
foreign_seen 1
foreign_first 0000003C
probed04 0
val04 00000000
1252.16 1230.08
version rtl819x-gpio 1.1
added 1
add_rc 0
base 0
ngpio 32
cnr FFFFFF8B
dir FF000040
dat 0000003C
boot_cnr FFFFFFDF
boot_dir FF000000
boot_dat 0000007C
cnr_as_spec 0
dir_as_spec 0
btn_raw 1
btn_pressed 0
known_mask 00000060
allow_out_mask 00000040
out_locked 00000000
out_effective 00000040
n_get 406
n_req_ok 2
n_req_no 0
n_dirin_ok 1
n_dirin_no 0
n_dirout_ok 1
n_dirout_no 0
n_set_ok 0
n_set_no 0
n_writes 2
state_known 1
state_last 0000007C
n_state_chk 1952
n_state_foreign 1052
foreign_seen 1
foreign_first 0000003C
probed04 0
val04 00000000
1252.17 1230.08
version rtl819x-gpio 1.1
added 1
add_rc 0
base 0
ngpio 32
cnr FFFFFF8B
dir FF000040
dat 0000003C
boot_cnr FFFFFFDF
boot_dir FF000000
boot_dat 0000007C
cnr_as_spec 0
dir_as_spec 0
btn_raw 1
btn_pressed 0
known_mask 00000060
allow_out_mask 00000040
out_locked 00000000
out_effective 00000040
n_get 406
n_req_ok 2
n_req_no 0
n_dirin_ok 1
n_dirin_no 0
n_dirout_ok 1
n_dirout_no 0
n_set_ok 0
n_set_no 0
n_writes 2
state_known 1
state_last 0000007C
n_state_chk 1954
n_state_foreign 1054
foreign_seen 1
foreign_first 0000003C
probed04 0
val04 00000000
1252.18 1230.08
version rtl819x-gpio 1.1
added 1
add_rc 0
base 0
ngpio 32
cnr FFFFFF8B
dir FF000040
dat 0000003C
boot_cnr FFFFFFDF
boot_dir FF000000
boot_dat 0000007C
cnr_as_spec 0
dir_as_spec 0
btn_raw 1
btn_pressed 0
known_mask 00000060
allow_out_mask 00000040
out_locked 00000000
out_effective 00000040
n_get 406
n_req_ok 2
n_req_no 0
n_dirin_ok 1
n_dirin_no 0
n_dirout_ok 1
n_dirout_no 0
n_set_ok 0
n_set_no 0
n_writes 2
state_known 1
state_last 0000007C
n_state_chk 1956
n_state_foreign 1056
foreign_seen 1
foreign_first 0000003C
probed04 0
val04 00000000
1252.19 1230.08
version rtl819x-gpio 1.1
added 1
add_rc 0
base 0
ngpio 32
cnr FFFFFF8B
dir FF000040
dat 0000003C
boot_cnr FFFFFFDF
boot_dir FF000000
boot_dat 0000007C
cnr_as_spec 0
dir_as_spec 0
btn_raw 1
btn_pressed 0
known_mask 00000060
allow_out_mask 00000040
out_locked 00000000
out_effective 00000040
n_get 406
n_req_ok 2
n_req_no 0
n_dirin_ok 1
n_dirin_no 0
n_dirout_ok 1
n_dirout_no 0
n_set_ok 0
n_set_no 0
n_writes 2
state_known 1
state_last 0000007C
n_state_chk 1958
n_state_foreign 1058
foreign_seen 1
foreign_first 0000003C
probed04 0
val04 00000000
1252.21 1230.08
version rtl819x-gpio 1.1
added 1
add_rc 0
base 0
ngpio 32
cnr FFFFFF8B
dir FF000040
dat 0000003C
boot_cnr FFFFFFDF
boot_dir FF000000
boot_dat 0000007C
cnr_as_spec 0
dir_as_spec 0
btn_raw 1
btn_pressed 0
known_mask 00000060
allow_out_mask 00000040
out_locked 00000000
out_effective 00000040
n_get 406
n_req_ok 2
n_req_no 0
n_dirin_ok 1
n_dirin_no 0
n_dirout_ok 1
n_dirout_no 0
n_set_ok 0
n_set_no 0
n_writes 2
state_known 1
state_last 0000007C
n_state_chk 1960
n_state_foreign 1060
foreign_seen 1
foreign_first 0000003C
probed04 0
val04 00000000
1253.32 1231.18
version rtl819x-gpio 1.1
added 1
add_rc 0
base 0
ngpio 32
cnr FFFFFF8B
dir FF000040
dat 0000003C
boot_cnr FFFFFFDF
boot_dir FF000000
boot_dat 0000007C
cnr_as_spec 0
dir_as_spec 0
btn_raw 1
btn_pressed 0
known_mask 00000060
allow_out_mask 00000040
out_locked 00000000
out_effective 00000040
n_get 406
n_req_ok 2
n_req_no 0
n_dirin_ok 1
n_dirin_no 0
n_dirout_ok 1
n_dirout_no 0
n_set_ok 0
n_set_no 0
n_writes 2
state_known 1
state_last 0000007C
n_state_chk 1962
n_state_foreign 1062
foreign_seen 1
foreign_first 0000003C
probed04 0
val04 00000000
1253.34 1231.18
version rtl819x-gpio 1.1
added 1
add_rc 0
base 0
ngpio 32
cnr FFFFFF8B
dir FF000040
dat 0000003C
boot_cnr FFFFFFDF
boot_dir FF000000
boot_dat 0000007C
cnr_as_spec 0
dir_as_spec 0
btn_raw 1
btn_pressed 0
known_mask 00000060
allow_out_mask 00000040
out_locked 00000000
out_effective 00000040
n_get 406
n_req_ok 2
n_req_no 0
n_dirin_ok 1
n_dirin_no 0
n_dirout_ok 1
n_dirout_no 0
n_set_ok 0
n_set_no 0
n_writes 2
state_known 1
state_last 0000007C
n_state_chk 1964
n_state_foreign 1064
foreign_seen 1
foreign_first 0000003C
probed04 0
val04 00000000
1253.35 1231.18
version rtl819x-gpio 1.1
added 1
add_rc 0
base 0
ngpio 32
cnr FFFFFF8B
dir FF000040
dat 0000003C
boot_cnr FFFFFFDF
boot_dir FF000000
boot_dat 0000007C
cnr_as_spec 0
dir_as_spec 0
btn_raw 1
btn_pressed 0
known_mask 00000060
allow_out_mask 00000040
out_locked 00000000
out_effective 00000040
n_get 406
n_req_ok 2
n_req_no 0
n_dirin_ok 1
n_dirin_no 0
n_dirout_ok 1
n_dirout_no 0
n_set_ok 0
n_set_no 0
n_writes 2
state_known 1
state_last 0000007C
n_state_chk 1966
n_state_foreign 1066
foreign_seen 1
foreign_first 0000003C
probed04 0
val04 00000000
1253.36 1231.18
version rtl819x-gpio 1.1
added 1
add_rc 0
base 0
ngpio 32
cnr FFFFFF8B
dir FF000040
dat 0000003C
boot_cnr FFFFFFDF
boot_dir FF000000
boot_dat 0000007C
cnr_as_spec 0
dir_as_spec 0
btn_raw 1
btn_pressed 0
known_mask 00000060
allow_out_mask 00000040
out_locked 00000000
out_effective 00000040
n_get 406
n_req_ok 2
n_req_no 0
n_dirin_ok 1
n_dirin_no 0
n_dirout_ok 1
n_dirout_no 0
n_set_ok 0
n_set_no 0
n_writes 2
state_known 1
state_last 0000007C
n_state_chk 1968
n_state_foreign 1068
foreign_seen 1
foreign_first 0000003C
probed04 0
val04 00000000
1253.37 1231.18
version rtl819x-gpio 1.1
added 1
add_rc 0
base 0
ngpio 32
cnr FFFFFF8B
dir FF000040
dat 0000003C
boot_cnr FFFFFFDF
boot_dir FF000000
boot_dat 0000007C
cnr_as_spec 0
dir_as_spec 0
btn_raw 1
btn_pressed 0
known_mask 00000060
allow_out_mask 00000040
out_locked 00000000
out_effective 00000040
n_get 406
n_req_ok 2
n_req_no 0
n_dirin_ok 1
n_dirin_no 0
n_dirout_ok 1
n_dirout_no 0
n_set_ok 0
n_set_no 0
n_writes 2
state_known 1
state_last 0000007C
n_state_chk 1970
n_state_foreign 1070
foreign_seen 1
foreign_first 0000003C
probed04 0
val04 00000000
1253.38 1231.18
version rtl819x-gpio 1.1
added 1
add_rc 0
base 0
ngpio 32
cnr FFFFFF8B
dir FF000040
dat 0000003C
boot_cnr FFFFFFDF
boot_dir FF000000
boot_dat 0000007C
cnr_as_spec 0
dir_as_spec 0
btn_raw 1
btn_pressed 0
known_mask 00000060
allow_out_mask 00000040
out_locked 00000000
out_effective 00000040
n_get 406
n_req_ok 2
n_req_no 0
n_dirin_ok 1
n_dirin_no 0
n_dirout_ok 1
n_dirout_no 0
n_set_ok 0
n_set_no 0
n_writes 2
state_known 1
state_last 0000007C
n_state_chk 1972
n_state_foreign 1072
foreign_seen 1
foreign_first 0000003C
probed04 0
val04 00000000
1253.40 1231.18
version rtl819x-gpio 1.1
added 1
add_rc 0
base 0
ngpio 32
cnr FFFFFF8B
dir FF000040
dat 0000003C
boot_cnr FFFFFFDF
boot_dir FF000000
boot_dat 0000007C
cnr_as_spec 0
dir_as_spec 0
btn_raw 1
btn_pressed 0
known_mask 00000060
allow_out_mask 00000040
out_locked 00000000
out_effective 00000040
n_get 406
n_req_ok 2
n_req_no 0
n_dirin_ok 1
n_dirin_no 0
n_dirout_ok 1
n_dirout_no 0
n_set_ok 0
n_set_no 0
n_writes 2
state_known 1
state_last 0000007C
n_state_chk 1974
n_state_foreign 1074
foreign_seen 1
foreign_first 0000003C
probed04 0
val04 00000000
1254.51 1232.28
version rtl819x-gpio 1.1
added 1
add_rc 0
base 0
ngpio 32
cnr FFFFFF8B
dir FF000040
dat 0000003C
boot_cnr FFFFFFDF
boot_dir FF000000
boot_dat 0000007C
cnr_as_spec 0
dir_as_spec 0
btn_raw 1
btn_pressed 0
known_mask 00000060
allow_out_mask 00000040
out_locked 00000000
out_effective 00000040
n_get 406
n_req_ok 2
n_req_no 0
n_dirin_ok 1
n_dirin_no 0
n_dirout_ok 1
n_dirout_no 0
n_set_ok 0
n_set_no 0
n_writes 2
state_known 1
state_last 0000007C
n_state_chk 1976
n_state_foreign 1076
foreign_seen 1
foreign_first 0000003C
probed04 0
val04 00000000
1254.53 1232.28
version rtl819x-gpio 1.1
added 1
add_rc 0
base 0
ngpio 32
cnr FFFFFF8B
dir FF000040
dat 0000003C
boot_cnr FFFFFFDF
boot_dir FF000000
boot_dat 0000007C
cnr_as_spec 0
dir_as_spec 0
btn_raw 1
btn_pressed 0
known_mask 00000060
allow_out_mask 00000040
out_locked 00000000
out_effective 00000040
n_get 406
n_req_ok 2
n_req_no 0
n_dirin_ok 1
n_dirin_no 0
n_dirout_ok 1
n_dirout_no 0
n_set_ok 0
n_set_no 0
n_writes 2
state_known 1
state_last 0000007C
n_state_chk 1978
n_state_foreign 1078
foreign_seen 1
foreign_first 0000003C
probed04 0
val04 00000000
1254.54 1232.28
version rtl819x-gpio 1.1
added 1
add_rc 0
base 0
ngpio 32
cnr FFFFFF8B
dir FF000040
dat 0000003C
boot_cnr FFFFFFDF
boot_dir FF000000
boot_dat 0000007C
cnr_as_spec 0
dir_as_spec 0
btn_raw 1
btn_pressed 0
known_mask 00000060
allow_out_mask 00000040
out_locked 00000000
out_effective 00000040
n_get 406
n_req_ok 2
n_req_no 0
n_dirin_ok 1
n_dirin_no 0
n_dirout_ok 1
n_dirout_no 0
n_set_ok 0
n_set_no 0
n_writes 2
state_known 1
state_last 0000007C
n_state_chk 1980
n_state_foreign 1080
foreign_seen 1
foreign_first 0000003C
probed04 0
val04 00000000
1254.55 1232.28
version rtl819x-gpio 1.1
added 1
add_rc 0
base 0
ngpio 32
cnr FFFFFF8B
dir FF000040
dat 0000003C
boot_cnr FFFFFFDF
boot_dir FF000000
boot_dat 0000007C
cnr_as_spec 0
dir_as_spec 0
btn_raw 1
btn_pressed 0
known_mask 00000060
allow_out_mask 00000040
out_locked 00000000
out_effective 00000040
n_get 406
n_req_ok 2
n_req_no 0
n_dirin_ok 1
n_dirin_no 0
n_dirout_ok 1
n_dirout_no 0
n_set_ok 0
n_set_no 0
n_writes 2
state_known 1
state_last 0000007C
n_state_chk 1982
n_state_foreign 1082
foreign_seen 1
foreign_first 0000003C
probed04 0
val04 00000000
1254.56 1232.28
version rtl819x-gpio 1.1
added 1
add_rc 0
base 0
ngpio 32
cnr FFFFFF8B
dir FF000040
dat 0000003C
boot_cnr FFFFFFDF
boot_dir FF000000
boot_dat 0000007C
cnr_as_spec 0
dir_as_spec 0
btn_raw 1
btn_pressed 0
known_mask 00000060
allow_out_mask 00000040
out_locked 00000000
out_effective 00000040
n_get 406
n_req_ok 2
n_req_no 0
n_dirin_ok 1
n_dirin_no 0
n_dirout_ok 1
n_dirout_no 0
n_set_ok 0
n_set_no 0
n_writes 2
state_known 1
state_last 0000007C
n_state_chk 1984
n_state_foreign 1084
foreign_seen 1
foreign_first 0000003C
probed04 0
val04 00000000
1254.57 1232.28
version rtl819x-gpio 1.1
added 1
add_rc 0
base 0
ngpio 32
cnr FFFFFF8B
dir FF000040
dat 0000003C
boot_cnr FFFFFFDF
boot_dir FF000000
boot_dat 0000007C
cnr_as_spec 0
dir_as_spec 0
btn_raw 1
btn_pressed 0
known_mask 00000060
allow_out_mask 00000040
out_locked 00000000
out_effective 00000040
n_get 406
n_req_ok 2
n_req_no 0
n_dirin_ok 1
n_dirin_no 0
n_dirout_ok 1
n_dirout_no 0
n_set_ok 0
n_set_no 0
n_writes 2
state_known 1
state_last 0000007C
n_state_chk 1986
n_state_foreign 1086
foreign_seen 1
foreign_first 0000003C
probed04 0
val04 00000000
1254.59 1232.28
version rtl819x-gpio 1.1
added 1
add_rc 0
base 0
ngpio 32
cnr FFFFFF8B
dir FF000040
dat 0000003C
boot_cnr FFFFFFDF
boot_dir FF000000
boot_dat 0000007C
cnr_as_spec 0
dir_as_spec 0
btn_raw 1
btn_pressed 0
known_mask 00000060
allow_out_mask 00000040
out_locked 00000000
out_effective 00000040
n_get 406
n_req_ok 2
n_req_no 0
n_dirin_ok 1
n_dirin_no 0
n_dirout_ok 1
n_dirout_no 0
n_set_ok 0
n_set_no 0
n_writes 2
state_known 1
state_last 0000007C
n_state_chk 1988
n_state_foreign 1088
foreign_seen 1
foreign_first 0000003C
probed04 0
val04 00000000
1255.70 1233.38
version rtl819x-gpio 1.1
added 1
add_rc 0
base 0
ngpio 32
cnr FFFFFF8B
dir FF000040
dat 0000003C
boot_cnr FFFFFFDF
boot_dir FF000000
boot_dat 0000007C
cnr_as_spec 0
dir_as_spec 0
btn_raw 1
btn_pressed 0
known_mask 00000060
allow_out_mask 00000040
out_locked 00000000
out_effective 00000040
n_get 406
n_req_ok 2
n_req_no 0
n_dirin_ok 1
n_dirin_no 0
n_dirout_ok 1
n_dirout_no 0
n_set_ok 0
n_set_no 0
n_writes 2
state_known 1
state_last 0000007C
n_state_chk 1990
n_state_foreign 1090
foreign_seen 1
foreign_first 0000003C
probed04 0
val04 00000000
1255.72 1233.38
version rtl819x-gpio 1.1
added 1
add_rc 0
base 0
ngpio 32
cnr FFFFFF8B
dir FF000040
dat 0000003C
boot_cnr FFFFFFDF
boot_dir FF000000
boot_dat 0000007C
cnr_as_spec 0
dir_as_spec 0
btn_raw 1
btn_pressed 0
known_mask 00000060
allow_out_mask 00000040
out_locked 00000000
out_effective 00000040
n_get 406
n_req_ok 2
n_req_no 0
n_dirin_ok 1
n_dirin_no 0
n_dirout_ok 1
n_dirout_no 0
n_set_ok 0
n_set_no 0
n_writes 2
state_known 1
state_last 0000007C
n_state_chk 1992
n_state_foreign 1092
foreign_seen 1
foreign_first 0000003C
probed04 0
val04 00000000
1255.73 1233.38
version rtl819x-gpio 1.1
added 1
add_rc 0
base 0
ngpio 32
cnr FFFFFF8B
dir FF000040
dat 0000003C
boot_cnr FFFFFFDF
boot_dir FF000000
boot_dat 0000007C
cnr_as_spec 0
dir_as_spec 0
btn_raw 1
btn_pressed 0
known_mask 00000060
allow_out_mask 00000040
out_locked 00000000
out_effective 00000040
n_get 406
n_req_ok 2
n_req_no 0
n_dirin_ok 1
n_dirin_no 0
n_dirout_ok 1
n_dirout_no 0
n_set_ok 0
n_set_no 0
n_writes 2
state_known 1
state_last 0000007C
n_state_chk 1994
n_state_foreign 1094
foreign_seen 1
foreign_first 0000003C
probed04 0
val04 00000000
1255.74 1233.38
version rtl819x-gpio 1.1
added 1
add_rc 0
base 0
ngpio 32
cnr FFFFFF8B
dir FF000040
dat 0000003C
boot_cnr FFFFFFDF
boot_dir FF000000
boot_dat 0000007C
cnr_as_spec 0
dir_as_spec 0
btn_raw 1
btn_pressed 0
known_mask 00000060
allow_out_mask 00000040
out_locked 00000000
out_effective 00000040
n_get 406
n_req_ok 2
n_req_no 0
n_dirin_ok 1
n_dirin_no 0
n_dirout_ok 1
n_dirout_no 0
n_set_ok 0
n_set_no 0
n_writes 2
state_known 1
state_last 0000007C
n_state_chk 1996
n_state_foreign 1096
foreign_seen 1
foreign_first 0000003C
probed04 0
val04 00000000
1255.75 1233.38
version rtl819x-gpio 1.1
added 1
add_rc 0
base 0
ngpio 32
cnr FFFFFF8B
dir FF000040
dat 0000003C
boot_cnr FFFFFFDF
boot_dir FF000000
boot_dat 0000007C
cnr_as_spec 0
dir_as_spec 0
btn_raw 1
btn_pressed 0
known_mask 00000060
allow_out_mask 00000040
out_locked 00000000
out_effective 00000040
n_get 406
n_req_ok 2
n_req_no 0
n_dirin_ok 1
n_dirin_no 0
n_dirout_ok 1
n_dirout_no 0
n_set_ok 0
n_set_no 0
n_writes 2
state_known 1
state_last 0000007C
n_state_chk 1998
n_state_foreign 1098
foreign_seen 1
foreign_first 0000003C
probed04 0
val04 00000000
1255.76 1233.38
version rtl819x-gpio 1.1
added 1
add_rc 0
base 0
ngpio 32
cnr FFFFFF8B
dir FF000040
dat 0000003C
boot_cnr FFFFFFDF
boot_dir FF000000
boot_dat 0000007C
cnr_as_spec 0
dir_as_spec 0
btn_raw 1
btn_pressed 0
known_mask 00000060
allow_out_mask 00000040
out_locked 00000000
out_effective 00000040
n_get 406
n_req_ok 2
n_req_no 0
n_dirin_ok 1
n_dirin_no 0
n_dirout_ok 1
n_dirout_no 0
n_set_ok 0
n_set_no 0
n_writes 2
state_known 1
state_last 0000007C
n_state_chk 2000
n_state_foreign 1100
foreign_seen 1
foreign_first 0000003C
probed04 0
val04 00000000
1255.77 1233.38
version rtl819x-gpio 1.1
added 1
add_rc 0
base 0
ngpio 32
cnr FFFFFF8B
dir FF000040
dat 0000003C
boot_cnr FFFFFFDF
boot_dir FF000000
boot_dat 0000007C
cnr_as_spec 0
dir_as_spec 0
btn_raw 1
btn_pressed 0
known_mask 00000060
allow_out_mask 00000040
out_locked 00000000
out_effective 00000040
n_get 406
n_req_ok 2
n_req_no 0
n_dirin_ok 1
n_dirin_no 0
n_dirout_ok 1
n_dirout_no 0
n_set_ok 0
n_set_no 0
n_writes 2
state_known 1
state_last 0000007C
n_state_chk 2002
n_state_foreign 1102
foreign_seen 1
foreign_first 0000003C
probed04 0
val04 00000000
1256.89 1234.48
version rtl819x-gpio 1.1
added 1
add_rc 0
base 0
ngpio 32
cnr FFFFFF8B
dir FF000040
dat 0000003C
boot_cnr FFFFFFDF
boot_dir FF000000
boot_dat 0000007C
cnr_as_spec 0
dir_as_spec 0
btn_raw 1
btn_pressed 0
known_mask 00000060
allow_out_mask 00000040
out_locked 00000000
out_effective 00000040
n_get 406
n_req_ok 2
n_req_no 0
n_dirin_ok 1
n_dirin_no 0
n_dirout_ok 1
n_dirout_no 0
n_set_ok 0
n_set_no 0
n_writes 2
state_known 1
state_last 0000007C
n_state_chk 2004
n_state_foreign 1104
foreign_seen 1
foreign_first 0000003C
probed04 0
val04 00000000
1256.90 1234.48
version rtl819x-gpio 1.1
added 1
add_rc 0
base 0
ngpio 32
cnr FFFFFF8B
dir FF000040
dat 0000003C
boot_cnr FFFFFFDF
boot_dir FF000000
boot_dat 0000007C
cnr_as_spec 0
dir_as_spec 0
btn_raw 1
btn_pressed 0
known_mask 00000060
allow_out_mask 00000040
out_locked 00000000
out_effective 00000040
n_get 406
n_req_ok 2
n_req_no 0
n_dirin_ok 1
n_dirin_no 0
n_dirout_ok 1
n_dirout_no 0
n_set_ok 0
n_set_no 0
n_writes 2
state_known 1
state_last 0000007C
n_state_chk 2006
n_state_foreign 1106
foreign_seen 1
foreign_first 0000003C
probed04 0
val04 00000000
1256.92 1234.48
version rtl819x-gpio 1.1
added 1
add_rc 0
base 0
ngpio 32
cnr FFFFFF8B
dir FF000040
dat 0000003C
boot_cnr FFFFFFDF
boot_dir FF000000
boot_dat 0000007C
cnr_as_spec 0
dir_as_spec 0
btn_raw 1
btn_pressed 0
known_mask 00000060
allow_out_mask 00000040
out_locked 00000000
out_effective 00000040
n_get 406
n_req_ok 2
n_req_no 0
n_dirin_ok 1
n_dirin_no 0
n_dirout_ok 1
n_dirout_no 0
n_set_ok 0
n_set_no 0
n_writes 2
state_known 1
state_last 0000007C
n_state_chk 2008
n_state_foreign 1108
foreign_seen 1
foreign_first 0000003C
probed04 0
val04 00000000
1256.93 1234.48
version rtl819x-gpio 1.1
added 1
add_rc 0
base 0
ngpio 32
cnr FFFFFF8B
dir FF000040
dat 0000003C
boot_cnr FFFFFFDF
boot_dir FF000000
boot_dat 0000007C
cnr_as_spec 0
dir_as_spec 0
btn_raw 1
btn_pressed 0
known_mask 00000060
allow_out_mask 00000040
out_locked 00000000
out_effective 00000040
n_get 406
n_req_ok 2
n_req_no 0
n_dirin_ok 1
n_dirin_no 0
n_dirout_ok 1
n_dirout_no 0
n_set_ok 0
n_set_no 0
n_writes 2
state_known 1
state_last 0000007C
n_state_chk 2010
n_state_foreign 1110
foreign_seen 1
foreign_first 0000003C
probed04 0
val04 00000000
1256.94 1234.48
version rtl819x-gpio 1.1
added 1
add_rc 0
base 0
ngpio 32
cnr FFFFFF8B
dir FF000040
dat 0000003C
boot_cnr FFFFFFDF
boot_dir FF000000
boot_dat 0000007C
cnr_as_spec 0
dir_as_spec 0
btn_raw 1
btn_pressed 0
known_mask 00000060
allow_out_mask 00000040
out_locked 00000000
out_effective 00000040
n_get 406
n_req_ok 2
n_req_no 0
n_dirin_ok 1
n_dirin_no 0
n_dirout_ok 1
n_dirout_no 0
n_set_ok 0
n_set_no 0
n_writes 2
state_known 1
state_last 0000007C
n_state_chk 2012
n_state_foreign 1112
foreign_seen 1
foreign_first 0000003C
probed04 0
val04 00000000
1256.95 1234.48
version rtl819x-gpio 1.1
added 1
add_rc 0
base 0
ngpio 32
cnr FFFFFF8B
dir FF000040
dat 0000003C
boot_cnr FFFFFFDF
boot_dir FF000000
boot_dat 0000007C
cnr_as_spec 0
dir_as_spec 0
btn_raw 1
btn_pressed 0
known_mask 00000060
allow_out_mask 00000040
out_locked 00000000
out_effective 00000040
n_get 406
n_req_ok 2
n_req_no 0
n_dirin_ok 1
n_dirin_no 0
n_dirout_ok 1
n_dirout_no 0
n_set_ok 0
n_set_no 0
n_writes 2
state_known 1
state_last 0000007C
n_state_chk 2014
n_state_foreign 1114
foreign_seen 1
foreign_first 0000003C
probed04 0
val04 00000000
1256.96 1234.48
version rtl819x-gpio 1.1
added 1
add_rc 0
base 0
ngpio 32
cnr FFFFFF8B
dir FF000040
dat 0000003C
boot_cnr FFFFFFDF
boot_dir FF000000
boot_dat 0000007C
cnr_as_spec 0
dir_as_spec 0
btn_raw 1
btn_pressed 0
known_mask 00000060
allow_out_mask 00000040
out_locked 00000000
out_effective 00000040
n_get 406
n_req_ok 2
n_req_no 0
n_dirin_ok 1
n_dirin_no 0
n_dirout_ok 1
n_dirout_no 0
n_set_ok 0
n_set_no 0
n_writes 2
state_known 1
state_last 0000007C
n_state_chk 2016
n_state_foreign 1116
foreign_seen 1
foreign_first 0000003C
probed04 0
val04 00000000
1258.08 1235.58
version rtl819x-gpio 1.1
added 1
add_rc 0
base 0
ngpio 32
cnr FFFFFF8B
dir FF000040
dat 0000003C
boot_cnr FFFFFFDF
boot_dir FF000000
boot_dat 0000007C
cnr_as_spec 0
dir_as_spec 0
btn_raw 1
btn_pressed 0
known_mask 00000060
allow_out_mask 00000040
out_locked 00000000
out_effective 00000040
n_get 406
n_req_ok 2
n_req_no 0
n_dirin_ok 1
n_dirin_no 0
n_dirout_ok 1
n_dirout_no 0
n_set_ok 0
n_set_no 0
n_writes 2
state_known 1
state_last 0000007C
n_state_chk 2018
n_state_foreign 1118
foreign_seen 1
foreign_first 0000003C
probed04 0
val04 00000000
1258.09 1235.58
version rtl819x-gpio 1.1
added 1
add_rc 0
base 0
ngpio 32
cnr FFFFFF8B
dir FF000040
dat 0000003C
boot_cnr FFFFFFDF
boot_dir FF000000
boot_dat 0000007C
cnr_as_spec 0
dir_as_spec 0
btn_raw 1
btn_pressed 0
known_mask 00000060
allow_out_mask 00000040
out_locked 00000000
out_effective 00000040
n_get 406
n_req_ok 2
n_req_no 0
n_dirin_ok 1
n_dirin_no 0
n_dirout_ok 1
n_dirout_no 0
n_set_ok 0
n_set_no 0
n_writes 2
state_known 1
state_last 0000007C
n_state_chk 2020
n_state_foreign 1120
foreign_seen 1
foreign_first 0000003C
probed04 0
val04 00000000
1258.11 1235.58
version rtl819x-gpio 1.1
added 1
add_rc 0
base 0
ngpio 32
cnr FFFFFF8B
dir FF000040
dat 0000003C
boot_cnr FFFFFFDF
boot_dir FF000000
boot_dat 0000007C
cnr_as_spec 0
dir_as_spec 0
btn_raw 1
btn_pressed 0
known_mask 00000060
allow_out_mask 00000040
out_locked 00000000
out_effective 00000040
n_get 406
n_req_ok 2
n_req_no 0
n_dirin_ok 1
n_dirin_no 0
n_dirout_ok 1
n_dirout_no 0
n_set_ok 0
n_set_no 0
n_writes 2
state_known 1
state_last 0000007C
n_state_chk 2022
n_state_foreign 1122
foreign_seen 1
foreign_first 0000003C
probed04 0
val04 00000000
1258.12 1235.58
version rtl819x-gpio 1.1
added 1
add_rc 0
base 0
ngpio 32
cnr FFFFFF8B
dir FF000040
dat 0000003C
boot_cnr FFFFFFDF
boot_dir FF000000
boot_dat 0000007C
cnr_as_spec 0
dir_as_spec 0
btn_raw 1
btn_pressed 0
known_mask 00000060
allow_out_mask 00000040
out_locked 00000000
out_effective 00000040
n_get 406
n_req_ok 2
n_req_no 0
n_dirin_ok 1
n_dirin_no 0
n_dirout_ok 1
n_dirout_no 0
n_set_ok 0
n_set_no 0
n_writes 2
state_known 1
state_last 0000007C
n_state_chk 2024
n_state_foreign 1124
foreign_seen 1
foreign_first 0000003C
probed04 0
val04 00000000
1258.13 1235.58
version rtl819x-gpio 1.1
added 1
add_rc 0
base 0
ngpio 32
cnr FFFFFF8B
dir FF000040
dat 0000003C
boot_cnr FFFFFFDF
boot_dir FF000000
boot_dat 0000007C
cnr_as_spec 0
dir_as_spec 0
btn_raw 1
btn_pressed 0
known_mask 00000060
allow_out_mask 00000040
out_locked 00000000
out_effective 00000040
n_get 406
n_req_ok 2
n_req_no 0
n_dirin_ok 1
n_dirin_no 0
n_dirout_ok 1
n_dirout_no 0
n_set_ok 0
n_set_no 0
n_writes 2
state_known 1
state_last 0000007C
n_state_chk 2026
n_state_foreign 1126
foreign_seen 1
foreign_first 0000003C
probed04 0
val04 00000000
1258.14 1235.58
version rtl819x-gpio 1.1
added 1
add_rc 0
base 0
ngpio 32
cnr FFFFFF8B
dir FF000040
dat 0000003C
boot_cnr FFFFFFDF
boot_dir FF000000
boot_dat 0000007C
cnr_as_spec 0
dir_as_spec 0
btn_raw 1
btn_pressed 0
known_mask 00000060
allow_out_mask 00000040
out_locked 00000000
out_effective 00000040
n_get 406
n_req_ok 2
n_req_no 0
n_dirin_ok 1
n_dirin_no 0
n_dirout_ok 1
n_dirout_no 0
n_set_ok 0
n_set_no 0
n_writes 2
state_known 1
state_last 0000007C
n_state_chk 2028
n_state_foreign 1128
foreign_seen 1
foreign_first 0000003C
probed04 0
val04 00000000
1259.26 1236.69
version rtl819x-gpio 1.1
added 1
add_rc 0
base 0
ngpio 32
cnr FFFFFF8B
dir FF000040
dat 0000003C
boot_cnr FFFFFFDF
boot_dir FF000000
boot_dat 0000007C
cnr_as_spec 0
dir_as_spec 0
btn_raw 1
btn_pressed 0
known_mask 00000060
allow_out_mask 00000040
out_locked 00000000
out_effective 00000040
n_get 406
n_req_ok 2
n_req_no 0
n_dirin_ok 1
n_dirin_no 0
n_dirout_ok 1
n_dirout_no 0
n_set_ok 0
n_set_no 0
n_writes 2
state_known 1
state_last 0000007C
n_state_chk 2030
n_state_foreign 1130
foreign_seen 1
foreign_first 0000003C
probed04 0
val04 00000000
1259.27 1236.69
version rtl819x-gpio 1.1
added 1
add_rc 0
base 0
ngpio 32
cnr FFFFFF8B
dir FF000040
dat 0000003C
boot_cnr FFFFFFDF
boot_dir FF000000
boot_dat 0000007C
cnr_as_spec 0
dir_as_spec 0
btn_raw 1
btn_pressed 0
known_mask 00000060
allow_out_mask 00000040
out_locked 00000000
out_effective 00000040
n_get 406
n_req_ok 2
n_req_no 0
n_dirin_ok 1
n_dirin_no 0
n_dirout_ok 1
n_dirout_no 0
n_set_ok 0
n_set_no 0
n_writes 2
state_known 1
state_last 0000007C
n_state_chk 2032
n_state_foreign 1132
foreign_seen 1
foreign_first 0000003C
probed04 0
val04 00000000
1259.28 1236.69
version rtl819x-gpio 1.1
added 1
add_rc 0
base 0
ngpio 32
cnr FFFFFF8B
dir FF000040
dat 0000003C
boot_cnr FFFFFFDF
boot_dir FF000000
boot_dat 0000007C
cnr_as_spec 0
dir_as_spec 0
btn_raw 1
btn_pressed 0
known_mask 00000060
allow_out_mask 00000040
out_locked 00000000
out_effective 00000040
n_get 406
n_req_ok 2
n_req_no 0
n_dirin_ok 1
n_dirin_no 0
n_dirout_ok 1
n_dirout_no 0
n_set_ok 0
n_set_no 0
n_writes 2
state_known 1
state_last 0000007C
n_state_chk 2034
n_state_foreign 1134
foreign_seen 1
foreign_first 0000003C
probed04 0
val04 00000000
# 