for a in 1 2 3 4 5 6 7 8 9 0;do for b in 1 2 3 4 5;do cat /proc/uptime;busybox
 grep -e ^dat /proc/rtl819x-gpio;done;done
354.36 347.93
dat 0000007C
354.38 347.93
dat 0000007C
354.40 347.93
dat 0000007C
354.43 347.93
dat 0000007C
354.45 347.93
dat 0000007C
354.47 347.93
dat 0000007C
354.50 347.93
dat 0000007C
354.52 347.93
dat 0000007C
354.54 347.93
dat 0000007C
354.56 347.93
dat 0000007C
354.59 347.93
dat 0000007C
354.61 347.93
dat 0000007C
354.63 347.93
dat 0000007C
354.65 347.93
dat 0000007C
354.68 347.93
dat 0000007C
354.70 347.93
dat 0000007C
354.72 347.93
dat 0000007C
354.74 347.93
dat 0000007C
354.77 347.93
dat 0000007C
354.79 347.93
dat 0000007C
354.81 347.93
dat 0000007C
354.84 347.93
dat 0000007C
354.86 347.93
dat 0000007C
354.88 347.93
dat 0000007C
354.90 347.93
dat 0000007C
354.93 347.93
dat 0000007C
354.95 347.93
dat 0000007C
354.97 347.93
dat 0000007C
354.99 347.93
dat 0000007C
355.02 347.93
dat 0000007C
355.04 347.93
dat 0000007C
355.06 347.93
dat 0000007C
355.09 347.93
dat 0000007C
355.11 347.93
dat 0000007C
355.13 347.93
dat 0000007C
355.15 347.93
dat 0000007C
355.18 347.93
dat 0000007C
355.20 347.93
dat 0000007C
355.22 347.93
dat 0000007C
355.25 347.93
dat 0000007C
355.27 347.93
dat 0000007C
355.29 347.93
dat 0000007C
355.31 347.93
dat 0000007C
355.34 347.93
dat 0000007C
355.36 347.93
dat 0000007C
355.38 347.93
dat 0000007C
355.40 347.93
dat 0000007C
355.43 347.93
dat 0000007C
355.45 347.93
dat 0000007C
355.47 347.93
dat 0000007C
# 