n=0;while [ $n -lt 600 ];do cat /proc/uptime;busybox grep ^dat /proc/rtl819x-g
pio;n=$((n+1));done
964.10 956.64
dat 0000007C
964.12 956.64
dat 0000007C
964.14 956.64
dat 0000007C
964.17 956.64
dat 0000007C
964.19 956.64
dat 0000007C
964.21 956.64
dat 0000007C
964.24 956.64
dat 0000007C
964.26 956.64
dat 0000007C
964.28 956.64
dat 0000007C
964.31 956.64
dat 0000007C
964.33 956.64
dat 0000007C
964.35 956.64
dat 0000007C
964.38 956.64
dat 0000007C
964.40 956.64
dat 0000007C
964.42 956.64
dat 0000007C
964.44 956.64
dat 0000007C
964.47 956.64
dat 0000007C
964.49 956.64
dat 0000007C
964.51 956.64
dat 0000007C
964.54 956.64
dat 0000007C
964.56 956.64
dat 0000007C
964.58 956.64
dat 0000007C
964.61 956.64
dat 0000007C
964.63 956.64
dat 0000007C
964.65 956.64
dat 0000007C
964.68 956.64
dat 0000007C
964.70 956.64
dat 0000003C
964.72 956.64
dat 0000003C
964.74 956.64
dat 0000003C
964.77 956.64
dat 0000003C
964.79 956.64
dat 0000003C
964.81 956.64
dat 0000003C
964.84 956.64
dat 0000003C
964.86 956.64
dat 0000003C
964.88 956.64
dat 0000003C
964.91 956.64
dat 0000003C
964.93 956.64
dat 0000003C
964.95 956.64
dat 0000003C
964.97 956.64
dat 0000003C
965.00 956.64
dat 0000003C
965.02 956.64
dat 0000003C
965.04 956.64
dat 0000003C
965.07 956.64
dat 0000003C
965.09 956.64
dat 0000003C
965.11 956.64
dat 0000003C
965.14 956.64
dat 0000003C
965.16 956.64
dat 0000003C
965.18 956.64
dat 0000003C
965.21 956.64
dat 0000003C
965.23 956.64
dat 0000003C
965.25 956.64
dat 0000003C
965.27 956.64
dat 0000003C
965.30 956.64
dat 0000003C
965.32 956.64
dat 0000003C
965.34 956.64
dat 0000003C
965.37 956.64
dat 0000003C
965.39 956.64
dat 0000003C
965.41 956.64
dat 0000003C
965.44 956.64
dat 0000003C
965.46 956.64
dat 0000003C
965.48 956.64
dat 0000003C
965.51 956.64
dat 0000003C
965.53 956.64
dat 0000003C
965.55 956.64
dat 0000003C
965.57 956.64
dat 0000003C
965.60 956.64
dat 0000003C
965.62 956.64
dat 0000003C
965.64 956.64
dat 0000003C
965.67 956.64
dat 0000003C
965.69 956.64
dat 0000007C
965.71 956.64
dat 0000007C
965.74 956.64
dat 0000007C
965.76 956.64
dat 0000007C
965.78 956.64
dat 0000007C
965.81 956.64
dat 0000007C
965.83 956.64
dat 0000007C
965.85 956.64
dat 0000007C
965.87 956.64
dat 0000007C
965.90 956.64
dat 0000007C
965.92 956.64
dat 0000007C
965.94 956.64
dat 0000007C
965.97 956.64
dat 0000007C
965.99 956.64
dat 0000007C
966.01 956.64
dat 0000007C
966.04 956.64
dat 0000007C
966.06 956.64
dat 0000007C
966.08 956.64
dat 0000007C
966.11 956.64
dat 0000007C
966.13 956.64
dat 0000007C
966.15 956.64
dat 0000007C
966.17 956.64
dat 0000007C
966.20 956.64
dat 0000007C
966.22 956.64
dat 0000007C
966.24 956.64
dat 0000007C
966.27 956.64
dat 0000007C
966.29 956.64
dat 0000007C
966.31 956.64
dat 0000007C
966.34 956.64
dat 0000007C
966.36 956.64
dat 0000007C
966.38 956.64
dat 0000007C
966.40 956.64
dat 0000007C
966.43 956.64
dat 0000007C
966.45 956.64
dat 0000007C
966.47 956.64
dat 0000007C
966.50 956.64
dat 0000007C
966.52 956.64
dat 0000007C
966.54 956.64
dat 0000007C
966.57 956.64
dat 0000007C
966.59 956.64
dat 0000007C
966.61 956.64
dat 0000007C
966.64 956.64
dat 0000007C
966.66 956.64
dat 0000007C
966.68 956.64
dat 0000007C
966.71 956.64
dat 0000003C
966.73 956.64
dat 0000003C
966.75 956.64
dat 0000003C
966.77 956.64
dat 0000003C
966.80 956.64
dat 0000003C
966.82 956.64
dat 0000003C
966.84 956.64
dat 0000003C
966.87 956.64
dat 0000003C
966.89 956.64
dat 0000003C
966.91 956.64
dat 0000003C
966.94 956.64
dat 0000003C
966.96 956.64
dat 0000003C
966.98 956.64
dat 0000003C
967.01 956.64
dat 0000003C
967.03 956.64
dat 0000003C
967.05 956.64
dat 0000003C
967.08 956.64
dat 0000003C
967.10 956.64
dat 0000003C
967.12 956.64
dat 0000003C
967.14 956.64
dat 0000003C
967.17 956.64
dat 0000003C
967.19 956.64
dat 0000003C
967.21 956.64
dat 0000003C
967.24 956.64
dat 0000003C
967.26 956.64
dat 0000003C
967.28 956.64
dat 0000003C
967.31 956.64
dat 0000003C
967.33 956.64
dat 0000003C
967.35 956.64
dat 0000003C
967.38 956.64
dat 0000003C
967.40 956.64
dat 0000003C
967.42 956.64
dat 0000003C
967.44 956.64
dat 0000003C
967.47 956.64
dat 0000003C
967.49 956.64
dat 0000003C
967.51 956.64
dat 0000003C
967.54 956.64
dat 0000003C
967.56 956.64
dat 0000003C
967.58 956.64
dat 0000003C
967.61 956.64
dat 0000003C
967.63 956.64
dat 0000003C
967.65 956.64
dat 0000003C
967.68 956.64
dat 0000003C
967.70 956.64
dat 0000007C
967.72 956.64
dat 0000007C
967.74 956.64
dat 0000007C
967.77 956.64
dat 0000007C
967.79 956.64
dat 0000007C
967.81 956.64
dat 0000007C
967.84 956.64
dat 0000007C
967.86 956.64
dat 0000007C
967.88 956.64
dat 0000007C
967.91 956.64
dat 0000007C
967.93 956.64
dat 0000007C
967.95 956.64
dat 0000007C
967.98 956.64
dat 0000007C
968.00 956.64
dat 0000007C
968.02 956.64
dat 0000007C
968.04 956.64
dat 0000007C
968.07 956.64
dat 0000007C
968.09 956.64
dat 0000007C
968.11 956.64
dat 0000007C
968.14 956.64
dat 0000007C
968.16 956.64
dat 0000007C
968.18 956.64
dat 0000007C
968.21 956.64
dat 0000007C
968.23 956.64
dat 0000007C
968.25 956.64
dat 0000007C
968.28 956.64
dat 0000007C
968.30 956.64
dat 0000007C
968.32 956.64
dat 0000007C
968.34 956.64
dat 0000007C
968.37 956.64
dat 0000007C
968.39 956.64
dat 0000007C
968.41 956.64
dat 0000007C
968.44 956.64
dat 0000007C
968.46 956.64
dat 0000007C
968.48 956.64
dat 0000007C
968.51 956.64
dat 0000007C
968.53 956.64
dat 0000007C
968.55 956.64
dat 0000007C
968.58 956.64
dat 0000007C
968.60 956.64
dat 0000007C
968.62 956.64
dat 0000007C
968.64 956.64
dat 0000007C
968.67 956.64
dat 0000007C
968.69 956.64
dat 0000003C
968.71 956.64
dat 0000003C
968.74 956.64
dat 0000003C
968.76 956.64
dat 0000003C
968.78 956.64
dat 0000003C
968.81 956.64
dat 0000003C
968.83 956.64
dat 0000003C
968.85 956.64
dat 0000003C
968.87 956.64
dat 0000003C
968.90 956.64
dat 0000003C
968.92 956.64
dat 0000003C
968.94 956.64
dat 0000003C
968.97 956.64
dat 0000003C
968.99 956.64
dat 0000003C
969.01 956.64
dat 0000003C
969.04 956.64
dat 0000003C
969.06 956.64
dat 0000003C
969.08 956.64
dat 0000003C
969.11 956.64
dat 0000003C
969.13 956.64
dat 0000003C
969.15 956.64
dat 0000003C
969.18 956.64
dat 0000003C
969.20 956.64
dat 0000003C
969.22 956.64
dat 0000003C
969.24 956.64
dat 0000003C
969.27 956.64
dat 0000003C
969.29 956.64
dat 0000003C
969.31 956.64
dat 0000003C
969.34 956.64
dat 0000003C
969.36 956.64
dat 0000003C
969.38 956.64
dat 0000003C
969.41 956.64
dat 0000003C
969.43 956.64
dat 0000003C
969.45 956.64
dat 0000003C
969.48 956.64
dat 0000003C
969.50 956.64
dat 0000003C
969.52 956.64
dat 0000003C
969.54 956.64
dat 0000003C
969.57 956.64
dat 0000003C
969.59 956.64
dat 0000003C
969.61 956.64
dat 0000003C
969.64 956.64
dat 0000003C
969.66 956.64
dat 0000003C
969.68 956.64
dat 0000003C
969.71 956.64
dat 0000007C
969.73 956.64
dat 0000007C
969.75 956.64
dat 0000007C
969.77 956.64
dat 0000007C
969.80 956.64
dat 0000007C
969.82 956.64
dat 0000007C
969.84 956.64
dat 0000007C
969.87 956.64
dat 0000007C
969.89 956.64
dat 0000007C
969.91 956.64
dat 0000007C
969.94 956.64
dat 0000007C
969.96 956.64
dat 0000007C
969.98 956.64
dat 0000007C
970.01 956.64
dat 0000007C
970.03 956.64
dat 0000007C
970.05 956.64
dat 0000007C
970.07 956.64
dat 0000007C
970.10 956.64
dat 0000007C
970.12 956.64
dat 0000007C
970.14 956.64
dat 0000007C
970.17 956.64
dat 0000007C
970.19 956.64
dat 0000007C
970.21 956.64
dat 0000007C
970.24 956.64
dat 0000007C
970.26 956.64
dat 0000007C
970.28 956.64
dat 0000007C
970.31 956.64
dat 0000007C
970.33 956.64
dat 0000007C
970.35 956.64
dat 0000007C
970.37 956.64
dat 0000007C
970.40 956.64
dat 0000007C
970.42 956.64
dat 0000007C
970.44 956.64
dat 0000007C
970.47 956.64
dat 0000007C
970.49 956.64
dat 0000007C
970.51 956.64
dat 0000007C
970.54 956.64
dat 0000007C
970.56 956.64
dat 0000007C
970.58 956.64
dat 0000007C
970.61 956.64
dat 0000007C
970.63 956.64
dat 0000007C
970.65 956.64
dat 0000007C
970.67 956.64
dat 0000007C
970.70 956.64
dat 0000003C
970.72 956.64
dat 0000003C
970.74 956.64
dat 0000003C
970.77 956.64
dat 0000003C
970.79 956.64
dat 0000003C
970.81 956.64
dat 0000003C
970.84 956.64
dat 0000003C
970.86 956.64
dat 0000003C
970.88 956.64
dat 0000003C
970.90 956.64
dat 0000003C
970.93 956.64
dat 0000003C
970.95 956.64
dat 0000003C
970.97 956.64
dat 0000003C
971.00 956.64
dat 0000003C
971.02 956.64
dat 0000003C
971.04 956.64
dat 0000003C
971.07 956.64
dat 0000003C
971.09 956.64
dat 0000003C
971.11 956.64
dat 0000003C
971.13 956.64
dat 0000003C
971.16 956.64
dat 0000003C
971.18 956.64
dat 0000003C
971.20 956.64
dat 0000003C
971.23 956.64
dat 0000003C
971.25 956.64
dat 0000003C
971.27 956.64
dat 0000003C
971.30 956.64
dat 0000003C
971.32 956.64
dat 0000003C
971.34 956.64
dat 0000003C
971.37 956.64
dat 0000003C
971.39 956.64
dat 0000003C
971.41 956.64
dat 0000003C
971.43 956.64
dat 0000003C
971.46 956.64
dat 0000003C
971.48 956.64
dat 0000003C
971.50 956.64
dat 0000003C
971.53 956.64
dat 0000003C
971.55 956.64
dat 0000003C
971.57 956.64
dat 0000003C
971.60 956.64
dat 0000003C
971.62 956.64
dat 0000003C
971.64 956.64
dat 0000003C
971.66 956.64
dat 0000003C
971.69 956.64
dat 0000007C
971.71 956.64
dat 0000007C
971.73 956.64
dat 0000007C
971.76 956.64
dat 0000007C
971.78 956.64
dat 0000007C
971.80 956.64
dat 0000007C
971.83 956.64
dat 0000007C
971.85 956.64
dat 0000007C
971.87 956.64
dat 0000007C
971.90 956.64
dat 0000007C
971.92 956.64
dat 0000007C
971.94 956.64
dat 0000007C
971.97 956.64
dat 0000007C
971.99 956.64
dat 0000007C
972.01 956.64
dat 0000007C
972.03 956.64
dat 0000007C
972.06 956.64
dat 0000007C
972.08 956.64
dat 0000007C
972.10 956.64
dat 0000007C
972.13 956.64
dat 0000007C
972.15 956.64
dat 0000007C
972.17 956.64
dat 0000007C
972.20 956.64
dat 0000007C
972.22 956.64
dat 0000007C
972.24 956.64
dat 0000007C
972.27 956.64
dat 0000007C
972.29 956.64
dat 0000007C
972.31 956.64
dat 0000007C
972.34 956.64
dat 0000007C
972.36 956.64
dat 0000007C
972.38 956.64
dat 0000007C
972.40 956.64
dat 0000007C
972.43 956.64
dat 0000007C
972.45 956.64
dat 0000007C
972.47 956.64
dat 0000007C
972.50 956.64
dat 0000007C
972.52 956.64
dat 0000007C
972.54 956.64
dat 0000007C
972.57 956.64
dat 0000007C
972.59 956.64
dat 0000007C
972.61 956.64
dat 0000007C
972.64 956.64
dat 0000007C
972.66 956.64
dat 0000007C
972.68 956.64
dat 0000007C
972.70 956.64
dat 0000003C
972.73 956.64
dat 0000003C
972.75 956.64
dat 0000003C
972.77 956.64
dat 0000003C
972.80 956.64
dat 0000003C
972.82 956.64
dat 0000003C
972.84 956.64
dat 0000003C
972.87 956.64
dat 0000003C
972.89 956.64
dat 0000003C
972.91 956.64
dat 0000003C
972.94 956.64
dat 0000003C
972.96 956.64
dat 0000003C
972.98 956.64
dat 0000003C
973.00 956.64
dat 0000003C
973.03 956.64
dat 0000003C
973.05 956.64
dat 0000003C
973.07 956.64
dat 0000003C
973.10 956.64
dat 0000003C
973.12 956.64
dat 0000003C
973.14 956.64
dat 0000003C
973.17 956.64
dat 0000003C
973.19 956.64
dat 0000003C
973.21 956.64
dat 0000003C
973.24 956.64
dat 0000003C
973.26 956.64
dat 0000003C
973.28 956.64
dat 0000003C
973.30 956.64
dat 0000003C
973.33 956.64
dat 0000003C
973.35 956.64
dat 0000003C
973.37 956.64
dat 0000003C
973.40 956.64
dat 0000003C
973.42 956.64
dat 0000003C
973.44 956.64
dat 0000003C
973.47 956.64
dat 0000003C
973.49 956.64
dat 0000003C
973.51 956.64
dat 0000003C
973.54 956.64
dat 0000003C
973.56 956.64
dat 0000003C
973.58 956.64
dat 0000003C
973.60 956.64
dat 0000003C
973.63 956.64
dat 0000003C
973.65 956.64
dat 0000003C
973.67 956.64
dat 0000003C
973.70 956.64
dat 0000007C
973.72 956.64
dat 0000007C
973.74 956.64
dat 0000007C
973.77 956.64
dat 0000007C
973.79 956.64
dat 0000007C
973.81 956.64
dat 0000007C
973.83 956.64
dat 0000007C
973.86 956.64
dat 0000007C
973.88 956.64
dat 0000007C
973.90 956.64
dat 0000007C
973.93 956.64
dat 0000007C
973.95 956.64
dat 0000007C
973.97 956.64
dat 0000007C
974.00 956.64
dat 0000007C
974.02 956.64
dat 0000007C
974.04 956.64
dat 0000007C
974.07 956.64
dat 0000007C
974.09 956.64
dat 0000007C
974.11 956.64
dat 0000007C
974.13 956.64
dat 0000007C
974.16 956.64
dat 0000007C
974.18 956.64
dat 0000007C
974.20 956.64
dat 0000007C
974.23 956.64
dat 0000007C
974.25 956.64
dat 0000007C
974.27 956.64
dat 0000007C
974.30 956.64
dat 0000007C
974.32 956.64
dat 0000007C
974.34 956.64
dat 0000007C
974.36 956.64
dat 0000007C
974.39 956.64
dat 0000007C
974.41 956.64
dat 0000007C
974.43 956.64
dat 0000007C
974.46 956.64
dat 0000007C
974.48 956.64
dat 0000007C
974.50 956.64
dat 0000007C
974.53 956.64
dat 0000007C
974.55 956.64
dat 0000007C
974.57 956.64
dat 0000007C
974.59 956.64
dat 0000007C
974.62 956.64
dat 0000007C
974.64 956.64
dat 0000007C
974.66 956.64
dat 0000007C
974.69 956.64
dat 0000003C
974.71 956.64
dat 0000003C
974.73 956.64
dat 0000003C
974.76 956.64
dat 0000003C
974.78 956.64
dat 0000003C
974.80 956.64
dat 0000003C
974.83 956.64
dat 0000003C
974.85 956.64
dat 0000003C
974.87 956.64
dat 0000003C
974.89 956.64
dat 0000003C
974.92 956.64
dat 0000003C
974.94 956.64
dat 0000003C
974.96 956.64
dat 0000003C
974.99 956.64
dat 0000003C
975.01 956.64
dat 0000003C
975.03 956.64
dat 0000003C
975.06 956.64
dat 0000003C
975.08 956.64
dat 0000003C
975.10 956.64
dat 0000003C
975.13 956.64
dat 0000003C
975.15 956.64
dat 0000003C
975.17 956.64
dat 0000003C
975.19 956.64
dat 0000003C
975.22 956.64
dat 0000003C
975.24 956.64
dat 0000003C
975.26 956.64
dat 0000003C
975.29 956.64
dat 0000003C
975.31 956.64
dat 0000003C
975.33 956.64
dat 0000003C
975.36 956.64
dat 0000003C
975.38 956.64
dat 0000003C
975.40 956.64
dat 0000003C
975.43 956.64
dat 0000003C
975.45 956.64
dat 0000003C
975.47 956.64
dat 0000003C
975.49 956.64
dat 0000003C
975.52 956.64
dat 0000003C
975.54 956.64
dat 0000003C
975.56 956.64
dat 0000003C
975.59 956.64
dat 0000003C
975.61 956.64
dat 0000003C
975.63 956.64
dat 0000003C
975.66 956.64
dat 0000003C
975.68 956.64
dat 0000003C
975.70 956.64
dat 0000007C
975.73 956.64
dat 0000007C
975.75 956.64
dat 0000007C
975.77 956.64
dat 0000007C
975.79 956.64
dat 0000007C
975.82 956.64
dat 0000007C
975.84 956.64
dat 0000007C
975.86 956.64
dat 0000007C
975.89 956.64
dat 0000007C
975.91 956.64
dat 0000007C
975.93 956.64
dat 0000007C
975.96 956.64
dat 0000007C
975.98 956.64
dat 0000007C
976.00 956.64
dat 0000007C
976.03 956.64
dat 0000007C
976.05 956.64
dat 0000007C
976.07 956.64
dat 0000007C
976.09 956.64
dat 0000007C
976.12 956.64
dat 0000007C
976.14 956.64
dat 0000007C
976.16 956.64
dat 0000007C
976.19 956.64
dat 0000007C
976.21 956.64
dat 0000007C
976.23 956.64
dat 0000007C
976.26 956.64
dat 0000007C
976.28 956.64
dat 0000007C
976.30 956.64
dat 0000007C
976.33 956.64
dat 0000007C
976.35 956.64
dat 0000007C
976.37 956.64
dat 0000007C
976.40 956.64
dat 0000007C
976.42 956.64
dat 0000007C
976.44 956.64
dat 0000007C
976.46 956.64
dat 0000007C
976.49 956.64
dat 0000007C
976.51 956.64
dat 0000007C
976.53 956.64
dat 0000007C
976.56 956.64
dat 0000007C
976.58 956.64
dat 0000007C
976.60 956.64
dat 0000007C
976.63 956.64
dat 0000007C
976.65 956.64
dat 0000007C
976.67 956.64
dat 0000007C
976.70 956.64
dat 0000003C
976.72 956.64
dat 0000003C
976.74 956.64
dat 0000003C
976.76 956.64
dat 0000003C
976.79 956.64
dat 0000003C
976.81 956.64
dat 0000003C
976.83 956.64
dat 0000003C
976.86 956.64
dat 0000003C
976.88 956.64
dat 0000003C
976.90 956.64
dat 0000003C
976.93 956.64
dat 0000003C
976.95 956.64
dat 0000003C
976.97 956.64
dat 0000003C
977.00 956.64
dat 0000003C
977.02 956.64
dat 0000003C
977.04 956.64
dat 0000003C
977.06 956.64
dat 0000003C
977.09 956.64
dat 0000003C
977.11 956.64
dat 0000003C
977.13 956.64
dat 0000003C
977.16 956.64
dat 0000003C
977.18 956.64
dat 0000003C
977.20 956.64
dat 0000003C
977.23 956.64
dat 0000003C
977.25 956.64
dat 0000003C
977.27 956.64
dat 0000003C
977.30 956.64
dat 0000003C
977.32 956.64
dat 0000003C
977.34 956.64
dat 0000003C
977.36 956.64
dat 0000003C
977.39 956.64
dat 0000003C
977.41 956.64
dat 0000003C
977.43 956.64
dat 0000003C
977.46 956.64
dat 0000003C
977.48 956.64
dat 0000003C
977.50 956.64
dat 0000003C
977.53 956.64
dat 0000003C
977.55 956.64
dat 0000003C
977.57 956.64
dat 0000003C
977.60 956.64
dat 0000003C
977.62 956.64
dat 0000003C
977.64 956.64
dat 0000003C
977.66 956.64
dat 0000003C
977.69 956.64
dat 0000007C
977.71 956.64
dat 0000007C
977.73 956.64
dat 0000007C
977.76 956.64
dat 0000007C
977.78 956.64
dat 0000007C
977.80 956.64
dat 0000007C
977.83 956.64
dat 0000007C
977.85 956.64
dat 0000007C
977.87 956.64
dat 0000007C
977.90 956.64
dat 0000007C
977.92 956.64
dat 0000007C
# 