n=0;while [ $n -lt 900 ];do cat /proc/uptime;busybox grep ^dat /proc/rtl819x-g
pio;n=$((n+1));done
127.67 121.56
dat 0000007C
127.69 121.56
dat 0000007C
127.72 121.56
dat 0000007C
127.74 121.56
dat 0000007C
127.76 121.56
dat 0000007C
127.78 121.56
dat 0000007C
127.81 121.56
dat 0000007C
127.83 121.56
dat 0000007C
127.85 121.56
dat 0000007C
127.88 121.56
dat 0000007C
127.90 121.56
dat 0000007C
127.92 121.56
dat 0000007C
127.94 121.56
dat 0000007C
127.97 121.56
dat 0000007C
127.99 121.56
dat 0000007C
128.01 121.56
dat 0000007C
128.04 121.56
dat 0000007C
128.06 121.56
dat 0000007C
128.08 121.56
dat 0000007C
128.10 121.56
dat 0000007C
128.13 121.56
dat 0000007C
128.15 121.56
dat 0000007C
128.17 121.56
dat 0000007C
128.20 121.56
dat 0000007C
128.22 121.56
dat 0000007C
128.24 121.56
dat 0000007C
128.27 121.56
dat 0000007C
128.29 121.56
dat 0000007C
128.31 121.56
dat 0000007C
128.33 121.56
dat 0000007C
128.36 121.56
dat 0000007C
128.38 121.56
dat 0000007C
128.40 121.56
dat 0000007C
128.43 121.56
dat 0000007C
128.45 121.56
dat 0000007C
128.47 121.56
dat 0000007C
128.50 121.56
dat 0000007C
128.52 121.56
dat 0000007C
128.54 121.56
dat 0000007C
128.56 121.56
dat 0000007C
128.59 121.56
dat 0000007C
128.61 121.56
dat 0000007C
128.63 121.56
dat 0000007C
128.66 121.56
dat 0000007C
128.68 121.56
dat 0000007C
128.70 121.56
dat 0000007C
128.72 121.56
dat 0000007C
128.75 121.56
dat 0000007C
128.77 121.56
dat 0000007C
128.79 121.56
dat 0000007C
128.82 121.56
dat 0000007C
128.84 121.56
dat 0000007C
128.86 121.56
dat 0000007C
128.89 121.56
dat 0000007C
128.91 121.56
dat 0000007C
128.93 121.56
dat 0000007C
128.95 121.56
dat 0000007C
128.98 121.56
dat 0000007C
129.00 121.56
dat 0000007C
129.02 121.56
dat 0000007C
129.05 121.56
dat 0000007C
129.07 121.56
dat 0000007C
129.09 121.56
dat 0000007C
129.11 121.56
dat 0000007C
129.14 121.56
dat 0000007C
129.16 121.56
dat 0000007C
129.18 121.56
dat 0000007C
129.21 121.56
dat 0000007C
129.23 121.56
dat 0000007C
129.25 121.56
dat 0000007C
129.28 121.56
dat 0000007C
129.30 121.56
dat 0000007C
129.32 121.56
dat 0000007C
129.34 121.56
dat 0000007C
129.37 121.56
dat 0000007C
129.39 121.56
dat 0000007C
129.41 121.56
dat 0000007C
129.44 121.56
dat 0000007C
129.46 121.56
dat 0000007C
129.48 121.56
dat 0000007C
129.50 121.56
dat 0000007C
129.53 121.56
dat 0000007C
129.55 121.56
dat 0000007C
129.57 121.56
dat 0000007C
129.60 121.56
dat 0000007C
129.62 121.56
dat 0000007C
129.64 121.56
dat 0000007C
129.67 121.56
dat 0000007C
129.69 121.56
dat 0000007C
129.71 121.56
dat 0000007C
129.73 121.56
dat 0000007C
129.76 121.56
dat 0000007C
129.78 121.56
dat 0000007C
129.80 121.56
dat 0000007C
129.83 121.56
dat 0000007C
129.85 121.56
dat 0000007C
129.87 121.56
dat 0000007C
129.89 121.56
dat 0000007C
129.92 121.56
dat 0000007C
129.94 121.56
dat 0000007C
129.96 121.56
dat 0000007C
129.99 121.56
dat 0000007C
130.01 121.56
dat 0000007C
130.03 121.56
dat 0000007C
130.05 121.56
dat 0000007C
130.08 121.56
dat 0000007C
130.10 121.56
dat 0000007C
130.12 121.56
dat 0000007C
130.15 121.56
dat 0000007C
130.17 121.56
dat 0000007C
130.19 121.56
dat 0000007C
130.21 121.56
dat 0000007C
130.24 121.56
dat 0000007C
130.26 121.56
dat 0000007C
130.28 121.56
dat 0000007C
130.31 121.56
dat 0000007C
130.33 121.56
dat 0000007C
130.35 121.56
dat 0000007C
130.38 121.56
dat 0000007C
130.40 121.56
dat 0000007C
130.42 121.56
dat 0000007C
130.44 121.56
dat 0000007C
130.47 121.56
dat 0000007C
130.49 121.56
dat 0000007C
130.51 121.56
dat 0000007C
130.54 121.56
dat 0000007C
130.56 121.56
dat 0000007C
130.58 121.56
dat 0000007C
130.60 121.56
dat 0000007C
130.63 121.56
dat 0000007C
130.65 121.56
dat 0000007C
130.67 121.56
dat 0000007C
130.70 121.56
dat 0000007C
130.72 121.56
dat 0000007C
130.74 121.56
dat 0000007C
130.77 121.56
dat 0000007C
130.79 121.56
dat 0000007C
130.81 121.56
dat 0000007C
130.83 121.56
dat 0000007C
130.86 121.56
dat 0000007C
130.88 121.56
dat 0000007C
130.90 121.56
dat 0000007C
130.93 121.56
dat 0000007C
130.95 121.56
dat 0000007C
130.97 121.56
dat 0000007C
130.99 121.56
dat 0000007C
131.02 121.56
dat 0000007C
131.04 121.56
dat 0000007C
131.06 121.56
dat 0000007C
131.09 121.56
dat 0000007C
131.11 121.56
dat 0000007C
131.13 121.56
dat 0000007C
131.15 121.56
dat 0000007C
131.18 121.56
dat 0000007C
131.20 121.56
dat 0000007C
131.22 121.56
dat 0000007C
131.25 121.56
dat 0000007C
131.27 121.56
dat 0000007C
131.29 121.56
dat 0000007C
131.32 121.56
dat 0000007C
131.34 121.56
dat 0000007C
131.36 121.56
dat 0000007C
131.38 121.56
dat 0000007C
131.41 121.56
dat 0000007C
131.43 121.56
dat 0000007C
131.45 121.56
dat 0000007C
131.48 121.56
dat 0000007C
131.50 121.56
dat 0000007C
131.52 121.56
dat 0000007C
131.54 121.56
dat 0000007C
131.57 121.56
dat 0000007C
131.59 121.56
dat 0000007C
131.61 121.56
dat 0000007C
131.64 121.56
dat 0000007C
131.66 121.56
dat 0000007C
131.68 121.56
dat 0000007C
131.71 121.56
dat 0000007C
131.73 121.56
dat 0000007C
131.75 121.56
dat 0000007C
131.77 121.56
dat 0000007C
131.80 121.56
dat 0000007C
131.82 121.56
dat 0000007C
131.84 121.56
dat 0000007C
131.87 121.56
dat 0000007C
131.89 121.56
dat 0000007C
131.91 121.56
dat 0000007C
131.93 121.56
dat 0000007C
131.96 121.56
dat 0000007C
131.98 121.56
dat 0000007C
132.00 121.56
dat 0000007C
132.03 121.56
dat 0000007C
132.05 121.56
dat 0000007C
132.07 121.56
dat 0000007C
132.09 121.56
dat 0000007C
132.12 121.56
dat 0000007C
132.14 121.56
dat 0000007C
132.16 121.56
dat 0000007C
132.19 121.56
dat 0000007C
132.21 121.56
dat 0000007C
132.23 121.56
dat 0000007C
132.25 121.56
dat 0000007C
132.28 121.56
dat 0000007C
132.30 121.56
dat 0000007C
132.32 121.56
dat 0000007C
132.35 121.56
dat 0000007C
132.37 121.56
dat 0000007C
132.39 121.56
dat 0000007C
132.42 121.56
dat 0000007C
132.44 121.56
dat 0000007C
132.46 121.56
dat 0000007C
132.48 121.56
dat 0000007C
132.51 121.56
dat 0000007C
132.53 121.56
dat 0000007C
132.55 121.56
dat 0000007C
132.58 121.56
dat 0000007C
132.60 121.56
dat 0000007C
132.62 121.56
dat 0000007C
132.65 121.56
dat 0000007C
132.67 121.56
dat 0000007C
132.69 121.56
dat 0000007C
132.71 121.56
dat 0000007C
132.74 121.56
dat 0000007C
132.76 121.56
dat 0000007C
132.78 121.56
dat 0000007C
132.81 121.56
dat 0000007C
132.83 121.56
dat 0000007C
132.85 121.56
dat 0000007C
132.87 121.56
dat 0000007C
132.90 121.56
dat 0000007C
132.92 121.56
dat 0000007C
132.94 121.56
dat 0000007C
132.97 121.56
dat 0000007C
132.99 121.56
dat 0000007C
133.01 121.56
dat 0000007C
133.04 121.56
dat 0000007C
133.06 121.56
dat 0000007C
133.08 121.56
dat 0000007C
133.10 121.56
dat 0000007C
133.13 121.56
dat 0000007C
133.15 121.56
dat 0000007C
133.17 121.56
dat 0000007C
133.20 121.56
dat 0000007C
133.22 121.56
dat 0000007C
133.24 121.56
dat 0000007C
133.26 121.56
dat 0000007C
133.29 121.56
dat 0000007C
133.31 121.56
dat 0000007C
133.33 121.56
dat 0000007C
133.36 121.56
dat 0000007C
133.38 121.56
dat 0000007C
133.40 121.56
dat 0000007C
133.42 121.56
dat 0000007C
133.45 121.56
dat 0000007C
133.47 121.56
dat 0000007C
133.49 121.56
dat 0000007C
133.52 121.56
dat 0000007C
133.54 121.56
dat 0000007C
133.56 121.56
dat 0000007C
133.59 121.56
dat 0000007C
133.61 121.56
dat 0000007C
133.63 121.56
dat 0000007C
133.65 121.56
dat 0000007C
133.68 121.56
dat 0000007C
133.70 121.56
dat 0000007C
133.72 121.56
dat 0000007C
133.75 121.56
dat 0000007C
133.77 121.56
dat 0000007C
133.79 121.56
dat 0000007C
133.81 121.56
dat 0000007C
133.84 121.56
dat 0000007C
133.86 121.56
dat 0000007C
133.88 121.56
dat 0000007C
133.91 121.56
dat 0000007C
133.93 121.56
dat 0000007C
133.95 121.56
dat 0000007C
133.97 121.56
dat 0000007C
134.00 121.56
dat 0000007C
134.02 121.56
dat 0000007C
134.04 121.56
dat 0000007C
134.07 121.56
dat 0000007C
134.09 121.56
dat 0000007C
134.11 121.56
dat 0000007C
134.14 121.56
dat 0000007C
134.16 121.56
dat 0000007C
134.18 121.56
dat 0000007C
134.21 121.56
dat 0000007C
134.23 121.56
dat 0000007C
134.25 121.56
dat 0000007C
134.27 121.56
dat 0000007C
134.30 121.56
dat 0000007C
134.32 121.56
dat 0000007C
134.34 121.56
dat 0000007C
134.37 121.56
dat 0000007C
134.39 121.56
dat 0000007C
134.41 121.56
dat 0000007C
134.43 121.56
dat 0000007C
134.46 121.56
dat 0000007C
134.48 121.56
dat 0000007C
134.50 121.56
dat 0000007C
134.53 121.56
dat 0000007C
134.55 121.56
dat 0000007C
134.57 121.56
dat 0000007C
134.59 121.56
dat 0000007C
134.62 121.56
dat 0000007C
134.64 121.56
dat 0000007C
134.66 121.56
dat 0000007C
134.69 121.56
dat 0000007C
134.71 121.56
dat 0000007C
134.73 121.56
dat 0000007C
134.76 121.56
dat 0000007C
134.78 121.56
dat 0000007C
134.80 121.56
dat 0000007C
134.82 121.56
dat 0000007C
134.85 121.56
dat 0000007C
134.87 121.56
dat 0000007C
134.89 121.56
dat 0000007C
134.92 121.56
dat 0000007C
134.94 121.56
dat 0000007C
134.96 121.56
dat 0000007C
134.98 121.56
dat 0000007C
135.01 121.56
dat 0000007C
135.03 121.56
dat 0000007C
135.05 121.56
dat 0000007C
135.08 121.56
dat 0000007C
135.10 121.56
dat 0000007C
135.12 121.56
dat 0000007C
135.14 121.56
dat 0000007C
135.17 121.56
dat 0000007C
135.19 121.56
dat 0000007C
135.21 121.56
dat 0000007C
135.24 121.56
dat 0000007C
135.26 121.56
dat 0000007C
135.28 121.56
dat 0000007C
135.31 121.56
dat 0000007C
135.33 121.56
dat 0000007C
135.35 121.56
dat 0000007C
135.37 121.56
dat 0000007C
135.40 121.56
dat 0000007C
135.42 121.56
dat 0000007C
135.44 121.56
dat 0000007C
135.47 121.56
dat 0000007C
135.49 121.56
dat 0000007C
135.51 121.56
dat 0000007C
135.53 121.56
dat 0000007C
135.56 121.56
dat 0000007C
135.58 121.56
dat 0000007C
135.60 121.56
dat 0000007C
135.63 121.56
dat 0000007C
135.65 121.56
dat 0000007C
135.67 121.56
dat 0000007C
135.70 121.56
dat 0000007C
135.72 121.56
dat 0000007C
135.74 121.56
dat 0000007C
135.76 121.56
dat 0000007C
135.79 121.56
dat 0000007C
135.81 121.56
dat 0000007C
135.83 121.56
dat 0000007C
135.86 121.56
dat 0000007C
135.88 121.56
dat 0000007C
135.90 121.56
dat 0000007C
135.93 121.56
dat 0000007C
135.95 121.56
dat 0000007C
135.97 121.56
dat 0000007C
135.99 121.56
dat 0000007C
136.02 121.56
dat 0000007C
136.04 121.56
dat 0000007C
136.06 121.56
dat 0000007C
136.09 121.56
dat 0000007C
136.11 121.56
dat 0000007C
136.13 121.56
dat 0000007C
136.15 121.56
dat 0000007C
136.18 121.56
dat 0000007C
136.20 121.56
dat 0000007C
136.22 121.56
dat 0000007C
136.25 121.56
dat 0000007C
136.27 121.56
dat 0000007C
136.29 121.56
dat 0000007C
136.31 121.56
dat 0000007C
136.34 121.56
dat 0000007C
136.36 121.56
dat 0000007C
136.38 121.56
dat 0000007C
136.41 121.56
dat 0000007C
136.43 121.56
dat 0000007C
136.45 121.56
dat 0000007C
136.48 121.56
dat 0000007C
136.50 121.56
dat 0000007C
136.52 121.56
dat 0000007C
136.54 121.56
dat 0000007C
136.57 121.56
dat 0000007C
136.59 121.56
dat 0000007C
136.61 121.56
dat 0000007C
136.64 121.56
dat 0000007C
136.66 121.56
dat 0000007C
136.68 121.56
dat 0000007C
136.70 121.56
dat 0000007C
136.73 121.56
dat 0000007C
136.75 121.56
dat 0000007C
136.77 121.56
dat 0000007C
136.80 121.56
dat 0000007C
136.82 121.56
dat 0000007C
136.84 121.56
dat 0000007C
136.87 121.56
dat 0000007C
136.89 121.56
dat 0000007C
136.91 121.56
dat 0000007C
136.93 121.56
dat 0000007C
136.96 121.56
dat 0000007C
136.98 121.56
dat 0000007C
137.00 121.56
dat 0000007C
137.03 121.56
dat 0000007C
137.05 121.56
dat 0000007C
137.07 121.56
dat 0000007C
137.09 121.56
dat 0000007C
137.12 121.56
dat 0000007C
137.14 121.56
dat 0000007C
137.16 121.56
dat 0000007C
137.19 121.56
dat 0000007C
137.21 121.56
dat 0000007C
137.23 121.56
dat 0000007C
137.25 121.56
dat 0000007C
137.28 121.56
dat 0000007C
137.30 121.56
dat 0000007C
137.32 121.56
dat 0000007C
137.35 121.56
dat 0000007C
137.37 121.56
dat 0000007C
137.39 121.56
dat 0000007C
137.41 121.56
dat 0000007C
137.44 121.56
dat 0000007C
137.46 121.56
dat 0000007C
137.48 121.56
dat 0000007C
137.51 121.56
dat 0000007C
137.53 121.56
dat 0000007C
137.55 121.56
dat 0000007C
137.58 121.56
dat 0000007C
137.60 121.56
dat 0000007C
137.62 121.56
dat 0000007C
137.64 121.56
dat 0000007C
137.67 121.56
dat 0000007C
137.69 121.56
dat 0000007C
137.71 121.56
dat 0000007C
137.74 121.56
dat 0000007C
137.76 121.56
dat 0000007C
137.78 121.56
dat 0000007C
137.80 121.56
dat 0000007C
137.83 121.56
dat 0000007C
137.85 121.56
dat 0000007C
137.87 121.56
dat 0000007C
137.90 121.56
dat 0000007C
137.92 121.56
dat 0000007C
137.94 121.56
dat 0000007C
137.96 121.56
dat 0000007C
137.99 121.56
dat 0000007C
138.01 121.56
dat 0000007C
138.03 121.56
dat 0000007C
138.06 121.56
dat 0000007C
138.08 121.56
dat 0000007C
138.10 121.56
dat 0000007C
138.13 121.56
dat 0000007C
138.15 121.56
dat 0000007C
138.17 121.56
dat 0000007C
138.19 121.56
dat 0000007C
138.22 121.56
dat 0000007C
138.24 121.56
dat 0000007C
138.26 121.56
dat 0000007C
138.29 121.56
dat 0000007C
138.31 121.56
dat 0000007C
138.33 121.56
dat 0000007C
138.35 121.56
dat 0000007C
138.38 121.56
dat 0000007C
138.40 121.56
dat 0000007C
138.42 121.56
dat 0000007C
138.45 121.56
dat 0000007C
138.47 121.56
dat 0000007C
138.49 121.56
dat 0000007C
138.51 121.56
dat 0000007C
138.54 121.56
dat 0000007C
138.56 121.56
dat 0000007C
138.58 121.56
dat 0000007C
138.61 121.56
dat 0000007C
138.63 121.56
dat 0000007C
138.65 121.56
dat 0000007C
138.67 121.56
dat 0000007C
138.70 121.56
dat 0000007C
138.72 121.56
dat 0000007C
138.74 121.56
dat 0000007C
138.77 121.56
dat 0000007C
138.79 121.56
dat 0000007C
138.81 121.56
dat 0000007C
138.83 121.56
dat 0000007C
138.86 121.56
dat 0000007C
138.88 121.56
dat 0000007C
138.90 121.56
dat 0000007C
138.93 121.56
dat 0000007C
138.95 121.56
dat 0000007C
138.97 121.56
dat 0000007C
139.00 121.56
dat 0000007C
139.02 121.56
dat 0000007C
139.04 121.56
dat 0000007C
139.06 121.56
dat 0000007C
139.09 121.56
dat 0000007C
139.11 121.56
dat 0000007C
139.13 121.56
dat 0000007C
139.16 121.56
dat 0000007C
139.18 121.56
dat 0000007C
139.20 121.56
dat 0000007C
139.22 121.56
dat 0000007C
139.25 121.56
dat 0000007C
139.27 121.56
dat 0000007C
139.29 121.56
dat 0000007C
139.32 121.56
dat 0000007C
139.34 121.56
dat 0000007C
139.36 121.56
dat 0000007C
139.39 121.56
dat 0000007C
139.41 121.56
dat 0000007C
139.43 121.56
dat 0000007C
139.45 121.56
dat 0000007C
139.48 121.56
dat 0000007C
139.50 121.56
dat 0000007C
139.52 121.56
dat 0000007C
139.55 121.56
dat 0000007C
139.57 121.56
dat 0000007C
139.59 121.56
dat 0000007C
139.61 121.56
dat 0000007C
139.64 121.56
dat 0000007C
139.66 121.56
dat 0000007C
139.68 121.56
dat 0000007C
139.71 121.56
dat 0000007C
139.73 121.56
dat 0000007C
139.75 121.56
dat 0000007C
139.78 121.56
dat 0000007C
139.80 121.56
dat 0000007C
139.82 121.56
dat 0000007C
139.84 121.56
dat 0000007C
139.87 121.56
dat 0000007C
139.89 121.56
dat 0000007C
139.91 121.56
dat 0000007C
139.94 121.56
dat 0000007C
139.96 121.56
dat 0000007C
139.98 121.56
dat 0000007C
140.00 121.56
dat 0000007C
140.03 121.56
dat 0000007C
140.05 121.56
dat 0000007C
140.07 121.56
dat 0000007C
140.10 121.56
dat 0000007C
140.12 121.56
dat 0000007C
140.14 121.56
dat 0000007C
140.16 121.56
dat 0000007C
140.19 121.56
dat 0000007C
140.21 121.56
dat 0000007C
140.23 121.56
dat 0000007C
140.26 121.56
dat 0000007C
140.28 121.56
dat 0000007C
140.30 121.56
dat 0000007C
140.33 121.56
dat 0000007C
140.35 121.56
dat 0000007C
140.37 121.56
dat 0000007C
140.39 121.56
dat 0000007C
140.42 121.56
dat 0000007C
140.44 121.56
dat 0000007C
140.46 121.56
dat 0000007C
140.49 121.56
dat 0000007C
140.51 121.56
dat 0000007C
140.53 121.56
dat 0000007C
140.55 121.56
dat 0000007C
140.58 121.56
dat 0000007C
140.60 121.56
dat 0000007C
140.62 121.56
dat 0000007C
140.65 121.56
dat 0000007C
140.67 121.56
dat 0000007C
140.69 121.56
dat 0000007C
140.71 121.56
dat 0000007C
140.74 121.56
dat 0000007C
140.76 121.56
dat 0000007C
140.78 121.56
dat 0000007C
140.81 121.56
dat 0000007C
140.83 121.56
dat 0000007C
140.85 121.56
dat 0000007C
140.87 121.56
dat 0000007C
140.90 121.56
dat 0000007C
140.92 121.56
dat 0000007C
140.94 121.56
dat 0000007C
140.97 121.56
dat 0000007C
140.99 121.56
dat 0000007C
141.01 121.56
dat 0000007C
141.04 121.56
dat 0000007C
141.06 121.56
dat 0000007C
141.08 121.56
dat 0000007C
141.10 121.56
dat 0000007C
141.13 121.56
dat 0000007C
141.15 121.56
dat 0000007C
141.17 121.56
dat 0000007C
141.20 121.56
dat 0000007C
141.22 121.56
dat 0000007C
141.24 121.56
dat 0000007C
141.27 121.56
dat 0000007C
141.29 121.56
dat 0000007C
141.31 121.56
dat 0000007C
141.33 121.56
dat 0000007C
141.36 121.56
dat 0000007C
141.38 121.56
dat 0000007C
141.40 121.56
dat 0000007C
141.43 121.56
dat 0000007C
141.45 121.56
dat 0000007C
141.47 121.56
dat 0000007C
141.49 121.56
dat 0000007C
141.52 121.56
dat 0000007C
141.54 121.56
dat 0000007C
141.56 121.56
dat 0000007C
141.59 121.56
dat 0000007C
141.61 121.56
dat 0000007C
141.63 121.56
dat 0000007C
141.65 121.56
dat 0000007C
141.68 121.56
dat 0000007C
141.70 121.56
dat 0000007C
141.72 121.56
dat 0000007C
141.75 121.56
dat 0000007C
141.77 121.56
dat 0000007C
141.79 121.56
dat 0000007C
141.82 121.56
dat 0000007C
141.84 121.56
dat 0000007C
141.86 121.56
dat 0000007C
141.88 121.56
dat 0000007C
141.91 121.56
dat 0000007C
141.93 121.56
dat 0000007C
141.95 121.56
dat 0000007C
141.98 121.56
dat 0000007C
142.00 121.56
dat 0000007C
142.02 121.56
dat 0000007C
142.04 121.56
dat 0000007C
142.07 121.56
dat 0000007C
142.09 121.56
dat 0000007C
142.11 121.56
dat 0000007C
142.14 121.56
dat 0000007C
142.16 121.56
dat 0000007C
142.18 121.56
dat 0000007C
142.21 121.56
dat 0000007C
142.23 121.56
dat 0000007C
142.25 121.56
dat 0000007C
142.27 121.56
dat 0000007C
142.30 121.56
dat 0000007C
142.32 121.56
dat 0000007C
142.34 121.56
dat 0000007C
142.37 121.56
dat 0000007C
142.39 121.56
dat 0000007C
142.41 121.56
dat 0000007C
142.43 121.56
dat 0000007C
142.46 121.56
dat 0000007C
142.48 121.56
dat 0000007C
142.50 121.56
dat 0000007C
142.53 121.56
dat 0000007C
142.55 121.56
dat 0000007C
142.57 121.56
dat 0000007C
142.59 121.56
dat 0000007C
142.62 121.56
dat 0000007C
142.64 121.56
dat 0000007C
142.66 121.56
dat 0000007C
142.69 121.56
dat 0000007C
142.71 121.56
dat 0000007C
142.73 121.56
dat 0000007C
142.75 121.56
dat 0000007C
142.78 121.56
dat 0000007C
142.80 121.56
dat 0000007C
142.82 121.56
dat 0000007C
142.85 121.56
dat 0000007C
142.87 121.56
dat 0000007C
142.89 121.56
dat 0000007C
142.91 121.56
dat 0000007C
142.94 121.56
dat 0000007C
142.96 121.56
dat 0000007C
142.98 121.56
dat 0000007C
143.01 121.56
dat 0000007C
143.03 121.56
dat 0000007C
143.05 121.56
dat 0000007C
143.08 121.56
dat 0000007C
143.10 121.56
dat 0000007C
143.12 121.56
dat 0000007C
143.14 121.56
dat 0000007C
143.17 121.56
dat 0000007C
143.19 121.56
dat 0000007C
143.21 121.56
dat 0000007C
143.24 121.56
dat 0000007C
143.26 121.56
dat 0000007C
143.28 121.56
dat 0000007C
143.30 121.56
dat 0000007C
143.33 121.56
dat 0000007C
143.35 121.56
dat 0000007C
143.37 121.56
dat 0000007C
143.40 121.56
dat 0000007C
143.42 121.56
dat 0000007C
143.44 121.56
dat 0000007C
143.47 121.56
dat 0000007C
143.49 121.56
dat 0000007C
143.51 121.56
dat 0000007C
143.53 121.56
dat 0000007C
143.56 121.56
dat 0000007C
143.58 121.56
dat 0000007C
143.60 121.56
dat 0000007C
143.63 121.56
dat 0000007C
143.65 121.56
dat 0000007C
143.67 121.56
dat 0000007C
143.69 121.56
dat 0000007C
143.72 121.56
dat 0000007C
143.74 121.56
dat 0000007C
143.76 121.56
dat 0000007C
143.79 121.56
dat 0000007C
143.81 121.56
dat 0000007C
143.83 121.56
dat 0000007C
143.85 121.56
dat 0000007C
143.88 121.56
dat 0000007C
143.90 121.56
dat 0000007C
143.92 121.56
dat 0000007C
143.95 121.56
dat 0000007C
143.97 121.56
dat 0000007C
143.99 121.56
dat 0000007C
144.02 121.56
dat 0000007C
144.04 121.56
dat 0000007C
144.06 121.56
dat 0000007C
144.08 121.56
dat 0000007C
144.11 121.56
dat 0000007C
144.13 121.56
dat 0000007C
144.15 121.56
dat 0000007C
144.18 121.56
dat 0000007C
144.20 121.56
dat 0000007C
144.22 121.56
dat 0000007C
144.25 121.56
dat 0000007C
144.27 121.56
dat 0000007C
144.29 121.56
dat 0000007C
144.31 121.56
dat 0000007C
144.34 121.56
dat 0000007C
144.36 121.56
dat 0000007C
144.38 121.56
dat 0000007C
144.41 121.56
dat 0000007C
144.43 121.56
dat 0000007C
144.45 121.56
dat 0000007C
144.47 121.56
dat 0000007C
144.50 121.56
dat 0000007C
144.52 121.56
dat 0000007C
144.54 121.56
dat 0000007C
144.57 121.56
dat 0000007C
144.59 121.56
dat 0000007C
144.61 121.56
dat 0000007C
144.63 121.56
dat 0000007C
144.66 121.56
dat 0000007C
144.68 121.56
dat 0000007C
144.70 121.56
dat 0000007C
144.73 121.56
dat 0000007C
144.75 121.56
dat 0000007C
144.77 121.56
dat 0000007C
144.80 121.56
dat 0000007C
144.82 121.56
dat 0000007C
144.84 121.56
dat 0000007C
144.86 121.56
dat 0000007C
144.89 121.56
dat 0000007C
144.91 121.56
dat 0000007C
144.93 121.56
dat 0000007C
144.96 121.56
dat 0000007C
144.98 121.56
dat 0000007C
145.00 121.56
dat 0000007C
145.03 121.56
dat 0000007C
145.05 121.56
dat 0000007C
145.07 121.56
dat 0000007C
145.09 121.56
dat 0000007C
145.12 121.56
dat 0000007C
145.14 121.56
dat 0000007C
145.16 121.56
dat 0000007C
145.19 121.56
dat 0000007C
145.21 121.56
dat 0000007C
145.23 121.56
dat 0000007C
145.25 121.56
dat 0000007C
145.28 121.56
dat 0000007C
145.30 121.56
dat 0000007C
145.32 121.56
dat 0000007C
145.35 121.56
dat 0000007C
145.37 121.56
dat 0000007C
145.39 121.56
dat 0000007C
145.41 121.56
dat 0000007C
145.44 121.56
dat 0000007C
145.46 121.56
dat 0000007C
145.48 121.56
dat 0000007C
145.51 121.56
dat 0000007C
145.53 121.56
dat 0000007C
145.55 121.56
dat 0000007C
145.58 121.56
dat 0000007C
145.60 121.56
dat 0000007C
145.62 121.56
dat 0000007C
145.64 121.56
dat 0000007C
145.67 121.56
dat 0000007C
145.69 121.56
dat 0000007C
145.71 121.56
dat 0000007C
145.74 121.56
dat 0000007C
145.76 121.56
dat 0000007C
145.78 121.56
dat 0000007C
145.81 121.56
dat 0000007C
145.83 121.56
dat 0000007C
145.85 121.56
dat 0000007C
145.87 121.56
dat 0000007C
145.90 121.56
dat 0000007C
145.92 121.56
dat 0000007C
145.94 121.56
dat 0000007C
145.97 121.56
dat 0000007C
145.99 121.56
dat 0000007C
146.01 121.56
dat 0000007C
146.03 121.56
dat 0000007C
146.06 121.56
dat 0000007C
146.08 121.56
dat 0000007C
146.10 121.56
dat 0000007C
146.13 121.56
dat 0000007C
146.15 121.56
dat 0000007C
146.17 121.56
dat 0000007C
146.20 121.56
dat 0000007C
146.22 121.56
dat 0000007C
146.24 121.56
dat 0000007C
146.26 121.56
dat 0000007C
146.29 121.56
dat 0000007C
146.31 121.56
dat 0000007C
146.33 121.56
dat 0000007C
146.36 121.56
dat 0000007C
146.38 121.56
dat 0000007C
146.40 121.56
dat 0000007C
146.42 121.56
dat 0000007C
146.45 121.56
dat 0000007C
146.47 121.56
dat 0000007C
146.49 121.56
dat 0000007C
146.52 121.56
dat 0000007C
146.54 121.56
dat 0000007C
146.56 121.56
dat 0000007C
146.58 121.56
dat 0000007C
146.61 121.56
dat 0000007C
146.63 121.56
dat 0000007C
146.65 121.56
dat 0000007C
146.68 121.56
dat 0000007C
146.70 121.56
dat 0000007C
146.72 121.56
dat 0000007C
146.75 121.56
dat 0000007C
146.77 121.56
dat 0000007C
146.79 121.56
dat 0000007C
146.81 121.56
dat 0000007C
146.84 121.56
dat 0000007C
146.86 121.56
dat 0000007C
146.88 121.56
dat 0000007C
146.91 121.56
dat 0000007C
146.93 121.56
dat 0000007C
146.95 121.56
dat 0000007C
146.97 121.56
dat 0000007C
147.00 121.56
dat 0000007C
147.02 121.56
dat 0000007C
147.04 121.56
dat 0000007C
147.07 121.56
dat 0000007C
147.09 121.56
dat 0000007C
147.11 121.56
dat 0000007C
147.14 121.56
dat 0000007C
147.16 121.56
dat 0000007C
147.18 121.56
dat 0000007C
147.20 121.56
dat 0000007C
147.23 121.56
dat 0000007C
147.25 121.56
dat 0000007C
147.27 121.56
dat 0000007C
147.30 121.56
dat 0000007C
147.32 121.56
dat 0000007C
147.34 121.56
dat 0000007C
147.36 121.56
dat 0000007C
147.39 121.56
dat 0000007C
147.41 121.56
dat 0000007C
147.43 121.56
dat 0000007C
147.46 121.56
dat 0000007C
147.48 121.56
dat 0000007C
147.50 121.56
dat 0000007C
147.53 121.56
dat 0000007C
147.55 121.56
dat 0000007C
147.57 121.56
dat 0000007C
147.59 121.56
dat 0000007C
147.62 121.56
dat 0000007C
147.64 121.56
dat 0000007C
147.66 121.56
dat 0000007C
147.69 121.56
dat 0000007C
147.71 121.56
dat 0000007C
147.73 121.56
dat 0000007C
147.76 121.56
dat 0000007C
147.78 121.56
dat 0000007C
147.80 121.56
dat 0000007C
147.82 121.56
dat 0000007C
147.85 121.56
dat 0000007C
147.87 121.56
dat 0000007C
147.89 121.56
dat 0000007C
147.92 121.56
dat 0000007C
147.94 121.56
dat 0000007C
147.96 121.56
dat 0000007C
147.98 121.56
dat 0000007C
148.01 121.56
dat 0000007C
148.03 121.56
dat 0000007C
148.05 121.56
dat 0000007C
148.08 121.56
dat 0000007C
148.10 121.56
dat 0000007C
148.12 121.56
dat 0000007C
148.15 121.56
dat 0000007C
148.17 121.56
dat 0000007C
148.19 121.56
dat 0000007C
148.21 121.56
dat 0000007C
148.24 121.56
dat 0000007C
148.26 121.56
dat 0000007C
148.28 121.56
dat 0000007C
# 