n=0;while [ $n -lt 900 ];do cat /proc/uptime;busybox grep ^dat /proc/rtl819x-g
pio;n=$((n+1));done
87.71 81.61
dat 0000007C
87.73 81.61
dat 0000007C
87.75 81.61
dat 0000007C
87.78 81.61
dat 0000007C
87.80 81.61
dat 0000007C
87.82 81.61
dat 0000007C
87.84 81.61
dat 0000007C
87.87 81.61
dat 0000007C
87.89 81.61
dat 0000007C
87.91 81.61
dat 0000007C
87.94 81.61
dat 0000007C
87.96 81.61
dat 0000007C
87.98 81.61
dat 0000007C
88.00 81.61
dat 0000007C
88.03 81.61
dat 0000007C
88.05 81.61
dat 0000007C
88.07 81.61
dat 0000007C
88.10 81.61
dat 0000007C
88.12 81.61
dat 0000007C
88.14 81.61
dat 0000007C
88.16 81.61
dat 0000007C
88.19 81.61
dat 0000007C
88.21 81.61
dat 0000007C
88.23 81.61
dat 0000007C
88.26 81.61
dat 0000007C
88.28 81.61
dat 0000007C
88.30 81.61
dat 0000007C
88.32 81.61
dat 0000007C
88.35 81.61
dat 0000007C
88.37 81.61
dat 0000007C
88.39 81.61
dat 0000007C
88.42 81.61
dat 0000007C
88.44 81.61
dat 0000007C
88.46 81.61
dat 0000007C
88.48 81.61
dat 0000007C
88.51 81.61
dat 0000007C
88.53 81.61
dat 0000007C
88.55 81.61
dat 0000007C
88.58 81.61
dat 0000007C
88.60 81.61
dat 0000007C
88.62 81.61
dat 0000007C
88.64 81.61
dat 0000007C
88.67 81.61
dat 0000007C
88.69 81.61
dat 0000007C
88.71 81.61
dat 0000007C
88.73 81.61
dat 0000007C
88.76 81.61
dat 0000007C
88.78 81.61
dat 0000007C
88.80 81.61
dat 0000007C
88.83 81.61
dat 0000007C
88.85 81.61
dat 0000007C
88.87 81.61
dat 0000007C
88.89 81.61
dat 0000007C
88.92 81.61
dat 0000007C
88.94 81.61
dat 0000007C
88.96 81.61
dat 0000007C
88.99 81.61
dat 0000007C
89.01 81.61
dat 0000007C
89.03 81.61
dat 0000007C
89.06 81.61
dat 0000007C
89.08 81.61
dat 0000007C
89.10 81.61
dat 0000007C
89.12 81.61
dat 0000007C
89.15 81.61
dat 0000007C
89.17 81.61
dat 0000007C
89.19 81.61
dat 0000007C
89.21 81.61
dat 0000007C
89.24 81.61
dat 0000007C
89.26 81.61
dat 0000007C
89.28 81.61
dat 0000007C
89.31 81.61
dat 0000007C
89.33 81.61
dat 0000007C
89.35 81.61
dat 0000007C
89.38 81.61
dat 0000007C
89.40 81.61
dat 0000007C
89.42 81.61
dat 0000007C
89.44 81.61
dat 0000007C
89.47 81.61
dat 0000007C
89.49 81.61
dat 0000007C
89.51 81.61
dat 0000007C
89.54 81.61
dat 0000007C
89.56 81.61
dat 0000007C
89.58 81.61
dat 0000007C
89.60 81.61
dat 0000007C
89.63 81.61
dat 0000007C
89.65 81.61
dat 0000007C
89.67 81.61
dat 0000007C
89.69 81.61
dat 0000007C
89.72 81.61
dat 0000007C
89.74 81.61
dat 0000007C
89.76 81.61
dat 0000007C
89.79 81.61
dat 0000007C
89.81 81.61
dat 0000007C
89.83 81.61
dat 0000007C
89.86 81.61
dat 0000007C
89.88 81.61
dat 0000007C
89.90 81.61
dat 0000007C
89.92 81.61
dat 0000007C
89.95 81.61
dat 0000007C
89.97 81.61
dat 0000007C
89.99 81.61
dat 0000007C
90.01 81.61
dat 0000007C
90.04 81.61
dat 0000007C
90.06 81.61
dat 0000007C
90.08 81.61
dat 0000007C
90.11 81.61
dat 0000007C
90.13 81.61
dat 0000007C
90.15 81.61
dat 0000007C
90.18 81.61
dat 0000007C
90.20 81.61
dat 0000007C
90.22 81.61
dat 0000007C
90.24 81.61
dat 0000007C
90.27 81.61
dat 0000007C
90.29 81.61
dat 0000007C
90.31 81.61
dat 0000007C
90.34 81.61
dat 0000007C
90.36 81.61
dat 0000007C
90.38 81.61
dat 0000007C
90.40 81.61
dat 0000007C
90.43 81.61
dat 0000007C
90.45 81.61
dat 0000007C
90.47 81.61
dat 0000007C
90.50 81.61
dat 0000007C
90.52 81.61
dat 0000007C
90.54 81.61
dat 0000007C
90.56 81.61
dat 0000007C
90.59 81.61
dat 0000007C
90.61 81.61
dat 0000007C
90.63 81.61
dat 0000007C
90.65 81.61
dat 0000007C
90.68 81.61
dat 0000007C
90.70 81.61
dat 0000007C
90.72 81.61
dat 0000007C
90.75 81.61
dat 0000007C
90.77 81.61
dat 0000007C
90.79 81.61
dat 0000007C
90.81 81.61
dat 0000007C
90.84 81.61
dat 0000007C
90.86 81.61
dat 0000007C
90.88 81.61
dat 0000007C
90.91 81.61
dat 0000007C
90.93 81.61
dat 0000007C
90.95 81.61
dat 0000007C
90.98 81.61
dat 0000007C
91.00 81.61
dat 0000007C
91.02 81.61
dat 0000007C
91.04 81.61
dat 0000007C
91.07 81.61
dat 0000007C
91.09 81.61
dat 0000007C
91.11 81.61
dat 0000007C
91.14 81.61
dat 0000007C
91.16 81.61
dat 0000007C
91.18 81.61
dat 0000007C
91.20 81.61
dat 0000007C
91.23 81.61
dat 0000007C
91.25 81.61
dat 0000007C
91.27 81.61
dat 0000007C
91.29 81.61
dat 0000007C
91.32 81.61
dat 0000007C
91.34 81.61
dat 0000007C
91.36 81.61
dat 0000007C
91.39 81.61
dat 0000007C
91.41 81.61
dat 0000007C
91.43 81.61
dat 0000007C
91.46 81.61
dat 0000007C
91.48 81.61
dat 0000007C
91.50 81.61
dat 0000007C
91.52 81.61
dat 0000007C
91.55 81.61
dat 0000007C
91.57 81.61
dat 0000007C
91.59 81.61
dat 0000007C
91.61 81.61
dat 0000007C
91.64 81.61
dat 0000007C
91.66 81.61
dat 0000007C
91.68 81.61
dat 0000007C
91.71 81.61
dat 0000007C
91.73 81.61
dat 0000007C
91.75 81.61
dat 0000007C
91.78 81.61
dat 0000007C
91.80 81.61
dat 0000007C
91.82 81.61
dat 0000007C
91.84 81.61
dat 0000007C
91.87 81.61
dat 0000007C
91.89 81.61
dat 0000007C
91.91 81.61
dat 0000007C
91.93 81.61
dat 0000007C
91.96 81.61
dat 0000007C
91.98 81.61
dat 0000007C
92.00 81.61
dat 0000007C
92.03 81.61
dat 0000007C
92.05 81.61
dat 0000007C
92.07 81.61
dat 0000007C
92.10 81.61
dat 0000007C
92.12 81.61
dat 0000007C
92.14 81.61
dat 0000007C
92.16 81.61
dat 0000007C
92.19 81.61
dat 0000007C
92.21 81.61
dat 0000007C
92.23 81.61
dat 0000007C
92.26 81.61
dat 0000007C
92.28 81.61
dat 0000007C
92.30 81.61
dat 0000007C
92.32 81.61
dat 0000007C
92.35 81.61
dat 0000007C
92.37 81.61
dat 0000007C
92.39 81.61
dat 0000007C
92.41 81.61
dat 0000007C
92.44 81.61
dat 0000007C
92.46 81.61
dat 0000007C
92.48 81.61
dat 0000007C
92.51 81.61
dat 0000007C
92.53 81.61
dat 0000007C
92.55 81.61
dat 0000007C
92.58 81.61
dat 0000007C
92.60 81.61
dat 0000007C
92.62 81.61
dat 0000007C
92.64 81.61
dat 0000007C
92.67 81.61
dat 0000007C
92.69 81.61
dat 0000007C
92.71 81.61
dat 0000007C
92.73 81.61
dat 0000007C
92.76 81.61
dat 0000007C
92.78 81.61
dat 0000007C
92.80 81.61
dat 0000007C
92.83 81.61
dat 0000007C
92.85 81.61
dat 0000007C
92.87 81.61
dat 0000007C
92.89 81.61
dat 0000007C
92.92 81.61
dat 0000007C
92.94 81.61
dat 0000007C
92.96 81.61
dat 0000007C
92.99 81.61
dat 0000007C
93.01 81.61
dat 0000007C
93.03 81.61
dat 0000007C
93.05 81.61
dat 0000007C
93.08 81.61
dat 0000007C
93.10 81.61
dat 0000007C
93.12 81.61
dat 0000007C
93.15 81.61
dat 0000007C
93.17 81.61
dat 0000007C
93.19 81.61
dat 0000007C
93.22 81.61
dat 0000007C
93.24 81.61
dat 0000007C
93.26 81.61
dat 0000007C
93.28 81.61
dat 0000007C
93.31 81.61
dat 0000007C
93.33 81.61
dat 0000007C
93.35 81.61
dat 0000007C
93.37 81.61
dat 0000007C
93.40 81.61
dat 0000007C
93.42 81.61
dat 0000007C
93.44 81.61
dat 0000007C
93.47 81.61
dat 0000007C
93.49 81.61
dat 0000007C
93.51 81.61
dat 0000007C
93.53 81.61
dat 0000007C
93.56 81.61
dat 0000007C
93.58 81.61
dat 0000007C
93.60 81.61
dat 0000007C
93.63 81.61
dat 0000007C
93.65 81.61
dat 0000007C
93.67 81.61
dat 0000007C
93.69 81.61
dat 0000007C
93.72 81.61
dat 0000007C
93.74 81.61
dat 0000007C
93.76 81.61
dat 0000007C
93.79 81.61
dat 0000007C
93.81 81.61
dat 0000007C
93.83 81.61
dat 0000007C
93.85 81.61
dat 0000007C
93.88 81.61
dat 0000007C
93.90 81.61
dat 0000007C
93.92 81.61
dat 0000007C
93.95 81.61
dat 0000007C
93.97 81.61
dat 0000007C
93.99 81.61
dat 0000007C
94.02 81.61
dat 0000007C
94.04 81.61
dat 0000007C
94.06 81.61
dat 0000007C
94.08 81.61
dat 0000007C
94.11 81.61
dat 0000007C
94.13 81.61
dat 0000007C
94.15 81.61
dat 0000007C
94.17 81.61
dat 0000007C
94.20 81.61
dat 0000007C
94.22 81.61
dat 0000007C
94.24 81.61
dat 0000007C
94.27 81.61
dat 0000007C
94.29 81.61
dat 0000007C
94.31 81.61
dat 0000007C
94.33 81.61
dat 0000007C
94.36 81.61
dat 0000007C
94.38 81.61
dat 0000007C
94.40 81.61
dat 0000007C
94.43 81.61
dat 0000007C
94.45 81.61
dat 0000007C
94.47 81.61
dat 0000007C
94.50 81.61
dat 0000007C
94.52 81.61
dat 0000007C
94.54 81.61
dat 0000007C
94.56 81.61
dat 0000007C
94.59 81.61
dat 0000007C
94.61 81.61
dat 0000007C
94.63 81.61
dat 0000007C
94.65 81.61
dat 0000007C
94.68 81.61
dat 0000007C
94.70 81.61
dat 0000007C
94.72 81.61
dat 0000007C
94.75 81.61
dat 0000007C
94.77 81.61
dat 0000007C
94.79 81.61
dat 0000007C
94.82 81.61
dat 0000007C
94.84 81.61
dat 0000007C
94.86 81.61
dat 0000007C
94.88 81.61
dat 0000007C
94.91 81.61
dat 0000007C
94.93 81.61
dat 0000007C
94.95 81.61
dat 0000007C
94.97 81.61
dat 0000007C
95.00 81.61
dat 0000007C
95.02 81.61
dat 0000007C
95.04 81.61
dat 0000007C
95.07 81.61
dat 0000007C
95.09 81.61
dat 0000007C
95.11 81.61
dat 0000007C
95.14 81.61
dat 0000007C
95.16 81.61
dat 0000007C
95.18 81.61
dat 0000007C
95.20 81.61
dat 0000007C
95.23 81.61
dat 0000007C
95.25 81.61
dat 0000007C
95.27 81.61
dat 0000007C
95.29 81.61
dat 0000007C
95.32 81.61
dat 0000007C
95.34 81.61
dat 0000007C
95.36 81.61
dat 0000007C
95.39 81.61
dat 0000007C
95.41 81.61
dat 0000007C
95.43 81.61
dat 0000005C
95.45 81.61
dat 0000005C
95.48 81.61
dat 0000005C
95.50 81.61
dat 0000005C
95.52 81.61
dat 0000005C
95.55 81.61
dat 0000005C
95.57 81.61
dat 0000005C
95.59 81.61
dat 0000005C
95.62 81.61
dat 0000005C
95.64 81.61
dat 0000005C
95.66 81.61
dat 0000005C
95.68 81.61
dat 0000005C
95.71 81.61
dat 0000005C
95.73 81.61
dat 0000005C
95.75 81.61
dat 0000005C
95.78 81.61
dat 0000005C
95.80 81.61
dat 0000005C
95.82 81.61
dat 0000005C
95.84 81.61
dat 0000005C
95.87 81.61
dat 0000005C
95.89 81.61
dat 0000005C
95.91 81.61
dat 0000005C
95.93 81.61
dat 0000005C
95.96 81.61
dat 0000005C
95.98 81.61
dat 0000005C
96.00 81.61
dat 0000005C
96.03 81.61
dat 0000005C
96.05 81.61
dat 0000005C
96.07 81.61
dat 0000005C
96.10 81.61
dat 0000005C
96.12 81.61
dat 0000005C
96.14 81.61
dat 0000005C
96.16 81.61
dat 0000005C
96.19 81.61
dat 0000005C
96.21 81.61
dat 0000005C
96.23 81.61
dat 0000005C
96.26 81.61
dat 0000005C
96.28 81.61
dat 0000005C
96.30 81.61
dat 0000005C
96.32 81.61
dat 0000005C
96.35 81.61
dat 0000005C
96.37 81.61
dat 0000005C
96.39 81.61
dat 0000005C
96.42 81.61
dat 0000005C
96.44 81.61
dat 0000005C
96.46 81.61
dat 0000005C
96.48 81.61
dat 0000005C
96.51 81.61
dat 0000005C
96.53 81.61
dat 0000005C
96.55 81.61
dat 0000005C
96.58 81.61
dat 0000005C
96.60 81.61
dat 0000005C
96.62 81.61
dat 0000005C
96.64 81.61
dat 0000005C
96.67 81.61
dat 0000005C
96.69 81.61
dat 0000001C
96.71 81.61
dat 0000001C
96.74 81.61
dat 0000001C
96.76 81.61
dat 0000001C
96.78 81.61
dat 0000001C
96.80 81.61
dat 0000001C
96.83 81.61
dat 0000001C
96.85 81.61
dat 0000001C
96.87 81.61
dat 0000001C
96.90 81.61
dat 0000001C
96.92 81.61
dat 0000001C
96.94 81.61
dat 0000001C
96.96 81.61
dat 0000001C
96.99 81.61
dat 0000001C
97.01 81.61
dat 0000001C
97.03 81.61
dat 0000001C
97.06 81.61
dat 0000001C
97.08 81.61
dat 0000001C
97.10 81.61
dat 0000001C
97.12 81.61
dat 0000001C
97.15 81.61
dat 0000001C
97.17 81.61
dat 0000001C
97.19 81.61
dat 0000001C
97.22 81.61
dat 0000001C
97.24 81.61
dat 0000001C
97.26 81.61
dat 0000001C
97.28 81.61
dat 0000001C
97.31 81.61
dat 0000001C
97.33 81.61
dat 0000001C
97.35 81.61
dat 0000001C
97.37 81.61
dat 0000001C
97.40 81.61
dat 0000001C
97.42 81.61
dat 0000001C
97.44 81.61
dat 0000001C
97.47 81.61
dat 0000001C
97.49 81.61
dat 0000001C
97.51 81.61
dat 0000001C
97.53 81.61
dat 0000001C
97.56 81.61
dat 0000001C
97.58 81.61
dat 0000001C
97.60 81.61
dat 0000001C
97.63 81.61
dat 0000001C
97.65 81.61
dat 0000001C
97.67 81.61
dat 0000001C
97.70 81.61
dat 0000001C
97.72 81.61
dat 0000001C
97.74 81.61
dat 0000001C
97.76 81.61
dat 0000001C
97.79 81.61
dat 0000001C
97.81 81.61
dat 0000001C
97.83 81.61
dat 0000001C
97.85 81.61
dat 0000001C
97.88 81.61
dat 0000001C
97.90 81.61
dat 0000001C
97.92 81.61
dat 0000001C
97.95 81.61
dat 0000001C
97.97 81.61
dat 0000001C
97.99 81.61
dat 0000001C
98.01 81.61
dat 0000001C
98.04 81.61
dat 0000001C
98.06 81.61
dat 0000001C
98.08 81.61
dat 0000001C
98.11 81.61
dat 0000001C
98.13 81.61
dat 0000001C
98.15 81.61
dat 0000001C
98.18 81.61
dat 0000001C
98.20 81.61
dat 0000001C
98.22 81.61
dat 0000001C
98.24 81.61
dat 0000001C
98.27 81.61
dat 0000001C
98.29 81.61
dat 0000001C
98.31 81.61
dat 0000001C
98.33 81.61
dat 0000001C
98.36 81.61
dat 0000001C
98.38 81.61
dat 0000001C
98.40 81.61
dat 0000001C
98.43 81.61
dat 0000001C
98.45 81.61
dat 0000001C
98.47 81.61
dat 0000001C
98.50 81.61
dat 0000001C
98.52 81.61
dat 0000001C
98.54 81.61
dat 0000001C
98.56 81.61
dat 0000001C
98.59 81.61
dat 0000001C
98.61 81.61
dat 0000001C
98.63 81.61
dat 0000001C
98.66 81.61
dat 0000001C
98.68 81.61
dat 0000001C
98.70 81.61
dat 0000001C
98.72 81.61
dat 0000001C
98.75 81.61
dat 0000001C
98.77 81.61
dat 0000001C
98.79 81.61
dat 0000001C
98.82 81.61
dat 0000001C
98.84 81.61
dat 0000001C
98.86 81.61
dat 0000001C
98.88 81.61
dat 0000001C
98.91 81.61
dat 0000001C
98.93 81.61
dat 0000001C
98.95 81.61
dat 0000001C
98.97 81.61
dat 0000001C
99.00 81.61
dat 0000001C
99.02 81.61
dat 0000001C
99.04 81.61
dat 0000001C
99.07 81.61
dat 0000001C
99.09 81.61
dat 0000001C
99.11 81.61
dat 0000001C
99.14 81.61
dat 0000001C
99.16 81.61
dat 0000001C
99.18 81.61
dat 0000001C
99.20 81.61
dat 0000001C
99.23 81.61
dat 0000001C
99.25 81.61
dat 0000001C
99.27 81.61
dat 0000001C
99.29 81.61
dat 0000001C
99.32 81.61
dat 0000001C
99.34 81.61
dat 0000001C
99.36 81.61
dat 0000001C
99.39 81.61
dat 0000001C
99.41 81.61
dat 0000001C
99.43 81.61
dat 0000001C
99.45 81.61
dat 0000001C
99.48 81.61
dat 0000001C
99.50 81.61
dat 0000001C
99.52 81.61
dat 0000001C
99.55 81.61
dat 0000001C
99.57 81.61
dat 0000001C
99.59 81.61
dat 0000001C
99.61 81.61
dat 0000001C
99.64 81.61
dat 0000001C
99.66 81.61
dat 0000001C
99.68 81.61
dat 0000001C
99.71 81.61
dat 0000001C
99.73 81.61
dat 0000001C
99.75 81.61
dat 0000001C
99.78 81.61
dat 0000001C
99.80 81.61
dat 0000001C
99.82 81.61
dat 0000001C
99.84 81.61
dat 0000001C
99.87 81.61
dat 0000001C
99.89 81.61
dat 0000001C
99.91 81.61
dat 0000001C
99.93 81.61
dat 0000001C
99.96 81.61
dat 0000001C
99.98 81.61
dat 0000001C
100.00 81.61
dat 0000001C
100.03 81.61
dat 0000001C
100.05 81.61
dat 0000001C
100.07 81.61
dat 0000001C
100.09 81.61
dat 0000001C
100.12 81.61
dat 0000001C
100.14 81.61
dat 0000001C
100.16 81.61
dat 0000001C
100.19 81.61
dat 0000001C
100.21 81.61
dat 0000001C
100.23 81.61
dat 0000001C
100.26 81.61
dat 0000001C
100.28 81.61
dat 0000001C
100.30 81.61
dat 0000001C
100.32 81.61
dat 0000001C
100.35 81.61
dat 0000001C
100.37 81.61
dat 0000001C
100.39 81.61
dat 0000001C
100.42 81.61
dat 0000001C
100.44 81.61
dat 0000001C
100.46 81.61
dat 0000001C
100.48 81.61
dat 0000001C
100.51 81.61
dat 0000001C
100.53 81.61
dat 0000001C
100.55 81.61
dat 0000001C
100.58 81.61
dat 0000001C
100.60 81.61
dat 0000001C
100.62 81.61
dat 0000001C
100.64 81.61
dat 0000001C
100.67 81.61
dat 0000001C
100.69 81.61
dat 0000001C
100.71 81.61
dat 0000001C
100.74 81.61
dat 0000001C
100.76 81.61
dat 0000001C
100.78 81.61
dat 0000001C
100.80 81.61
dat 0000001C
100.83 81.61
dat 0000001C
100.85 81.61
dat 0000001C
100.87 81.61
dat 0000001C
100.90 81.61
dat 0000001C
100.92 81.61
dat 0000001C
100.94 81.61
dat 0000001C
100.96 81.61
dat 0000001C
100.99 81.61
dat 0000001C
101.01 81.61
dat 0000001C
101.03 81.61
dat 0000001C
101.06 81.61
dat 0000001C
101.08 81.61
dat 0000001C
101.10 81.61
dat 0000001C
101.12 81.61
dat 0000001C
101.15 81.61
dat 0000001C
101.17 81.61
dat 0000001C
101.19 81.61
dat 0000001C
101.22 81.61
dat 0000001C
101.24 81.61
dat 0000001C
101.26 81.61
dat 0000001C
101.28 81.61
dat 0000001C
101.31 81.61
dat 0000001C
101.33 81.61
dat 0000001C
101.35 81.61
dat 0000001C
101.38 81.61
dat 0000001C
101.40 81.61
dat 0000001C
101.42 81.61
dat 0000001C
101.44 81.61
dat 0000001C
101.47 81.61
dat 0000001C
101.49 81.61
dat 0000001C
101.51 81.61
dat 0000001C
101.54 81.61
dat 0000001C
101.56 81.61
dat 0000001C
101.58 81.61
dat 0000001C
101.61 81.61
dat 0000001C
101.63 81.61
dat 0000001C
101.65 81.61
dat 0000001C
101.67 81.61
dat 0000001C
101.70 81.61
dat 0000005C
101.72 81.61
dat 0000005C
101.74 81.61
dat 0000005C
101.77 81.61
dat 0000005C
101.79 81.61
dat 0000005C
101.81 81.61
dat 0000005C
101.83 81.61
dat 0000005C
101.86 81.61
dat 0000005C
101.88 81.61
dat 0000005C
101.90 81.61
dat 0000005C
101.93 81.61
dat 0000005C
101.95 81.61
dat 0000005C
101.97 81.61
dat 0000005C
101.99 81.61
dat 0000005C
102.02 81.61
dat 0000005C
102.04 81.61
dat 0000005C
102.06 81.61
dat 0000005C
102.09 81.61
dat 0000005C
102.11 81.61
dat 0000005C
102.13 81.61
dat 0000005C
102.15 81.61
dat 0000005C
102.18 81.61
dat 0000005C
102.20 81.61
dat 0000005C
102.22 81.61
dat 0000005C
102.25 81.61
dat 0000005C
102.27 81.61
dat 0000005C
102.29 81.61
dat 0000005C
102.31 81.61
dat 0000005C
102.34 81.61
dat 0000005C
102.36 81.61
dat 0000005C
102.38 81.61
dat 0000005C
102.41 81.61
dat 0000005C
102.43 81.61
dat 0000005C
102.45 81.61
dat 0000005C
102.47 81.61
dat 0000005C
102.50 81.61
dat 0000005C
102.52 81.61
dat 0000005C
102.54 81.61
dat 0000005C
102.57 81.61
dat 0000005C
102.59 81.61
dat 0000005C
102.61 81.61
dat 0000005C
102.63 81.61
dat 0000005C
102.66 81.61
dat 0000005C
102.68 81.61
dat 0000005C
102.70 81.61
dat 0000001C
102.73 81.61
dat 0000001C
102.75 81.61
dat 0000001C
102.77 81.61
dat 0000001C
102.79 81.61
dat 0000001C
102.82 81.61
dat 0000001C
102.84 81.61
dat 0000001C
102.86 81.61
dat 0000001C
102.89 81.61
dat 0000001C
102.91 81.61
dat 0000001C
102.93 81.61
dat 0000001C
102.95 81.61
dat 0000001C
102.98 81.61
dat 0000001C
103.00 81.61
dat 0000001C
103.02 81.61
dat 0000001C
103.05 81.61
dat 0000001C
103.07 81.61
dat 0000001C
103.09 81.61
dat 0000001C
103.11 81.61
dat 0000001C
103.14 81.61
dat 0000001C
103.16 81.61
dat 0000001C
103.18 81.61
dat 0000001C
103.21 81.61
dat 0000001C
103.23 81.61
dat 0000001C
103.25 81.61
dat 0000001C
103.27 81.61
dat 0000001C
103.30 81.61
dat 0000001C
103.32 81.61
dat 0000001C
103.34 81.61
dat 0000001C
103.37 81.61
dat 0000001C
103.39 81.61
dat 0000001C
103.41 81.61
dat 0000001C
103.44 81.61
dat 0000001C
103.46 81.61
dat 0000001C
103.48 81.61
dat 0000001C
103.50 81.61
dat 0000001C
103.53 81.61
dat 0000001C
103.55 81.61
dat 0000001C
103.57 81.61
dat 0000001C
103.60 81.61
dat 0000001C
103.62 81.61
dat 0000001C
103.64 81.61
dat 0000001C
103.66 81.61
dat 0000001C
103.69 81.61
dat 0000005C
103.71 81.61
dat 0000005C
103.73 81.61
dat 0000005C
103.76 81.61
dat 0000005C
103.78 81.61
dat 0000005C
103.80 81.61
dat 0000005C
103.83 81.61
dat 0000005C
103.85 81.61
dat 0000005C
103.87 81.61
dat 0000005C
103.89 81.61
dat 0000005C
103.92 81.61
dat 0000005C
103.94 81.61
dat 0000005C
103.96 81.61
dat 0000005C
103.99 81.61
dat 0000005C
104.01 81.61
dat 0000005C
104.03 81.61
dat 0000005C
104.05 81.61
dat 0000005C
104.08 81.61
dat 0000005C
104.10 81.61
dat 0000005C
104.12 81.61
dat 0000005C
104.15 81.61
dat 0000005C
104.17 81.61
dat 0000005C
104.19 81.61
dat 0000005C
104.21 81.61
dat 0000005C
104.24 81.61
dat 0000005C
104.26 81.61
dat 0000005C
104.28 81.61
dat 0000005C
104.31 81.61
dat 0000005C
104.33 81.61
dat 0000005C
104.35 81.61
dat 0000005C
104.38 81.61
dat 0000005C
104.40 81.61
dat 0000005C
104.42 81.61
dat 0000005C
104.44 81.61
dat 0000005C
104.47 81.61
dat 0000005C
104.49 81.61
dat 0000005C
104.51 81.61
dat 0000005C
104.54 81.61
dat 0000005C
104.56 81.61
dat 0000005C
104.58 81.61
dat 0000005C
104.60 81.61
dat 0000005C
104.63 81.61
dat 0000005C
104.65 81.61
dat 0000005C
104.67 81.61
dat 0000005C
104.70 81.61
dat 0000001C
104.72 81.61
dat 0000001C
104.74 81.61
dat 0000001C
104.76 81.61
dat 0000001C
104.79 81.61
dat 0000001C
104.81 81.61
dat 0000001C
104.83 81.61
dat 0000001C
104.86 81.61
dat 0000001C
104.88 81.61
dat 0000001C
104.90 81.61
dat 0000001C
104.92 81.61
dat 0000001C
104.95 81.61
dat 0000001C
104.97 81.61
dat 0000001C
104.99 81.61
dat 0000001C
105.02 81.61
dat 0000001C
105.04 81.61
dat 0000001C
105.06 81.61
dat 0000001C
105.09 81.61
dat 0000001C
105.11 81.61
dat 0000001C
105.13 81.61
dat 0000001C
105.15 81.61
dat 0000001C
105.18 81.61
dat 0000001C
105.20 81.61
dat 0000001C
105.22 81.61
dat 0000001C
105.25 81.61
dat 0000001C
105.27 81.61
dat 0000001C
105.29 81.61
dat 0000001C
105.31 81.61
dat 0000001C
105.34 81.61
dat 0000001C
105.36 81.61
dat 0000001C
105.38 81.61
dat 0000001C
105.41 81.61
dat 0000001C
105.43 81.61
dat 0000001C
105.45 81.61
dat 0000001C
105.47 81.61
dat 0000001C
105.50 81.61
dat 0000001C
105.52 81.61
dat 0000001C
105.54 81.61
dat 0000001C
105.57 81.61
dat 0000001C
105.59 81.61
dat 0000001C
105.61 81.61
dat 0000001C
105.63 81.61
dat 0000001C
105.66 81.61
dat 0000001C
105.68 81.61
dat 0000001C
105.70 81.61
dat 0000005C
105.73 81.61
dat 0000005C
105.75 81.61
dat 0000005C
105.77 81.61
dat 0000005C
105.80 81.61
dat 0000005C
105.82 81.61
dat 0000005C
105.84 81.61
dat 0000005C
105.86 81.61
dat 0000005C
105.89 81.61
dat 0000005C
105.91 81.61
dat 0000005C
105.93 81.61
dat 0000005C
105.96 81.61
dat 0000005C
105.98 81.61
dat 0000005C
106.00 81.61
dat 0000005C
106.02 81.61
dat 0000005C
106.05 81.61
dat 0000005C
106.07 81.61
dat 0000005C
106.09 81.61
dat 0000005C
106.12 81.61
dat 0000005C
106.14 81.61
dat 0000005C
106.16 81.61
dat 0000005C
106.18 81.61
dat 0000005C
106.21 81.61
dat 0000005C
106.23 81.61
dat 0000005C
106.25 81.61
dat 0000005C
106.28 81.61
dat 0000005C
106.30 81.61
dat 0000005C
106.32 81.61
dat 0000005C
106.35 81.61
dat 0000005C
106.37 81.61
dat 0000005C
106.39 81.61
dat 0000005C
106.41 81.61
dat 0000005C
106.44 81.61
dat 0000005C
106.46 81.61
dat 0000005C
106.48 81.61
dat 0000005C
106.51 81.61
dat 0000005C
106.53 81.61
dat 0000005C
106.55 81.61
dat 0000005C
106.57 81.61
dat 0000005C
106.60 81.61
dat 0000005C
106.62 81.61
dat 0000005C
106.64 81.61
dat 0000005C
106.67 81.61
dat 0000005C
106.69 81.61
dat 0000001C
106.71 81.61
dat 0000001C
106.73 81.61
dat 0000001C
106.76 81.61
dat 0000001C
106.78 81.61
dat 0000001C
106.80 81.61
dat 0000001C
106.83 81.61
dat 0000001C
106.85 81.61
dat 0000001C
106.87 81.61
dat 0000001C
106.89 81.61
dat 0000001C
106.92 81.61
dat 0000001C
106.94 81.61
dat 0000001C
106.96 81.61
dat 0000001C
106.99 81.61
dat 0000001C
107.01 81.61
dat 0000001C
107.03 81.61
dat 0000001C
107.05 81.61
dat 0000001C
107.08 81.61
dat 0000001C
107.10 81.61
dat 0000001C
107.12 81.61
dat 0000001C
107.15 81.61
dat 0000001C
107.17 81.61
dat 0000001C
107.19 81.61
dat 0000001C
107.21 81.61
dat 0000001C
107.24 81.61
dat 0000001C
107.26 81.61
dat 0000001C
107.28 81.61
dat 0000001C
107.31 81.61
dat 0000001C
107.33 81.61
dat 0000001C
107.35 81.61
dat 0000001C
107.38 81.61
dat 0000001C
107.40 81.61
dat 0000001C
107.42 81.61
dat 0000001C
107.44 81.61
dat 0000001C
107.47 81.61
dat 0000001C
107.49 81.61
dat 0000001C
107.51 81.61
dat 0000001C
107.54 81.61
dat 0000001C
107.56 81.61
dat 0000001C
107.58 81.61
dat 0000001C
107.60 81.61
dat 0000001C
107.63 81.61
dat 0000001C
107.65 81.61
dat 0000001C
107.67 81.61
dat 0000001C
107.70 81.61
dat 0000005C
107.72 81.61
dat 0000005C
107.74 81.61
dat 0000005C
107.76 81.61
dat 0000005C
107.79 81.61
dat 0000005C
107.81 81.61
dat 0000005C
107.83 81.61
dat 0000005C
107.86 81.61
dat 0000005C
107.88 81.61
dat 0000005C
107.90 81.61
dat 0000005C
107.92 81.61
dat 0000005C
107.95 81.61
dat 0000005C
107.97 81.61
dat 0000005C
107.99 81.61
dat 0000005C
108.02 81.61
dat 0000005C
108.04 81.61
dat 0000005C
108.06 81.61
dat 0000005C
108.08 81.61
dat 0000005C
108.11 81.61
dat 0000005C
108.13 81.61
dat 0000005C
108.15 81.61
dat 0000005C
108.18 81.61
dat 0000005C
108.20 81.61
dat 0000005C
108.22 81.61
dat 0000005C
108.25 81.61
dat 0000005C
108.27 81.61
dat 0000005C
# 