n=0;while [ $n -lt 900 ];do cat /proc/uptime;busybox grep ^dat /proc/rtl819x-g
pio;n=$((n+1));done
743.97 737.87
dat 0000003C
743.99 737.87
dat 0000003C
744.02 737.87
dat 0000003C
744.04 737.87
dat 0000003C
744.06 737.87
dat 0000003C
744.09 737.87
dat 0000003C
744.11 737.87
dat 0000003C
744.13 737.87
dat 0000003C
744.15 737.87
dat 0000003C
744.18 737.87
dat 0000003C
744.20 737.87
dat 0000003C
744.22 737.87
dat 0000003C
744.25 737.87
dat 0000003C
744.27 737.87
dat 0000003C
744.29 737.87
dat 0000003C
744.31 737.87
dat 0000003C
744.34 737.87
dat 0000003C
744.36 737.87
dat 0000003C
744.38 737.87
dat 0000003C
744.41 737.87
dat 0000003C
744.43 737.87
dat 0000003C
744.45 737.87
dat 0000003C
744.47 737.87
dat 0000003C
744.50 737.87
dat 0000003C
744.52 737.87
dat 0000003C
744.54 737.87
dat 0000003C
744.57 737.87
dat 0000003C
744.59 737.87
dat 0000003C
744.61 737.87
dat 0000003C
744.63 737.87
dat 0000003C
744.66 737.87
dat 0000003C
744.68 737.87
dat 0000003C
744.70 737.87
dat 0000007C
744.73 737.87
dat 0000007C
744.75 737.87
dat 0000007C
744.77 737.87
dat 0000007C
744.79 737.87
dat 0000007C
744.82 737.87
dat 0000007C
744.84 737.87
dat 0000007C
744.86 737.87
dat 0000007C
744.89 737.87
dat 0000007C
744.91 737.87
dat 0000007C
744.93 737.87
dat 0000007C
744.96 737.87
dat 0000007C
744.98 737.87
dat 0000007C
745.00 737.87
dat 0000007C
745.02 737.87
dat 0000007C
745.05 737.87
dat 0000007C
745.07 737.87
dat 0000007C
745.09 737.87
dat 0000007C
745.12 737.87
dat 0000007C
745.14 737.87
dat 0000007C
745.16 737.87
dat 0000007C
745.18 737.87
dat 0000007C
745.21 737.87
dat 0000007C
745.23 737.87
dat 0000007C
745.25 737.87
dat 0000007C
745.28 737.87
dat 0000007C
745.30 737.87
dat 0000007C
745.32 737.87
dat 0000007C
745.35 737.87
dat 0000007C
745.37 737.87
dat 0000007C
745.39 737.87
dat 0000007C
745.41 737.87
dat 0000007C
745.44 737.87
dat 0000007C
745.46 737.87
dat 0000007C
745.48 737.87
dat 0000007C
745.51 737.87
dat 0000007C
745.53 737.87
dat 0000007C
745.55 737.87
dat 0000007C
745.57 737.87
dat 0000007C
745.60 737.87
dat 0000007C
745.62 737.87
dat 0000007C
745.64 737.87
dat 0000007C
745.67 737.87
dat 0000007C
745.69 737.87
dat 0000003C
745.71 737.87
dat 0000003C
745.73 737.87
dat 0000003C
745.76 737.87
dat 0000003C
745.78 737.87
dat 0000003C
745.80 737.87
dat 0000003C
745.83 737.87
dat 0000003C
745.85 737.87
dat 0000003C
745.87 737.87
dat 0000003C
745.90 737.87
dat 0000003C
745.92 737.87
dat 0000003C
745.94 737.87
dat 0000003C
745.96 737.87
dat 0000003C
745.99 737.87
dat 0000003C
746.01 737.87
dat 0000003C
746.03 737.87
dat 0000003C
746.06 737.87
dat 0000003C
746.08 737.87
dat 0000003C
746.10 737.87
dat 0000003C
746.12 737.87
dat 0000003C
746.15 737.87
dat 0000003C
746.17 737.87
dat 0000003C
746.19 737.87
dat 0000003C
746.22 737.87
dat 0000003C
746.24 737.87
dat 0000003C
746.26 737.87
dat 0000003C
746.29 737.87
dat 0000003C
746.31 737.87
dat 0000003C
746.33 737.87
dat 0000003C
746.35 737.87
dat 0000003C
746.38 737.87
dat 0000003C
746.40 737.87
dat 0000003C
746.42 737.87
dat 0000003C
746.45 737.87
dat 0000003C
746.47 737.87
dat 0000003C
746.49 737.87
dat 0000003C
746.51 737.87
dat 0000003C
746.54 737.87
dat 0000003C
746.56 737.87
dat 0000003C
746.58 737.87
dat 0000003C
746.61 737.87
dat 0000003C
746.63 737.87
dat 0000003C
746.65 737.87
dat 0000003C
746.68 737.87
dat 0000003C
746.70 737.87
dat 0000007C
746.72 737.87
dat 0000007C
746.74 737.87
dat 0000007C
746.77 737.87
dat 0000007C
746.79 737.87
dat 0000007C
746.81 737.87
dat 0000007C
746.84 737.87
dat 0000007C
746.86 737.87
dat 0000007C
746.88 737.87
dat 0000007C
746.90 737.87
dat 0000007C
746.93 737.87
dat 0000007C
746.95 737.87
dat 0000007C
746.97 737.87
dat 0000007C
747.00 737.87
dat 0000007C
747.02 737.87
dat 0000007C
747.04 737.87
dat 0000007C
747.06 737.87
dat 0000007C
747.09 737.87
dat 0000007C
747.11 737.87
dat 0000007C
747.13 737.87
dat 0000007C
747.16 737.87
dat 0000007C
747.18 737.87
dat 0000007C
747.20 737.87
dat 0000007C
747.22 737.87
dat 0000007C
747.25 737.87
dat 0000007C
747.27 737.87
dat 0000007C
747.29 737.87
dat 0000007C
747.32 737.87
dat 0000007C
747.34 737.87
dat 0000007C
747.36 737.87
dat 0000007C
747.39 737.87
dat 0000007C
747.41 737.87
dat 0000007C
747.43 737.87
dat 0000007C
747.45 737.87
dat 0000007C
747.48 737.87
dat 0000007C
747.50 737.87
dat 0000007C
747.52 737.87
dat 0000007C
747.55 737.87
dat 0000007C
747.57 737.87
dat 0000007C
747.59 737.87
dat 0000007C
747.61 737.87
dat 0000007C
747.64 737.87
dat 0000007C
747.66 737.87
dat 0000007C
747.68 737.87
dat 0000007C
747.71 737.87
dat 0000003C
747.73 737.87
dat 0000003C
747.75 737.87
dat 0000003C
747.77 737.87
dat 0000003C
747.80 737.87
dat 0000003C
747.82 737.87
dat 0000003C
747.84 737.87
dat 0000003C
747.87 737.87
dat 0000003C
747.89 737.87
dat 0000003C
747.91 737.87
dat 0000003C
747.94 737.87
dat 0000003C
747.96 737.87
dat 0000003C
747.98 737.87
dat 0000003C
748.00 737.87
dat 0000003C
748.03 737.87
dat 0000003C
748.05 737.87
dat 0000003C
748.07 737.87
dat 0000003C
748.10 737.87
dat 0000003C
748.12 737.87
dat 0000003C
748.14 737.87
dat 0000003C
748.17 737.87
dat 0000003C
748.19 737.87
dat 0000003C
748.21 737.87
dat 0000003C
748.23 737.87
dat 0000003C
748.26 737.87
dat 0000003C
748.28 737.87
dat 0000003C
748.30 737.87
dat 0000003C
748.33 737.87
dat 0000003C
748.35 737.87
dat 0000003C
748.37 737.87
dat 0000003C
748.39 737.87
dat 0000003C
748.42 737.87
dat 0000003C
748.44 737.87
dat 0000003C
748.46 737.87
dat 0000003C
748.49 737.87
dat 0000003C
748.51 737.87
dat 0000003C
748.53 737.87
dat 0000003C
748.56 737.87
dat 0000003C
748.58 737.87
dat 0000003C
748.60 737.87
dat 0000003C
748.62 737.87
dat 0000003C
748.65 737.87
dat 0000003C
748.67 737.87
dat 0000003C
748.69 737.87
dat 0000007C
748.72 737.87
dat 0000007C
748.74 737.87
dat 0000007C
748.76 737.87
dat 0000007C
748.78 737.87
dat 0000007C
748.81 737.87
dat 0000007C
748.83 737.87
dat 0000007C
748.85 737.87
dat 0000007C
748.88 737.87
dat 0000007C
748.90 737.87
dat 0000007C
748.92 737.87
dat 0000007C
748.94 737.87
dat 0000007C
748.97 737.87
dat 0000007C
748.99 737.87
dat 0000007C
749.01 737.87
dat 0000007C
749.04 737.87
dat 0000005C
749.06 737.87
dat 0000005C
749.08 737.87
dat 0000005C
749.11 737.87
dat 0000005C
749.13 737.87
dat 0000005C
749.15 737.87
dat 0000005C
749.17 737.87
dat 0000005C
749.20 737.87
dat 0000005C
749.22 737.87
dat 0000005C
749.24 737.87
dat 0000005C
749.27 737.87
dat 0000005C
749.29 737.87
dat 0000005C
749.31 737.87
dat 0000005C
749.33 737.87
dat 0000005C
749.36 737.87
dat 0000005C
749.38 737.87
dat 0000005C
749.40 737.87
dat 0000005C
749.43 737.87
dat 0000005C
749.45 737.87
dat 0000005C
749.47 737.87
dat 0000005C
749.49 737.87
dat 0000005C
749.52 737.87
dat 0000005C
749.54 737.87
dat 0000005C
749.56 737.87
dat 0000005C
749.59 737.87
dat 0000005C
749.61 737.87
dat 0000005C
749.63 737.87
dat 0000005C
749.66 737.87
dat 0000005C
749.68 737.87
dat 0000005C
749.70 737.87
dat 0000001C
749.72 737.87
dat 0000001C
749.75 737.87
dat 0000001C
749.77 737.87
dat 0000001C
749.79 737.87
dat 0000001C
749.82 737.87
dat 0000001C
749.84 737.87
dat 0000001C
749.86 737.87
dat 0000001C
749.88 737.87
dat 0000001C
749.91 737.87
dat 0000001C
749.93 737.87
dat 0000001C
749.95 737.87
dat 0000001C
749.98 737.87
dat 0000001C
750.00 737.87
dat 0000001C
750.02 737.87
dat 0000001C
750.04 737.87
dat 0000001C
750.07 737.87
dat 0000001C
750.09 737.87
dat 0000001C
750.11 737.87
dat 0000001C
750.14 737.87
dat 0000001C
750.16 737.87
dat 0000001C
750.18 737.87
dat 0000001C
750.21 737.87
dat 0000001C
750.23 737.87
dat 0000001C
750.25 737.87
dat 0000001C
750.27 737.87
dat 0000001C
750.30 737.87
dat 0000001C
750.32 737.87
dat 0000001C
750.34 737.87
dat 0000001C
750.37 737.87
dat 0000001C
750.39 737.87
dat 0000001C
750.41 737.87
dat 0000001C
750.44 737.87
dat 0000001C
750.46 737.87
dat 0000001C
750.48 737.87
dat 0000001C
750.50 737.87
dat 0000001C
750.53 737.87
dat 0000001C
750.55 737.87
dat 0000001C
750.57 737.87
dat 0000001C
750.60 737.87
dat 0000001C
750.62 737.87
dat 0000001C
750.64 737.87
dat 0000001C
750.67 737.87
dat 0000001C
750.69 737.87
dat 0000005C
750.71 737.87
dat 0000005C
750.73 737.87
dat 0000005C
750.76 737.87
dat 0000005C
750.78 737.87
dat 0000005C
750.80 737.87
dat 0000005C
750.83 737.87
dat 0000005C
750.85 737.87
dat 0000005C
750.87 737.87
dat 0000005C
750.89 737.87
dat 0000005C
750.92 737.87
dat 0000005C
750.94 737.87
dat 0000005C
750.96 737.87
dat 0000005C
750.99 737.87
dat 0000005C
751.01 737.87
dat 0000005C
751.03 737.87
dat 0000005C
751.05 737.87
dat 0000005C
751.08 737.87
dat 0000005C
751.10 737.87
dat 0000005C
751.12 737.87
dat 0000005C
751.15 737.87
dat 0000005C
751.17 737.87
dat 0000005C
751.19 737.87
dat 0000005C
751.22 737.87
dat 0000005C
751.24 737.87
dat 0000005C
751.26 737.87
dat 0000005C
751.28 737.87
dat 0000005C
751.31 737.87
dat 0000005C
751.33 737.87
dat 0000005C
751.35 737.87
dat 0000005C
751.38 737.87
dat 0000005C
751.40 737.87
dat 0000005C
751.42 737.87
dat 0000005C
751.45 737.87
dat 0000005C
751.47 737.87
dat 0000005C
751.49 737.87
dat 0000005C
751.51 737.87
dat 0000005C
751.54 737.87
dat 0000005C
751.56 737.87
dat 0000005C
751.58 737.87
dat 0000005C
751.61 737.87
dat 0000005C
751.63 737.87
dat 0000005C
751.65 737.87
dat 0000005C
751.67 737.87
dat 0000005C
751.70 737.87
dat 0000001C
751.72 737.87
dat 0000001C
751.74 737.87
dat 0000001C
751.77 737.87
dat 0000001C
751.79 737.87
dat 0000001C
751.81 737.87
dat 0000001C
751.84 737.87
dat 0000001C
751.86 737.87
dat 0000001C
751.88 737.87
dat 0000001C
751.90 737.87
dat 0000001C
751.93 737.87
dat 0000001C
751.95 737.87
dat 0000001C
751.97 737.87
dat 0000001C
752.00 737.87
dat 0000001C
752.02 737.87
dat 0000001C
752.04 737.87
dat 0000001C
752.06 737.87
dat 0000001C
752.09 737.87
dat 0000001C
752.11 737.87
dat 0000001C
752.13 737.87
dat 0000001C
752.16 737.87
dat 0000001C
752.18 737.87
dat 0000001C
752.20 737.87
dat 0000001C
752.22 737.87
dat 0000001C
752.25 737.87
dat 0000001C
752.27 737.87
dat 0000001C
752.29 737.87
dat 0000001C
752.32 737.87
dat 0000001C
752.34 737.87
dat 0000001C
752.36 737.87
dat 0000001C
752.39 737.87
dat 0000001C
752.41 737.87
dat 0000001C
752.43 737.87
dat 0000001C
752.45 737.87
dat 0000001C
752.48 737.87
dat 0000001C
752.50 737.87
dat 0000001C
752.52 737.87
dat 0000001C
752.55 737.87
dat 0000001C
752.57 737.87
dat 0000001C
752.59 737.87
dat 0000001C
752.61 737.87
dat 0000001C
752.64 737.87
dat 0000001C
752.66 737.87
dat 0000001C
752.68 737.87
dat 0000001C
752.71 737.87
dat 0000005C
752.73 737.87
dat 0000005C
752.75 737.87
dat 0000005C
752.77 737.87
dat 0000005C
752.80 737.87
dat 0000005C
752.82 737.87
dat 0000005C
752.84 737.87
dat 0000005C
752.87 737.87
dat 0000005C
752.89 737.87
dat 0000005C
752.91 737.87
dat 0000005C
752.94 737.87
dat 0000005C
752.96 737.87
dat 0000005C
752.98 737.87
dat 0000005C
753.00 737.87
dat 0000005C
753.03 737.87
dat 0000005C
753.05 737.87
dat 0000005C
753.07 737.87
dat 0000005C
753.10 737.87
dat 0000005C
753.12 737.87
dat 0000005C
753.14 737.87
dat 0000005C
753.17 737.87
dat 0000005C
753.19 737.87
dat 0000005C
753.21 737.87
dat 0000005C
753.23 737.87
dat 0000005C
753.26 737.87
dat 0000005C
753.28 737.87
dat 0000005C
753.30 737.87
dat 0000005C
753.33 737.87
dat 0000005C
753.35 737.87
dat 0000005C
753.37 737.87
dat 0000005C
753.40 737.87
dat 0000005C
753.42 737.87
dat 0000005C
753.44 737.87
dat 0000005C
753.46 737.87
dat 0000005C
753.49 737.87
dat 0000005C
753.51 737.87
dat 0000005C
753.53 737.87
dat 0000005C
753.56 737.87
dat 0000005C
753.58 737.87
dat 0000005C
753.60 737.87
dat 0000005C
753.62 737.87
dat 0000005C
753.65 737.87
dat 0000005C
753.67 737.87
dat 0000005C
753.69 737.87
dat 0000001C
753.72 737.87
dat 0000001C
753.74 737.87
dat 0000001C
753.76 737.87
dat 0000001C
753.79 737.87
dat 0000001C
753.81 737.87
dat 0000001C
753.83 737.87
dat 0000001C
753.85 737.87
dat 0000001C
753.88 737.87
dat 0000001C
753.90 737.87
dat 0000001C
753.92 737.87
dat 0000001C
753.95 737.87
dat 0000001C
753.97 737.87
dat 0000001C
753.99 737.87
dat 0000001C
754.01 737.87
dat 0000001C
754.04 737.87
dat 0000001C
754.06 737.87
dat 0000001C
754.08 737.87
dat 0000001C
754.11 737.87
dat 0000001C
754.13 737.87
dat 0000001C
754.15 737.87
dat 0000001C
754.17 737.87
dat 0000001C
754.20 737.87
dat 0000001C
754.22 737.87
dat 0000001C
754.24 737.87
dat 0000001C
754.27 737.87
dat 0000001C
754.29 737.87
dat 0000001C
754.31 737.87
dat 0000001C
754.34 737.87
dat 0000001C
754.36 737.87
dat 0000001C
754.38 737.87
dat 0000001C
754.40 737.87
dat 0000001C
754.43 737.87
dat 0000001C
754.45 737.87
dat 0000001C
754.47 737.87
dat 0000001C
754.50 737.87
dat 0000001C
754.52 737.87
dat 0000001C
754.54 737.87
dat 0000001C
754.56 737.87
dat 0000001C
754.59 737.87
dat 0000001C
754.61 737.87
dat 0000001C
754.63 737.87
dat 0000001C
754.66 737.87
dat 0000001C
754.68 737.87
dat 0000001C
754.70 737.87
dat 0000005C
754.72 737.87
dat 0000005C
754.75 737.87
dat 0000005C
754.77 737.87
dat 0000005C
754.79 737.87
dat 0000005C
754.82 737.87
dat 0000005C
754.84 737.87
dat 0000005C
754.86 737.87
dat 0000005C
754.88 737.87
dat 0000005C
754.91 737.87
dat 0000005C
754.93 737.87
dat 0000005C
754.95 737.87
dat 0000005C
754.98 737.87
dat 0000005C
755.00 737.87
dat 0000005C
755.02 737.87
dat 0000005C
755.05 737.87
dat 0000005C
755.07 737.87
dat 0000005C
755.09 737.87
dat 0000005C
755.11 737.87
dat 0000005C
755.14 737.87
dat 0000005C
755.16 737.87
dat 0000005C
755.18 737.87
dat 0000005C
755.21 737.87
dat 0000005C
755.23 737.87
dat 0000005C
755.25 737.87
dat 0000005C
755.27 737.87
dat 0000005C
755.30 737.87
dat 0000005C
755.32 737.87
dat 0000005C
755.34 737.87
dat 0000005C
755.37 737.87
dat 0000005C
755.39 737.87
dat 0000005C
755.41 737.87
dat 0000005C
755.43 737.87
dat 0000005C
755.46 737.87
dat 0000005C
755.48 737.87
dat 0000005C
755.50 737.87
dat 0000005C
755.53 737.87
dat 0000005C
755.55 737.87
dat 0000005C
755.57 737.87
dat 0000005C
755.60 737.87
dat 0000005C
755.62 737.87
dat 0000005C
755.64 737.87
dat 0000005C
755.66 737.87
dat 0000005C
755.69 737.87
dat 0000001C
755.71 737.87
dat 0000001C
755.73 737.87
dat 0000001C
755.76 737.87
dat 0000001C
755.78 737.87
dat 0000001C
755.80 737.87
dat 0000001C
755.83 737.87
dat 0000001C
755.85 737.87
dat 0000001C
755.87 737.87
dat 0000001C
755.89 737.87
dat 0000001C
755.92 737.87
dat 0000001C
755.94 737.87
dat 0000001C
755.96 737.87
dat 0000001C
755.99 737.87
dat 0000001C
756.01 737.87
dat 0000001C
756.03 737.87
dat 0000001C
756.06 737.87
dat 0000001C
756.08 737.87
dat 0000001C
756.10 737.87
dat 0000001C
756.12 737.87
dat 0000001C
756.15 737.87
dat 0000001C
756.17 737.87
dat 0000001C
756.19 737.87
dat 0000001C
756.22 737.87
dat 0000001C
756.24 737.87
dat 0000001C
756.26 737.87
dat 0000001C
756.28 737.87
dat 0000001C
756.31 737.87
dat 0000001C
756.33 737.87
dat 0000001C
756.35 737.87
dat 0000001C
756.38 737.87
dat 0000001C
756.40 737.87
dat 0000001C
756.42 737.87
dat 0000001C
756.45 737.87
dat 0000001C
756.47 737.87
dat 0000001C
756.49 737.87
dat 0000001C
756.51 737.87
dat 0000001C
756.54 737.87
dat 0000001C
756.56 737.87
dat 0000001C
756.58 737.87
dat 0000001C
756.61 737.87
dat 0000001C
756.63 737.87
dat 0000001C
756.65 737.87
dat 0000001C
756.67 737.87
dat 0000001C
756.70 737.87
dat 0000005C
756.72 737.87
dat 0000005C
756.74 737.87
dat 0000005C
756.77 737.87
dat 0000005C
756.79 737.87
dat 0000005C
756.81 737.87
dat 0000005C
756.84 737.87
dat 0000005C
756.86 737.87
dat 0000005C
756.88 737.87
dat 0000005C
756.90 737.87
dat 0000005C
756.93 737.87
dat 0000005C
756.95 737.87
dat 0000005C
756.97 737.87
dat 0000005C
757.00 737.87
dat 0000005C
757.02 737.87
dat 0000005C
757.04 737.87
dat 0000005C
757.06 737.87
dat 0000005C
757.09 737.87
dat 0000005C
757.11 737.87
dat 0000005C
757.13 737.87
dat 0000005C
757.16 737.87
dat 0000005C
757.18 737.87
dat 0000005C
757.20 737.87
dat 0000005C
757.23 737.87
dat 0000005C
757.25 737.87
dat 0000005C
757.27 737.87
dat 0000005C
757.29 737.87
dat 0000005C
757.32 737.87
dat 0000005C
757.34 737.87
dat 0000005C
757.36 737.87
dat 0000005C
757.39 737.87
dat 0000005C
757.41 737.87
dat 0000005C
757.43 737.87
dat 0000005C
757.45 737.87
dat 0000005C
757.48 737.87
dat 0000005C
757.50 737.87
dat 0000005C
757.52 737.87
dat 0000005C
757.55 737.87
dat 0000005C
757.57 737.87
dat 0000005C
757.59 737.87
dat 0000005C
757.61 737.87
dat 0000005C
757.64 737.87
dat 0000005C
757.66 737.87
dat 0000005C
757.68 737.87
dat 0000005C
757.71 737.87
dat 0000001C
757.73 737.87
dat 0000001C
757.75 737.87
dat 0000001C
757.77 737.87
dat 0000001C
757.80 737.87
dat 0000001C
757.82 737.87
dat 0000001C
757.84 737.87
dat 0000001C
757.87 737.87
dat 0000001C
757.89 737.87
dat 0000001C
757.91 737.87
dat 0000001C
757.93 737.87
dat 0000001C
757.96 737.87
dat 0000001C
757.98 737.87
dat 0000001C
758.00 737.87
dat 0000001C
758.03 737.87
dat 0000001C
758.05 737.87
dat 0000001C
758.07 737.87
dat 0000001C
758.10 737.87
dat 0000001C
758.12 737.87
dat 0000001C
758.14 737.87
dat 0000001C
758.16 737.87
dat 0000001C
758.19 737.87
dat 0000001C
758.21 737.87
dat 0000001C
758.23 737.87
dat 0000001C
758.26 737.87
dat 0000001C
758.28 737.87
dat 0000001C
758.30 737.87
dat 0000001C
758.33 737.87
dat 0000001C
758.35 737.87
dat 0000001C
758.37 737.87
dat 0000001C
758.39 737.87
dat 0000001C
758.42 737.87
dat 0000001C
758.44 737.87
dat 0000001C
758.46 737.87
dat 0000001C
758.49 737.87
dat 0000001C
758.51 737.87
dat 0000001C
758.53 737.87
dat 0000001C
758.55 737.87
dat 0000001C
758.58 737.87
dat 0000001C
758.60 737.87
dat 0000001C
758.62 737.87
dat 0000001C
758.65 737.87
dat 0000001C
758.67 737.87
dat 0000001C
758.69 737.87
dat 0000005C
758.71 737.87
dat 0000005C
758.74 737.87
dat 0000005C
758.76 737.87
dat 0000005C
758.78 737.87
dat 0000005C
758.81 737.87
dat 0000005C
758.83 737.87
dat 0000005C
758.85 737.87
dat 0000005C
758.88 737.87
dat 0000005C
758.90 737.87
dat 0000005C
758.92 737.87
dat 0000005C
758.94 737.87
dat 0000005C
758.97 737.87
dat 0000005C
758.99 737.87
dat 0000005C
759.01 737.87
dat 0000005C
759.04 737.87
dat 0000005C
759.06 737.87
dat 0000005C
759.08 737.87
dat 0000005C
759.11 737.87
dat 0000005C
759.13 737.87
dat 0000005C
759.15 737.87
dat 0000005C
759.17 737.87
dat 0000005C
759.20 737.87
dat 0000005C
759.22 737.87
dat 0000005C
759.24 737.87
dat 0000005C
759.27 737.87
dat 0000005C
759.29 737.87
dat 0000005C
759.31 737.87
dat 0000005C
759.34 737.87
dat 0000005C
759.36 737.87
dat 0000005C
759.38 737.87
dat 0000005C
759.40 737.87
dat 0000005C
759.43 737.87
dat 0000005C
759.45 737.87
dat 0000005C
759.47 737.87
dat 0000005C
759.50 737.87
dat 0000005C
759.52 737.87
dat 0000005C
759.54 737.87
dat 0000005C
759.56 737.87
dat 0000005C
759.59 737.87
dat 0000005C
759.61 737.87
dat 0000005C
759.63 737.87
dat 0000005C
759.66 737.87
dat 0000005C
759.68 737.87
dat 0000005C
759.70 737.87
dat 0000001C
759.72 737.87
dat 0000001C
759.75 737.87
dat 0000001C
759.77 737.87
dat 0000001C
759.79 737.87
dat 0000001C
759.82 737.87
dat 0000001C
759.84 737.87
dat 0000001C
759.86 737.87
dat 0000001C
759.89 737.87
dat 0000001C
759.91 737.87
dat 0000001C
759.93 737.87
dat 0000001C
759.95 737.87
dat 0000001C
759.98 737.87
dat 0000001C
760.00 737.87
dat 0000001C
760.02 737.87
dat 0000001C
760.05 737.87
dat 0000001C
760.07 737.87
dat 0000001C
760.09 737.87
dat 0000001C
760.11 737.87
dat 0000001C
760.14 737.87
dat 0000001C
760.16 737.87
dat 0000001C
760.18 737.87
dat 0000001C
760.21 737.87
dat 0000001C
760.23 737.87
dat 0000001C
760.25 737.87
dat 0000001C
760.27 737.87
dat 0000001C
760.30 737.87
dat 0000001C
760.32 737.87
dat 0000001C
760.34 737.87
dat 0000001C
760.37 737.87
dat 0000001C
760.39 737.87
dat 0000001C
760.41 737.87
dat 0000001C
760.44 737.87
dat 0000001C
760.46 737.87
dat 0000001C
760.48 737.87
dat 0000001C
760.50 737.87
dat 0000001C
760.53 737.87
dat 0000001C
760.55 737.87
dat 0000001C
760.57 737.87
dat 0000001C
760.60 737.87
dat 0000001C
760.62 737.87
dat 0000001C
760.64 737.87
dat 0000001C
760.66 737.87
dat 0000001C
760.69 737.87
dat 0000005C
760.71 737.87
dat 0000005C
760.73 737.87
dat 0000005C
760.76 737.87
dat 0000005C
760.78 737.87
dat 0000005C
760.80 737.87
dat 0000005C
760.83 737.87
dat 0000005C
760.85 737.87
dat 0000005C
760.87 737.87
dat 0000005C
760.89 737.87
dat 0000005C
760.92 737.87
dat 0000005C
760.94 737.87
dat 0000005C
760.96 737.87
dat 0000005C
760.99 737.87
dat 0000005C
761.01 737.87
dat 0000005C
761.03 737.87
dat 0000005C
761.05 737.87
dat 0000005C
761.08 737.87
dat 0000005C
761.10 737.87
dat 0000005C
761.12 737.87
dat 0000005C
761.15 737.87
dat 0000005C
761.17 737.87
dat 0000005C
761.19 737.87
dat 0000005C
761.22 737.87
dat 0000005C
761.24 737.87
dat 0000005C
761.26 737.87
dat 0000005C
761.28 737.87
dat 0000005C
761.31 737.87
dat 0000005C
761.33 737.87
dat 0000005C
761.35 737.87
dat 0000005C
761.38 737.87
dat 0000005C
761.40 737.87
dat 0000005C
761.42 737.87
dat 0000005C
761.44 737.87
dat 0000005C
761.47 737.87
dat 0000005C
761.49 737.87
dat 0000005C
761.51 737.87
dat 0000005C
761.54 737.87
dat 0000005C
761.56 737.87
dat 0000005C
761.58 737.87
dat 0000005C
761.61 737.87
dat 0000005C
761.63 737.87
dat 0000005C
761.65 737.87
dat 0000005C
761.67 737.87
dat 0000005C
761.70 737.87
dat 0000001C
761.72 737.87
dat 0000001C
761.74 737.87
dat 0000001C
761.77 737.87
dat 0000001C
761.79 737.87
dat 0000001C
761.81 737.87
dat 0000001C
761.83 737.87
dat 0000001C
761.86 737.87
dat 0000001C
761.88 737.87
dat 0000001C
761.90 737.87
dat 0000001C
761.93 737.87
dat 0000001C
761.95 737.87
dat 0000001C
761.97 737.87
dat 0000001C
762.00 737.87
dat 0000001C
762.02 737.87
dat 0000001C
762.04 737.87
dat 0000001C
762.06 737.87
dat 0000001C
762.09 737.87
dat 0000001C
762.11 737.87
dat 0000001C
762.13 737.87
dat 0000001C
762.16 737.87
dat 0000001C
762.18 737.87
dat 0000001C
762.20 737.87
dat 0000001C
762.23 737.87
dat 0000001C
762.25 737.87
dat 0000001C
762.27 737.87
dat 0000001C
762.29 737.87
dat 0000001C
762.32 737.87
dat 0000001C
762.34 737.87
dat 0000001C
762.36 737.87
dat 0000001C
762.39 737.87
dat 0000001C
762.41 737.87
dat 0000001C
762.43 737.87
dat 0000001C
762.45 737.87
dat 0000001C
762.48 737.87
dat 0000001C
762.50 737.87
dat 0000001C
762.52 737.87
dat 0000001C
762.55 737.87
dat 0000001C
762.57 737.87
dat 0000001C
762.59 737.87
dat 0000001C
762.62 737.87
dat 0000001C
762.64 737.87
dat 0000001C
762.66 737.87
dat 0000001C
762.68 737.87
dat 0000001C
762.71 737.87
dat 0000005C
762.73 737.87
dat 0000005C
762.75 737.87
dat 0000005C
762.78 737.87
dat 0000005C
762.80 737.87
dat 0000005C
762.82 737.87
dat 0000005C
762.85 737.87
dat 0000005C
762.87 737.87
dat 0000005C
762.89 737.87
dat 0000005C
762.91 737.87
dat 0000005C
762.94 737.87
dat 0000005C
762.96 737.87
dat 0000005C
762.98 737.87
dat 0000005C
763.01 737.87
dat 0000005C
763.03 737.87
dat 0000005C
763.05 737.87
dat 0000005C
763.07 737.87
dat 0000005C
763.10 737.87
dat 0000005C
763.12 737.87
dat 0000005C
763.14 737.87
dat 0000005C
763.17 737.87
dat 0000005C
763.19 737.87
dat 0000005C
763.21 737.87
dat 0000005C
763.24 737.87
dat 0000005C
763.26 737.87
dat 0000005C
763.28 737.87
dat 0000005C
763.30 737.87
dat 0000005C
763.33 737.87
dat 0000005C
763.35 737.87
dat 0000005C
763.37 737.87
dat 0000005C
763.40 737.87
dat 0000005C
763.42 737.87
dat 0000005C
763.44 737.87
dat 0000005C
763.47 737.87
dat 0000005C
763.49 737.87
dat 0000005C
763.51 737.87
dat 0000005C
763.53 737.87
dat 0000005C
763.56 737.87
dat 0000005C
763.58 737.87
dat 0000005C
763.60 737.87
dat 0000005C
763.63 737.87
dat 0000005C
763.65 737.87
dat 0000005C
763.67 737.87
dat 0000005C
763.69 737.87
dat 0000001C
763.72 737.87
dat 0000001C
763.74 737.87
dat 0000001C
763.76 737.87
dat 0000001C
763.79 737.87
dat 0000001C
763.81 737.87
dat 0000001C
763.83 737.87
dat 0000001C
763.85 737.87
dat 0000001C
763.88 737.87
dat 0000001C
763.90 737.87
dat 0000001C
763.92 737.87
dat 0000001C
763.95 737.87
dat 0000001C
763.97 737.87
dat 0000001C
763.99 737.87
dat 0000001C
764.02 737.87
dat 0000001C
764.04 737.87
dat 0000001C
764.06 737.87
dat 0000001C
764.08 737.87
dat 0000001C
764.11 737.87
dat 0000001C
764.13 737.87
dat 0000001C
764.15 737.87
dat 0000001C
764.18 737.87
dat 0000001C
764.20 737.87
dat 0000001C
764.22 737.87
dat 0000001C
764.25 737.87
dat 0000001C
764.27 737.87
dat 0000001C
764.29 737.87
dat 0000001C
764.31 737.87
dat 0000001C
764.34 737.87
dat 0000001C
764.36 737.87
dat 0000001C
764.38 737.87
dat 0000001C
764.41 737.87
dat 0000001C
764.43 737.87
dat 0000001C
764.45 737.87
dat 0000001C
764.47 737.87
dat 0000001C
764.50 737.87
dat 0000001C
764.52 737.87
dat 0000001C
764.54 737.87
dat 0000001C
764.57 737.87
dat 0000001C
764.59 737.87
dat 0000001C
# 