ifconfig eth4 10.1.1.4 up ; ifconfig eth4 ; cat /proc/interrupts
eth4      Link encap:Ethernet  HWaddr 00:12:34:56:78:94  
          inet addr:10.1.1.4  Bcast:10.255.255.255  Mask:255.0.0.0
          UP BROADCAST RUNNING MULTICAST  MTU:1500  Metric:1
          RX packets:117291 errors:0 dropped:0 overruns:0 frame:0
          TX packets:73362 errors:0 dropped:0 overruns:0 carrier:0
          collisions:0 txqueuelen:0 
          RX bytes:73057591 (69.6 MiB)  TX bytes:4876531 (4.6 MiB)
          Interrupt:12 

           CPU0       
  2:          0             RLX  cascade (0x0)
  8:      47901        RLX LOPI  serial (0x20)
 12:      87920        RLX LOPI  eth4 (0x20)
 13:      66124        RLX LOPI  rlx timer (0x620)
 25:      65532            ICTL  rtl819x-timer (0x20)

ER0:          0
ER1:          0
ER2:          0

 SW:          0
 TX:          0
 RX:          0
LNK:          0
ERR:          0
# 