/sys/class/net/enxfc19286184c9/statistics/collisions:0
/sys/class/net/enxfc19286184c9/statistics/multicast:0
/sys/class/net/enxfc19286184c9/statistics/rx_bytes:699483320
/sys/class/net/enxfc19286184c9/statistics/rx_compressed:0
/sys/class/net/enxfc19286184c9/statistics/rx_crc_errors:0
/sys/class/net/enxfc19286184c9/statistics/rx_dropped:0
/sys/class/net/enxfc19286184c9/statistics/rx_errors:0
/sys/class/net/enxfc19286184c9/statistics/rx_fifo_errors:0
/sys/class/net/enxfc19286184c9/statistics/rx_frame_errors:0
/sys/class/net/enxfc19286184c9/statistics/rx_length_errors:0
/sys/class/net/enxfc19286184c9/statistics/rx_missed_errors:0
/sys/class/net/enxfc19286184c9/statistics/rx_nohandler:0
/sys/class/net/enxfc19286184c9/statistics/rx_over_errors:0
/sys/class/net/enxfc19286184c9/statistics/rx_packets:727929
/sys/class/net/enxfc19286184c9/statistics/tx_aborted_errors:0
/sys/class/net/enxfc19286184c9/statistics/tx_bytes:775897483
/sys/class/net/enxfc19286184c9/statistics/tx_carrier_errors:0
/sys/class/net/enxfc19286184c9/statistics/tx_compressed:0
/sys/class/net/enxfc19286184c9/statistics/tx_dropped:0
/sys/class/net/enxfc19286184c9/statistics/tx_errors:0
/sys/class/net/enxfc19286184c9/statistics/tx_fifo_errors:0
/sys/class/net/enxfc19286184c9/statistics/tx_heartbeat_errors:0
/sys/class/net/enxfc19286184c9/statistics/tx_packets:822573
/sys/class/net/enxfc19286184c9/statistics/tx_window_errors:0
Ip: Forwarding DefaultTTL InReceives InHdrErrors InAddrErrors ForwDatagrams InUnknownProtos InDiscards InDelivers OutRequests OutDiscards OutNoRoutes ReasmTimeout ReasmReqds ReasmOKs ReasmFails FragOKs FragFails FragCreates OutTransmits
Ip: 2 64 7083731 0 0 0 0 0 7083447 7030304 6139 0 0 0 0 0 0 0 0 7030304
Icmp: InMsgs InErrors InCsumErrors InDestUnreachs InTimeExcds InParmProbs InSrcQuenchs InRedirects InEchos InEchoReps InTimestamps InTimestampReps InAddrMasks InAddrMaskReps OutMsgs OutErrors OutRateLimitGlobal OutRateLimitHost OutDestUnreachs OutTimeExcds OutParmProbs OutSrcQuenchs OutRedirects OutEchos OutEchoReps OutTimestamps OutTimestampReps OutAddrMasks OutAddrMaskReps
Icmp: 18553 1628 0 3516 0 0 0 0 0 15037 0 0 0 0 20054 0 344 0 3516 0 0 0 0 16538 0 0 0 0 0
IcmpMsg: InType0 InType3 OutType3 OutType8
IcmpMsg: 15037 3516 3516 16538
Tcp: RtoAlgorithm RtoMin RtoMax MaxConn ActiveOpens PassiveOpens AttemptFails EstabResets CurrEstab InSegs OutSegs RetransSegs InErrs OutRsts InCsumErrors
Tcp: 1 200 120000 -1 153656 683 124732 8 2 6768440 7412421 156 0 157 0
Udp: InDatagrams NoPorts InErrors OutDatagrams RcvbufErrors SndbufErrors InCsumErrors IgnoredMulti MemErrors
Udp: 296153 151 0 295935 0 0 0 85 0
UdpLite: InDatagrams NoPorts InErrors OutDatagrams RcvbufErrors SndbufErrors InCsumErrors IgnoredMulti MemErrors
UdpLite: 0 0 0 0 0 0 0 0 0
TcpExt: SyncookiesSent SyncookiesRecv SyncookiesFailed EmbryonicRsts PruneCalled RcvPruned OfoPruned OutOfWindowIcmps LockDroppedIcmps ArpFilter TW TWRecycled TWKilled PAWSActive PAWSEstab DelayedACKs DelayedACKLocked DelayedACKLost ListenOverflows ListenDrops TCPHPHits TCPPureAcks TCPHPAcks TCPRenoRecovery TCPSackRecovery TCPSACKReneging TCPSACKReorder TCPRenoReorder TCPTSReorder TCPFullUndo TCPPartialUndo TCPDSACKUndo TCPLossUndo TCPLostRetransmit TCPRenoFailures TCPSackFailures TCPLossFailures TCPFastRetrans TCPSlowStartRetrans TCPTimeouts TCPLossProbes TCPLossProbeRecovery TCPRenoRecoveryFail TCPSackRecoveryFail TCPRcvCollapsed TCPBacklogCoalesce TCPDSACKOldSent TCPDSACKOfoSent TCPDSACKRecv TCPDSACKOfoRecv TCPAbortOnData TCPAbortOnClose TCPAbortOnMemory TCPAbortOnTimeout TCPAbortOnLinger TCPAbortFailed TCPMemoryPressures TCPMemoryPressuresChrono TCPSACKDiscard TCPDSACKIgnoredOld TCPDSACKIgnoredNoUndo TCPSpuriousRTOs TCPMD5NotFound TCPMD5Unexpected TCPMD5Failure TCPSackShifted TCPSackMerged TCPSackShiftFallback TCPBacklogDrop PFMemallocDrop TCPMinTTLDrop TCPDeferAcceptDrop IPReversePathFilter TCPTimeWaitOverflow TCPReqQFullDoCookies TCPReqQFullDrop TCPRetransFail TCPRcvCoalesce TCPOFOQueue TCPOFODrop TCPOFOMerge TCPChallengeACK TCPSYNChallenge TCPFastOpenActive TCPFastOpenActiveFail TCPFastOpenPassive TCPFastOpenPassiveFail TCPFastOpenListenOverflow TCPFastOpenCookieReqd TCPFastOpenBlackhole TCPSpuriousRtxHostQueues BusyPollRxPackets TCPAutoCorking TCPFromZeroWindowAdv TCPToZeroWindowAdv TCPWantZeroWindowAdv TCPSynRetrans TCPOrigDataSent TCPHystartTrainDetect TCPHystartTrainCwnd TCPHystartDelayDetect TCPHystartDelayCwnd TCPACKSkippedSynRecv TCPACKSkippedPAWS TCPACKSkippedSeq TCPACKSkippedFinWait2 TCPACKSkippedTimeWait TCPACKSkippedChallenge TCPWinProbe TCPKeepAlive TCPMTUPFail TCPMTUPSuccess TCPDelivered TCPDeliveredCE TCPAckCompressed TCPZeroWindowDrop TCPRcvQDrop TCPWqueueTooBig TCPFastOpenPassiveAltKey TcpTimeoutRehash TcpDuplicateDataRehash TCPDSACKRecvSegs TCPDSACKIgnoredDubious TCPMigrateReqSuccess TCPMigrateReqFailure TCPPLBRehash
TcpExt: 0 0 0 0 0 0 0 0 0 0 9008 0 0 0 0 232 1 1912 0 0 2229936 589329 2542289 0 4 0 9 0 1 1 0 3 2 48 0 0 0 9 0 131 124 0 0 0 0 19592 1914 0 51 0 17784 0 0 1 0 0 0 0 0 0 37 2 0 0 0 0 1 7 0 0 0 0 0 0 0 0 0 368449 1 0 0 0 0 0 0 0 0 0 0 0 49 0 272441 0 0 0 19 5522383 5 123 0 0 0 0 40 0 0 0 0 0 0 0 5531347 0 0 0 0 0 0 130 1080 55 0 0 0 0
IpExt: InNoRoutes InTruncatedPkts InMcastPkts OutMcastPkts InBcastPkts OutBcastPkts InOctets OutOctets InMcastOctets OutMcastOctets InBcastOctets OutBcastOctets InCsumErrors InNoECTPkts InECT1Pkts InECT0Pkts InCEPkts ReasmOverlaps
IpExt: 0 0 0 0 85 0 2002808454 2107560599 0 0 6630 0 0 7083735 0 0 0 0
REACHABLE
