sleep 1 ; cat /proc/rtl865x/asicCounter
<Port: 0>
Rx counters
   Rcv 0 bytes, Drop 0 pkts,etherStatsDropEvents 0
   CRCAlignErr 0, SymbolErr 0, FragErr 0, JabberErr 0
   Unicast 0 pkts, Multicast 0 pkts, Broadcast 0 pkts
   < 64: 0 pkts, 64: 0 pkts, 65 -127: 0 pkts, 128 -255: 0 pkts
   256 - 511: 0 pkts, 512 - 1023: 0 pkts, 1024 - 1518: 0 pkts
   oversize: 0 pkts, Control unknown 0 pkts, Pause 0 pkts
Output counters
   Snd 0 bytes, Unicast 0 pkts, Multicast 0 pkts
   Broadcast 0 pkts, Late collision 0, Deferred transmission 0 
   Collisions 0 Single collision 0 Multiple collision 0 pause 0
<Port: 1>
Rx counters
   Rcv 0 bytes, Drop 0 pkts,etherStatsDropEvents 0
   CRCAlignErr 0, SymbolErr 0, FragErr 0, JabberErr 0
   Unicast 0 pkts, Multicast 0 pkts, Broadcast 0 pkts
   < 64: 0 pkts, 64: 0 pkts, 65 -127: 0 pkts, 128 -255: 0 pkts
   256 - 511: 0 pkts, 512 - 1023: 0 pkts, 1024 - 1518: 0 pkts
   oversize: 0 pkts, Control unknown 0 pkts, Pause 0 pkts
Output counters
   Snd 0 bytes, Unicast 0 pkts, Multicast 0 pkts
   Broadcast 0 pkts, Late collision 0, Deferred transmission 0 
   Collisions 0 Single collision 0 Multiple collision 0 pause 0
<Port: 2>
Rx counters
   Rcv 0 bytes, Drop 0 pkts,etherStatsDropEvents 0
   CRCAlignErr 0, SymbolErr 0, FragErr 0, JabberErr 0
   Unicast 0 pkts, Multicast 0 pkts, Broadcast 0 pkts
   < 64: 0 pkts, 64: 0 pkts, 65 -127: 0 pkts, 128 -255: 0 pkts
   256 - 511: 0 pkts, 512 - 1023: 0 pkts, 1024 - 1518: 0 pkts
   oversize: 0 pkts, Control unknown 0 pkts, Pause 0 pkts
Output counters
   Snd 0 bytes, Unicast 0 pkts, Multicast 0 pkts
   Broadcast 0 pkts, Late collision 0, Deferred transmission 0 
   Collisions 0 Single collision 0 Multiple collision 0 pause 0
<Port: 3>
Rx counters
   Rcv 73058127 bytes, Drop 0 pkts,etherStatsDropEvents 0
   CRCAlignErr 0, SymbolErr 0, FragErr 0, JabberErr 0
   Unicast 117295 pkts, Multicast 0 pkts, Broadcast 2 pkts
   < 64: 0 pkts, 64: 39 pkts, 65 -127: 72362 pkts, 128 -255: 82 pkts
   256 - 511: 421 pkts, 512 - 1023: 82 pkts, 1024 - 1518: 44311 pkts
   oversize: 0 pkts, Control unknown 0 pkts, Pause 0 pkts
Output counters
   Snd 4877067 bytes, Unicast 73366 pkts, Multicast 0 pkts
   Broadcast 2 pkts, Late collision 0, Deferred transmission 0 
   Collisions 0 Single collision 0 Multiple collision 0 pause 40826
<Port: 4>
Rx counters
   Rcv 0 bytes, Drop 0 pkts,etherStatsDropEvents 0
   CRCAlignErr 0, SymbolErr 0, FragErr 0, JabberErr 0
   Unicast 0 pkts, Multicast 0 pkts, Broadcast 0 pkts
   < 64: 0 pkts, 64: 0 pkts, 65 -127: 0 pkts, 128 -255: 0 pkts
   256 - 511: 0 pkts, 512 - 1023: 0 pkts, 1024 - 1518: 0 pkts
   oversize: 0 pkts, Control unknown 0 pkts, Pause 0 pkts
Output counters
   Snd 0 bytes, Unicast 0 pkts, Multicast 0 pkts
   Broadcast 0 pkts, Late collision 0, Deferred transmission 0 
   Collisions 0 Single collision 0 Multiple collision 0 pause 0
<Port: 5>
Rx counters
   Rcv 0 bytes, Drop 0 pkts,etherStatsDropEvents 0
   CRCAlignErr 0, SymbolErr 0, FragErr 0, JabberErr 0
   Unicast 0 pkts, Multicast 0 pkts, Broadcast 0 pkts
   < 64: 0 pkts, 64: 0 pkts, 65 -127: 0 pkts, 128 -255: 0 pkts
   256 - 511: 0 pkts, 512 - 1023: 0 pkts, 1024 - 1518: 0 pkts
   oversize: 0 pkts, Control unknown 0 pkts, Pause 0 pkts
Output counters
   Snd 0 bytes, Unicast 0 pkts, Multicast 0 pkts
   Broadcast 0 pkts, Late collision 0, Deferred transmission 0 
   Collisions 0 Single collision 0 Multiple collision 0 pause 0
<CPU port (extension port included)>
Rx counters
   Rcv 0 bytes, Drop 43 pkts,etherStatsDropEvents 20
   CRCAlignErr 74092, SymbolErr 0, FragErr 2, JabberErr 679
   Unicast 0 pkts, Multicast 0 pkts, Broadcast 0 pkts
   < 64: 0 pkts, 64: 71862 pkts, 65 -127: 1266 pkts, 128 -255: 0 pkts
   256 - 511: 107 pkts, 512 - 1023: 86 pkts, 1024 - 1518: 90 pkts
   oversize: 0 pkts, Control unknown 0 pkts, Pause 0 pkts
Output counters
   Snd 73058127 bytes, Unicast 117295 pkts, Multicast 0 pkts
   Broadcast 2 pkts, Late collision 0, Deferred transmission 0 
   Collisions 0 Single collision 0 Multiple collision 0 pause 0
<Whole system counters>
   CpuEvent 0 pkts
# 