cat /proc/interrupts; grep jiffies /proc/rtl819x-timer; sleep 5; cat /proc/int
errupts; grep jiffies /proc/rtl819x-timer
           CPU0       
  2:          0             RLX  cascade (0x0)
  8:      15661        RLX LOPI  serial (0x20)
 13:     160075        RLX LOPI  rlx timer (0x620)
 25:     154018            ICTL  rtl819x-timer (0x20)

ER0:          0
ER1:          0
ER2:          0

 SW:          0
 TX:          0
 RX:          0
LNK:          0
ERR:          0
/bin/sh: grep: not found
           CPU0       
  2:          0             RLX  cascade (0x0)
  8:      16054        RLX LOPI  serial (0x20)
 13:     160578        RLX LOPI  rlx timer (0x620)
 25:     154521            ICTL  rtl819x-timer (0x20)

ER0:          0
ER1:          0
ER2:          0

 SW:          0
 TX:          0
 RX:          0
LNK:          0
ERR:          0
/bin/sh: grep: not found
# 