iperf3 -s -1 -f k --logfile /tmp/EU2.log > /dev/null 2>&1 & sleep 2 ; ps ; cat
 /proc/stat
  PID USER       VSZ STAT COMMAND
    1 0          832 R    /bin/sh 
    2 0            0 SW<  [kthreadd]
    3 0            0 SW<  [ksoftirqd/0]
    4 0            0 SW<  [events/0]
    5 0            0 SW<  [khelper]
    6 0            0 SW<  [async/mgr]
    7 0            0 SW<  [kblockd/0]
    8 0            0 SW   [pdflush]
    9 0            0 SW<  [kswapd0]
   10 0            0 SW<  [mtdblockd]
   11 0            0 SW<  [kpktgend_0]
  236 0          332 S    iperf3 -s -1 -f k --logfile /tmp/EU2.log 
  238 0          816 R    ps 
cpu  1846 0 10154 82055 0 0 23326 0 0
cpu0 1846 0 10154 82055 0 0 23326 0 0
intr 1216361 0 0 0 0 0 0 0 0 140728 0 0 0 840839 117447 0 0 0 0 0 0 0 0 0 0 0 117347 0 0 0 0 0 0 0 0 0 0 0 0 0 0 0 0 0 0 0 0 0 0
ctxt 37245
btime 0
processes 239
procs_running 2
procs_blocked 0
# 