iperf3 -s -1 -f k --logfile /tmp/ES1.log > /dev/null 2>&1 & sleep 2 ; ps ; cat
 /proc/stat
  PID USER       VSZ STAT COMMAND
    1 0          832 R    /bin/sh 
    2 0            0 SW<  [kthreadd]
    3 0            0 SW<  [ksoftirqd/0]
    4 0            0 SW<  [events/0]
    5 0            0 SW<  [khelper]
    6 0            0 SW<  [async/mgr]
    7 0            0 SW<  [kblockd/0]
    8 0            0 SW   [pdflush]
    9 0            0 SW<  [kswapd0]
   10 0            0 SW<  [mtdblockd]
   11 0            0 SW<  [kpktgend_0]
  204 0          332 S    iperf3 -s -1 -f k --logfile /tmp/ES1.log 
  206 0          816 R    ps 
cpu  1592 0 5355 75613 0 0 18035 0 0
cpu0 1592 0 5355 75613 0 0 18035 0 0
intr 664710 0 0 0 0 0 0 0 0 122655 0 0 0 340834 100661 0 0 0 0 0 0 0 0 0 0 0 100561 0 0 0 0 0 0 0 0 0 0 0 0 0 0 0 0 0 0 0 0 0 0
ctxt 33039
btime 0
processes 207
procs_running 2
procs_blocked 0
# 