iperf3 -s -1 -f k --logfile /tmp/EV1.log > /dev/null 2>&1 & sleep 2 ; ps ; cat
 /proc/stat
  PID USER       VSZ STAT COMMAND
    1 0          832 S    /bin/sh 
    2 0            0 SW<  [kthreadd]
    3 0            0 SW<  [ksoftirqd/0]
    4 0            0 SW<  [events/0]
    5 0            0 SW<  [khelper]
    6 0            0 SW<  [async/mgr]
    7 0            0 SW<  [kblockd/0]
    8 0            0 SW   [pdflush]
    9 0            0 SW<  [kswapd0]
   10 0            0 SW<  [mtdblockd]
   11 0            0 SW<  [kpktgend_0]
  252 0          332 S    iperf3 -s -1 -f k --logfile /tmp/EV1.log 
  254 0          816 R    ps 
cpu  2017 0 10618 87953 0 0 25162 0 0
cpu0 2017 0 10618 87953 0 0 25162 0 0
intr 1243620 0 0 0 0 0 0 0 0 149925 0 0 0 842163 125816 0 0 0 0 0 0 0 0 0 0 0 125716 0 0 0 0 0 0 0 0 0 0 0 0 0 0 0 0 0 0 0 0 0 0
ctxt 40159
btime 0
processes 255
procs_running 2
procs_blocked 0
# 