Connecting to host 10.1.1.4, port 5201
Reverse mode, remote host 10.1.1.4 is sending
[  4] local 10.1.1.2 port 45223 connected to 10.1.1.4 port 5201
[ ID] Interval           Transfer     Bandwidth       Jitter    Lost/Total Datagrams
[  4]   0.00-1.00   sec  2.39 MBytes  20.0 Mbits/sec  1.112 ms  0/1789 (0%)  
[  4]   1.00-2.00   sec  2.30 MBytes  19.3 Mbits/sec  1.157 ms  0/1726 (0%)  
[  4]   2.00-3.00   sec  2.32 MBytes  19.5 Mbits/sec  1.111 ms  0/1740 (0%)  
[  4]   3.00-4.00   sec  2.58 MBytes  21.7 Mbits/sec  1.162 ms  0/1935 (0%)  
[  4]   4.00-5.00   sec  2.35 MBytes  19.7 Mbits/sec  1.110 ms  0/1760 (0%)  
[  4]   5.00-6.00   sec  2.38 MBytes  19.9 Mbits/sec  1.157 ms  0/1779 (0%)  
[  4]   6.00-7.00   sec  2.38 MBytes  19.9 Mbits/sec  1.170 ms  0/1780 (0%)  
[  4]   7.00-8.00   sec  2.40 MBytes  20.2 Mbits/sec  1.112 ms  0/1800 (0%)  
[  4]   8.00-9.00   sec  2.43 MBytes  20.4 Mbits/sec  1.150 ms  0/1818 (0%)  
[  4]   9.00-10.00  sec  2.27 MBytes  19.1 Mbits/sec  1.140 ms  0/1702 (0%)  
[  4]  10.00-11.00  sec  2.32 MBytes  19.5 Mbits/sec  1.151 ms  0/1741 (0%)  
[  4]  11.00-12.00  sec  2.33 MBytes  19.5 Mbits/sec  1.147 ms  0/1742 (0%)  
[  4]  12.00-13.00  sec  2.58 MBytes  21.7 Mbits/sec  1.153 ms  0/1935 (0%)  
[  4]  13.00-14.00  sec  2.32 MBytes  19.5 Mbits/sec  1.166 ms  0/1741 (0%)  
[  4]  14.00-15.00  sec  2.32 MBytes  19.5 Mbits/sec  1.158 ms  0/1740 (0%)  
[  4]  15.00-16.00  sec  2.35 MBytes  19.7 Mbits/sec  1.152 ms  0/1762 (0%)  
[  4]  16.00-17.00  sec  2.46 MBytes  20.6 Mbits/sec  1.147 ms  0/1839 (0%)  
[  4]  17.00-18.00  sec  2.33 MBytes  19.5 Mbits/sec  1.155 ms  0/1742 (0%)  
[  4]  18.00-19.00  sec  2.55 MBytes  21.4 Mbits/sec  0.753 ms  0/1912 (0%)  
[  4]  19.00-20.00  sec  2.20 MBytes  18.5 Mbits/sec  1.149 ms  0/1650 (0%)  
[  4]  20.00-21.00  sec  2.46 MBytes  20.6 Mbits/sec  1.149 ms  0/1839 (0%)  
[  4]  21.00-22.00  sec  2.33 MBytes  19.5 Mbits/sec  1.147 ms  0/1742 (0%)  
[  4]  22.00-23.00  sec  2.55 MBytes  21.4 Mbits/sec  0.766 ms  0/1911 (0%)  
[  4]  23.00-24.00  sec  2.23 MBytes  18.7 Mbits/sec  1.149 ms  0/1669 (0%)  
[  4]  24.00-25.00  sec  2.43 MBytes  20.4 Mbits/sec  1.162 ms  0/1818 (0%)  
[  4]  25.00-26.00  sec  2.38 MBytes  19.9 Mbits/sec  1.170 ms  0/1780 (0%)  
[  4]  26.00-27.00  sec  2.48 MBytes  20.8 Mbits/sec  1.166 ms  0/1857 (0%)  
[  4]  27.00-28.00  sec  2.38 MBytes  19.9 Mbits/sec  1.162 ms  0/1781 (0%)  
[  4]  28.00-29.00  sec  2.37 MBytes  19.9 Mbits/sec  1.166 ms  0/1778 (0%)  
[  4]  29.00-30.00  sec  2.43 MBytes  20.4 Mbits/sec  1.173 ms  0/1819 (0%)  
- - - - - - - - - - - - - - - - - - - - - - - - -
[ ID] Interval           Transfer     Bandwidth       Jitter    Lost/Total Datagrams
[  4]   0.00-30.00  sec  71.6 MBytes  20.0 Mbits/sec  1.091 ms  0/53629 (0%)  
[  4] Sent 53629 datagrams

iperf Done.
