iperf3 -s -1 -f k --logfile /tmp/EU3.log > /dev/null 2>&1 & sleep 2 ; ps ; cat
 /proc/stat
  PID USER       VSZ STAT COMMAND
    1 0          832 S    /bin/sh 
    2 0            0 SW<  [kthreadd]
    3 0            0 SW<  [ksoftirqd/0]
    4 0            0 SW<  [events/0]
    5 0            0 SW<  [khelper]
    6 0            0 SW<  [async/mgr]
    7 0            0 SW<  [kblockd/0]
    8 0            0 SW   [pdflush]
    9 0            0 SW<  [kswapd0]
   10 0            0 SW<  [mtdblockd]
   11 0            0 SW<  [kpktgend_0]
  244 0          332 S    iperf3 -s -1 -f k --logfile /tmp/EU3.log 
  246 0          816 R    ps 
cpu  1921 0 10400 84992 0 0 24252 0 0
cpu0 1921 0 10400 84992 0 0 24252 0 0
intr 1229988 0 0 0 0 0 0 0 0 145326 0 0 0 841500 121631 0 0 0 0 0 0 0 0 0 0 0 121531 0 0 0 0 0 0 0 0 0 0 0 0 0 0 0 0 0 0 0 0 0 0
ctxt 38809
btime 0
processes 247
procs_running 2
procs_blocked 0
# 