iperf3 -s -1 -f k --logfile /tmp/ES2.log > /dev/null 2>&1 & sleep 2 ; ps ; cat
 /proc/stat
  PID USER       VSZ STAT COMMAND
    1 0          832 S    /bin/sh 
    2 0            0 SW<  [kthreadd]
    3 0            0 SW<  [ksoftirqd/0]
    4 0            0 SW<  [events/0]
    5 0            0 SW<  [khelper]
    6 0            0 SW<  [async/mgr]
    7 0            0 SW<  [kblockd/0]
    8 0            0 SW   [pdflush]
    9 0            0 SW<  [kswapd0]
   10 0            0 SW<  [mtdblockd]
   11 0            0 SW<  [kpktgend_0]
  212 0          332 S    iperf3 -s -1 -f k --logfile /tmp/ES2.log 
  214 0          816 R    ps 
cpu  1604 0 6908 76779 0 0 19491 0 0
cpu0 1604 0 6908 76779 0 0 19491 0 0
intr 842865 0 0 0 0 0 0 0 0 127142 0 0 0 506127 104848 0 0 0 0 0 0 0 0 0 0 0 104748 0 0 0 0 0 0 0 0 0 0 0 0 0 0 0 0 0 0 0 0 0 0
ctxt 33989
btime 0
processes 215
procs_running 2
procs_blocked 0
# 