cat /proc/stat ; busybox killall iperf3 ; sleep 1 ; cat /tmp/EV2.log
cpu  3338 0 13473 90174 0 0 26399 0 0
cpu0 3338 0 13473 90174 0 0 26399 0 0
intr 1477881 0 0 0 0 0 0 0 0 154767 0 0 0 1056314 133450 0 0 0 0 0 0 0 0 0 0 0 133350 0 0 0 0 0 0 0 0 0 0 0 0 0 0 0 0 0 0 0 0 0 0
ctxt 42038
btime 0
processes 264
procs_running 2
procs_blocked 0
killall: iperf3: no process killed
-----------------------------------------------------------
Server listening on 5201
-----------------------------------------------------------
Accepted connection from 10.1.1.2, port 36710
[  6] local 10.1.1.4 port 5201 connected to 10.1.1.2 port 35388
[ ID] Interval           Transfer     Bandwidth       Total Datagrams
[  6]   0.00-1.00   sec  2.34 MBytes  19589 Kbits/sec  1749  
[  6]   1.00-2.00   sec  2.38 MBytes  20003 Kbits/sec  1786  
[  6]   2.00-3.00   sec  2.40 MBytes  20149 Kbits/sec  1799  
[  6]   3.00-4.00   sec  2.35 MBytes  19712 Kbits/sec  1760  
[  6]   4.00-5.00   sec  2.40 MBytes  20171 Kbits/sec  1801  
[  6]   5.00-6.00   sec  2.38 MBytes  19947 Kbits/sec  1781  
[  6]   6.00-7.00   sec  2.41 MBytes  20182 Kbits/sec  1802  
[  6]   7.00-8.00   sec  2.30 MBytes  19286 Kbits/sec  1722  
[  6]   8.00-9.00   sec  2.41 MBytes  20182 Kbits/sec  1802  
[  6]   9.00-10.00  sec  2.41 MBytes  20205 Kbits/sec  1804  
[  6]  10.00-11.01  sec  2.22 MBytes  18397 Kbits/sec  1659  
[  6]  11.01-12.01  sec  2.43 MBytes  20395 Kbits/sec  1821  
[  6]  12.01-13.00  sec  2.48 MBytes  21042 Kbits/sec  1860  
[  6]  13.00-14.01  sec  2.43 MBytes  20171 Kbits/sec  1819  
[  6]  14.01-15.00  sec  2.30 MBytes  19481 Kbits/sec  1722  
[  6]  15.00-16.00  sec  2.43 MBytes  20406 Kbits/sec  1822  
[  6]  16.00-17.00  sec  2.35 MBytes  19723 Kbits/sec  1761  
[  6]  17.00-18.01  sec  2.43 MBytes  20182 Kbits/sec  1820  
[  6]  18.01-19.00  sec  2.27 MBytes  19255 Kbits/sec  1702  
[  6]  19.00-20.00  sec  2.43 MBytes  20395 Kbits/sec  1821  
[  6]  20.00-21.00  sec  2.46 MBytes  20630 Kbits/sec  1842  
[  6]  21.00-22.00  sec  2.38 MBytes  19970 Kbits/sec  1783  
[  6]  22.00-23.01  sec  2.38 MBytes  19739 Kbits/sec  1780  
[  6]  23.01-24.02  sec  2.41 MBytes  20005 Kbits/sec  1804  
[  6]  24.02-25.00  sec  2.33 MBytes  19920 Kbits/sec  1743  
[  6]  25.00-26.00  sec  2.43 MBytes  20395 Kbits/sec  1821  
[  6]  26.00-27.00  sec  2.30 MBytes  19298 Kbits/sec  1723  
[  6]  27.00-28.01  sec  2.41 MBytes  19983 Kbits/sec  1802  
[  6]  28.01-29.00  sec  2.46 MBytes  20839 Kbits/sec  1842  
[  6]  29.00-30.00  sec  2.19 MBytes  18390 Kbits/sec  1642  
[  6]  30.00-30.03  sec  82.0 KBytes  22400 Kbits/sec  60  
- - - - - - - - - - - - - - - - - - - - - - - - -
[ ID] Interval           Transfer     Bandwidth       Jitter    Lost/Total Datagrams
[  6]   0.00-30.03  sec  71.4 MBytes  19937 Kbits/sec  0.000 ms  0/53455 (0%)  
# 