iperf3 -s -1 -f k --logfile /tmp/EV2.log > /dev/null 2>&1 & sleep 2 ; ps ; cat
 /proc/stat
  PID USER       VSZ STAT COMMAND
    1 0          832 R    /bin/sh 
    2 0            0 SW<  [kthreadd]
    3 0            0 SW<  [ksoftirqd/0]
    4 0            0 SW<  [events/0]
    5 0            0 SW<  [khelper]
    6 0            0 SW<  [async/mgr]
    7 0            0 SW<  [kblockd/0]
    8 0            0 SW   [pdflush]
    9 0            0 SW<  [kswapd0]
   10 0            0 SW<  [mtdblockd]
   11 0            0 SW<  [kpktgend_0]
  260 0          332 S    iperf3 -s -1 -f k --logfile /tmp/EV2.log 
  262 0          816 R    ps 
cpu  2654 0 12130 89383 0 0 25752 0 0
cpu0 2654 0 12130 89383 0 0 25752 0 0
intr 1363179 0 0 0 0 0 0 0 0 153898 0 0 0 949412 129985 0 0 0 0 0 0 0 0 0 0 0 129885 0 0 0 0 0 0 0 0 0 0 0 0 0 0 0 0 0 0 0 0 0 0
ctxt 41161
btime 0
processes 263
procs_running 2
procs_blocked 0
# 