Connecting to host 10.1.1.4, port 5201
Reverse mode, remote host 10.1.1.4 is sending
[  4] local 10.1.1.2 port 35388 connected to 10.1.1.4 port 5201
[ ID] Interval           Transfer     Bandwidth       Jitter    Lost/Total Datagrams
[  4]   0.00-1.00   sec  2.41 MBytes  20.2 Mbits/sec  1.267 ms  0/1806 (0%)  
[  4]   1.00-2.00   sec  2.39 MBytes  20.0 Mbits/sec  1.296 ms  0/1787 (0%)  
[  4]   2.00-3.00   sec  2.40 MBytes  20.2 Mbits/sec  1.243 ms  0/1799 (0%)  
[  4]   3.00-4.00   sec  2.35 MBytes  19.7 Mbits/sec  1.296 ms  0/1760 (0%)  
[  4]   4.00-5.00   sec  2.40 MBytes  20.2 Mbits/sec  1.228 ms  0/1801 (0%)  
[  4]   5.00-6.00   sec  2.38 MBytes  19.9 Mbits/sec  1.277 ms  0/1780 (0%)  
[  4]   6.00-7.00   sec  2.41 MBytes  20.2 Mbits/sec  1.291 ms  0/1802 (0%)  
[  4]   7.00-8.00   sec  2.30 MBytes  19.3 Mbits/sec  1.290 ms  0/1723 (0%)  
[  4]   8.00-9.00   sec  2.41 MBytes  20.2 Mbits/sec  1.221 ms  0/1802 (0%)  
[  4]   9.00-10.00  sec  2.41 MBytes  20.2 Mbits/sec  1.281 ms  0/1803 (0%)  
[  4]  10.00-11.00  sec  2.19 MBytes  18.4 Mbits/sec  1.249 ms  0/1641 (0%)  
[  4]  11.00-12.00  sec  2.43 MBytes  20.4 Mbits/sec  1.238 ms  0/1821 (0%)  
[  4]  12.00-13.00  sec  2.51 MBytes  21.0 Mbits/sec  1.275 ms  0/1878 (0%)  
[  4]  13.00-14.00  sec  2.40 MBytes  20.2 Mbits/sec  1.242 ms  0/1801 (0%)  
[  4]  14.00-15.00  sec  2.32 MBytes  19.5 Mbits/sec  1.290 ms  0/1741 (0%)  
[  4]  15.00-16.00  sec  2.43 MBytes  20.4 Mbits/sec  1.295 ms  0/1822 (0%)  
[  4]  16.00-17.00  sec  2.35 MBytes  19.7 Mbits/sec  1.275 ms  0/1760 (0%)  
[  4]  17.00-18.00  sec  2.41 MBytes  20.2 Mbits/sec  1.251 ms  0/1802 (0%)  
[  4]  18.00-19.00  sec  2.30 MBytes  19.3 Mbits/sec  1.267 ms  0/1720 (0%)  
[  4]  19.00-20.00  sec  2.43 MBytes  20.4 Mbits/sec  1.262 ms  0/1821 (0%)  
[  4]  20.00-21.00  sec  2.46 MBytes  20.6 Mbits/sec  1.268 ms  0/1842 (0%)  
[  4]  21.00-22.00  sec  2.38 MBytes  20.0 Mbits/sec  1.264 ms  0/1783 (0%)  
[  4]  22.00-23.00  sec  2.35 MBytes  19.7 Mbits/sec  1.260 ms  0/1762 (0%)  
[  4]  23.00-24.00  sec  2.38 MBytes  20.0 Mbits/sec  1.211 ms  0/1784 (0%)  
[  4]  24.00-25.00  sec  2.38 MBytes  19.9 Mbits/sec  1.273 ms  0/1781 (0%)  
[  4]  25.00-26.00  sec  2.43 MBytes  20.4 Mbits/sec  1.270 ms  0/1822 (0%)  
[  4]  26.00-27.00  sec  2.30 MBytes  19.3 Mbits/sec  1.274 ms  0/1722 (0%)  
[  4]  27.00-28.00  sec  2.38 MBytes  20.0 Mbits/sec  1.239 ms  0/1784 (0%)  
[  4]  28.00-29.00  sec  2.48 MBytes  20.8 Mbits/sec  1.282 ms  0/1861 (0%)  
[  4]  29.00-30.00  sec  2.19 MBytes  18.4 Mbits/sec  1.295 ms  0/1641 (0%)  
- - - - - - - - - - - - - - - - - - - - - - - - -
[ ID] Interval           Transfer     Bandwidth       Jitter    Lost/Total Datagrams
[  4]   0.00-30.00  sec  71.4 MBytes  20.0 Mbits/sec  1.170 ms  0/53455 (0%)  
[  4] Sent 53455 datagrams

iperf Done.
