iperf3 -s -1 -f k --logfile /tmp/ES3.log > /dev/null 2>&1 & sleep 2 ; ps ; cat
 /proc/stat
  PID USER       VSZ STAT COMMAND
    1 0          832 S    /bin/sh 
    2 0            0 SW<  [kthreadd]
    3 0            0 SW<  [ksoftirqd/0]
    4 0            0 SW<  [events/0]
    5 0            0 SW<  [khelper]
    6 0            0 SW<  [async/mgr]
    7 0            0 SW<  [kblockd/0]
    8 0            0 SW   [pdflush]
    9 0            0 SW<  [kswapd0]
   10 0            0 SW<  [mtdblockd]
   11 0            0 SW<  [kpktgend_0]
  220 0          332 S    iperf3 -s -1 -f k --logfile /tmp/ES3.log 
  222 0          816 R    ps 
cpu  1615 0 8508 77941 0 0 20937 0 0
cpu0 1615 0 8508 77941 0 0 20937 0 0
intr 1023230 0 0 0 0 0 0 0 0 131633 0 0 0 673564 109067 0 0 0 0 0 0 0 0 0 0 0 108967 0 0 0 0 0 0 0 0 0 0 0 0 0 0 0 0 0 0 0 0 0 0
ctxt 34945
btime 0
processes 223
procs_running 2
procs_blocked 0
# 