iperf3 -s -1 -f k --logfile /tmp/EV3.log > /dev/null 2>&1 & sleep 2 ; ps ; cat
 /proc/stat
  PID USER       VSZ STAT COMMAND
    1 0          832 S    /bin/sh 
    2 0            0 SW<  [kthreadd]
    3 0            0 SW<  [ksoftirqd/0]
    4 0            0 SW<  [events/0]
    5 0            0 SW<  [khelper]
    6 0            0 SW<  [async/mgr]
    7 0            0 SW<  [kblockd/0]
    8 0            0 SW   [pdflush]
    9 0            0 SW<  [kswapd0]
   10 0            0 SW<  [mtdblockd]
   11 0            0 SW<  [kpktgend_0]
  268 0          332 S    iperf3 -s -1 -f k --logfile /tmp/EV3.log 
  270 0          816 R    ps 
cpu  3342 0 13478 90869 0 0 26399 0 0
cpu0 3342 0 13478 90869 0 0 26399 0 0
intr 1482388 0 0 0 0 0 0 0 0 157864 0 0 0 1056316 134154 0 0 0 0 0 0 0 0 0 0 0 134054 0 0 0 0 0 0 0 0 0 0 0 0 0 0 0 0 0 0 0 0 0 0
ctxt 42218
btime 0
processes 271
procs_running 2
procs_blocked 0
# 