iperf3 -s -1 -f k --logfile /tmp/ER1.log > /dev/null 2>&1 & sleep 2 ; ps ; cat
 /proc/stat
  PID USER       VSZ STAT COMMAND
    1 0          832 S    /bin/sh 
    2 0            0 SW<  [kthreadd]
    3 0            0 SW<  [ksoftirqd/0]
    4 0            0 SW<  [events/0]
    5 0            0 SW<  [khelper]
    6 0            0 SW<  [async/mgr]
    7 0            0 SW<  [kblockd/0]
    8 0            0 SW   [pdflush]
    9 0            0 SW<  [kswapd0]
   10 0            0 SW<  [mtdblockd]
   11 0            0 SW<  [kpktgend_0]
  180 0          332 S    iperf3 -s -1 -f k --logfile /tmp/ER1.log 
  182 0          816 R    ps 
cpu  1511 0 5260 69059 0 0 12232 0 0
cpu0 1511 0 5260 69059 0 0 12232 0 0
intr 612681 0 0 0 0 0 0 0 0 110010 0 0 0 326516 88128 0 0 0 0 0 0 0 0 0 0 0 88028 0 0 0 0 0 0 0 0 0 0 0 0 0 0 0 0 0 0 0 0 0 0
ctxt 21949
btime 0
processes 183
procs_running 2
procs_blocked 0
# 