iperf3 -s -1 -f k --logfile /tmp/ER3.log > /dev/null 2>&1 & sleep 2 ; ps ; cat
 /proc/stat
  PID USER       VSZ STAT COMMAND
    1 0          832 S    /bin/sh 
    2 0            0 SW<  [kthreadd]
    3 0            0 SW<  [ksoftirqd/0]
    4 0            0 SW<  [events/0]
    5 0            0 SW<  [khelper]
    6 0            0 SW<  [async/mgr]
    7 0            0 SW<  [kblockd/0]
    8 0            0 SW   [pdflush]
    9 0            0 SW<  [kswapd0]
   10 0            0 SW<  [mtdblockd]
   11 0            0 SW<  [kpktgend_0]
  196 0          332 S    iperf3 -s -1 -f k --logfile /tmp/ER3.log 
  198 0          816 R    ps 
cpu  1566 0 5303 74012 0 0 15536 0 0
cpu0 1566 0 5303 74012 0 0 15536 0 0
intr 647373 0 0 0 0 0 0 0 0 118438 0 0 0 336070 96483 0 0 0 0 0 0 0 0 0 0 0 96383 0 0 0 0 0 0 0 0 0 0 0 0 0 0 0 0 0 0 0 0 0 0
ctxt 29421
btime 0
processes 199
procs_running 2
procs_blocked 0
# 