Connecting to host 10.1.1.4, port 5201
[  4] local 10.1.1.2 port 47011 connected to 10.1.1.4 port 5201
[ ID] Interval           Transfer     Bandwidth       Total Datagrams
[  4]   0.00-1.00   sec  2.19 MBytes  18.3 Mbits/sec  1638  
[  4]   1.00-2.00   sec  2.39 MBytes  20.0 Mbits/sec  1789  
[  4]   2.00-3.00   sec  2.38 MBytes  20.0 Mbits/sec  1783  
[  4]   3.00-4.00   sec  2.38 MBytes  20.0 Mbits/sec  1784  
[  4]   4.00-5.00   sec  2.38 MBytes  20.0 Mbits/sec  1786  
[  4]   5.00-6.00   sec  2.39 MBytes  20.0 Mbits/sec  1787  
[  4]   6.00-7.00   sec  2.39 MBytes  20.0 Mbits/sec  1787  
[  4]   7.00-8.00   sec  2.38 MBytes  20.0 Mbits/sec  1786  
[  4]   8.00-9.00   sec  2.38 MBytes  20.0 Mbits/sec  1785  
[  4]   9.00-10.00  sec  2.39 MBytes  20.0 Mbits/sec  1787  
[  4]  10.00-11.00  sec  2.38 MBytes  20.0 Mbits/sec  1784  
[  4]  11.00-12.00  sec  2.38 MBytes  20.0 Mbits/sec  1786  
[  4]  12.00-13.00  sec  2.38 MBytes  20.0 Mbits/sec  1785  
[  4]  13.00-14.00  sec  2.39 MBytes  20.0 Mbits/sec  1787  
[  4]  14.00-15.00  sec  2.40 MBytes  20.1 Mbits/sec  1795  
[  4]  15.00-16.00  sec  2.37 MBytes  19.9 Mbits/sec  1776  
[  4]  16.00-17.00  sec  2.38 MBytes  20.0 Mbits/sec  1786  
[  4]  17.00-18.00  sec  2.38 MBytes  20.0 Mbits/sec  1785  
[  4]  18.00-19.00  sec  2.38 MBytes  20.0 Mbits/sec  1785  
[  4]  19.00-20.00  sec  2.39 MBytes  20.0 Mbits/sec  1787  
[  4]  20.00-21.00  sec  2.38 MBytes  20.0 Mbits/sec  1786  
[  4]  21.00-22.00  sec  2.38 MBytes  20.0 Mbits/sec  1785  
[  4]  22.00-23.00  sec  2.38 MBytes  20.0 Mbits/sec  1786  
[  4]  23.00-24.00  sec  2.38 MBytes  20.0 Mbits/sec  1785  
[  4]  24.00-25.00  sec  2.38 MBytes  20.0 Mbits/sec  1786  
[  4]  25.00-26.00  sec  2.38 MBytes  20.0 Mbits/sec  1786  
[  4]  26.00-27.00  sec  2.38 MBytes  20.0 Mbits/sec  1786  
[  4]  27.00-28.00  sec  2.38 MBytes  20.0 Mbits/sec  1786  
[  4]  28.00-29.00  sec  2.38 MBytes  20.0 Mbits/sec  1786  
[  4]  29.00-30.00  sec  2.38 MBytes  20.0 Mbits/sec  1785  
- - - - - - - - - - - - - - - - - - - - - - - - -
[ ID] Interval           Transfer     Bandwidth       Jitter    Lost/Total Datagrams
[  4]   0.00-30.00  sec  71.3 MBytes  19.9 Mbits/sec  0.533 ms  36849/53299 (69%)  
[  4] Sent 53299 datagrams

iperf Done.
