cat /proc/stat ; cat /proc/interrupts
cpu  0 0 624 594 0 0 3 0 0
cpu0 0 0 624 594 0 0 3 0 0
intr 2747 0 0 0 0 0 0 0 0 220 0 0 0 118 1222 0 0 0 0 0 0 0 0 0 0 0 1187 0 0 0 0 0 0 0 0 0 0 0 0 0 0 0 0 0 0 0 0 0 0
ctxt 382
btime 0
processes 15
procs_running 2
procs_blocked 0
           CPU0       
  2:          0             RLX  cascade (0x0)
  8:        263        RLX LOPI  serial (0x20)
 12:        120        RLX LOPI  rtl819x-nic (0x20)
 13:       1223        RLX LOPI  rlx timer (0x620)
 25:       1189            ICTL  rtl819x-timer (0x20)

ER0:          0
ER1:          0
ER2:          0

 SW:          0
 TX:          0
 RX:          0
LNK:          0
ERR:          0
# 