Connecting to host 10.1.1.3, port 5201
[  4] local 10.1.1.2 port 35896 connected to 10.1.1.3 port 5201
[ ID] Interval           Transfer     Bandwidth       Total Datagrams
[  4]   0.00-1.00   sec  2.37 MBytes  19.9 Mbits/sec  1775  
[  4]   1.00-2.00   sec  2.22 MBytes  18.6 Mbits/sec  1662  
[  4]   2.00-3.00   sec  2.38 MBytes  19.9 Mbits/sec  1780  
[  4]   3.00-4.00   sec  2.56 MBytes  21.4 Mbits/sec  1914  
[  4]   4.00-5.00   sec  2.37 MBytes  19.9 Mbits/sec  1774  
[  4]   5.00-6.00   sec  2.31 MBytes  19.4 Mbits/sec  1731  
[  4]   6.00-7.00   sec  2.46 MBytes  20.7 Mbits/sec  1845  
[  4]   7.00-8.00   sec  2.40 MBytes  20.1 Mbits/sec  1799  
[  4]   8.00-9.00   sec  2.29 MBytes  19.2 Mbits/sec  1716  
[  4]   9.00-10.00  sec  2.46 MBytes  20.6 Mbits/sec  1843  
[  4]  10.00-11.00  sec  2.36 MBytes  19.8 Mbits/sec  1764  
[  4]  11.00-12.00  sec  2.42 MBytes  20.3 Mbits/sec  1815  
[  4]  12.00-13.00  sec  2.29 MBytes  19.2 Mbits/sec  1716  
[  4]  13.00-14.00  sec  2.26 MBytes  18.9 Mbits/sec  1692  
[  4]  14.00-15.00  sec  2.56 MBytes  21.4 Mbits/sec  1914  
[  4]  15.00-16.00  sec  2.43 MBytes  20.4 Mbits/sec  1822  
[  4]  16.00-17.00  sec  2.17 MBytes  18.2 Mbits/sec  1623  
[  4]  17.00-18.00  sec  2.56 MBytes  21.5 Mbits/sec  1915  
[  4]  18.00-19.00  sec  2.43 MBytes  20.4 Mbits/sec  1818  
[  4]  19.00-20.00  sec  2.17 MBytes  18.2 Mbits/sec  1622  
[  4]  20.00-21.00  sec  2.56 MBytes  21.5 Mbits/sec  1915  
[  4]  21.00-22.00  sec  2.43 MBytes  20.4 Mbits/sec  1820  
[  4]  22.00-23.00  sec  2.17 MBytes  18.2 Mbits/sec  1622  
[  4]  23.00-24.00  sec  2.55 MBytes  21.4 Mbits/sec  1913  
[  4]  24.00-25.00  sec  2.43 MBytes  20.4 Mbits/sec  1822  
[  4]  25.00-26.00  sec  2.17 MBytes  18.2 Mbits/sec  1623  
[  4]  26.00-27.00  sec  2.54 MBytes  21.3 Mbits/sec  1905  
[  4]  27.00-28.00  sec  2.45 MBytes  20.5 Mbits/sec  1833  
[  4]  28.00-29.00  sec  2.16 MBytes  18.1 Mbits/sec  1618  
[  4]  30.00-69.89  sec  0.00 Bytes  0.00 Mbits/sec  0  
- - - - - - - - - - - - - - - - - - - - - - - - -
[ ID] Interval           Transfer     Bandwidth       Jitter    Lost/Total Datagrams
[  4]   0.00-69.89  sec  71.5 MBytes  8.58 Mbits/sec  0.000 ms  0/53521 (0%)  
[  4] Sent 53521 datagrams
iperf3: interrupt - the client has terminated
