cat /proc/stat ; busybox killall iperf3 ; sleep 1 ; cat /tmp/UR2.log ; cat /pr
oc/rtl819x-nic
cpu  165 0 2307 44351 0 0 10575 0 0
cpu0 165 0 2307 44351 0 0 10575 0 0
intr 297571 0 0 0 0 0 0 0 0 69234 0 0 0 113509 57464 0 0 0 0 0 0 0 0 0 0 0 57364 0 0 0 0 0 0 0 0 0 0 0 0 0 0 0 0 0 0 0 0 0 0
ctxt 13803
btime 0
processes 130
procs_running 2
procs_blocked 0
killall: iperf3: no process killed
-----------------------------------------------------------
Server listening on 5201
-----------------------------------------------------------
Accepted connection from 10.1.1.2, port 41560
[  6] local 10.1.1.3 port 5201 connected to 10.1.1.2 port 35896
[ ID] Interval           Transfer     Bandwidth       Jitter    Lost/Total Datagrams
[  6]   0.00-1.07   sec   265 KBytes  2031 Kbits/sec  435774.020 ms  1060/1254 (85%)  
[  6]   1.07-2.01   sec   379 KBytes  3300 Kbits/sec  2.883 ms  1822/2099 (87%)  
[  6]   2.01-3.01   sec   377 KBytes  3091 Kbits/sec  0.298 ms  1081/1357 (80%)  
[  6]   3.01-4.07   sec   375 KBytes  2895 Kbits/sec  14.538 ms  1634/1908 (86%)  
[  6]   4.07-5.05   sec   345 KBytes  2880 Kbits/sec  4.696 ms  1791/2043 (88%)  
[  6]   5.05-6.19   sec   345 KBytes  2476 Kbits/sec  1.974 ms  1449/1701 (85%)  
[  6]   6.19-7.09   sec   345 KBytes  3136 Kbits/sec  8.005 ms  1590/1842 (86%)  
[  6]   7.09-8.05   sec   345 KBytes  2940 Kbits/sec  2.928 ms  1320/1572 (84%)  
[  6]   8.05-9.18   sec   345 KBytes  2498 Kbits/sec  1.296 ms  1691/1943 (87%)  
[  6]   9.18-10.08  sec   345 KBytes  3136 Kbits/sec  8.486 ms  1595/1847 (86%)  
[  6]  10.08-11.05  sec   377 KBytes  3187 Kbits/sec  2.923 ms  1301/1577 (82%)  
[  6]  11.05-12.05  sec   425 KBytes  3483 Kbits/sec  3.115 ms  1703/2014 (85%)  
[  6]  12.05-13.19  sec   345 KBytes  2476 Kbits/sec  1.867 ms  1452/1704 (85%)  
[  6]  13.19-14.01  sec   379 KBytes  3783 Kbits/sec  0.411 ms  1242/1519 (82%)  
[  6]  14.01-15.15  sec   260 KBytes  1867 Kbits/sec  2.815 ms  1893/2083 (91%)  
[  6]  15.15-16.07  sec   258 KBytes  2301 Kbits/sec  0.902 ms  1389/1578 (88%)  
[  6]  16.07-17.01  sec   357 KBytes  3110 Kbits/sec  7.004 ms  1838/2099 (88%)  
[  6]  17.01-18.12  sec   260 KBytes  1917 Kbits/sec  4.594 ms  1493/1683 (89%)  
[  6]  18.12-19.07  sec   284 KBytes  2452 Kbits/sec  1.069 ms  1366/1574 (87%)  
[  6]  19.07-20.01  sec   362 KBytes  3157 Kbits/sec  0.559 ms  1425/1690 (84%)  
[  6]  20.01-21.13  sec   260 KBytes  1900 Kbits/sec  3.956 ms  1899/2089 (91%)  
[  6]  21.13-22.07  sec   271 KBytes  2359 Kbits/sec  0.825 ms  1379/1577 (87%)  
[  6]  22.07-23.01  sec   343 KBytes  2991 Kbits/sec  0.579 ms  1446/1697 (85%)  
[  6]  23.01-24.15  sec   260 KBytes  1867 Kbits/sec  2.771 ms  1893/2083 (91%)  
[  6]  24.15-25.07  sec   258 KBytes  2301 Kbits/sec  0.716 ms  1389/1578 (88%)  
[  6]  25.07-26.01  sec   369 KBytes  3217 Kbits/sec  6.980 ms  1830/2100 (87%)  
[  6]  26.01-27.15  sec   260 KBytes  1867 Kbits/sec  2.764 ms  1482/1672 (89%)  
[  6]  27.15-28.07  sec   258 KBytes  2301 Kbits/sec  0.821 ms  1396/1585 (88%)  
[  6]  28.07-29.01  sec   343 KBytes  2991 Kbits/sec  0.604 ms  1440/1691 (85%)  
[  6]  29.01-30.05  sec   258 KBytes  2035 Kbits/sec  0.552 ms  1397/1586 (88%)  
- - - - - - - - - - - - - - - - - - - - - - - - -
[ ID] Interval           Transfer     Bandwidth       Jitter    Lost/Total Datagrams
[  6]   0.00-30.05  sec  0.00 Bytes  0.00 Kbits/sec  0.552 ms  45686/52745 (87%)  
[  6]  29.01-30.05  sec   258 KBytes  2035 Kbits/sec  0.552 ms  1397/1586 (88%)  
- - - - - - - - - - - - - - - - - - - - - - - - -
[ ID] Interval           Transfer     Bandwidth       Jitter    Lost/Total Datagrams
[  6]   0.00-30.05  sec  71.5 MBytes  19948 Kbits/sec  0.552 ms  45686/52745 (87%)  
iperf3: the client has terminated
version rtl819x-nic 1.4
unlocked 1
allocated 1
armed 1
engine_on 1
irq_taken 1
irq_rc 0
n_reads 84430
n_writes 46
n_refused 0
n_irq 113512
n_irq_spurious 0
n_tx 76078
n_rx 226482
n_rx_empty 0
n_poll 0
n_poll_masked 0
last_iisr 00003206
seen_iisr 0003320E
nd_alloc 1
nd_registered 1
nd_up 1
nd_name rlx0
n_napi_poll 42064
n_napi_complete 37419
n_xmit 76078
n_xmit_busy 2
tx_mode 0
n_tx_full 2
n_tx_retry 0
tx_retry_max_seen 0
n_tx_recovered 0
n_tx_drop_full 0
n_xmit_ctx 0/76080/0
n_skb_fail 0
n_tx_stop 2
n_tx_wake 0
n_tx_wake_race 0
n_tx_timeout 0
tx_stopped 0
nd_stats rx 226482/226631373 tx 76078/4656978 drop 0/0
boot_icr 00000000
boot_iimr 00000000
boot_iisr 00000000
boot_rpdcr0 00000000
boot_rmdcr0 00000000
boot_tpdcr0 00000000
now_icr C4000000
now_iimr 007E0FFE
now_iisr 00000000
rpdcr0_pos A15C801C
rmdcr0_pos A15C802C
tpdcr0_pos A15C8040
tpdcr1_pos 00000000
tpdcr2_pos 00000000
tpdcr3_pos 00000000
n_arm_flush 0
iimr_base 007E0FFE
iimr_ladder 007E0FFE
recov_mode 1
recov_ms 1000
recov_jiffies 100
n_recov_arm 2
n_recov_fire 2
n_recov_spurious 0
n_recov_ok 2
n_recov_fail 0
n_recov_wake 2
recov_rc 0 0 0
recov_j_arm 12053
recov_j_fire 12153
ph_follow 1
n_ph_chk 226482
n_ph_diff 223706
n_ph_bad 0
n_ph_used 223706
ph_first_w0 A15C8110
ph_first_exp A15C8170
ph_first_nrx 12
ph_agree 2776
ph_last A15C8140
ph_last_j 2
ph_last_bf A15C9292
ph_last_cls 1
tx_rings 1
n_et_link 0
et_link_last FFFFFFFF
ph_test_cls -1
ph_test_j 0
ph_test_seen 0
j_now 27504
n_dsync_chk 42064
n_dsync 41270
dsync_last_d 4
dsync_first_d 4
dsync_first_rp A15C8014
dsync_first_rm A15C8024
dsync_first_nrx 12
dsync_test_d 0
dsync_test_seen 0
rx_ring A15C8000
mb_ring A15C8020
tx_ring A15C8040
bufs A15C8290
rx_ph A15C8050
rx_mb A15C8110
tx_ph A15C81D0
tx_mb A15C8230
idle_ring A15CE290
rx_idx 7
tx_idx 0
rxd0 A15C8051 len 0 f 8063 pl 03
rxd1 A15C8069 len 0 f 8063 pl 03
rxd2 A15C8081 len 0 f 8063 pl 03
rxd3 A15C8099 len 0 f 8063 pl 03
rxd4 A15C80B1 len 0 f 8063 pl 03
rxd5 A15C80C9 len 0 f 8063 pl 03
rxd6 A15C80E1 len 0 f 8063 pl 03
rxd7 A15C80FB len 0 f 8063 pl 03
txd0 A15C81D0 len 64
txd1 A15C81E8 len 64
txd2 A15C8200 len 64
txd3 A15C821A len 64
mbd0 A15C8110 ph A15C8170 ml 70
mbd1 A15C8128 ph A15C8188 ml 71
mbd2 A15C8140 ph A15C81A0 ml 71
mbd3 A15C8159 ph A15C81B8 ml 0
mbd4 A15C8171 ph A15C8110 ml 0
mbd5 A15C8189 ph A15C8128 ml 0
mbd6 A15C81A1 ph A15C8140 ml 0
mbd7 A15C81BA ph A15C8158 ml 70
rx_len 0
rx_ph1 00470411
rx_ph3 80630003
rx_ph4 00090000
# 