Connecting to host 10.1.1.3, port 5201
Reverse mode, remote host 10.1.1.3 is sending
[  4] local 10.1.1.2 port 46418 connected to 10.1.1.3 port 5201
[ ID] Interval           Transfer     Bandwidth       Jitter    Lost/Total Datagrams
[  4]   0.00-1.00   sec  2.22 MBytes  18.7 Mbits/sec  1.346 ms  0/1666 (0%)  
[  4]   1.00-2.00   sec  2.44 MBytes  20.5 Mbits/sec  1.344 ms  0/1826 (0%)  
[  4]   2.00-3.00   sec  2.44 MBytes  20.4 Mbits/sec  1.340 ms  0/1825 (0%)  
[  4]   3.00-4.00   sec  2.44 MBytes  20.4 Mbits/sec  1.296 ms  0/1825 (0%)  
[  4]   4.00-5.00   sec  2.36 MBytes  19.8 Mbits/sec  1.335 ms  0/1769 (0%)  
[  4]   5.00-6.00   sec  2.44 MBytes  20.5 Mbits/sec  1.305 ms  0/1826 (0%)  
[  4]   6.00-7.00   sec  2.39 MBytes  20.0 Mbits/sec  1.292 ms  0/1789 (0%)  
[  4]   7.00-8.00   sec  2.19 MBytes  18.4 Mbits/sec  1.335 ms  0/1643 (0%)  
[  4]   8.00-9.00   sec  2.44 MBytes  20.4 Mbits/sec  1.337 ms  0/1825 (0%)  
[  4]   9.00-10.00  sec  2.44 MBytes  20.4 Mbits/sec  1.330 ms  0/1825 (0%)  
[  4]  10.00-11.00  sec  2.44 MBytes  20.4 Mbits/sec  1.338 ms  0/1825 (0%)  
[  4]  11.00-12.00  sec  2.39 MBytes  20.0 Mbits/sec  1.337 ms  0/1790 (0%)  
[  4]  12.00-13.00  sec  2.19 MBytes  18.4 Mbits/sec  1.341 ms  0/1643 (0%)  
[  4]  13.00-14.00  sec  2.44 MBytes  20.5 Mbits/sec  1.285 ms  0/1827 (0%)  
[  4]  14.00-15.00  sec  2.44 MBytes  20.4 Mbits/sec  1.296 ms  0/1825 (0%)  
[  4]  15.00-16.00  sec  2.44 MBytes  20.5 Mbits/sec  1.290 ms  0/1826 (0%)  
[  4]  16.00-17.00  sec  2.44 MBytes  20.4 Mbits/sec  1.353 ms  0/1825 (0%)  
[  4]  17.00-18.00  sec  2.34 MBytes  19.6 Mbits/sec  1.339 ms  0/1754 (0%)  
[  4]  18.00-19.00  sec  2.44 MBytes  20.5 Mbits/sec  1.338 ms  0/1826 (0%)  
[  4]  19.00-20.00  sec  2.34 MBytes  19.6 Mbits/sec  1.345 ms  0/1753 (0%)  
[  4]  20.00-21.00  sec  2.27 MBytes  19.0 Mbits/sec  1.282 ms  0/1699 (0%)  
[  4]  21.00-22.00  sec  2.44 MBytes  20.4 Mbits/sec  1.336 ms  0/1825 (0%)  
[  4]  22.00-23.00  sec  2.44 MBytes  20.5 Mbits/sec  1.343 ms  0/1827 (0%)  
[  4]  23.00-24.00  sec  2.44 MBytes  20.5 Mbits/sec  1.340 ms  0/1826 (0%)  
[  4]  24.00-25.00  sec  2.27 MBytes  19.0 Mbits/sec  1.352 ms  0/1698 (0%)  
[  4]  25.00-26.00  sec  2.44 MBytes  20.5 Mbits/sec  1.345 ms  0/1826 (0%)  
[  4]  26.00-27.00  sec  2.44 MBytes  20.4 Mbits/sec  1.384 ms  0/1825 (0%)  
[  4]  27.00-28.00  sec  2.19 MBytes  18.4 Mbits/sec  1.300 ms  0/1644 (0%)  
[  4]  28.00-29.00  sec  2.42 MBytes  20.3 Mbits/sec  1.358 ms  0/1812 (0%)  
[  4]  30.00-50.40  sec  5.47 KBytes  0.00 Mbits/sec  1.434 ms  0/4 (0%)  
- - - - - - - - - - - - - - - - - - - - - - - - -
[ ID] Interval           Transfer     Bandwidth       Jitter    Lost/Total Datagrams
[  4]   0.00-50.40  sec  0.00 Bytes  0.00 Mbits/sec  1.434 ms  0/53492 (0%)  
[  4] Sent 53492 datagrams
iperf3: interrupt - the client has terminated
