Connecting to host 10.1.1.3, port 5201
[  4] local 10.1.1.2 port 34043 connected to 10.1.1.3 port 5201
[ ID] Interval           Transfer     Bandwidth       Total Datagrams
[  4]   0.00-1.00   sec  2.15 MBytes  18.0 Mbits/sec  1611  
[  4]   1.00-2.00   sec  2.61 MBytes  21.9 Mbits/sec  1957  
[  4]   2.00-3.00   sec  2.38 MBytes  20.0 Mbits/sec  1783  
[  4]   3.00-4.00   sec  2.19 MBytes  18.4 Mbits/sec  1639  
[  4]   4.00-5.00   sec  2.49 MBytes  20.9 Mbits/sec  1867  
[  4]   5.00-6.00   sec  2.44 MBytes  20.5 Mbits/sec  1827  
[  4]   6.00-7.00   sec  2.21 MBytes  18.5 Mbits/sec  1656  
[  4]   7.00-8.00   sec  2.51 MBytes  21.0 Mbits/sec  1877  
[  4]   8.00-9.00   sec  2.47 MBytes  20.7 Mbits/sec  1850  
[  4]   9.00-10.00  sec  2.16 MBytes  18.1 Mbits/sec  1615  
[  4]  10.00-11.00  sec  2.53 MBytes  21.2 Mbits/sec  1894  
[  4]  11.00-12.00  sec  2.47 MBytes  20.7 Mbits/sec  1848  
[  4]  12.00-13.00  sec  2.17 MBytes  18.2 Mbits/sec  1627  
[  4]  13.00-14.00  sec  2.51 MBytes  21.0 Mbits/sec  1878  
[  4]  14.00-15.00  sec  2.47 MBytes  20.8 Mbits/sec  1853  
[  4]  15.00-16.00  sec  2.16 MBytes  18.1 Mbits/sec  1615  
[  4]  16.00-17.00  sec  2.53 MBytes  21.2 Mbits/sec  1895  
[  4]  17.00-18.00  sec  2.46 MBytes  20.7 Mbits/sec  1846  
[  4]  18.00-19.00  sec  2.16 MBytes  18.1 Mbits/sec  1616  
[  4]  19.00-20.00  sec  2.54 MBytes  21.3 Mbits/sec  1903  
[  4]  20.00-21.00  sec  2.46 MBytes  20.6 Mbits/sec  1839  
[  4]  21.00-22.00  sec  2.16 MBytes  18.1 Mbits/sec  1615  
[  4]  22.00-23.00  sec  2.54 MBytes  21.3 Mbits/sec  1905  
[  4]  23.00-24.00  sec  2.45 MBytes  20.5 Mbits/sec  1834  
[  4]  24.00-25.00  sec  2.16 MBytes  18.1 Mbits/sec  1619  
[  4]  25.00-26.00  sec  2.53 MBytes  21.2 Mbits/sec  1895  
[  4]  26.00-27.00  sec  2.46 MBytes  20.6 Mbits/sec  1843  
[  4]  27.00-28.00  sec  2.16 MBytes  18.1 Mbits/sec  1618  
[  4]  28.00-29.00  sec  2.53 MBytes  21.3 Mbits/sec  1898  
[  4]  30.00-68.88  sec  0.00 Bytes  0.00 Mbits/sec  0  
- - - - - - - - - - - - - - - - - - - - - - - - -
[ ID] Interval           Transfer     Bandwidth       Jitter    Lost/Total Datagrams
[  4]   0.00-68.88  sec  71.5 MBytes  8.71 Mbits/sec  0.000 ms  0/53565 (0%)  
[  4] Sent 53565 datagrams
iperf3: interrupt - the client has terminated
