boot-timeline --retro   tool sha256 a541392a0ffe7216   paths: bench/2026-09-25
A PREDICTION, NOT A RESULT: every capture below was taken for another question (PROGRESS.md P2-1).
corpus: 242 .log; loader boots 25 (cold 12, warm 13, ? 0); kernel boots 20 (vendor 9, rlxfw quiet 8, rlxfw loud 3, rlxfw ? 0, firmware unknown 0); kernel text without rtkload 0
rules: a byte arrived at the LAST .timing row with offset <= its own (FW-35), an upper bound; landmarks and cold/warm as in the tool's header; a cell is n, median (mean of the middle two when n is even), min..max, in seconds

landmarks, each table in its search order (THE SEARCH RULE in the tool's header); a kernel boot is searched with LOADER then its firmware's table;
`=` marks a landmark defined identically in VENDOR and RLXFW; `(?P<at>...)` is the byte a landmark sits on
  LOADER
     booting      Booting\.\.\.[\s\S]{2}(?P<at>[\s\S])
                    the byte after `Booting...\r\n`: anchor C, CLK-15's own
     chipname     chipName: 
                    the loader's `\0chipName: ` (a loud kernel's SPI table prints `chipName    |`, with no colon)
     ramsize      ramSize: 32M
                    C-8 reads the line after it
     banner       ---RealTek\(RTL8196E\)
                    the loader's banner (D1b)
     autoboot     Jump to image start=
                    printed only when no ESC arrived inside the window (LDR-15)
  VENDOR
   = jump         ---Jump to address=|Jump to image start=
                    the loader leaving for the image: a typed `J`, or its own autoboot
   = decomp       decompressing kernel:
                    rtkload, inside the image; the same text in both images
   = decomp_done  done decompressing kernel\.
                    rtkload
   = kentry       start address: 0x[0-9A-Fa-f]{8}
                    rtkload's last line before it enters the kernel
   = wlan         Realtek WLAN driver
                    the WLAN driver's banner: in both kernels, different builds
   = nic          Probing RTL8186 10/100 NIC
                    the NIC driver's probe
   = fastpath     Realtek FastPath:v1\.03
                    the FastPath module
     userinit     init started: BusyBox
                    the vendor's init, BusyBox 1.13.4
     ready        boa: starting server
                    the last line the vendor prints: its web server starting
  RLXFW
   = jump         ---Jump to address=|Jump to image start=
                    the loader leaving for the image: a typed `J`, or its own autoboot
   = decomp       decompressing kernel:
                    rtkload, inside the image; the same text in both images
   = decomp_done  done decompressing kernel\.
                    rtkload
   = kentry       start address: 0x[0-9A-Fa-f]{8}
                    rtkload's last line before it enters the kernel
     b00          RLXFW-B00
                    start_kernel, after page_address_init (config/rlxfw-marks.tsv)
     b09          RLXFW-B09
                    start_kernel, after console_init
   = wlan         Realtek WLAN driver
                    the WLAN driver's banner: in both kernels, different builds
   = nic          Probing RTL8186 10/100 NIC
                    the NIC driver's probe
   = fastpath     Realtek FastPath:v1\.03
                    the FastPath module
     b10          RLXFW-B10
                    init_post, before the branch that reaches userspace
     userinit     rlxfw: init running
                    the first line of rlxfw's /init (config/rlxfw-init.sh)
     ready        job control turned off\r?\n(?:[^\n]*\n){0,8}?(?P<at>#)(?= |\Z)
                    the `#` of the first prompt after the shell's own first line
segments -- interval = t(to) - t(from); absent (`--`) unless both landmarks are in the firmware's table and in the capture
  loader.booting       booting     -> chipname    identical       CLK-15: stage 1 copying out of SPI NOR; the loader table's `booting`
  loader.banner        booting     -> banner      identical       the loader table's `banner` (D1b); D2's positive control
  loader.esc           banner      -> autoboot    identical       LDR-15's ESC window; exists only when the loader autobooted
  rtkload.decompress   decomp      -> decomp_done comparable      scales with the image, whose size this tool does not read (D4)
  rtkload.total        jump        -> kentry      comparable      the loader's jump to rtkload's hand-over
  kernel.early         kentry      -> wlan        comparable      
  kernel.wlan          wlan        -> nic         comparable      the vendor's WLAN init, present in both kernels
  kernel.nic           nic         -> fastpath    comparable      
  kernel.late          fastpath    -> userinit    comparable      holds rlxfw's own 300-jiffy pre-check wait (CLK-27, IRQ-13)
  kernel.total         kentry      -> userinit    comparable      
  user.ready           userinit    -> ready       not-comparable  the vendor runs rcS and its daemons; rlxfw execs a shell
  boot.jump_to_ready   jump        -> ready       not-comparable  TERM-1's J -> ready
  rlxfw.setup          b00         -> b09         not-comparable  rlxfw only: start_kernel from page_address_init to console_init
  rlxfw.initpost       b10         -> userinit    not-comparable  rlxfw only: init_post to /init's first line

(a) LOADER -- the loader table's own rows (anchor C); loader.esc where the loader autobooted
  segment              from -> to               class           cold                             warm                             ?
  loader.booting       booting -> chipname      identical       n=12 0.3559 0.3515..0.3564       n=13 0.3561 0.3556..0.3570       n=0
  loader.banner        booting -> banner        identical       n=12 0.5860 0.5815..0.5865       n=13 0.5960 0.5958..0.5972       n=0
  loader.esc           banner -> autoboot       identical       n=1 5.2388 5.2388..5.2388        n=1 5.2378 5.2378..5.2378        n=0
  identity: the landmark engine's loader.booting equals the loader table's `booting` on 25 of 25 loader boots, loader.banner equals `banner` on 25 of 25

(b) KERNEL SEGMENTS per firmware, variant and cold/warm; rlxfw again per image (RLXFW-ID0), earliest image first
  vendor (one image) -- 9 boot(s): cold 4, warm 5, ? 0
    segment              from -> to               class           cold                             warm                             ?
    rtkload.decompress   decomp -> decomp_done    comparable      n=4 1.0601 1.0600..1.0603        n=5 1.0601 1.0600..1.0603        n=0
    rtkload.total        jump -> kentry           comparable      n=4 1.0736 1.0708..1.0782        n=5 1.0744 1.0720..1.0781        n=0
    kernel.early         kentry -> wlan           comparable      n=4 0.6669 0.6664..0.6671        n=5 0.6667 0.6664..0.6680        n=0
    kernel.wlan          wlan -> nic              comparable      n=4 4.6232 4.6228..4.6236        n=5 4.6226 4.6220..4.6259        n=0
    kernel.nic           nic -> fastpath          comparable      n=4 0.8341 0.8340..0.8344        n=5 0.8343 0.8314..0.8348        n=0
    kernel.late          fastpath -> userinit     comparable      n=4 0.9737 0.9734..0.9739        n=5 0.9741 0.9737..0.9860        n=0
    kernel.total         kentry -> userinit       comparable      n=4 7.0980 7.0973..7.0981        n=5 7.0981 7.0975..7.1097        n=0
    user.ready           userinit -> ready        not-comparable  n=4 18.6849 18.6562..18.8028     n=5 18.6601 17.6779..18.8629     n=0
    boot.jump_to_ready   jump -> ready            not-comparable  n=4 26.8583 26.8281..26.9717     n=5 26.8370 25.8519..27.0352     n=0

  rlxfw quiet (pooled over images) -- 8 boot(s): cold 2, warm 6, ? 0
    segment              from -> to               class           cold                             warm                             ?
    rtkload.decompress   decomp -> decomp_done    comparable      n=2 1.2180 1.2180..1.2180        n=6 1.2176 1.2170..1.2183        n=0
    rtkload.total        jump -> kentry           comparable      n=2 1.2312 1.2291..1.2333        n=6 1.2310 1.2300..1.2323        n=0
    kernel.early         kentry -> wlan           comparable      n=2 0.8220 0.8220..0.8220        n=6 0.8219 0.8213..0.8222        n=0
    kernel.wlan          wlan -> nic              comparable      n=2 4.5974 4.5971..4.5976        n=6 4.5976 4.5971..4.6059        n=0
    kernel.nic           nic -> fastpath          comparable      n=2 0.8603 0.8602..0.8605        n=6 0.8606 0.8515..0.8614        n=0
    kernel.late          fastpath -> userinit     comparable      n=2 3.1658 3.1655..3.1661        n=6 3.1655 3.1654..3.1658        n=0
    kernel.total         kentry -> userinit       comparable      n=2 9.4455 9.4451..9.4459        n=6 9.4457 9.4451..9.4465        n=0
    user.ready           userinit -> ready        not-comparable  n=2 0.1166 0.1161..0.1171        n=6 0.1160 0.1155..0.1163        n=0
    boot.jump_to_ready   jump -> ready            not-comparable  n=2 10.7933 10.7911..10.7956     n=6 10.7928 10.7909..10.7942     n=0
    rlxfw.setup          b00 -> b09               not-comparable  n=2 0.0474 0.0474..0.0474        n=6 0.0472 0.0471..0.0474        n=0
    rlxfw.initpost       b10 -> userinit          not-comparable  n=2 0.0119 0.0116..0.0122        n=6 0.0120 0.0118..0.0127        n=0

  rlxfw loud (pooled over images) -- 3 boot(s): cold 1, warm 2, ? 0
    segment              from -> to               class           cold                             warm                             ?
    rtkload.decompress   decomp -> decomp_done    comparable      n=1 1.2481 1.2481..1.2481        n=2 1.2473 1.2471..1.2475        n=0
    rtkload.total        jump -> kentry           comparable      n=1 1.2606 1.2606..1.2606        n=2 1.2623 1.2617..1.2630        n=0
    kernel.early         kentry -> wlan           comparable      n=1 1.5239 1.5239..1.5239        n=2 1.5249 1.5249..1.5250        n=0
    kernel.wlan          wlan -> nic              comparable      n=1 5.2080 5.2080..5.2080        n=2 5.2070 5.2070..5.2070        n=0
    kernel.nic           nic -> fastpath          comparable      n=1 1.2409 1.2409..1.2409        n=2 1.2410 1.2410..1.2410        n=0
    kernel.late          fastpath -> userinit     comparable      n=1 3.1829 3.1829..3.1829        n=2 3.1834 3.1832..3.1836        n=0
    kernel.total         kentry -> userinit       comparable      n=1 11.1556 11.1556..11.1556     n=2 11.1563 11.1561..11.1566     n=0
    user.ready           userinit -> ready        not-comparable  n=1 0.1182 0.1182..0.1182        n=2 0.1177 0.1175..0.1179        n=0
    boot.jump_to_ready   jump -> ready            not-comparable  n=1 12.5345 12.5345..12.5345     n=2 12.5363 12.5357..12.5369     n=0
    rlxfw.setup          b00 -> b09               not-comparable  n=1 0.2937 0.2937..0.2937        n=2 0.2781 0.2777..0.2785        n=0
    rlxfw.initpost       b10 -> userinit          not-comparable  n=1 0.0117 0.0117..0.0117        n=2 0.0123 0.0122..0.0124        n=0

  rlxfw quiet, per image, earliest first:
    id0=A2C56BC8  first 2026-09-25/P1Q-r01-boot -- 8 boot(s): cold 2, warm 6, ? 0
      segment              from -> to               class           cold                             warm                             ?
      rtkload.decompress   decomp -> decomp_done    comparable      n=2 1.2180 1.2180..1.2180        n=6 1.2176 1.2170..1.2183        n=0
      rtkload.total        jump -> kentry           comparable      n=2 1.2312 1.2291..1.2333        n=6 1.2310 1.2300..1.2323        n=0
      kernel.early         kentry -> wlan           comparable      n=2 0.8220 0.8220..0.8220        n=6 0.8219 0.8213..0.8222        n=0
      kernel.wlan          wlan -> nic              comparable      n=2 4.5974 4.5971..4.5976        n=6 4.5976 4.5971..4.6059        n=0
      kernel.nic           nic -> fastpath          comparable      n=2 0.8603 0.8602..0.8605        n=6 0.8606 0.8515..0.8614        n=0
      kernel.late          fastpath -> userinit     comparable      n=2 3.1658 3.1655..3.1661        n=6 3.1655 3.1654..3.1658        n=0
      kernel.total         kentry -> userinit       comparable      n=2 9.4455 9.4451..9.4459        n=6 9.4457 9.4451..9.4465        n=0
      user.ready           userinit -> ready        not-comparable  n=2 0.1166 0.1161..0.1171        n=6 0.1160 0.1155..0.1163        n=0
      boot.jump_to_ready   jump -> ready            not-comparable  n=2 10.7933 10.7911..10.7956     n=6 10.7928 10.7909..10.7942     n=0
      rlxfw.setup          b00 -> b09               not-comparable  n=2 0.0474 0.0474..0.0474        n=6 0.0472 0.0471..0.0474        n=0
      rlxfw.initpost       b10 -> userinit          not-comparable  n=2 0.0119 0.0116..0.0122        n=6 0.0120 0.0118..0.0127        n=0

  rlxfw loud, per image, earliest first:
    id0=A2C56BC8  first 2026-09-25/P1L-r01-boot -- 3 boot(s): cold 1, warm 2, ? 0
      segment              from -> to               class           cold                             warm                             ?
      rtkload.decompress   decomp -> decomp_done    comparable      n=1 1.2481 1.2481..1.2481        n=2 1.2473 1.2471..1.2475        n=0
      rtkload.total        jump -> kentry           comparable      n=1 1.2606 1.2606..1.2606        n=2 1.2623 1.2617..1.2630        n=0
      kernel.early         kentry -> wlan           comparable      n=1 1.5239 1.5239..1.5239        n=2 1.5249 1.5249..1.5250        n=0
      kernel.wlan          wlan -> nic              comparable      n=1 5.2080 5.2080..5.2080        n=2 5.2070 5.2070..5.2070        n=0
      kernel.nic           nic -> fastpath          comparable      n=1 1.2409 1.2409..1.2409        n=2 1.2410 1.2410..1.2410        n=0
      kernel.late          fastpath -> userinit     comparable      n=1 3.1829 3.1829..3.1829        n=2 3.1834 3.1832..3.1836        n=0
      kernel.total         kentry -> userinit       comparable      n=1 11.1556 11.1556..11.1556     n=2 11.1563 11.1561..11.1566     n=0
      user.ready           userinit -> ready        not-comparable  n=1 0.1182 0.1182..0.1182        n=2 0.1177 0.1175..0.1179        n=0
      boot.jump_to_ready   jump -> ready            not-comparable  n=1 12.5345 12.5345..12.5345     n=2 12.5363 12.5357..12.5369     n=0
      rlxfw.setup          b00 -> b09               not-comparable  n=1 0.2937 0.2937..0.2937        n=2 0.2781 0.2777..0.2785        n=0
      rlxfw.initpost       b10 -> userinit          not-comparable  n=1 0.0117 0.0117..0.0117        n=2 0.0123 0.0122..0.0124        n=0

(c) NAMED
  reports of this tool, excluded as captures (REPORT_HEAD): 0
  kernel boots that contributed nothing: 0
  fragments -- a landmark of the firmware's own table is absent: 0
  class `?`: 0
  kernel text without rtkload's `decompressing kernel:` (not a boot this tool can time): 0

(d) TERM-1 -- the silences a boot cell's terminator must outlast
  longest silence = the largest gap between consecutive .timing rows, from the boot's first landmark to `ready`;
  p90 is nearest-rank; `max` names the capture that holds it (the first in path order on a tie)
  echo -> jump on the 18 J-path boots whose log opens on the echo: max 0.000000 s -- what starting at the boot's first landmark instead of the echo moves
  kernel boots
  vendor                       longest silence   n=9    median   4.5326   p90   5.2198   max   5.2198   bench/2026-09-25/M1-BOOT.log
  vendor                       jump -> ready     n=9    median  26.8370   p90  27.0352   max  27.0352   bench/2026-09-25/V5-BOOT.log
  rlxfw quiet                  longest silence   n=8    median   4.5802   p90   4.5813   max   4.5813   bench/2026-09-25/P1Q-r01-boot.log
  rlxfw quiet                  jump -> ready     n=8    median  10.7928   p90  10.7956   max  10.7956   bench/2026-09-25/P2Q-r01-boot.log
  rlxfw loud                   longest silence   n=3    median   3.0021   p90   3.0025   max   3.0025   bench/2026-09-25/P1L-r02-boot.log
  rlxfw loud                   jump -> ready     n=3    median  12.5357   p90  12.5369   max  12.5369   bench/2026-09-25/P1L-r03-boot.log
  rlxfw quiet id0=A2C56BC8     longest silence   n=8    median   4.5802   p90   4.5813   max   4.5813   bench/2026-09-25/P1Q-r01-boot.log
  rlxfw quiet id0=A2C56BC8     jump -> ready     n=8    median  10.7928   p90  10.7956   max  10.7956   bench/2026-09-25/P2Q-r01-boot.log
  rlxfw loud id0=A2C56BC8      longest silence   n=3    median   3.0021   p90   3.0025   max   3.0025   bench/2026-09-25/P1L-r02-boot.log
  rlxfw loud id0=A2C56BC8      jump -> ready     n=3    median  12.5357   p90  12.5369   max  12.5369   bench/2026-09-25/P1L-r03-boot.log
  loader resets -- sent `J BFC00000` or `busybox reboot -f`, `Booting...` after the echo, then `<RealTek>`; send -> prompt
  J BFC00000                   longest silence   n=4    median   1.6101   p90   1.6105   max   1.6105   bench/2026-09-25/V7-WZ.log
  J BFC00000                   send -> prompt    n=4    median   2.3048   p90   2.3054   max   2.3054   bench/2026-09-25/V6-WZ.log
  busybox reboot -f            longest silence   n=8    median   1.6099   p90   1.6106   max   1.6106   bench/2026-09-25/P1Q-r02-rz.log
  busybox reboot -f            send -> prompt    n=8    median   2.3503   p90   2.3553   max   2.3553   bench/2026-09-25/P1-RZ.log
  the send is `sent_s` on 12 and the first byte of the echo on 0; 1 sent a reset command and hold no reset and prompt after it (not in the population); 0 could not be timed

(e) PER-SEATING SCALE -- does a directory's loader `booting` median move with the same image's kernel segments?
  A common factor here can be the host's monotonic rate or the device's timebase; this data cannot separate them.
  H-prop (one rate factor per seating) predicts slope ~1 for every segment; refuted for a segment whose 95 % interval holds 0.
  H-add (USB latency, ms per read) predicts slope ~0 for a segment of >= 1 s; refuted for one whose interval excludes 0.
  ratio = the directory's median / the image's median of its per-directory medians; a segment's fit re-normalises both sides over the directories that hold it.
  the pairs are not independent (an image in two directories gives two points mirrored about 1): the interval is indicative.
  fit over every (image, directory) pair: ln(segment ratio) on ln(loader ratio), least squares with an intercept
    segment              from -> to                typical  pairs   slope      95 % interval       r  H-prop   H-add
  fit without id0=none, which pools several builds and is not one image: ln(segment ratio) on ln(loader ratio), least squares with an intercept
    segment              from -> to                typical  pairs   slope      95 % interval       r  H-prop   H-add
    no image occurs in two directories that also hold loader boots: nothing to fit

