rx 46/3076 tx 51/4166 drop 0/0
boot_icr 00000000
boot_iimr 00000000
boot_iisr 80000000
boot_rpdcr0 00000000
boot_rmdcr0 00000000
boot_tpdcr0 00000000
now_icr C4000000
now_iimr 007E0FFE
now_iisr 00000000
rpdcr0_pos A15B8018
rmdcr0_pos A15B8038
tpdcr0_pos A15B804C
n_arm_flush 0
n_dsync_chk 45
n_dsync 0
dsync_last_d 0
dsync_first_d 0
dsync_first_rp 00000000
dsync_first_rm 00000000
dsync_first_nrx 0
dsync_test_d 0
dsync_test_seen 0
rx_ring A15B8000
mb_ring A15B8020
tx_ring A15B8040
bufs A15B8290
rx_idx 6
tx_idx 3
rxd0 A15B8051 len 0 f 8063 pl 03
rxd1 A15B8069 len 0 f 8063 pl 03
rxd2 A15B8081 len 0 f 8063 pl 03
rxd3 A15B8099 len 0 f 8063 pl 03
rxd4 A15B80B1 len 0 f 8063 pl 03
rxd5 A15B80C9 len 0 f 8063 pl 03
rxd6 A15B80E1 len 0 f 8063 pl 03
rxd7 A15B80FB len 0 f 8063 pl 03
txd0 A15B81D1 len 64
txd1 A15B81E9 len 64
txd2 A15B8201 len 64
txd3 A15B821B len 64
rx_len 0
rx_ph1 00400C19
rx_ph3 80630003
rx_ph4 00090000
# iperf3 -c 10.1.1.2 -p 5201 -t 10 -i 1 -f m -u -l 1400 -R -b 2M
cat /proc/rtl819x-nic
