^[^[^[[  914.380000] Virtual device rlx0 asks to queue packet!
^[^[^[^[^[^[^[^[^[^[^[^[^[^[^[^[^[^[^[^[^[^[^[^[^[^[^[^[^[^[^[^[^[^[^[^[^[^[^[^[^[^[^[^[^[^[^[^[^[^[^[[  915.450000] Virtual device rlx0 asks to queue packet!
^[^[^[^[^[^[^[^[^[^[^[^[^[^[^[^[^[^[^[^[^[^[^[^[^[^[^[^[^[^[^[^[^[^[^[^[^[^[^[^[^[^[^[^[^[^[^[^[^[^[^[^[^[^[^[^[^[^[^[^[^[^[^[^[^[^[^[^[^[^[^[^[^[^[^[^[^[^[^[^[^[^[^[^[^[^[^[^[^[^[^[^[^[^[^[^[^[^[^[^[^[^[^[^[^[^[^[^[^[^[^[^[^[^[^[^[^[^[^[^[^[^[^[^[^[^[^[^[^[^[^[^[^[^[^[^[^[^[^[^[^[^[^[^[^[^[^[^[^[^[^[^[^[^[^[^[^[^[^[^[^[^[^[^[^[^[^[^[^[^[^[^[^[^[^[^[^[^[^[^[^[^[^[^[^[^[^[^[^[^[^[^[^[^[^[^[^[^[^[^[^[^[^[^[^[^[^[^[^[^[^[^[^[^[^[^[^[^[^[^[^[^[^[^[^[^[^[[  920.290000] Virtual device rlx0 asks to queue packet!
^[^[^[^[^[^[^[^[^[^[^[^[^[^[^[^[^[^[^[^[^[^[^[^[^[^[^[^[^[^[^[^[^[^[^[^[^[^[^[^[^[^[^[^[^[^[^[^[^[^[^[[  921.350000] Virtual device rlx0 asks to queue packet!
^[^[^[^[^[^[^[^[^[^[^[^[^[^[^[^[^[^[^[^[^[^[^[^[^[^[^[^[^[^[^[^[^[^[^[^[^[^[^[^[^[^[^[^[^[^[^[^[^[^[^[[  922.420000] Virtual device rlx0 asks to queue packet!
^[^[^[^[^[^[^[^[^[^[^[^[^[^[^[^[^[^[^[^[^[^[^[^[^[^[^[^[^[^[^[^[^[^[^[^[^[^[^[^[^[^[^[^[^[^[^[^[^[^[^[^[^[^[^[^[^[^[^[^[^[^[^[^[^[^[^[^[^[^[^[^[^[^[^[^[^[^[^[^[^[^[^[^[^[^[^[^[^[^[^[^[^[^[^[^[^[^[^[^[^[^[^[^[^[^[^[^[^[^[^[^[^[^[^[^[^[^[^[^[^[^[^[^[^[^[^[^[^[^[^[^[^[^[^[^[^[^[^[^[^[^[^[^[^[^[^[^[^[^[^[^[^[^[^[^[^[^[^[^[^[^[^[^[^[^[^[^[^[^[^[^[^[^[^[^[^[^[^[^[^[^[^[^[^[^[^[^[^[^[^[^[^[^[^[^[^[^[^[^[^[^[^[^[^[^[^[^[^[^[^[^[^[^[^[^[^[^[^[^[^[^[^[^[^[^[^[[  927.290000] Virtual device rlx0 asks to queue packet!
^[^[^[^[^[^[^[^[^[^[^[^[^[^[^[^[^[^[^[^[^[^[^[^[^[^[^[^[^[^[^[^[^[^[^[^[^[^[^[^[^[^[^[^[^[^[^[^[^[^[^[  928.360000] Virtual device rlx0 asks to queue packet!
[^[^[^[^[^[^[^[^[^[^[^[^[^[^[^[^[^[^[^[^[^[^[^[^[^[^[^[^[^[^[^[^[^[^[^[^[^[^[^[^[^[^[^[^[^[^[^[^[^[^[[  929.420000] Virtual device rlx0 asks to queue packet!
^[^[^[^[^[^[^[^[^[^[^[^[^[^[^[^[^[^[^[^[^[^[^[^[^[^[^[^[^[^[^[^[^[^[^[^[^[^[^[^[^[^[^[^[^[^[^[^[^[^[^[^[^[^[^[^[^[^[^[^[^[^[^[^[^[^[^[^[^[^[^[^[^[^[^[^[^[^[^[^[^[^[^[^[^[^[^[^[^[^[^[^[^[^[^[^[^[^[^[^[^[^[^[^[^[^[^[^[^[^[^[^[^[^[^[^[^[^[^[^[^[^[^[^[^[^[^[^[^[^[^[^[^[^[^[^[^[^[^[^[^[^[^[^[^[^[^[^[^[^[^[^[^[^[^[^[^[^[^[^[^[^[^[^[^[^[^[^[^[^[^[^[^[^[^[^[^[^[^[^[^[^[^[^[^[^[^[^[^[^[^[^[^[^[^[^[^[^[^[^[^[^[^[^[^[^[^[^[^[^[^[^[^[^[^[^[^[^[^[^[^[^[^[^[^[^[^[^[[  934.250000] Virtual device rlx0 asks to queue packet!
^[^[^[^[^[^[^[^[^[^[^[^[^[^[^[^[^[^[^[^[^[^[^[^[^[^[^[^[^[^[^[^[^[^[^[^[^[^[^[^[^[^[^[^[^[^[^[^[^[^[[  935.320000] Virtual device rlx0 asks to queue packet!
^[^[^[^[^[^[^[^[^[^[^[^[^[^[^[^[^[^[^[^[^[^[^[^[^[^[^[^[^[^[^[^[^[^[^[^[^[^[^[^[^[^[^[^[^[^[^[^[^[^[^[[  936.380000] Virtual device rlx0 asks to queue packet!
^[^[^[^[^[^[^[^[^[^[^[^[^[^[^[^[^[^[^[^[^[^[^[^[^[^[^[^[^[^[^[^[^[^[^[^[^[^[^[^[^[^[^[^[^[^[^[^[^[^[^[^[^[^[^[^[^[^[^[^[^[^[^[^[^[^[^[^[^[^[^[^[^[^[^[^[^[^[^[^[^[^[^[^[^[^[^[^[^[^[^[^[^[^[^[^[^[^[^[^[^[^[^[^[^[^[^[^[^[^[^[^[^[^[^[^[^[^[^[^[^[^[^[^[^[^[^[^[^[^[^[^[^[^[^[^[^[^[^[^[^[^[^[^[^[^[^[^[^[^[^[^[^[^[^[^[^[^[^[^[^[^[^[^[^[^[^[^[^[^[^[^[^[^[^[^[^[^[^[^[^[^[^[^[^[^[^[^[^[^[^[^[^[^[^[^[^[^[^[^[^[^[^[^[^[^[^[^[^[^[^[^[^[^[^[^[^[^[^[^[^[^[^[^[^[^[^[[  941.200000] Virtual device rlx0 asks to queue packet!
^[^[^[^[^[^[^[^[^[^[^[^[^[^[^[^[^[^[^[^[^[^[^[^[^[^[^[^[^[^[^[^[^[^[^[^[^[^[^[^[^[^[^[^[^[^[^[^[^[^[^[[  942.260000] Virtual device rlx0 asks to queue packet!
^[^[^[^[^[^[^[^[^[^[^[^[^[^[^[^[^[^[^[^[^[^[^[^[^[^[^[^[^[^[^[^[^[^[^[^[^[^[^[^[^[^[^[^[^[^[^[^[^[^[[  943.320000] Virtual device rlx0 asks to queue packet!
^[^[^[^[^[^[^[^[^[^[^[^[^[^[^[^[^[^[^[^[^[^[^[^[^[^[^[^[^[^[^[^[^[^[^[^[^[^[^[^[^[^[^[^[^[^[^[^[^[^[^[^[^[^[^[^[^[^[^[^[^[^[^[^[^[^[^[^[^[^[^[^[^[^[^[^[^[^[^[^[^[^[^[^[^[^[^[^[^[^[^[^[^[^[^[^[^[^[^[^[^[^[^[^[^[^[^[^[^[^[^[^[^[^[^[^[^[^[^[^[^[^[^[^[^[^[^[^[^[^[^[^[^[^[^[^[^[^[^[^[^[^[^[^[^[^[^[^[^[^[^[^[^[^[^[^[^[^[^[^[^[^[^[^[^[^[^[^[^[^[^[^[^[^[^[^[^[^[^[^[^[^[^[^[^[^[^[^[^[^[^[^[^[^[^[^[^[^[^[^[^[^[^[^[^[^[^[^[^[^[^[^[^[^[^[^[^[^[^[^[^[^[^[^[^[^[^[^[[  948.130000] Virtual device rlx0 asks to queue packet!
^[^[^[^[^[^[^[^[^[^[^[^[^[^[^[^[^[^[^[^[^[^[^[^[^[^[^[^[^[^[^[^[^[^[^[^[^[^[^[^[^[^[^[^[^[^[^[^[^[^[^[[  949.190000] Virtual device rlx0 asks to queue packet!
^[^[^[^[^[^[^[^[^[^[^[^[^[^[^[^[^[^[^[^[^[^[^[^[^[^[^[^[^[^[^[^[^[^[^[^[^[^[^[^[^[^[^[^[^[^[^[^[^[^[[  950.250000] Virtual device rlx0 asks to queue packet!
^[^[^[^[^[^[^[^[^[^[^[^[^[^[^[^[^[^[^[^[^[^[^[^[^[^[^[^[^[^[^[^[^[^[^[^[^[^[^[^[^[^[^[^[^[^[^[^[^[^[^[^[^[^[^[^[^[^[^[^[^[^[^[^[^[^[^[^[^[^[^[^[^[^[^[^[^[^[^[^[^[^[^[^[^[^[^[^[^[^[^[^[^[^[^[^[^[^[^[^[^[^[^[^[^[^[^[^[^[^[^[^[^[^[^[^[^[^[^[^[^[^[^[^[^[^[^[^[^[^[^[^[^[^[^[^[^[^[^[^[^[^[^[^[^[^[^[^[^[^[^[^[^[^[^[^[^[^[^[^[^[^[^[^[^[^[^[^[^[^[^[^[^[^[^[^[^[^[^[^[^[^[^[^[^[^[^[^[^[^[^[^[^[^[^[^[^[^[^[^[^[^[^[^[^[^[^[^[^[^[^[^[^[^[^[^[^[^[^[^[^[^[^[^[^[^[^[^[[  955.070000] Virtual device rlx0 asks to queue packet!
^[^[^[^[^[^[^[^[^[^[^[^[^[^[^[^[^[^[^[^[^[^[^[^[^[^[^[^[^[^[^[^[^[^[^[^[^[^[^[^[^[^[^[^[^[^[^[^[^[^[[  956.140000] Virtual device rlx0 asks to queue packet!
^[^[^[^[^[^[^[^[^[^[^[^[^[^[^[^[^[^[^[^[^[^[^[^[^[^[^[^[^[^[^[^[^[^[^[^[^[^[^[^[^[^[^[^[^[^[^[^[^[^[^[[  957.210000] Virtual device rlx0 asks to queue packet!
^[^[^[^[^[^[^[^[^[^[^[^[^[^[^[^[^[^[^[^[^[^[^[^[^[^[^[^[^[^[^[^[^[^[^[^[^[^[^[^[^[^[^[^[^[^[^[^[^[^[^[^[^[^[^[^[^[^[^[^[^[^[^[^[^[^[^[^[^[^[^[^[^[^[^[^[^[^[^[^[^[^[^[^[^[^[^[^[^[^[^[^[^[^[^[^[^[^[^[^[^[^[^[^[^[^[^[^[^[^[^[^[^[^[^[^[^[^[^[^[^[^[^[^[^[^[^[^[^[^[^[^[^[^[^[^[^[^[^[^[^[^[^[^[^[^[^[^[^[^[^[^[^[^[^[^[^[^[^[^[^[^[^[^[^[^[^[^[^[^[^[^[^[^[^[^[^[^[^[^[^[^[^[^[^[^[^[^[^[^[^[^[^[^[^[^[^[^[^[^[^[^[^[^[^[^[^[^[^[^[^[^[^[^[^[^[^[^[^[^[^[^[^[^[^[^[^[[  962.070000] Virtual device rlx0 asks to queue packet!
^[^[^[^[^[^[^[^[^[^[^[^[^[^[^[^[^[^[^[^[^[^[^[^[^[^[^[^[^[^[^[^[^[^[^[^[^[^[^[^[^[^[^[^[^[^[^[^[^[^[^[[  963.140000] Virtual device rlx0 asks to queue packet!
^[^[[  963.170000] Virtual device rlx0 asks to queue packet!
^[^[^[^[^[^[^[^[^[^[^[^[^[^[^[^[^[^[^[^[^[^[^[^[^[^[^[^[^[^[^[^[^[^[^[^[^[^[^[^[^[^[^[^[^[^[^[^[[  964.190000] Virtual device rlx0 asks to queue packet!
^[^[^[^[^[^[^[^[^[^[^[^[^[^[^[^[^[^[^[^[^[^[^[^[^[^[^[^[^[^[^[^[^[^[^[^[^[^[^[^[^[^[^[^[^[^[^[^[^[^[^[^[^[^[^[^[^[^[^[^[^[^[^[^[^[^[^[^[^[^[^[^[^[^[^[^[^[^[^[^[^[^[^[^[^[^[^[^[^[^[^[^[^[^[^[^[^[^[^[^[^[^[^[^[^[^[^[^[^[^[^[^[^[^[^[^[^[^[^[^[^[^[^[^[^[^[^[^[^[^[^[^[^[^[^[^[^[^[^[^[^[^[^[^[^[^[^[^[^[^[^[^[^[^[^[^[^[^[^[^[^[^[^[^[^[^[^[^[^[^[^[^[^[^[^[^[^[^[^[^[^[^[^[^[^[^[^[^[^[^[^[^[^[^[^[^[^[^[^[^[^[^[^[^[^[^[^[^[^[^[^[^[^[^[^[^[^[^[^[^[^[^[^[^[^[^[^[^[[  969.020000] Virtual device rlx0 asks to queue packet!
^[^[^[^[^[^[^[^[^[^[^[^[^[^[^[^[^[^[^[^[^[^[^[^[^[^[^[^[^[^[^[^[^[^[^[^[^[^[^[^[^[^[^[^[^[^[^[^[^[^[[  970.080000] Virtual device rlx0 asks to queue packet!
^[^[^[^[^[^[^[^[^[^[^[^[^[^[^[^[^[^[^[^[^[^[^[^[^[^[^[^[^[^[^[^[^[^[^[^[^[^[^[^[^[^[^[^[^[^[^[^[^[^[^[[  971.140000] Virtual device rlx0 asks to queue packet!
^[^[^[^[^[^[^[^[^[^[^[^[^[^[^[^[^[^[^[^[^[^[^[^[^[^[^[^[^[^[^[^[^[^[^[^[^[^[^[^[^[^[^[^[^[^[^[^[^[^[^[^[^[^[^[^[^[^[^[^[^[^[^[^[^[^[^[^[^[^[^[^[^[^[^[^[^[^[^[^[^[^[^[^[^[^[^[^[^[^[^[^[^[^[^[^[^[^[^[^[^[^[^[^[^[^[^[^[^[^[^[^[^[^[^[^[^[^[^[^[^[^[^[^[^[^[^[^[^[^[^[^[^[^[^[^[^[^[^[^[^[^[^[^[^[^[^[^[^[^[^[^[^[^[^[^[^[^[^[^[^[^[^[^[^[^[^[^[^[^[^[^[^[^[^[^[^[^[^[^[^[^[^[^[^[^[^[^[^[^[^[^[^[^[^[^[^[^[^[^[^[^[^[^[^[^[^[^[^[^[^[^[^[^[^[^[^[^[^[^[^[^[^[^[^[^[^[^[[  975.970000] Virtual device rlx0 asks to queue packet!
^[^[^[^[^[^[^[^[^[^[^[^[^[^[^[^[^[^[^[^[^[^[^[^[^[^[^[^[^[^[^[^[^[^[^[^[^[^[^[^[^[^[^[^[^[^[^[^[^[^[[  977.030000] Virtual device rlx0 asks to queue packet!
^[^[^[^[^[^[^[^[^[^[^[^[^[^[^[^[^[^[^[^[^[^[^[^[^[^[^[^[^[^[^[^[^[^[^[^[^[^[^[^[^[^[^[^[^[^[^[^[^[^[^[[  978.080000] Virtual device rlx0 asks to queue packet!
^[^[^[^[^[^[^[^[^[^[^[^[^[^[^[^[^[^[^[^[^[^[^[^[^[^[^[^[^[^[^[^[^[^[^[^[^[^[^[^[^[^[^[^[^[^[^[^[^[^[^[^[^[^[^[^[^[^[^[^[^[^[^[^[^[^[^[^[^[^[^[^[^[^[^[^[^[^[^[^[^[^[^[^[^[^[^[^[^[^[^[^[^[^[^[^[^[^[^[^[^[^[^[^[^[^[^[^[^[^[^[^[^[^[^[^[^[^[^[^[^[^[^[^[^[^[^[^[^[^[^[^[^[^[^[^[^[^[^[^[^[^[^[^[^[^[^[^[^[^[^[^[^[^[^[^[^[^[^[^[^[^[^[^[^[^[^[^[^[^[^[^[^[^[^[^[^[^[^[^[^[^[^[^[^[^[^[^[^[^[^[^[^[^[^[^[^[^[^[^[^[^[^[^[^[^[^[^[^[^[^[^[^[^[^[^[^[^[^[^[^[^[^[^[^[^[^[[  982.900000] Virtual device rlx0 asks to queue packet!
^[^[^[^[^[^[^[^[^[^[^[^[^[^[^[^[^[^[^[^[^[^[^[^[^[^[^[^[^[^[^[^[^[^[^[^[^[^[^[^[^[^[^[^[^[^[^[^[^[[  983.960000] Virtual device rlx0 asks to queue packet!
^[^[^[^[^[^[^[^[^[^[^[^[^[^[^[^[^[^[^[^[^[^[^[^[^[^[^[^[^[^[^[^[^[^[^[^[^[^[^[^[^[^[^[^[^[^[^[^[^[^[[  985.020000] Virtual device rlx0 asks to queue packet!
^[^[^[^[^[^[^[^[^[^[^[^[^[^[^[^[^[^[^[^[^[^[^[^[^[^[^[^[^[^[^[^[^[^[^[^[^[^[^[^[^[^[^[^[^[^[^[^[^[^[^[^[^[^[^[^[^[^[^[^[^[^[^[^[^[^[^[^[^[^[^[^[^[^[^[^[^[^[^[^[^[^[^[^[^[^[^[^[^[^[^[^[^[^[^[^[^[^[^[^[^[^[^[^[^[^[^[^[^[^[^[^[^[^[^[^[^[^[^[^[^[^[^[^[^[^[^[^[^[^[^[^[^[^[^[^[^[^[^[^[^[^[^[^[^[^[^[^[^[^[^[^[^[^[^[^[^[^[^[^[^[^[^[^[^[^[^[^[^[^[^[^[^[^[^[^[^[^[^[^[^[^[^[^[^[^[^[^[^[^[^[^[^[^[^[^[^[^[^[^[^[^[^[^[^[^[^[^[^[^[^[^[^[^[^[^[^[^[^[^[^[^[^[^[^[^[^[^[[  989.850000] Virtual device rlx0 asks to queue packet!
^[^[^[^[^[^[^[^[^[^[^[^[^[^[^[^[^[^[^[^[^[^[^[^[^[^[^[^[^[^[^[^[^[^[^[^[^[^[^[^[^[^[^[^[^[^[^[^[^[^[[  990.920000] Virtual device rlx0 asks to queue packet!
^[^[^[^[^[^[^[^[^[^[^[^[^[^[^[^[^[^[^[^[^[^[^[^[^[^[^[^[^[^[^[^[