mdpage 1.1 rows: 量 (refutes) 0 r0 1100 r1 78C9 r2 001C r3 C880; 1 r2 001C r3 C880; 2,4 r2 001C; 3 r0 1100 r1 bits 2,5 r2 001C; 5-31 r0 r2 0000 -- 推 (a reading) 1,2,4 r0 1100 r1 78C9; 0,1,2,4 r5 0001 and 3 r5 nonzero bit 0 (loader reads, E12e and X4); 2,3,4 r3 C880 (NET-06); 5-31 r1 r3 r4 r5 0000 (NET-08); r4 any at 0-4; hi 0000 a reading
row a00 1100 78C9 001C C880 0DE1 0001 hi 0000 psrp 000000E0 n 1 量 as predicted; 推 as inferred
row a01 1100 78C9 001C C880 0DE1 0001 hi 0000 psrp 000000E0 n 1 量 as predicted; 推 as inferred
row a02 1100 78C9 001C C880 0DE1 0001 hi 0000 psrp 000000E0 n 1 量 as predicted; 推 as inferred
row a03 1100 78ED 001C C880 0DE1 CDE1 hi 0000 psrp 000000F9 n 1 量 as predicted; 推 as inferred
row a04 1100 78C9 001C C880 0DE1 0001 hi 0000 psrp 000000E0 n 1 量 as predicted; 推 as inferred
row a05 0000 0000 0000 0000 0000 0000 hi 0000 psrp 00000000 n 1 量 as predicted; 推 as inferred
row a06 0000 0000 0000 0000 0000 0000 hi 0000 psrp 00000000 n 1 量 as predicted; 推 as inferred
row a07 0000 0000 0000 0000 0000 0000 hi 0000 psrp 00000000 n 1 量 as predicted; 推 as inferred
row a08 0000 0000 0000 0000 0000 0000 hi 0000 psrp 00000000 n 1 量 as predicted; 推 as inferred
row a09 0000 0000 0000 0000 0000 0000 hi 0000 psrp 00000000 n 1 量 as predicted; 推 as inferred
row a10 0000 0000 0000 0000 0000 0000 hi 0000 psrp 00000000 n 1 量 as predicted; 推 as inferred
row a11 0000 0000 0000 0000 0000 0000 hi 0000 psrp 00000000 n 1 量 as predicted; 推 as inferred
row a12 0000 0000 0000 0000 0000 0000 hi 0000 psrp 00000000 n 1 量 as predicted; 推 as inferred
row a13 0000 0000 0000 0000 0000 0000 hi 0000 psrp 00000000 n 1 量 as predicted; 推 as inferred
row a14 0000 0000 0000 0000 0000 0000 hi 0000 psrp 00000000 n 1 量 as predicted; 推 as inferred
row a15 0000 0000 0000 0000 0000 0000 hi 0000 psrp 00000000 n 1 量 as predicted; 推 as inferred
row a16 0000 0000 0000 0000 0000 0000 hi 0000 psrp 00000000 n 1 量 as predicted; 推 as inferred
row a17 0000 0000 0000 0000 0000 0000 hi 0000 psrp 00000000 n 1 量 as predicted; 推 as inferred
row a18 0000 0000 0000 0000 0000 0000 hi 0000 psrp 00000000 n 1 量 as predicted; 推 as inferred
row a19 0000 0000 0000 0000 0000 0000 hi 0000 psrp 00000000 n 1 量 as predicted; 推 as inferred
row a20 0000 0000 0000 0000 0000 0000 hi 0000 psrp 00000000 n 1 量 as predicted; 推 as inferred
row a21 0000 0000 0000 0000 0000 0000 hi 0000 psrp 00000000 n 1 量 as predicted; 推 as inferred
row a22 0000 0000 0000 0000 0000 0000 hi 0000 psrp 00000000 n 1 量 as predicted; 推 as inferred
row a23 0000 0000 0000 0000 0000 0000 hi 0000 psrp 00000000 n 1 量 as predicted; 推 as inferred
row a24 0000 0000 0000 0000 0000 0000 hi 0000 psrp 00000000 n 1 量 as predicted; 推 as inferred
row a25 0000 0000 0000 0000 0000 0000 hi 0000 psrp 00000000 n 1 量 as predicted; 推 as inferred
row a26 0000 0000 0000 0000 0000 0000 hi 0000 psrp 00000000 n 1 量 as predicted; 推 as inferred
row a27 0000 0000 0000 0000 0000 0000 hi 0000 psrp 00000000 n 1 量 as predicted; 推 as inferred
row a28 0000 0000 0000 0000 0000 0000 hi 0000 psrp 00000000 n 1 量 as predicted; 推 as inferred
row a29 0000 0000 0000 0000 0000 0000 hi 0000 psrp 00000000 n 1 量 as predicted; 推 as inferred
row a30 0000 0000 0000 0000 0000 0000 hi 0000 psrp 00000000 n 1 量 as predicted; 推 as inferred
row a31 0000 0000 0000 0000 0000 0000 hi 0000 psrp 00000000 n 1 量 as predicted; 推 as inferred
rows 量 32 of 32 as predicted
rows hi all 0000 yes
rows verdict hold
rows 推 reading as inferred at all 32
spin 202 23 40 hi_or 00000000 mdio_rd 202 mdio_to 0 busy 0
mdpage 1.1 fpred branch timeout: spin min 23 >= 1: at bound 0 the first row holds at least one E145
