echo bound 0 | cat > /proc/rtl819x-mdio ; echo pread 0 0 16 | cat > /proc/rtl8
19x-mdio ; cat /proc/rtl819x-mdio
cat: write error: Resource temporarily unavailable
version rtl819x-switch 1.3
unlocked 1
bus 1 reg_rc 0
bound 0
mdio_rd 202
mdio_wr 0
mdio_to 0 busy 0 retry 0
refused 1 wr_refused 0 again 1
spin 202 23 40
hi_or 00000000
dirty 0
scanned FFFFFFFF j 4294942700
phy0 id 001CC880 rc 0 xrc 0 drv 0 att 0
phy1 id 001CC880 rc 0 xrc 0 drv 0 att 0
phy2 id 001CC880 rc 0 xrc 0 drv 0 att 0
phy3 id 001CC880 rc 0 xrc 0 drv 0 att 0
phy4 id 001CC880 rc 0 xrc 0 drv 0 att 0
a00 1100 78C9 001C C880 0DE1 0001 hi 0000 psrp 000000E0 n 1
a01 1100 78C9 001C C880 0DE1 0001 hi 0000 psrp 000000E0 n 1
a02 1100 78C9 001C C880 0DE1 0001 hi 0000 psrp 000000E0 n 1
a03 1100 78ED 001C C880 0DE1 CDE1 hi 0000 psrp 000000F9 n 1
a04 1100 78C9 001C C880 0DE1 0001 hi 0000 psrp 000000E0 n 1
a05 0000 0000 0000 0000 0000 0000 hi 0000 psrp 00000000 n 1
a06 0000 0000 0000 0000 0000 0000 hi 0000 psrp 00000000 n 1
a07 0000 0000 0000 0000 0000 0000 hi 0000 psrp 00000000 n 1
a08 0000 0000 0000 0000 0000 0000 hi 0000 psrp 00000000 n 1
a09 0000 0000 0000 0000 0000 0000 hi 0000 psrp 00000000 n 1
a10 0000 0000 0000 0000 0000 0000 hi 0000 psrp 00000000 n 1
a11 0000 0000 0000 0000 0000 0000 hi 0000 psrp 00000000 n 1
a12 0000 0000 0000 0000 0000 0000 hi 0000 psrp 00000000 n 1
a13 0000 0000 0000 0000 0000 0000 hi 0000 psrp 00000000 n 1
a14 0000 0000 0000 0000 0000 0000 hi 0000 psrp 00000000 n 1
a15 0000 0000 0000 0000 0000 0000 hi 0000 psrp 00000000 n 1
a16 0000 0000 0000 0000 0000 0000 hi 0000 psrp 00000000 n 1
a17 0000 0000 0000 0000 0000 0000 hi 0000 psrp 00000000 n 1
a18 0000 0000 0000 0000 0000 0000 hi 0000 psrp 00000000 n 1
a19 0000 0000 0000 0000 0000 0000 hi 0000 psrp 00000000 n 1
a20 0000 0000 0000 0000 0000 0000 hi 0000 psrp 00000000 n 1
a21 0000 0000 0000 0000 0000 0000 hi 0000 psrp 00000000 n 1
a22 0000 0000 0000 0000 0000 0000 hi 0000 psrp 00000000 n 1
a23 0000 0000 0000 0000 0000 0000 hi 0000 psrp 00000000 n 1
a24 0000 0000 0000 0000 0000 0000 hi 0000 psrp 00000000 n 1
a25 0000 0000 0000 0000 0000 0000 hi 0000 psrp 00000000 n 1
a26 0000 0000 0000 0000 0000 0000 hi 0000 psrp 00000000 n 1
a27 0000 0000 0000 0000 0000 0000 hi 0000 psrp 00000000 n 1
a28 0000 0000 0000 0000 0000 0000 hi 0000 psrp 00000000 n 1
a29 0000 0000 0000 0000 0000 0000 hi 0000 psrp 00000000 n 1
a30 0000 0000 0000 0000 0000 0000 hi 0000 psrp 00000000 n 1
a31 0000 0000 0000 0000 0000 0000 hi 0000 psrp 00000000 n 1
jiffies 4294942919
# 