bench/2026-09-27c/R0-PRE.log
bench/2026-09-27c/R0-PRE.meta.json
bench/2026-09-27c/R0-PRE.timing
{
  "tool_version": "1.5",
  "port": "/dev/ttyUSB0",
  "baud": 38400,
  "started_wallclock": "2026-09-27T17:50:45+0800",
  "clock": "CLOCK_MONOTONIC_RAW",
  "t0_raw": 61.414589881,
  "t0_real": 1790502645.981154,
  "mono_at_t0": 61.602036647,
  "boot_id": "3f875596-054c-417e-84bd-0f9df1e48572",
  "clocksource": "tsc",
  "esc_seconds": 0.0,
  "esc_after_seconds": 0.0,
  "esc_period_requested_s": 0.02,
  "esc": {},
  "cr": {},
  "cr_settle_s": 2.0,
  "seconds": 3.0,
  "idle": 0.0,
  "until": null,
  "until_offset": null,
  "sent": null,
  "sent_hex": null,
  "sent_s": null,
  "stop_reason": "--seconds 3.0 elapsed",
  "bytes": 0,
  "duration_s": 3.079623,
  "end_raw": 64.494213142,
  "end_real": 1790502649.0719392,
  "mono_at_end": 64.692822513,
  "clocksource_end": "tsc",
  "resolution_note": "timestamps are per read() from userspace; the floor is the USB-serial latency timer (1-16 ms typical, unmeasured on this host), not the 260 us character time at 38400"
}
