mdioverb verdict PASS
  ok    the card itself passes
  ok    a bound 0 typed before the one-shot probe refused on V2  (V2 C-PR: a probe while the one-shot is unspent, after a `bound` verb)
  ok    G-P1's bound gate removed (G-P2's page-1 pread ungated) refused on V3  (V3 G-P2: a page-1 pread without a `bound 10000` page gate before it in I-G)
  ok    a page-2 pread refused on V1  (V1 G-P2: pread 0 2 16 outside a 0-4, page 0|1, reg 0-30)
  ok    G-P5 without its dirty gate refused on V3  (V3 G-P5: a page-1 pread cell without its own dirty 0 and bound 10000 gates)
  ok    a vendor phyReg write refused on V7  (V7 D-V3: a phyReg write other than read N 2|3 / extRead N 1 19: 'echo write 3 31 1 > /proc/rtl865x/phyReg')
  ok    a loader MDIOW refused on V8  (V8 L2-MD3: a forbidden word in its line: 'MDIOW')
  ok    L1 without --esc-after refused on V8  (V8 L1-MD2: a loader cell without --esc-after)
  ok    a doubled space in a pread refused on V1  (V1 G-P5: not a 1.3 verb in its strict form: 'pread 2  1 19')
  ok    F-B1's bound 10000 typed as bound 5 refused on V1  (V1 F-B1: bound 5: the card types 0 and 10000 only)
  ok    a leading zero (octal to the kernel) refused on V1  (V1 G-P8: not a 1.3 verb in its strict form: 'pread 4 1 020')
  ok    an extRead of page 2 refused on V7  (V7 V-X2: a phyReg write other than read N 2|3 / extRead N 1 19: 'echo extRead 2 2 19 > /proc/rtl865x/phyReg')
  ok    a verb not routed through cat refused on V1  (V1 E-SC: a write to the page not routed `echo V | cat > /proc/rtl819x-mdio`: 'echo scan 0 31 > /proc/rtl819x-mdio')
  ok    a scan after lock refused on V5  (V5 J-PR: 'scan 0 4' after lock)
  ok    a vendor read without sleep 1 refused on V7  (V7 D-V0: a phyReg line that does not start with `sleep 1 ; `)
  ok    F-S1's bound gate kept but F-B1 typing bound 0 (the invocation ends at a small bound) refused on V9  (V9 I-F: the invocation ends at bound 0)
  ok    a vendor read ending on --idle, not on the page (the page is its terminator) refused on V7  (V7 D-V0: a phyReg line that does not end with `; cat /proc/rtl819x-mdio` (the page is its terminator))
  ok    X-PHY's register-0 read moved into a section-5 vendor cell (X-PHY's reads are X-PHY's alone) refused on V7  (V7 D-V3: a phyReg write other than read N 2|3 / extRead N 1 19: 'echo read 3 0 > /proc/rtl865x/phyReg')
  ok    an X-cell that retypes a verb (the X-cells are checked too) refused on V10  (V10 X-MD<n>: an X-cell writes /proc/rtl819x-mdio: a verb is never typed twice)
  ok    an X-cell whose --out is not its own name (the X-cells are checked too) refused on V10  (V10 X-SW<n>: a CAP X-cell whose --out is not bench/2026-09-27c/X-SW<n>)
  ok    the closing map without the banner in its --until (every board cell's --until carries it) refused on V11  (V11 R1-M1: a board cell whose --until lacks the reset banner (Booting\.\.\.|---RealTek))
  ok    a Linux cell carrying --esc-after (only the loader cells and X-W stream ESC) refused on V11  (V11 A-MD: a Linux cell carrying --esc or --esc-after (ESC into a live tty is echoed))
  ok    X-W not in cards A and B's watch form refused on V11  (V11 X-W<n>: X-W<n> is cards A and B's form exactly (--esc-after 3600 --esc-period 0.01 --until '<RealTek>' --seconds 3605), with no --send)
  ok    X-OFF ending on the banner (its ESC would stop before the loader's window) refused on V11  (V11 X-OFF<n>: X-OFF<n> is cards A and B's form exactly (--esc-after 360 --esc-period 0.01 --until '<RealTek>' --seconds 365), with no --send)
  ok    an X stand-in page without the banner in its --until (every board X-cell's --until carries it) refused on V11  (V11 X-MD<n>: a board X-cell whose --until lacks the reset banner (Booting\.\.\.|---RealTek))
mdioverb self-test: 25 of 25 passed
