### B1  DW 8040DBC0 1   expect: 8040B070 00000000 80409A9C 8040B074
DW 8040DBC0 1
8040DBC0:	8040B070	00000000	80409A9C	8040B074
<RealTek>
### B2   expect: w1=JEDEC ID(measurement); +12=00400000 +16=00010000 +20=00000040 +24=00001000
DW 8040FBD4 8
8040FBD4:	001C7016	1C701600	16000000	00400000
8040FBE4:	00010000	00000040	00001000	00000400
<RealTek>
### B3   expect: 05060000 ? ? 80500000
DW 8040DD3C 1
8040DD3C:	05060000	00000000	00000000	80500000
<RealTek>
### B4   expect: 00000000 00008021 40906000 00000000
DW 80500000 1
80500000:	00000000	00008021	40906000	00000000
<RealTek>
### B5   expect: 00000000 00000010 ? ?
DW 8040DBA4 1
8040DBA4:	00000001	00000000	00000000	00000001
<RealTek>
### B6   expect: w1=00000001  (AUTOBURN defaults ON)
DW 8040D4A0 1
8040D4A0:	00000001	00000000	00000000	00000000
<RealTek>
### B7   expect: w3=000E0000 (CDBR div 14); w4 bit20 WatchDogIND = 0 after power-on
DW B8003110 1
B8003110:	C0000000	80000000	000E0000	A5000000
<RealTek>
### B8   expect: NOTHING AT ALL  (strtoul('A',_,10)=0 -> zero length)
DW 8040DBC0 A
<RealTek>
### B9   expect: THREE lines (i runs 0,4,8 against a limit of ten)
DW 8040DBC0 10
8040DBC0:	8040B070	00000000	80409A9C	8040B074
8040DBD0:	8040B0A0	00000002	804095D0	8040B0A4
8040DBE0:	8040B0B8	00000002	804094B4	8040B0BC
<RealTek>
