cat /proc/rtl819x-nic
version rtl819x-nic 1.1
unlocked 1
allocated 1
armed 1
engine_on 1
irq_taken 1
irq_rc 0
n_reads 70534
n_writes 14
n_refused 0
n_irq 70432
n_irq_spurious 0
n_tx 35226
n_rx 35210
n_rx_empty 0
n_poll 0
n_poll_masked 0
last_iisr 00003206
seen_iisr 0000320E
nd_alloc 1
nd_registered 1
nd_up 1
nd_name rlx0
n_napi_poll 35206
n_napi_complete 35206
n_xmit 35226
n_xmit_busy 0
n_skb_fail 0
n_tx_stop 0
n_tx_wake 0
n_tx_wake_race 0
n_tx_timeout 0
tx_stopped 0
nd_stats rx 35210/2605383 tx 35226/2115719 drop 0/0
boot_icr 00000000
boot_iimr 00000000
boot_iisr 00000000
boot_rpdcr0 00000000
boot_rmdcr0 00000000
boot_tpdcr0 00000000
now_icr C4000000
now_iimr 007E0FFE
now_iisr 00000000
rpdcr0_pos A15B8008
rmdcr0_pos A15B8028
tpdcr0_pos A15B8048
n_arm_flush 0
n_dsync_chk 35206
n_dsync 0
dsync_last_d 0
dsync_first_d 0
dsync_first_rp 00000000
dsync_first_rm 00000000
dsync_first_nrx 0
dsync_test_d 0
dsync_test_seen 0
rx_ring A15B8000
mb_ring A15B8020
tx_ring A15B8040
bufs A15B8290
rx_idx 2
tx_idx 2
rxd0 A15B8051 len 0 f 8063 pl 03
rxd1 A15B8069 len 0 f 8063 pl 03
rxd2 A15B8081 len 0 f 8063 pl 03
rxd3 A15B8099 len 0 f 8063 pl 03
rxd4 A15B80B1 len 0 f 8063 pl 03
rxd5 A15B80C9 len 0 f 8063 pl 03
rxd6 A15B80E1 len 0 f 8063 pl 03
rxd7 A15B80FB len 0 f 8063 pl 03
txd0 A15B81D0 len 64
txd1 A15B81E8 len 64
txd2 A15B8200 len 64
txd3 A15B821A len 64
rx_len 0
rx_ph1 00400C19
rx_ph3 80630003
rx_ph4 00090000
# 